/home/maci/Desktop/7dtd/7dtd-loadgen/workspace/bench/lap2/soak-4bot/apm/session_20260822_090957_pid887601/bt/offcpu.bt:27:20-25: WARNING: Expression of type: uint64 being cast to type: int64. This may cause unexpected results. Use an explicit cast to suppress this warning.
    $us = (uint64)(nsecs - @start[args.next_pid]) / 1000;
                   ~~~~~
/home/maci/Desktop/7dtd/7dtd-loadgen/workspace/bench/lap2/soak-4bot/apm/session_20260822_090957_pid887601/bt/offcpu.bt:27:28-49: WARNING: Expression of type: uint64 being cast to type: int64. This may cause unexpected results. Use an explicit cast to suppress this warning.
    $us = (uint64)(nsecs - @start[args.next_pid]) / 1000;
                           ~~~~~~~~~~~~~~~~~~~~~
/home/maci/Desktop/7dtd/7dtd-loadgen/workspace/bench/lap2/soak-4bot/apm/session_20260822_090957_pid887601/bt/offcpu.bt:28:5-35: WARNING: Return value discarded.
    delete(@start[args.next_pid]);
    ~~~~~~~~~~~~~~~~~~~~~~~~~~~~~~
/home/maci/Desktop/7dtd/7dtd-loadgen/workspace/bench/lap2/soak-4bot/apm/session_20260822_090957_pid887601/bt/offcpu.bt:40:5-41: WARNING: Return value discarded.
    delete(@block_stack[args.next_pid]);
    ~~~~~~~~~~~~~~~~~~~~~~~~~~~~~~~~~~~~
/home/maci/Desktop/7dtd/7dtd-loadgen/workspace/bench/lap2/soak-4bot/apm/session_20260822_090957_pid887601/bt/offcpu.bt:41:5-40: WARNING: Return value discarded.
    delete(@block_state[args.next_pid]);
    ~~~~~~~~~~~~~~~~~~~~~~~~~~~~~~~~~~~
STALL_MAIN 21449 us state=1
STALL_MAIN 26437 us state=1
STALL_MAIN 23750 us state=1
STALL_MAIN 21097 us state=1
STALL_MAIN 26788 us state=1
STALL_MAIN 22619 us state=1
STALL_MAIN 24742 us state=1
STALL_MAIN 24967 us state=1
STALL_MAIN 28174 us state=1
STALL_MAIN 26039 us state=1
STALL_MAIN 27405 us state=1
STALL_MAIN 27056 us state=1
STALL_MAIN 28156 us state=1
STALL_MAIN 20279 us state=1
STALL_MAIN 24646 us state=1
STALL_MAIN 25038 us state=1
STALL_MAIN 25655 us state=1
STALL_MAIN 22405 us state=1
STALL_MAIN 21893 us state=1
STALL_MAIN 21425 us state=1
STALL_MAIN 24286 us state=1
STALL_MAIN 18932 us state=1
STALL_MAIN 26208 us state=1
STALL_MAIN 24866 us state=1
STALL_MAIN 10059 us state=1
STALL_MAIN 22714 us state=1
STALL_MAIN 23450 us state=1
STALL_MAIN 28373 us state=1
STALL_MAIN 24405 us state=1
STALL_MAIN 26939 us state=1
STALL_MAIN 27272 us state=1
STALL_MAIN 23370 us state=1
STALL_MAIN 22977 us state=1
STALL_MAIN 19429 us state=1
STALL_MAIN 27641 us state=1
STALL_MAIN 18385 us state=1
STALL_MAIN 22627 us state=1
STALL_MAIN 24846 us state=1
STALL_MAIN 28220 us state=1
STALL_MAIN 25092 us state=1
STALL_MAIN 26662 us state=1
STALL_MAIN 28043 us state=1
STALL_MAIN 29927 us state=1
STALL_MAIN 25851 us state=1
STALL_MAIN 26834 us state=1
STALL_MAIN 27934 us state=1
STALL_MAIN 27486 us state=1
STALL_MAIN 28385 us state=1
STALL_MAIN 20271 us state=1
STALL_MAIN 24611 us state=1
STALL_MAIN 26981 us state=1
STALL_MAIN 26990 us state=1
STALL_MAIN 19577 us state=1
STALL_MAIN 28852 us state=1
STALL_MAIN 25349 us state=1
STALL_MAIN 19239 us state=1
STALL_MAIN 18247 us state=1
STALL_MAIN 27068 us state=1
STALL_MAIN 30285 us state=1
STALL_MAIN 35144 us state=1
STALL_MAIN 31802 us state=1
STALL_MAIN 33205 us state=1
STALL_MAIN 34028 us state=1
STALL_MAIN 33413 us state=1
STALL_MAIN 32827 us state=1
STALL_MAIN 33837 us state=1
STALL_MAIN 18576 us state=1
STALL_MAIN 32150 us state=1
STALL_MAIN 30024 us state=1
STALL_MAIN 31665 us state=1
STALL_MAIN 32779 us state=1
STALL_MAIN 33283 us state=1
STALL_MAIN 33442 us state=1
STALL_MAIN 34682 us state=1
STALL_MAIN 33110 us state=1
STALL_MAIN 34218 us state=1
STALL_MAIN 34218 us state=1
STALL_MAIN 34392 us state=1
STALL_MAIN 34614 us state=1
STALL_MAIN 34573 us state=1
STALL_MAIN 34858 us state=1
STALL_MAIN 33532 us state=1
STALL_MAIN 34171 us state=1
STALL_MAIN 34981 us state=1
STALL_MAIN 34489 us state=1
STALL_MAIN 35738 us state=1
STALL_MAIN 33823 us state=1
STALL_MAIN 33990 us state=1
STALL_MAIN 35400 us state=1
STALL_MAIN 32841 us state=1
STALL_MAIN 34254 us state=1
STALL_MAIN 33950 us state=1
STALL_MAIN 33303 us state=1
STALL_MAIN 34685 us state=1
STALL_MAIN 34004 us state=1
STALL_MAIN 34261 us state=1
STALL_MAIN 34475 us state=1
STALL_MAIN 34127 us state=1
STALL_MAIN 34605 us state=1
STALL_MAIN 35056 us state=1
STALL_MAIN 32420 us state=1
STALL_MAIN 34133 us state=1
STALL_MAIN 33660 us state=1
STALL_MAIN 35215 us state=1
STALL_MAIN 34380 us state=1
STALL_MAIN 32383 us state=1
STALL_MAIN 32712 us state=1
STALL_MAIN 34232 us state=1
STALL_MAIN 34763 us state=1
STALL_MAIN 33991 us state=1
STALL_MAIN 33940 us state=1
STALL_MAIN 34296 us state=1
STALL_MAIN 34161 us state=1
STALL_MAIN 26322 us state=1
STALL_MAIN 26678 us state=1
STALL_MAIN 33079 us state=1
STALL_MAIN 33316 us state=1
STALL_MAIN 32820 us state=1
STALL_MAIN 33086 us state=1
STALL_MAIN 22694 us state=1
STALL_MAIN 17885 us state=1
STALL_MAIN 32427 us state=1
STALL_MAIN 33801 us state=1
STALL_MAIN 34766 us state=1
STALL_MAIN 34348 us state=1
STALL_MAIN 22106 us state=1
STALL_MAIN 34028 us state=1
STALL_MAIN 25720 us state=1
STALL_MAIN 28900 us state=1
STALL_MAIN 27119 us state=1
STALL_MAIN 15521 us state=1
STALL_MAIN 28566 us state=1
STALL_MAIN 18790 us state=1
STALL_MAIN 16044 us state=1
STALL_MAIN 26726 us state=1
STALL_MAIN 12759 us state=1
STALL_MAIN 25543 us state=1
STALL_MAIN 27557 us state=1
STALL_MAIN 27681 us state=1
STALL_MAIN 27391 us state=1
STALL_MAIN 24241 us state=1
STALL_MAIN 24155 us state=1
STALL_MAIN 25937 us state=1
STALL_MAIN 26372 us state=1
STALL_MAIN 16226 us state=1
STALL_MAIN 27878 us state=1
STALL_MAIN 25676 us state=1
STALL_MAIN 20664 us state=1
STALL_MAIN 25632 us state=1
STALL_MAIN 23489 us state=1
STALL_MAIN 15935 us state=1
STALL_MAIN 26643 us state=1
STALL_MAIN 24143 us state=1
STALL_MAIN 25807 us state=1
STALL_MAIN 28338 us state=1
STALL_MAIN 27499 us state=1
STALL_MAIN 25282 us state=1
STALL_MAIN 28032 us state=1
STALL_MAIN 27542 us state=1
STALL_MAIN 28470 us state=1
STALL_MAIN 25724 us state=1
STALL_MAIN 24634 us state=1
STALL_MAIN 28898 us state=1
STALL_MAIN 20118 us state=1
STALL_MAIN 27936 us state=1
STALL_MAIN 25565 us state=1
STALL_MAIN 21246 us state=1
STALL_MAIN 26501 us state=1
STALL_MAIN 23800 us state=1
STALL_MAIN 26587 us state=1
STALL_MAIN 21382 us state=1
STALL_MAIN 20684 us state=1
STALL_MAIN 20915 us state=1
STALL_MAIN 19607 us state=1
STALL_MAIN 19943 us state=1
STALL_MAIN 24307 us state=1
STALL_MAIN 26862 us state=1
STALL_MAIN 21204 us state=1
STALL_MAIN 21166 us state=1
STALL_MAIN 22057 us state=1
STALL_MAIN 29104 us state=1
STALL_MAIN 31410 us state=1
STALL_MAIN 27920 us state=1
STALL_MAIN 28963 us state=1
STALL_MAIN 26865 us state=1
STALL_MAIN 29202 us state=1
STALL_MAIN 31713 us state=1
STALL_MAIN 23917 us state=1
STALL_MAIN 31692 us state=1
STALL_MAIN 23942 us state=1
STALL_MAIN 10644 us state=1
STALL_MAIN 32467 us state=1
STALL_MAIN 24146 us state=1
STALL_MAIN 28773 us state=1
STALL_MAIN 25621 us state=1
STALL_MAIN 19042 us state=1
STALL_MAIN 28413 us state=1
STALL_MAIN 30947 us state=1
STALL_MAIN 25221 us state=1
STALL_MAIN 28580 us state=1
STALL_MAIN 24902 us state=1
STALL_MAIN 22516 us state=1
STALL_MAIN 32111 us state=1
STALL_MAIN 31436 us state=1
STALL_MAIN 32842 us state=1
STALL_MAIN 30077 us state=1
STALL_MAIN 32562 us state=1
STALL_MAIN 31848 us state=1
STALL_MAIN 30548 us state=1
STALL_MAIN 30641 us state=1
STALL_MAIN 31320 us state=1
STALL_MAIN 31972 us state=1
STALL_MAIN 31217 us state=1
STALL_MAIN 29898 us state=1
STALL_MAIN 32754 us state=1
STALL_MAIN 32154 us state=1
STALL_MAIN 33453 us state=1
STALL_MAIN 34250 us state=1
STALL_MAIN 32844 us state=1
STALL_MAIN 33466 us state=1
STALL_MAIN 34158 us state=1
STALL_MAIN 34447 us state=1
STALL_MAIN 33997 us state=1
STALL_MAIN 33726 us state=1
STALL_MAIN 32718 us state=1
STALL_MAIN 33086 us state=1
STALL_MAIN 32987 us state=1
STALL_MAIN 32188 us state=1
STALL_MAIN 32564 us state=1
STALL_MAIN 31967 us state=1
STALL_MAIN 33037 us state=1
STALL_MAIN 31116 us state=1
STALL_MAIN 32335 us state=1
STALL_MAIN 32438 us state=1
STALL_MAIN 32809 us state=1
STALL_MAIN 32816 us state=1
STALL_MAIN 33814 us state=1
STALL_MAIN 32556 us state=1
STALL_MAIN 33962 us state=1
STALL_MAIN 33576 us state=1
STALL_MAIN 33420 us state=1
STALL_MAIN 32886 us state=1
STALL_MAIN 31635 us state=1
STALL_MAIN 32402 us state=1
STALL_MAIN 30074 us state=1
STALL_MAIN 30706 us state=1
STALL_MAIN 33377 us state=1
STALL_MAIN 33240 us state=1
STALL_MAIN 34164 us state=1
STALL_MAIN 34410 us state=1
STALL_MAIN 33180 us state=1
STALL_MAIN 33509 us state=1
STALL_MAIN 32830 us state=1
STALL_MAIN 33181 us state=1
STALL_MAIN 34185 us state=1
STALL_MAIN 32762 us state=1
STALL_MAIN 33583 us state=1
STALL_MAIN 34305 us state=1
STALL_MAIN 30873 us state=1
STALL_MAIN 33365 us state=1
STALL_MAIN 34922 us state=1
STALL_MAIN 33041 us state=1
STALL_MAIN 34245 us state=1
STALL_MAIN 31365 us state=1
STALL_MAIN 20830 us state=1
STALL_MAIN 19640 us state=1
STALL_MAIN 33426 us state=1
STALL_MAIN 34105 us state=1
STALL_MAIN 33260 us state=1
STALL_MAIN 32227 us state=1
STALL_MAIN 34493 us state=1
STALL_MAIN 19873 us state=1
STALL_MAIN 25006 us state=1
STALL_MAIN 33295 us state=1
STALL_MAIN 20076 us state=1
STALL_MAIN 20237 us state=1
STALL_MAIN 32661 us state=1
STALL_MAIN 32814 us state=1
STALL_MAIN 19461 us state=1
STALL_MAIN 28538 us state=1
STALL_MAIN 11459 us state=1
STALL_MAIN 26246 us state=1
STALL_MAIN 20673 us state=1
STALL_MAIN 27160 us state=1
STALL_MAIN 27020 us state=1
STALL_MAIN 21401 us state=1
STALL_MAIN 16702 us state=1
STALL_MAIN 27724 us state=1
STALL_MAIN 25177 us state=1
STALL_MAIN 26014 us state=1
STALL_MAIN 26413 us state=1
STALL_MAIN 16194 us state=1
STALL_MAIN 28310 us state=1
STALL_MAIN 28128 us state=1
STALL_MAIN 26904 us state=1
STALL_MAIN 24910 us state=1
STALL_MAIN 29738 us state=1
STALL_MAIN 29209 us state=1
STALL_MAIN 25263 us state=1
STALL_MAIN 29376 us state=1
STALL_MAIN 28927 us state=1
STALL_MAIN 27504 us state=1
STALL_MAIN 31202 us state=1
STALL_MAIN 29766 us state=1
STALL_MAIN 25749 us state=1
STALL_MAIN 23517 us state=1
STALL_MAIN 25536 us state=1
STALL_MAIN 31252 us state=1
STALL_MAIN 29892 us state=1
STALL_MAIN 25494 us state=1
STALL_MAIN 26556 us state=1
STALL_MAIN 28901 us state=1
STALL_MAIN 30943 us state=1
STALL_MAIN 29182 us state=1
STALL_MAIN 31469 us state=1
STALL_MAIN 27728 us state=1
STALL_MAIN 27440 us state=1
STALL_MAIN 25397 us state=1
STALL_MAIN 29916 us state=1
STALL_MAIN 27499 us state=1
STALL_MAIN 27938 us state=1
STALL_MAIN 26485 us state=1
STALL_MAIN 17165 us state=1
STALL_MAIN 17980 us state=1
STALL_MAIN 24693 us state=1
STALL_MAIN 27586 us state=1
STALL_MAIN 29024 us state=1
STALL_MAIN 26019 us state=1
STALL_MAIN 25077 us state=1
STALL_MAIN 19236 us state=1
STALL_MAIN 24032 us state=1
STALL_MAIN 22486 us state=1
STALL_MAIN 28180 us state=1
STALL_MAIN 30733 us state=1
STALL_MAIN 26810 us state=1
STALL_MAIN 25552 us state=1
STALL_MAIN 30908 us state=1
STALL_MAIN 26481 us state=1
STALL_MAIN 29549 us state=1
STALL_MAIN 26878 us state=1
STALL_MAIN 22266 us state=1
STALL_MAIN 30445 us state=1
STALL_MAIN 22390 us state=1
STALL_MAIN 26075 us state=1
STALL_MAIN 23162 us state=1
STALL_MAIN 26276 us state=1
STALL_MAIN 28379 us state=1
STALL_MAIN 30759 us state=1
STALL_MAIN 28663 us state=1
STALL_MAIN 27396 us state=1
STALL_MAIN 28120 us state=1
STALL_MAIN 26201 us state=1
STALL_MAIN 23969 us state=1
STALL_MAIN 32537 us state=1
STALL_MAIN 28765 us state=1
STALL_MAIN 30506 us state=1
STALL_MAIN 34609 us state=1
STALL_MAIN 34458 us state=1
STALL_MAIN 33178 us state=1
STALL_MAIN 34531 us state=1
STALL_MAIN 32688 us state=1
STALL_MAIN 35606 us state=1
STALL_MAIN 34614 us state=1
STALL_MAIN 34787 us state=1
STALL_MAIN 34386 us state=1
STALL_MAIN 33170 us state=1
STALL_MAIN 34820 us state=1
STALL_MAIN 35088 us state=1
STALL_MAIN 33740 us state=1
STALL_MAIN 32412 us state=1
STALL_MAIN 32225 us state=1
STALL_MAIN 34013 us state=1
STALL_MAIN 35586 us state=1
STALL_MAIN 35285 us state=1
STALL_MAIN 34868 us state=1
STALL_MAIN 35139 us state=1
STALL_MAIN 35366 us state=1
STALL_MAIN 36271 us state=1
STALL_MAIN 34198 us state=1
STALL_MAIN 34253 us state=1
STALL_MAIN 33642 us state=1
STALL_MAIN 32737 us state=1
STALL_MAIN 32792 us state=1
STALL_MAIN 31416 us state=1
STALL_MAIN 32651 us state=1
STALL_MAIN 32499 us state=1
STALL_MAIN 32542 us state=1
STALL_MAIN 35502 us state=1
STALL_MAIN 33542 us state=1
STALL_MAIN 32233 us state=1
STALL_MAIN 33385 us state=1
STALL_MAIN 32506 us state=1
STALL_MAIN 32202 us state=1
STALL_MAIN 33359 us state=1
STALL_MAIN 33431 us state=1
STALL_MAIN 32714 us state=1
STALL_MAIN 32172 us state=1
STALL_MAIN 29409 us state=1
STALL_MAIN 33880 us state=1
STALL_MAIN 33303 us state=1
STALL_MAIN 33211 us state=1
STALL_MAIN 30477 us state=1
STALL_MAIN 32451 us state=1
STALL_MAIN 35919 us state=1
STALL_MAIN 34222 us state=1
STALL_MAIN 32346 us state=1
STALL_MAIN 33674 us state=1
STALL_MAIN 33262 us state=1
STALL_MAIN 30057 us state=1
STALL_MAIN 34340 us state=1
STALL_MAIN 34518 us state=1
STALL_MAIN 35575 us state=1
STALL_MAIN 33072 us state=1
STALL_MAIN 32991 us state=1
STALL_MAIN 32135 us state=1
STALL_MAIN 34271 us state=1
STALL_MAIN 34709 us state=1
STALL_MAIN 32860 us state=1
STALL_MAIN 19644 us state=1
STALL_MAIN 31012 us state=1
STALL_MAIN 32194 us state=1
STALL_MAIN 31260 us state=1
STALL_MAIN 25139 us state=1
STALL_MAIN 33349 us state=1
STALL_MAIN 33411 us state=1
STALL_MAIN 33908 us state=1
STALL_MAIN 21858 us state=1
STALL_MAIN 33943 us state=1
STALL_MAIN 33537 us state=1
STALL_MAIN 20082 us state=1
STALL_MAIN 33663 us state=1
STALL_MAIN 33854 us state=1
STALL_MAIN 32872 us state=1
STALL_MAIN 32932 us state=1
STALL_MAIN 28752 us state=1
STALL_MAIN 31071 us state=1
STALL_MAIN 18000 us state=1
STALL_MAIN 28477 us state=1
STALL_MAIN 31656 us state=1
STALL_MAIN 16699 us state=1
STALL_MAIN 26342 us state=1
STALL_MAIN 28978 us state=1
STALL_MAIN 26640 us state=1
STALL_MAIN 17193 us state=1
STALL_MAIN 26197 us state=1
STALL_MAIN 29229 us state=1
STALL_MAIN 15599 us state=1
STALL_MAIN 26814 us state=1
STALL_MAIN 12297 us state=0
STALL_MAIN 25655 us state=1
STALL_MAIN 26983 us state=1
STALL_MAIN 26306 us state=1
STALL_MAIN 22793 us state=1
STALL_MAIN 22275 us state=1
STALL_MAIN 26944 us state=1
STALL_MAIN 26626 us state=1
STALL_MAIN 22497 us state=1
STALL_MAIN 26830 us state=1
STALL_MAIN 26167 us state=1
STALL_MAIN 20144 us state=1
STALL_MAIN 27701 us state=1
STALL_MAIN 21751 us state=1
STALL_MAIN 27835 us state=1
STALL_MAIN 26994 us state=1
STALL_MAIN 24854 us state=1
STALL_MAIN 29378 us state=1
STALL_MAIN 28312 us state=1
STALL_MAIN 24477 us state=1
STALL_MAIN 27393 us state=1
STALL_MAIN 23567 us state=1
STALL_MAIN 27461 us state=1
STALL_MAIN 22843 us state=1
STALL_MAIN 27080 us state=1
STALL_MAIN 26704 us state=1
STALL_MAIN 27455 us state=1
STALL_MAIN 26832 us state=1
STALL_MAIN 14306 us state=1
STALL_MAIN 22305 us state=1
STALL_MAIN 28356 us state=1
STALL_MAIN 25748 us state=1
STALL_MAIN 28462 us state=1
STALL_MAIN 22920 us state=1
STALL_MAIN 29753 us state=1
STALL_MAIN 21674 us state=1
STALL_MAIN 28444 us state=1
STALL_MAIN 27201 us state=1
STALL_MAIN 29129 us state=1
STALL_MAIN 26590 us state=1
STALL_MAIN 18126 us state=1
STALL_MAIN 23553 us state=1
STALL_MAIN 21806 us state=1
STALL_MAIN 18450 us state=1
STALL_MAIN 25138 us state=1
STALL_MAIN 24216 us state=1
STALL_MAIN 22290 us state=1
STALL_MAIN 28475 us state=1
STALL_MAIN 30404 us state=1
STALL_MAIN 31693 us state=1
STALL_MAIN 30029 us state=1
STALL_MAIN 30755 us state=1
STALL_MAIN 31928 us state=1
STALL_MAIN 27085 us state=1
STALL_MAIN 29343 us state=1
STALL_MAIN 30402 us state=1
STALL_MAIN 28558 us state=1
STALL_MAIN 28318 us state=1
STALL_MAIN 30775 us state=1
STALL_MAIN 27968 us state=1
STALL_MAIN 27061 us state=1
STALL_MAIN 24848 us state=1
STALL_MAIN 28231 us state=1
STALL_MAIN 24741 us state=1
STALL_MAIN 26480 us state=1
STALL_MAIN 24009 us state=1
STALL_MAIN 30082 us state=1
STALL_MAIN 26469 us state=1
STALL_MAIN 23322 us state=1
STALL_MAIN 34828 us state=1
STALL_MAIN 36063 us state=1
STALL_MAIN 33402 us state=1
STALL_MAIN 33354 us state=1
STALL_MAIN 32838 us state=1
STALL_MAIN 35356 us state=1
STALL_MAIN 35213 us state=1
STALL_MAIN 34372 us state=1
STALL_MAIN 35738 us state=1
STALL_MAIN 34998 us state=1
STALL_MAIN 34900 us state=1
STALL_MAIN 33863 us state=1
STALL_MAIN 34171 us state=1
STALL_MAIN 31802 us state=1
STALL_MAIN 32095 us state=1
STALL_MAIN 31072 us state=1
STALL_MAIN 31801 us state=1
STALL_MAIN 34410 us state=1
STALL_MAIN 34343 us state=1
STALL_MAIN 34340 us state=1
STALL_MAIN 34268 us state=1
STALL_MAIN 30907 us state=1
STALL_MAIN 33623 us state=1
STALL_MAIN 33626 us state=1
STALL_MAIN 33797 us state=1
STALL_MAIN 33985 us state=1
STALL_MAIN 35695 us state=1
STALL_MAIN 34530 us state=1
STALL_MAIN 34484 us state=1
STALL_MAIN 33028 us state=1
STALL_MAIN 33234 us state=1
STALL_MAIN 33731 us state=1
STALL_MAIN 33640 us state=1
STALL_MAIN 33967 us state=1
STALL_MAIN 24831 us state=1
STALL_MAIN 34918 us state=1
STALL_MAIN 32539 us state=1
STALL_MAIN 32087 us state=1
STALL_MAIN 34158 us state=1
STALL_MAIN 33500 us state=1
STALL_MAIN 35475 us state=1
STALL_MAIN 31497 us state=1
STALL_MAIN 34021 us state=1
STALL_MAIN 34421 us state=1
STALL_MAIN 32940 us state=1
STALL_MAIN 34103 us state=1
STALL_MAIN 34307 us state=1
STALL_MAIN 34022 us state=1

=== main-thread off-CPU duration hist (us) ===
@offcpu_us:
[1]                   10 |                                                    |
[2, 4)              2786 |@@@@@@@@@@@@@@@@@@@@@@@@@@@@@@@@@@@@@@@@@@@@@@@     |
[4, 8)              3076 |@@@@@@@@@@@@@@@@@@@@@@@@@@@@@@@@@@@@@@@@@@@@@@@@@@@@|
[8, 16)             2420 |@@@@@@@@@@@@@@@@@@@@@@@@@@@@@@@@@@@@@@@@            |
[16, 32)             917 |@@@@@@@@@@@@@@@                                     |
[32, 64)             486 |@@@@@@@@                                            |
[64, 128)            117 |@                                                   |
[128, 256)           154 |@@                                                  |
[256, 512)            39 |                                                    |
[512, 1K)             28 |                                                    |
[1K, 2K)              25 |                                                    |
[2K, 4K)               3 |                                                    |
[4K, 8K)               3 |                                                    |
[8K, 16K)             18 |                                                    |
[16K, 32K)           368 |@@@@@@                                              |
[32K, 64K)           185 |@@@                                                 |


=== switch-out counts by prev_state (R=0 S=1 D=2 ...) ===
@by_state[2]: 62
@by_state[256]: 511
@by_state[0]: 2002
@by_state[1]: 8060

=== stall totals (>=1ms blocks) ===
@stall_us_total: 16443687
@stall_n: 606

=== stall time by thread state (us) ===
@stall_state_us[256]: 1023
@stall_state_us[2]: 9897
@stall_state_us[0]: 18822
@stall_state_us[1]: 16413945

=== stall time by blocking stack (us, top 20) ===
@stall_stack_us[
        GC_mark_from+1059
        0xffffffffffffffeb
        0
        0x3ffd80c000000001
        0x5582bf30f128
        0x5582bf30f128
        0x5582bf30f128
        0x5582bf30f128
        0x5582bf30f128
        0x5582bf30f128
        0x5582bf30f128
        0x5582bf30f128
        0x5582bf30f128
        0x5582bf30f128
        0x5582bf30f128
        0x5582bf30f128
]: 1023
@stall_stack_us[
        0x7fef9d8e3a90
]: 1317
@stall_stack_us[
        0x7feefb8ebdf7
        0x726f676c4143414d
]: 1349
@stall_stack_us[
        0x7fef9d94cf10
        0
]: 1394
@stall_stack_us[
        sendfile64+14
]: 1406
@stall_stack_us[
        GC_mark_from+388
]: 1490
@stall_stack_us[
        0x7fef9cbbe8a0
        0x7fef9000395b
        0x7feed0081abb
        0x411407a6
        0x7feefb846428
        0x7feefb9e578f
        0x5582be808500
]: 4431
@stall_stack_us[
        0x7fef9c6da264
        0xe400038ffb4f71a
        0x7fef9ca9dd80
        0x4810c08348010bfa
]: 5035
@stall_stack_us[
        0x7fef9c9f5567
        0xea00038ffb4ca10
        0x7fef9ca02410
        0x8348078948011124
]: 12297
@stall_stack_us[
        syscall+29
]: 20977
@stall_stack_us[
        0x7fef9bab61f2
]: 16392968


@by_state[2]: 62
@by_state[256]: 511
@by_state[0]: 2002
@by_state[1]: 8060
@offcpu_us:
[1]                   10 |                                                    |
[2, 4)              2786 |@@@@@@@@@@@@@@@@@@@@@@@@@@@@@@@@@@@@@@@@@@@@@@@     |
[4, 8)              3076 |@@@@@@@@@@@@@@@@@@@@@@@@@@@@@@@@@@@@@@@@@@@@@@@@@@@@|
[8, 16)             2420 |@@@@@@@@@@@@@@@@@@@@@@@@@@@@@@@@@@@@@@@@            |
[16, 32)             917 |@@@@@@@@@@@@@@@                                     |
[32, 64)             486 |@@@@@@@@                                            |
[64, 128)            117 |@                                                   |
[128, 256)           154 |@@                                                  |
[256, 512)            39 |                                                    |
[512, 1K)             28 |                                                    |
[1K, 2K)              25 |                                                    |
[2K, 4K)               3 |                                                    |
[4K, 8K)               3 |                                                    |
[8K, 16K)             18 |                                                    |
[16K, 32K)           368 |@@@@@@                                              |
[32K, 64K)           185 |@@@                                                 |

@stall_n: 606
@stall_stack_us[
        GC_mark_from+1059
        0xffffffffffffffeb
        0
        0x3ffd80c000000001
        0x5582bf30f128
        0x5582bf30f128
        0x5582bf30f128
        0x5582bf30f128
        0x5582bf30f128
        0x5582bf30f128
        0x5582bf30f128
        0x5582bf30f128
        0x5582bf30f128
        0x5582bf30f128
        0x5582bf30f128
        0x5582bf30f128
]: 1023
@stall_stack_us[
        0x7fef9d8e3a90
]: 1317
@stall_stack_us[
        0x7feefb8ebdf7
        0x726f676c4143414d
]: 1349
@stall_stack_us[
        0x7fef9d94cf10
        0
]: 1394
@stall_stack_us[
        sendfile64+14
]: 1406
@stall_stack_us[
        GC_mark_from+388
]: 1490
@stall_stack_us[
        0x7fef9cbbe8a0
        0x7fef9000395b
        0x7feed0081abb
        0x411407a6
        0x7feefb846428
        0x7feefb9e578f
        0x5582be808500
]: 4431
@stall_stack_us[
        0x7fef9c6da264
        0xe400038ffb4f71a
        0x7fef9ca9dd80
        0x4810c08348010bfa
]: 5035
@stall_stack_us[
        0x7fef9c9f5567
        0xea00038ffb4ca10
        0x7fef9ca02410
        0x8348078948011124
]: 12297
@stall_stack_us[
        syscall+29
]: 20977
@stall_stack_us[
        0x7fef9bab61f2
]: 16392968
@stall_state_us[256]: 1023
@stall_state_us[2]: 9897
@stall_state_us[0]: 18822
@stall_state_us[1]: 16413945
@stall_us_total: 16443687
