/home/maci/Desktop/7dtd/7dtd-loadgen/workspace/bench/lap2/wander-2bot/apm/session_20260822_090717_pid887601/bt/offcpu.bt:27:20-25: WARNING: Expression of type: uint64 being cast to type: int64. This may cause unexpected results. Use an explicit cast to suppress this warning.
    $us = (uint64)(nsecs - @start[args.next_pid]) / 1000;
                   ~~~~~
/home/maci/Desktop/7dtd/7dtd-loadgen/workspace/bench/lap2/wander-2bot/apm/session_20260822_090717_pid887601/bt/offcpu.bt:27:28-49: WARNING: Expression of type: uint64 being cast to type: int64. This may cause unexpected results. Use an explicit cast to suppress this warning.
    $us = (uint64)(nsecs - @start[args.next_pid]) / 1000;
                           ~~~~~~~~~~~~~~~~~~~~~
/home/maci/Desktop/7dtd/7dtd-loadgen/workspace/bench/lap2/wander-2bot/apm/session_20260822_090717_pid887601/bt/offcpu.bt:28:5-35: WARNING: Return value discarded.
    delete(@start[args.next_pid]);
    ~~~~~~~~~~~~~~~~~~~~~~~~~~~~~~
/home/maci/Desktop/7dtd/7dtd-loadgen/workspace/bench/lap2/wander-2bot/apm/session_20260822_090717_pid887601/bt/offcpu.bt:40:5-41: WARNING: Return value discarded.
    delete(@block_stack[args.next_pid]);
    ~~~~~~~~~~~~~~~~~~~~~~~~~~~~~~~~~~~~
/home/maci/Desktop/7dtd/7dtd-loadgen/workspace/bench/lap2/wander-2bot/apm/session_20260822_090717_pid887601/bt/offcpu.bt:41:5-40: WARNING: Return value discarded.
    delete(@block_state[args.next_pid]);
    ~~~~~~~~~~~~~~~~~~~~~~~~~~~~~~~~~~~
STALL_MAIN 18043 us state=1
STALL_MAIN 29096 us state=1
STALL_MAIN 15997 us state=1
STALL_MAIN 30124 us state=1
STALL_MAIN 32237 us state=1
STALL_MAIN 28341 us state=1
STALL_MAIN 24961 us state=1
STALL_MAIN 32463 us state=1
STALL_MAIN 30050 us state=1
STALL_MAIN 33588 us state=1
STALL_MAIN 31673 us state=1
STALL_MAIN 26464 us state=1
STALL_MAIN 26203 us state=1
STALL_MAIN 30816 us state=1
STALL_MAIN 30526 us state=1
STALL_MAIN 29266 us state=1
STALL_MAIN 28704 us state=1
STALL_MAIN 23180 us state=1
STALL_MAIN 29414 us state=1
STALL_MAIN 25897 us state=1
STALL_MAIN 22221 us state=1
STALL_MAIN 24275 us state=1
STALL_MAIN 26415 us state=1
STALL_MAIN 28550 us state=1
STALL_MAIN 28052 us state=1
STALL_MAIN 26708 us state=1
STALL_MAIN 29452 us state=1
STALL_MAIN 29736 us state=1
STALL_MAIN 28615 us state=1
STALL_MAIN 31890 us state=1
STALL_MAIN 31597 us state=1
STALL_MAIN 28889 us state=1
STALL_MAIN 22847 us state=1
STALL_MAIN 22978 us state=1
STALL_MAIN 27680 us state=1
STALL_MAIN 29711 us state=1
STALL_MAIN 25117 us state=1
STALL_MAIN 27619 us state=1
STALL_MAIN 24123 us state=1
STALL_MAIN 27747 us state=1
STALL_MAIN 29642 us state=1
STALL_MAIN 28740 us state=1
STALL_MAIN 23562 us state=1
STALL_MAIN 21857 us state=1
STALL_MAIN 30501 us state=1
STALL_MAIN 27194 us state=1
STALL_MAIN 31045 us state=1
STALL_MAIN 18432 us state=1
STALL_MAIN 30540 us state=1
STALL_MAIN 31478 us state=1
STALL_MAIN 30400 us state=1
STALL_MAIN 27773 us state=1
STALL_MAIN 26467 us state=1
STALL_MAIN 31337 us state=1
STALL_MAIN 34146 us state=1
STALL_MAIN 32012 us state=1
STALL_MAIN 30622 us state=1
STALL_MAIN 27560 us state=1
STALL_MAIN 28806 us state=1
STALL_MAIN 31727 us state=1
STALL_MAIN 31698 us state=1
STALL_MAIN 28118 us state=1
STALL_MAIN 32223 us state=1
STALL_MAIN 30890 us state=1
STALL_MAIN 30831 us state=1
STALL_MAIN 24973 us state=1
STALL_MAIN 25604 us state=1
STALL_MAIN 28053 us state=1
STALL_MAIN 35188 us state=1
STALL_MAIN 35325 us state=1
STALL_MAIN 36251 us state=1
STALL_MAIN 34602 us state=1
STALL_MAIN 35756 us state=1
STALL_MAIN 34299 us state=1
STALL_MAIN 36168 us state=1
STALL_MAIN 35319 us state=1
STALL_MAIN 34473 us state=1
STALL_MAIN 35890 us state=1
STALL_MAIN 32887 us state=1
STALL_MAIN 31931 us state=1
STALL_MAIN 32426 us state=1
STALL_MAIN 35619 us state=1
STALL_MAIN 31945 us state=1
STALL_MAIN 34547 us state=1
STALL_MAIN 34022 us state=1
STALL_MAIN 34314 us state=1
STALL_MAIN 35426 us state=1
STALL_MAIN 35481 us state=1
STALL_MAIN 35622 us state=1
STALL_MAIN 33848 us state=1
STALL_MAIN 35278 us state=1
STALL_MAIN 35273 us state=1
STALL_MAIN 35524 us state=1
STALL_MAIN 34230 us state=1
STALL_MAIN 33855 us state=1
STALL_MAIN 34856 us state=1
STALL_MAIN 35420 us state=1
STALL_MAIN 34452 us state=1
STALL_MAIN 34821 us state=1
STALL_MAIN 33391 us state=1
STALL_MAIN 34027 us state=1
STALL_MAIN 24775 us state=1
STALL_MAIN 32082 us state=1
STALL_MAIN 34696 us state=1
STALL_MAIN 35254 us state=1
STALL_MAIN 34942 us state=1
STALL_MAIN 35966 us state=1
STALL_MAIN 33934 us state=1
STALL_MAIN 34253 us state=1
STALL_MAIN 35781 us state=1
STALL_MAIN 30211 us state=1
STALL_MAIN 34717 us state=1
STALL_MAIN 35816 us state=1
STALL_MAIN 36711 us state=1
STALL_MAIN 38091 us state=1
STALL_MAIN 37339 us state=1
STALL_MAIN 37388 us state=1
STALL_MAIN 35936 us state=1
STALL_MAIN 32004 us state=1
STALL_MAIN 35366 us state=1
STALL_MAIN 32295 us state=1
STALL_MAIN 35209 us state=1
STALL_MAIN 34682 us state=1
STALL_MAIN 34885 us state=1
STALL_MAIN 33568 us state=1
STALL_MAIN 25453 us state=1
STALL_MAIN 33937 us state=1
STALL_MAIN 22115 us state=1
STALL_MAIN 33629 us state=1
STALL_MAIN 33807 us state=1
STALL_MAIN 33770 us state=1
STALL_MAIN 33841 us state=1
STALL_MAIN 21153 us state=1
STALL_MAIN 35354 us state=1
STALL_MAIN 13755 us state=1
STALL_MAIN 32875 us state=1
STALL_MAIN 25455 us state=1
STALL_MAIN 32177 us state=1
STALL_MAIN 29464 us state=1
STALL_MAIN 20384 us state=1
STALL_MAIN 29834 us state=1
STALL_MAIN 14343 us state=1
STALL_MAIN 30423 us state=1
STALL_MAIN 32185 us state=1
STALL_MAIN 23838 us state=1
STALL_MAIN 28170 us state=1
STALL_MAIN 34940 us state=1
STALL_MAIN 34079 us state=1
STALL_MAIN 27617 us state=1
STALL_MAIN 30747 us state=1
STALL_MAIN 31838 us state=1
STALL_MAIN 36030 us state=1
STALL_MAIN 34492 us state=1
STALL_MAIN 31386 us state=1
STALL_MAIN 35048 us state=1
STALL_MAIN 31469 us state=1
STALL_MAIN 27097 us state=1
STALL_MAIN 32696 us state=1
STALL_MAIN 29883 us state=1
STALL_MAIN 30197 us state=1
STALL_MAIN 26545 us state=1
STALL_MAIN 33130 us state=1
STALL_MAIN 32520 us state=1
STALL_MAIN 31922 us state=1
STALL_MAIN 30076 us state=1
STALL_MAIN 31216 us state=1
STALL_MAIN 33022 us state=1
STALL_MAIN 20481 us state=1
STALL_MAIN 28069 us state=1
STALL_MAIN 26925 us state=1
STALL_MAIN 12619 us state=1
STALL_MAIN 30725 us state=1
STALL_MAIN 28704 us state=1
STALL_MAIN 32317 us state=1
STALL_MAIN 32715 us state=1
STALL_MAIN 30573 us state=1
STALL_MAIN 31210 us state=1
STALL_MAIN 30267 us state=1
STALL_MAIN 30321 us state=1
STALL_MAIN 21882 us state=1
STALL_MAIN 24889 us state=1
STALL_MAIN 28049 us state=1
STALL_MAIN 29333 us state=1
STALL_MAIN 28600 us state=1
STALL_MAIN 30661 us state=1
STALL_MAIN 33782 us state=1
STALL_MAIN 26489 us state=1
STALL_MAIN 33186 us state=1
STALL_MAIN 15760 us state=1
STALL_MAIN 30294 us state=1
STALL_MAIN 30585 us state=1
STALL_MAIN 32823 us state=1
STALL_MAIN 32806 us state=1
STALL_MAIN 33766 us state=1
STALL_MAIN 31417 us state=1
STALL_MAIN 31437 us state=1
STALL_MAIN 26215 us state=1
STALL_MAIN 30703 us state=1
STALL_MAIN 31427 us state=1
STALL_MAIN 28539 us state=1
STALL_MAIN 34151 us state=1
STALL_MAIN 21290 us state=1
STALL_MAIN 29863 us state=1
STALL_MAIN 26114 us state=1
STALL_MAIN 26210 us state=1
STALL_MAIN 24345 us state=1
STALL_MAIN 29611 us state=1
STALL_MAIN 30511 us state=1
STALL_MAIN 23735 us state=1
STALL_MAIN 28950 us state=1
STALL_MAIN 33393 us state=1
STALL_MAIN 31427 us state=1
STALL_MAIN 35293 us state=1
STALL_MAIN 34386 us state=1
STALL_MAIN 25637 us state=1
STALL_MAIN 32081 us state=1
STALL_MAIN 33092 us state=1
STALL_MAIN 32062 us state=1
STALL_MAIN 33032 us state=1
STALL_MAIN 32787 us state=1
STALL_MAIN 33821 us state=1
STALL_MAIN 32534 us state=1
STALL_MAIN 33470 us state=1
STALL_MAIN 28648 us state=1
STALL_MAIN 31325 us state=1
STALL_MAIN 33609 us state=1
STALL_MAIN 35872 us state=1
STALL_MAIN 37376 us state=1
STALL_MAIN 36793 us state=1
STALL_MAIN 36576 us state=1
STALL_MAIN 34099 us state=1
STALL_MAIN 33326 us state=1
STALL_MAIN 29214 us state=1
STALL_MAIN 33540 us state=1
STALL_MAIN 34180 us state=1
STALL_MAIN 33463 us state=1
STALL_MAIN 34785 us state=1
STALL_MAIN 35984 us state=1
STALL_MAIN 34526 us state=1
STALL_MAIN 38258 us state=1
STALL_MAIN 36193 us state=1
STALL_MAIN 35534 us state=1
STALL_MAIN 36738 us state=1
STALL_MAIN 38208 us state=1
STALL_MAIN 39168 us state=1
STALL_MAIN 34137 us state=1
STALL_MAIN 38112 us state=1
STALL_MAIN 38512 us state=1
STALL_MAIN 38587 us state=1
STALL_MAIN 36531 us state=1
STALL_MAIN 34770 us state=1
STALL_MAIN 32464 us state=1
STALL_MAIN 35032 us state=1
STALL_MAIN 35927 us state=1
STALL_MAIN 36575 us state=1
STALL_MAIN 35741 us state=1
STALL_MAIN 35750 us state=1
STALL_MAIN 36088 us state=1
STALL_MAIN 36808 us state=1
STALL_MAIN 36852 us state=1
STALL_MAIN 37948 us state=1
STALL_MAIN 35250 us state=1
STALL_MAIN 36758 us state=1
STALL_MAIN 38121 us state=1
STALL_MAIN 36141 us state=1
STALL_MAIN 35160 us state=1
STALL_MAIN 33768 us state=1
STALL_MAIN 34086 us state=1
STALL_MAIN 34668 us state=1
STALL_MAIN 35162 us state=1
STALL_MAIN 35194 us state=1
STALL_MAIN 34916 us state=1
STALL_MAIN 34839 us state=1
STALL_MAIN 33831 us state=1
STALL_MAIN 28405 us state=1
STALL_MAIN 35780 us state=1
STALL_MAIN 34618 us state=1
STALL_MAIN 34942 us state=1
STALL_MAIN 36686 us state=1
STALL_MAIN 35079 us state=1
STALL_MAIN 28811 us state=1
STALL_MAIN 19387 us state=1
STALL_MAIN 33608 us state=1
STALL_MAIN 26422 us state=1
STALL_MAIN 37718 us state=1
STALL_MAIN 34552 us state=1
STALL_MAIN 37390 us state=1
STALL_MAIN 35194 us state=1
STALL_MAIN 21891 us state=1
STALL_MAIN 31470 us state=1
STALL_MAIN 16665 us state=1
STALL_MAIN 31144 us state=1
STALL_MAIN 30410 us state=1
STALL_MAIN 32995 us state=1
STALL_MAIN 32628 us state=1
STALL_MAIN 33450 us state=1
STALL_MAIN 31782 us state=1
STALL_MAIN 18699 us state=1
STALL_MAIN 30173 us state=1
STALL_MAIN 27946 us state=1
STALL_MAIN 30893 us state=1
STALL_MAIN 28781 us state=1
STALL_MAIN 32305 us state=1
STALL_MAIN 31666 us state=1
STALL_MAIN 31180 us state=1
STALL_MAIN 31708 us state=1
STALL_MAIN 32316 us state=1
STALL_MAIN 31320 us state=1
STALL_MAIN 34847 us state=1
STALL_MAIN 34718 us state=1
STALL_MAIN 32586 us state=1
STALL_MAIN 32635 us state=1
STALL_MAIN 28148 us state=1
STALL_MAIN 30592 us state=1
STALL_MAIN 28836 us state=1
STALL_MAIN 29879 us state=1
STALL_MAIN 28530 us state=1
STALL_MAIN 32127 us state=1
STALL_MAIN 24954 us state=1
STALL_MAIN 31336 us state=1
STALL_MAIN 22305 us state=1
STALL_MAIN 30632 us state=1
STALL_MAIN 29033 us state=1
STALL_MAIN 28614 us state=1
STALL_MAIN 29053 us state=1
STALL_MAIN 27869 us state=1
STALL_MAIN 30981 us state=1
STALL_MAIN 33031 us state=1
STALL_MAIN 30957 us state=1
STALL_MAIN 26444 us state=1
STALL_MAIN 31638 us state=1
STALL_MAIN 32802 us state=1
STALL_MAIN 32519 us state=1
STALL_MAIN 31272 us state=1
STALL_MAIN 28193 us state=1
STALL_MAIN 25562 us state=1
STALL_MAIN 28558 us state=1
STALL_MAIN 27576 us state=1
STALL_MAIN 29499 us state=1
STALL_MAIN 30170 us state=1
STALL_MAIN 33980 us state=1
STALL_MAIN 33463 us state=1
STALL_MAIN 28414 us state=1
STALL_MAIN 29068 us state=1
STALL_MAIN 26659 us state=1
STALL_MAIN 35567 us state=1
STALL_MAIN 32146 us state=1
STALL_MAIN 36051 us state=1
STALL_MAIN 33325 us state=1
STALL_MAIN 34292 us state=1
STALL_MAIN 35295 us state=1
STALL_MAIN 33689 us state=1
STALL_MAIN 25701 us state=1
STALL_MAIN 31117 us state=1
STALL_MAIN 23784 us state=1
STALL_MAIN 28372 us state=1
STALL_MAIN 33012 us state=1
STALL_MAIN 32506 us state=1
STALL_MAIN 33188 us state=1
STALL_MAIN 31640 us state=1
STALL_MAIN 29725 us state=1
STALL_MAIN 33294 us state=1
STALL_MAIN 35272 us state=1
STALL_MAIN 33063 us state=1
STALL_MAIN 30419 us state=1
STALL_MAIN 32758 us state=1
STALL_MAIN 32547 us state=1
STALL_MAIN 28299 us state=1
STALL_MAIN 24994 us state=1
STALL_MAIN 30842 us state=1
STALL_MAIN 33711 us state=1
STALL_MAIN 33754 us state=1
STALL_MAIN 34366 us state=1
STALL_MAIN 33421 us state=1
STALL_MAIN 32283 us state=1
STALL_MAIN 34107 us state=1
STALL_MAIN 34688 us state=1
STALL_MAIN 35182 us state=1
STALL_MAIN 31756 us state=1
STALL_MAIN 33671 us state=1
STALL_MAIN 31961 us state=1
STALL_MAIN 31924 us state=1
STALL_MAIN 33132 us state=1
STALL_MAIN 31634 us state=1
STALL_MAIN 35003 us state=1
STALL_MAIN 35097 us state=1
STALL_MAIN 36098 us state=1
STALL_MAIN 31506 us state=1
STALL_MAIN 35016 us state=1
STALL_MAIN 34659 us state=1
STALL_MAIN 34993 us state=1
STALL_MAIN 32425 us state=1
STALL_MAIN 33185 us state=1
STALL_MAIN 35405 us state=1
STALL_MAIN 37246 us state=1
STALL_MAIN 34551 us state=1
STALL_MAIN 34532 us state=1
STALL_MAIN 36487 us state=1
STALL_MAIN 35795 us state=1
STALL_MAIN 34187 us state=1
STALL_MAIN 34661 us state=1
STALL_MAIN 34525 us state=1
STALL_MAIN 34997 us state=1
STALL_MAIN 34820 us state=1
STALL_MAIN 34967 us state=1
STALL_MAIN 35749 us state=1
STALL_MAIN 35882 us state=1
STALL_MAIN 35252 us state=1
STALL_MAIN 35399 us state=1
STALL_MAIN 35319 us state=1
STALL_MAIN 35338 us state=1
STALL_MAIN 34780 us state=1
STALL_MAIN 35208 us state=1
STALL_MAIN 33681 us state=1
STALL_MAIN 34976 us state=1
STALL_MAIN 34786 us state=1
STALL_MAIN 32858 us state=1
STALL_MAIN 35282 us state=1
STALL_MAIN 35651 us state=1
STALL_MAIN 32095 us state=1
STALL_MAIN 33958 us state=1
STALL_MAIN 34329 us state=1
STALL_MAIN 34698 us state=1
STALL_MAIN 34496 us state=1
STALL_MAIN 35673 us state=1
STALL_MAIN 34461 us state=1
STALL_MAIN 37441 us state=1
STALL_MAIN 37349 us state=1
STALL_MAIN 34378 us state=1
STALL_MAIN 34023 us state=1
STALL_MAIN 34193 us state=1
STALL_MAIN 34323 us state=1
STALL_MAIN 32181 us state=1
STALL_MAIN 33545 us state=1
STALL_MAIN 33693 us state=1
STALL_MAIN 30657 us state=1
STALL_MAIN 28189 us state=1
STALL_MAIN 34439 us state=1
STALL_MAIN 28915 us state=1
STALL_MAIN 22424 us state=1
STALL_MAIN 33223 us state=1
STALL_MAIN 31354 us state=1
STALL_MAIN 34577 us state=1
STALL_MAIN 34800 us state=1
STALL_MAIN 32697 us state=1
STALL_MAIN 38079 us state=1
STALL_MAIN 36905 us state=1
STALL_MAIN 22173 us state=1
STALL_MAIN 34370 us state=1
STALL_MAIN 35013 us state=1
STALL_MAIN 36458 us state=1
STALL_MAIN 36807 us state=1
STALL_MAIN 22109 us state=1
STALL_MAIN 35226 us state=1
STALL_MAIN 19935 us state=1
STALL_MAIN 26852 us state=1
STALL_MAIN 22844 us state=1
STALL_MAIN 31240 us state=1
STALL_MAIN 31916 us state=1
STALL_MAIN 17150 us state=1
STALL_MAIN 29321 us state=1
STALL_MAIN 31015 us state=1
STALL_MAIN 22086 us state=1
STALL_MAIN 29797 us state=1
STALL_MAIN 29987 us state=1
STALL_MAIN 28643 us state=1
STALL_MAIN 17765 us state=1
STALL_MAIN 31956 us state=1
STALL_MAIN 32193 us state=1
STALL_MAIN 27249 us state=1
STALL_MAIN 31509 us state=1
STALL_MAIN 27387 us state=1
STALL_MAIN 32514 us state=1
STALL_MAIN 25088 us state=1
STALL_MAIN 31651 us state=1
STALL_MAIN 28048 us state=1
STALL_MAIN 34586 us state=1
STALL_MAIN 34894 us state=1
STALL_MAIN 32980 us state=1
STALL_MAIN 32695 us state=1
STALL_MAIN 33356 us state=1
STALL_MAIN 33579 us state=1
STALL_MAIN 33015 us state=1
STALL_MAIN 32624 us state=1
STALL_MAIN 34415 us state=1
STALL_MAIN 34090 us state=1
STALL_MAIN 34638 us state=1
STALL_MAIN 32256 us state=1
STALL_MAIN 24059 us state=1
STALL_MAIN 34768 us state=1
STALL_MAIN 35720 us state=1
STALL_MAIN 34591 us state=1
STALL_MAIN 36092 us state=1
STALL_MAIN 35094 us state=1
STALL_MAIN 32329 us state=1
STALL_MAIN 35939 us state=1
STALL_MAIN 30967 us state=1
STALL_MAIN 30883 us state=1
STALL_MAIN 30547 us state=1
STALL_MAIN 32234 us state=1
STALL_MAIN 32285 us state=1
STALL_MAIN 31200 us state=1
STALL_MAIN 29905 us state=1
STALL_MAIN 29238 us state=1
STALL_MAIN 31111 us state=1
STALL_MAIN 32515 us state=1
STALL_MAIN 28641 us state=1
STALL_MAIN 26401 us state=1
STALL_MAIN 11319 us state=1
STALL_MAIN 32297 us state=1
STALL_MAIN 22882 us state=1
STALL_MAIN 24304 us state=1
STALL_MAIN 25320 us state=1
STALL_MAIN 31209 us state=1
STALL_MAIN 31848 us state=1
STALL_MAIN 30426 us state=1
STALL_MAIN 31800 us state=1
STALL_MAIN 33623 us state=1
STALL_MAIN 21436 us state=1
STALL_MAIN 30474 us state=1
STALL_MAIN 31369 us state=1
STALL_MAIN 27917 us state=1
STALL_MAIN 32817 us state=1
STALL_MAIN 30629 us state=1
STALL_MAIN 32743 us state=1
STALL_MAIN 23769 us state=1
STALL_MAIN 20712 us state=1
STALL_MAIN 23972 us state=1
STALL_MAIN 30235 us state=1
STALL_MAIN 28102 us state=1
STALL_MAIN 30500 us state=1
STALL_MAIN 31499 us state=1
STALL_MAIN 27896 us state=1
STALL_MAIN 32287 us state=1
STALL_MAIN 31324 us state=1
STALL_MAIN 20700 us state=1
STALL_MAIN 28593 us state=1
STALL_MAIN 27087 us state=1
STALL_MAIN 26234 us state=1
STALL_MAIN 33504 us state=1
STALL_MAIN 32330 us state=1
STALL_MAIN 33677 us state=1
STALL_MAIN 34116 us state=1
STALL_MAIN 34321 us state=1
STALL_MAIN 34562 us state=1
STALL_MAIN 33798 us state=1
STALL_MAIN 33893 us state=1
STALL_MAIN 30306 us state=1
STALL_MAIN 33711 us state=1
STALL_MAIN 35312 us state=1
STALL_MAIN 32770 us state=1
STALL_MAIN 35150 us state=1
STALL_MAIN 34422 us state=1
STALL_MAIN 32995 us state=1
STALL_MAIN 33590 us state=1
STALL_MAIN 31687 us state=1
STALL_MAIN 31883 us state=1
STALL_MAIN 34126 us state=1
STALL_MAIN 33068 us state=1
STALL_MAIN 35225 us state=1
STALL_MAIN 35888 us state=1
STALL_MAIN 33681 us state=1
STALL_MAIN 34978 us state=1
STALL_MAIN 35124 us state=1
STALL_MAIN 35374 us state=1
STALL_MAIN 34729 us state=1
STALL_MAIN 33072 us state=1
STALL_MAIN 35795 us state=1
STALL_MAIN 34661 us state=1
STALL_MAIN 35911 us state=1
STALL_MAIN 34465 us state=1
STALL_MAIN 33854 us state=1
STALL_MAIN 36188 us state=1
STALL_MAIN 38054 us state=1
STALL_MAIN 37467 us state=1
STALL_MAIN 34224 us state=1
STALL_MAIN 35297 us state=1
STALL_MAIN 30254 us state=1
STALL_MAIN 34614 us state=1
STALL_MAIN 35189 us state=1
STALL_MAIN 35489 us state=1
STALL_MAIN 35208 us state=1
STALL_MAIN 33764 us state=1
STALL_MAIN 33248 us state=1
STALL_MAIN 34116 us state=1
STALL_MAIN 32055 us state=1
STALL_MAIN 34467 us state=1
STALL_MAIN 33140 us state=1

=== main-thread off-CPU duration hist (us) ===
@offcpu_us:
[1]                    3 |                                                    |
[2, 4)              2392 |@@@@@@@@@@@@@@@@@@@@@@@@@@@@@@@@@@@@@@@@@@@@@@@     |
[4, 8)              2604 |@@@@@@@@@@@@@@@@@@@@@@@@@@@@@@@@@@@@@@@@@@@@@@@@@@@@|
[8, 16)             1664 |@@@@@@@@@@@@@@@@@@@@@@@@@@@@@@@@@                   |
[16, 32)             518 |@@@@@@@@@@                                          |
[32, 64)             241 |@@@@                                                |
[64, 128)            582 |@@@@@@@@@@@                                         |
[128, 256)           110 |@@                                                  |
[256, 512)            52 |@                                                   |
[512, 1K)             33 |                                                    |
[1K, 2K)              95 |@                                                   |
[2K, 4K)               2 |                                                    |
[4K, 8K)               1 |                                                    |
[8K, 16K)              7 |                                                    |
[16K, 32K)           300 |@@@@@                                               |
[32K, 64K)           282 |@@@@@                                               |


=== switch-out counts by prev_state (R=0 S=1 D=2 ...) ===
@by_state[256]: 273
@by_state[2]: 681
@by_state[0]: 827
@by_state[1]: 7105

=== stall totals (>=1ms blocks) ===
@stall_us_total: 18711572
@stall_n: 688

=== stall time by thread state (us) ===
@stall_state_us[2]: 122893
@stall_state_us[1]: 18588679

=== stall time by blocking stack (us, top 20) ===
@stall_stack_us[
        0x7fef9c6ebb20
]: 1120
@stall_stack_us[
        mono_metadata_decode_row_col+104
        0x7feefb83c8bd
        0x1e1af00000000
]: 1451
@stall_stack_us[
        0x7fef9cd01420
]: 1686
@stall_stack_us[
        0x7feefba36a79
        monoeg_g_direct_equal+0
        0x535641c3c0940ff7
]: 1785
@stall_stack_us[
        __xstat64+22
        0x4111b784
        0x41117e60
        0x4117d310
        0x4117d27c
        0
        0x3f00000000000001
        0x5582becf9dd8
        0x5582becf9dd8
        0x5582becf9dd8
        0x5582becf9dd8
        0x5582becf9dd8
        0x5582becf9dd8
        0x5582becf9dd8
        0x5582becf9dd8
        0x5582becf9dd8
]: 11889
@stall_stack_us[
        syscall+29
]: 17869
@stall_stack_us[
        0x7fef9bab61f2
        0x7feefba2b5d3
]: 104962
@stall_stack_us[
        0x7fef9bab61f2
]: 18570810


@by_state[256]: 273
@by_state[2]: 681
@by_state[0]: 827
@by_state[1]: 7105
@offcpu_us:
[1]                    3 |                                                    |
[2, 4)              2392 |@@@@@@@@@@@@@@@@@@@@@@@@@@@@@@@@@@@@@@@@@@@@@@@     |
[4, 8)              2604 |@@@@@@@@@@@@@@@@@@@@@@@@@@@@@@@@@@@@@@@@@@@@@@@@@@@@|
[8, 16)             1664 |@@@@@@@@@@@@@@@@@@@@@@@@@@@@@@@@@                   |
[16, 32)             518 |@@@@@@@@@@                                          |
[32, 64)             241 |@@@@                                                |
[64, 128)            582 |@@@@@@@@@@@                                         |
[128, 256)           110 |@@                                                  |
[256, 512)            52 |@                                                   |
[512, 1K)             33 |                                                    |
[1K, 2K)              95 |@                                                   |
[2K, 4K)               2 |                                                    |
[4K, 8K)               1 |                                                    |
[8K, 16K)              7 |                                                    |
[16K, 32K)           300 |@@@@@                                               |
[32K, 64K)           282 |@@@@@                                               |

@stall_n: 688
@stall_stack_us[
        0x7fef9c6ebb20
]: 1120
@stall_stack_us[
        mono_metadata_decode_row_col+104
        0x7feefb83c8bd
        0x1e1af00000000
]: 1451
@stall_stack_us[
        0x7fef9cd01420
]: 1686
@stall_stack_us[
        0x7feefba36a79
        monoeg_g_direct_equal+0
        0x535641c3c0940ff7
]: 1785
@stall_stack_us[
        __xstat64+22
        0x4111b784
        0x41117e60
        0x4117d310
        0x4117d27c
        0
        0x3f00000000000001
        0x5582becf9dd8
        0x5582becf9dd8
        0x5582becf9dd8
        0x5582becf9dd8
        0x5582becf9dd8
        0x5582becf9dd8
        0x5582becf9dd8
        0x5582becf9dd8
        0x5582becf9dd8
]: 11889
@stall_stack_us[
        syscall+29
]: 17869
@stall_stack_us[
        0x7fef9bab61f2
        0x7feefba2b5d3
]: 104962
@stall_stack_us[
        0x7fef9bab61f2
]: 18570810
@stall_state_us[2]: 122893
@stall_state_us[1]: 18588679
@stall_us_total: 18711572
