/home/maci/Desktop/7dtd/7dtd-loadgen/workspace/bench/lap2/wander-2bot/apm/session_20260822_090717_pid887601/bt/runqlat.bt:20:12-48: WARNING: signed operands for '/' can lead to undefined behavior (cast to unsigned to silence warning)
    $us = (nsecs - @wake[args.next_pid]) / 1000;
           ~~~~~~~~~~~~~~~~~~~~~~~~~~~~~~~~~~~~
/home/maci/Desktop/7dtd/7dtd-loadgen/workspace/bench/lap2/wander-2bot/apm/session_20260822_090717_pid887601/bt/runqlat.bt:20:12-48: WARNING: signed operands for '/' can lead to undefined behavior (cast to unsigned to silence warning)
    $us = (nsecs - @wake[args.next_pid]) / 1000;
           ~~~~~~~~~~~~~~~~~~~~~~~~~~~~~~~~~~~~
/home/maci/Desktop/7dtd/7dtd-loadgen/workspace/bench/lap2/wander-2bot/apm/session_20260822_090717_pid887601/bt/runqlat.bt:20:12-17: WARNING: Expression of type: uint64 being cast to type: int64. This may cause unexpected results. Use an explicit cast to suppress this warning.
    $us = (nsecs - @wake[args.next_pid]) / 1000;
           ~~~~~
/home/maci/Desktop/7dtd/7dtd-loadgen/workspace/bench/lap2/wander-2bot/apm/session_20260822_090717_pid887601/bt/runqlat.bt:20:20-40: WARNING: Expression of type: uint64 being cast to type: int64. This may cause unexpected results. Use an explicit cast to suppress this warning.
    $us = (nsecs - @wake[args.next_pid]) / 1000;
                   ~~~~~~~~~~~~~~~~~~~~
/home/maci/Desktop/7dtd/7dtd-loadgen/workspace/bench/lap2/wander-2bot/apm/session_20260822_090717_pid887601/bt/runqlat.bt:21:5-34: WARNING: Return value discarded.
    delete(@wake[args.next_pid]);
    ~~~~~~~~~~~~~~~~~~~~~~~~~~~~~

=== run-queue latency (us) for 7DaysToDieServe ===
0-10us ideal; multi-ms = CPU contention or affinity issues
@runqlat_us:
[0]                 9339 |@@@@@@@@@@@@@@@@@@@@@@@@@@@@@@@@@@@@@@@@@@@@@@@@@@@@|
[1]                 3428 |@@@@@@@@@@@@@@@@@@@                                 |
[2, 4)               972 |@@@@@                                               |
[4, 8)               115 |                                                    |
[8, 16)               74 |                                                    |
[16, 32)              33 |                                                    |
[32, 64)              19 |                                                    |
[64, 128)             14 |                                                    |
[128, 256)            27 |                                                    |
[256, 512)            18 |                                                    |
[512, 1K)              9 |                                                    |



@runqlat_us:
[0]                 9339 |@@@@@@@@@@@@@@@@@@@@@@@@@@@@@@@@@@@@@@@@@@@@@@@@@@@@|
[1]                 3428 |@@@@@@@@@@@@@@@@@@@                                 |
[2, 4)               972 |@@@@@                                               |
[4, 8)               115 |                                                    |
[8, 16)               74 |                                                    |
[16, 32)              33 |                                                    |
[32, 64)              19 |                                                    |
[64, 128)             14 |                                                    |
[128, 256)            27 |                                                    |
[256, 512)            18 |                                                    |
[512, 1K)              9 |                                                    |

