/home/maci/Desktop/7dtd/7dtd-loadgen/workspace/bench/lap2/join-fast/apm/session_20260822_090317_pid887601/bt/offcpu.bt:27:20-25: WARNING: Expression of type: uint64 being cast to type: int64. This may cause unexpected results. Use an explicit cast to suppress this warning.
    $us = (uint64)(nsecs - @start[args.next_pid]) / 1000;
                   ~~~~~
/home/maci/Desktop/7dtd/7dtd-loadgen/workspace/bench/lap2/join-fast/apm/session_20260822_090317_pid887601/bt/offcpu.bt:27:28-49: WARNING: Expression of type: uint64 being cast to type: int64. This may cause unexpected results. Use an explicit cast to suppress this warning.
    $us = (uint64)(nsecs - @start[args.next_pid]) / 1000;
                           ~~~~~~~~~~~~~~~~~~~~~
/home/maci/Desktop/7dtd/7dtd-loadgen/workspace/bench/lap2/join-fast/apm/session_20260822_090317_pid887601/bt/offcpu.bt:28:5-35: WARNING: Return value discarded.
    delete(@start[args.next_pid]);
    ~~~~~~~~~~~~~~~~~~~~~~~~~~~~~~
/home/maci/Desktop/7dtd/7dtd-loadgen/workspace/bench/lap2/join-fast/apm/session_20260822_090317_pid887601/bt/offcpu.bt:40:5-41: WARNING: Return value discarded.
    delete(@block_stack[args.next_pid]);
    ~~~~~~~~~~~~~~~~~~~~~~~~~~~~~~~~~~~~
/home/maci/Desktop/7dtd/7dtd-loadgen/workspace/bench/lap2/join-fast/apm/session_20260822_090317_pid887601/bt/offcpu.bt:41:5-40: WARNING: Return value discarded.
    delete(@block_state[args.next_pid]);
    ~~~~~~~~~~~~~~~~~~~~~~~~~~~~~~~~~~~
STALL_MAIN 25352 us state=1
STALL_MAIN 24624 us state=1
STALL_MAIN 26356 us state=1
STALL_MAIN 22476 us state=1
STALL_MAIN 24458 us state=1
STALL_MAIN 23502 us state=1
STALL_MAIN 29442 us state=1
STALL_MAIN 29615 us state=1
STALL_MAIN 31786 us state=1
STALL_MAIN 31936 us state=1
STALL_MAIN 28839 us state=1
STALL_MAIN 30509 us state=1
STALL_MAIN 27473 us state=1
STALL_MAIN 28876 us state=1
STALL_MAIN 33367 us state=1
STALL_MAIN 30355 us state=1
STALL_MAIN 26978 us state=1
STALL_MAIN 28158 us state=1
STALL_MAIN 29984 us state=1
STALL_MAIN 29541 us state=1
STALL_MAIN 29034 us state=1
STALL_MAIN 26375 us state=1
STALL_MAIN 24734 us state=1
STALL_MAIN 24221 us state=1
STALL_MAIN 25588 us state=1
STALL_MAIN 28147 us state=1
STALL_MAIN 28435 us state=1
STALL_MAIN 30194 us state=1
STALL_MAIN 32513 us state=1
STALL_MAIN 31822 us state=1
STALL_MAIN 30305 us state=1
STALL_MAIN 32554 us state=1
STALL_MAIN 21649 us state=1
STALL_MAIN 31193 us state=1
STALL_MAIN 25520 us state=1
STALL_MAIN 25385 us state=1
STALL_MAIN 28854 us state=1
STALL_MAIN 25838 us state=1
STALL_MAIN 28324 us state=1
STALL_MAIN 28169 us state=1
STALL_MAIN 14211 us state=1
STALL_MAIN 31261 us state=1
STALL_MAIN 23730 us state=1
STALL_MAIN 27678 us state=1
STALL_MAIN 30424 us state=1
STALL_MAIN 23766 us state=1
STALL_MAIN 30740 us state=1
STALL_MAIN 25809 us state=1
STALL_MAIN 13773 us state=1
STALL_MAIN 22579 us state=1
STALL_MAIN 30484 us state=1
STALL_MAIN 29364 us state=0
STALL_MAIN 20751 us state=0
STALL_MAIN 16592 us state=1
STALL_MAIN 32685 us state=1
STALL_MAIN 32043 us state=1
STALL_MAIN 31889 us state=1
STALL_MAIN 32185 us state=1
STALL_MAIN 29294 us state=1
STALL_MAIN 33030 us state=1
STALL_MAIN 28861 us state=1
STALL_MAIN 35548 us state=1
STALL_MAIN 35238 us state=1
STALL_MAIN 31841 us state=1
STALL_MAIN 34774 us state=1
STALL_MAIN 31816 us state=1
STALL_MAIN 29853 us state=1
STALL_MAIN 32673 us state=1
STALL_MAIN 31757 us state=1
STALL_MAIN 11021 us state=1
STALL_MAIN 35339 us state=1
STALL_MAIN 27739 us state=1
STALL_MAIN 26984 us state=0
STALL_MAIN 14363 us state=0
STALL_MAIN 14368 us state=0
STALL_MAIN 22744 us state=1
STALL_MAIN 31262 us state=1
STALL_MAIN 21659 us state=1
STALL_MAIN 28332 us state=1
STALL_MAIN 23234 us state=1
STALL_MAIN 26237 us state=1
STALL_MAIN 30009 us state=1
STALL_MAIN 33189 us state=1
STALL_MAIN 30507 us state=1
STALL_MAIN 63368 us state=0
STALL_MAIN 24698 us state=0
STALL_MAIN 13991 us state=1
STALL_MAIN 10395 us state=1
STALL_MAIN 23390 us state=1
STALL_MAIN 14781 us state=1
STALL_MAIN 28029 us state=1
STALL_MAIN 25742 us state=1
STALL_MAIN 24794 us state=1
STALL_MAIN 27733 us state=1
STALL_MAIN 28119 us state=1
STALL_MAIN 11976 us state=1
STALL_MAIN 14605 us state=0
STALL_MAIN 11572 us state=0
STALL_MAIN 19139 us state=0
STALL_MAIN 29362 us state=0
STALL_MAIN 23153 us state=1
STALL_MAIN 10443 us state=1
STALL_MAIN 22814 us state=1
STALL_MAIN 14182 us state=0
STALL_MAIN 27452 us state=1
STALL_MAIN 28252 us state=1
STALL_MAIN 18665 us state=1
STALL_MAIN 12783 us state=1
STALL_MAIN 26083 us state=1
STALL_MAIN 13617 us state=1
STALL_MAIN 21288 us state=1
STALL_MAIN 17646 us state=1
STALL_MAIN 21479 us state=1
STALL_MAIN 27141 us state=1
STALL_MAIN 24603 us state=1
STALL_MAIN 24553 us state=1
STALL_MAIN 27505 us state=1
STALL_MAIN 27063 us state=1
STALL_MAIN 34342 us state=1
STALL_MAIN 27309 us state=0
STALL_MAIN 29953 us state=1
STALL_MAIN 34065 us state=1
STALL_MAIN 32882 us state=1
STALL_MAIN 28378 us state=1
STALL_MAIN 31550 us state=1
STALL_MAIN 29676 us state=1
STALL_MAIN 20614 us state=0
STALL_MAIN 38351 us state=0
STALL_MAIN 21963 us state=1
STALL_MAIN 10957 us state=1
STALL_MAIN 18976 us state=1
STALL_MAIN 19687 us state=1
STALL_MAIN 23054 us state=1
STALL_MAIN 22008 us state=1
STALL_MAIN 27745 us state=0
STALL_MAIN 14095 us state=0
STALL_MAIN 17962 us state=1
STALL_MAIN 21480 us state=1
STALL_MAIN 23974 us state=1
STALL_MAIN 24768 us state=1
STALL_MAIN 11512 us state=1
STALL_MAIN 52564 us state=1
STALL_MAIN 31989 us state=0
STALL_MAIN 25377 us state=0
STALL_MAIN 15363 us state=256
STALL_MAIN 31363 us state=0
STALL_MAIN 65779 us state=0
STALL_MAIN 11382 us state=0
STALL_MAIN 17853 us state=1
STALL_MAIN 27414 us state=1
STALL_MAIN 10048 us state=0
STALL_MAIN 12167 us state=0
STALL_MAIN 41067 us state=1
STALL_MAIN 27737 us state=0
STALL_MAIN 21502 us state=1
STALL_MAIN 23321 us state=1
STALL_MAIN 14610 us state=1
STALL_MAIN 20284 us state=1
STALL_MAIN 25254 us state=0
STALL_MAIN 15988 us state=0
STALL_MAIN 22473 us state=1
STALL_MAIN 27612 us state=1
STALL_MAIN 31222 us state=1
STALL_MAIN 30845 us state=1
STALL_MAIN 38813 us state=1
STALL_MAIN 10774 us state=0
STALL_MAIN 17808 us state=1
STALL_MAIN 32446 us state=1
STALL_MAIN 32020 us state=1
STALL_MAIN 32687 us state=1
STALL_MAIN 32993 us state=1
STALL_MAIN 32923 us state=1
STALL_MAIN 33358 us state=1
STALL_MAIN 25120 us state=1
STALL_MAIN 33865 us state=1
STALL_MAIN 32084 us state=1
STALL_MAIN 33692 us state=1
STALL_MAIN 29459 us state=1
STALL_MAIN 29642 us state=1
STALL_MAIN 34698 us state=1
STALL_MAIN 33103 us state=1
STALL_MAIN 32592 us state=1
STALL_MAIN 30218 us state=1
STALL_MAIN 12633 us state=1
STALL_MAIN 29365 us state=1
STALL_MAIN 18508 us state=1
STALL_MAIN 37231 us state=1
STALL_MAIN 14699 us state=1
STALL_MAIN 32152 us state=1
STALL_MAIN 32234 us state=1
STALL_MAIN 35120 us state=1
STALL_MAIN 35971 us state=1
STALL_MAIN 35016 us state=1
STALL_MAIN 35385 us state=1
STALL_MAIN 36664 us state=1
STALL_MAIN 35753 us state=1
STALL_MAIN 33246 us state=1
STALL_MAIN 34305 us state=1
STALL_MAIN 34649 us state=1
STALL_MAIN 34480 us state=1
STALL_MAIN 33858 us state=1
STALL_MAIN 27771 us state=1
STALL_MAIN 33265 us state=1
STALL_MAIN 30989 us state=1
STALL_MAIN 34296 us state=1
STALL_MAIN 35769 us state=1
STALL_MAIN 34343 us state=1
STALL_MAIN 35391 us state=1
STALL_MAIN 35849 us state=1
STALL_MAIN 36627 us state=1
STALL_MAIN 33626 us state=1
STALL_MAIN 33420 us state=1
STALL_MAIN 33759 us state=1
STALL_MAIN 34860 us state=1
STALL_MAIN 32840 us state=1
STALL_MAIN 32889 us state=1
STALL_MAIN 31406 us state=1
STALL_MAIN 32661 us state=1
STALL_MAIN 34222 us state=1
STALL_MAIN 31293 us state=1
STALL_MAIN 35066 us state=1
STALL_MAIN 32650 us state=1
STALL_MAIN 29887 us state=1
STALL_MAIN 33890 us state=1
STALL_MAIN 29838 us state=1
STALL_MAIN 32455 us state=1
STALL_MAIN 33471 us state=1
STALL_MAIN 31922 us state=1
STALL_MAIN 29994 us state=1
STALL_MAIN 34196 us state=1
STALL_MAIN 34756 us state=1
STALL_MAIN 35634 us state=1
STALL_MAIN 32455 us state=1
STALL_MAIN 32068 us state=1
STALL_MAIN 31993 us state=1
STALL_MAIN 34329 us state=1
STALL_MAIN 35029 us state=1
STALL_MAIN 32044 us state=1
STALL_MAIN 33245 us state=1
STALL_MAIN 33966 us state=1
STALL_MAIN 33670 us state=1
STALL_MAIN 34760 us state=1
STALL_MAIN 31908 us state=1
STALL_MAIN 33808 us state=1
STALL_MAIN 33823 us state=1
STALL_MAIN 33018 us state=1
STALL_MAIN 28277 us state=1
STALL_MAIN 29298 us state=1
STALL_MAIN 24978 us state=1
STALL_MAIN 30008 us state=1
STALL_MAIN 31936 us state=1
STALL_MAIN 33464 us state=1
STALL_MAIN 34548 us state=1
STALL_MAIN 30418 us state=1
STALL_MAIN 29170 us state=1
STALL_MAIN 32208 us state=1
STALL_MAIN 32354 us state=1
STALL_MAIN 32756 us state=1
STALL_MAIN 32599 us state=1
STALL_MAIN 31604 us state=1
STALL_MAIN 32087 us state=1
STALL_MAIN 32544 us state=1
STALL_MAIN 32864 us state=1
STALL_MAIN 33078 us state=1
STALL_MAIN 32837 us state=1
STALL_MAIN 34846 us state=1
STALL_MAIN 34631 us state=1
STALL_MAIN 33927 us state=1
STALL_MAIN 35330 us state=1
STALL_MAIN 34227 us state=1
STALL_MAIN 35577 us state=1
STALL_MAIN 34809 us state=1
STALL_MAIN 33139 us state=1
STALL_MAIN 34293 us state=1
STALL_MAIN 33805 us state=1
STALL_MAIN 30410 us state=1
STALL_MAIN 33445 us state=1
STALL_MAIN 30228 us state=1
STALL_MAIN 32336 us state=1
STALL_MAIN 33883 us state=1
STALL_MAIN 31412 us state=1
STALL_MAIN 33845 us state=1
STALL_MAIN 31831 us state=1
STALL_MAIN 33731 us state=1
STALL_MAIN 29793 us state=1
STALL_MAIN 29522 us state=1
STALL_MAIN 33065 us state=1
STALL_MAIN 32592 us state=1
STALL_MAIN 32717 us state=1
STALL_MAIN 30747 us state=1
STALL_MAIN 31407 us state=1
STALL_MAIN 31778 us state=1
STALL_MAIN 32321 us state=1
STALL_MAIN 28545 us state=1
STALL_MAIN 27759 us state=1
STALL_MAIN 30510 us state=1
STALL_MAIN 32398 us state=1
STALL_MAIN 35904 us state=1
STALL_MAIN 35227 us state=1
STALL_MAIN 34506 us state=1
STALL_MAIN 35269 us state=1
STALL_MAIN 33988 us state=1
STALL_MAIN 34846 us state=1
STALL_MAIN 36491 us state=1
STALL_MAIN 35448 us state=1
STALL_MAIN 34266 us state=1
STALL_MAIN 18260 us state=1
STALL_MAIN 32140 us state=1
STALL_MAIN 30559 us state=1
STALL_MAIN 32824 us state=1
STALL_MAIN 32140 us state=1
STALL_MAIN 33771 us state=1
STALL_MAIN 33964 us state=1
STALL_MAIN 33175 us state=1
STALL_MAIN 33347 us state=1
STALL_MAIN 32611 us state=1
STALL_MAIN 30774 us state=1
STALL_MAIN 34809 us state=1
STALL_MAIN 34291 us state=1
STALL_MAIN 31525 us state=1
STALL_MAIN 33965 us state=1
STALL_MAIN 33339 us state=1
STALL_MAIN 35037 us state=1
STALL_MAIN 34518 us state=1
STALL_MAIN 32018 us state=1
STALL_MAIN 36228 us state=1
STALL_MAIN 23565 us state=1
STALL_MAIN 16624 us state=1
STALL_MAIN 11872 us state=1
STALL_MAIN 31681 us state=1
STALL_MAIN 16905 us state=1
STALL_MAIN 32460 us state=1
STALL_MAIN 34533 us state=1
STALL_MAIN 31576 us state=1
STALL_MAIN 32755 us state=1
STALL_MAIN 35792 us state=1
STALL_MAIN 36079 us state=1
STALL_MAIN 35285 us state=1
STALL_MAIN 33570 us state=1
STALL_MAIN 34747 us state=1
STALL_MAIN 22322 us state=1
STALL_MAIN 34165 us state=1
STALL_MAIN 31115 us state=1
STALL_MAIN 28212 us state=1
STALL_MAIN 32460 us state=1
STALL_MAIN 31212 us state=1
STALL_MAIN 34122 us state=1
STALL_MAIN 33151 us state=1
STALL_MAIN 32591 us state=1
STALL_MAIN 29521 us state=1
STALL_MAIN 28455 us state=1
STALL_MAIN 28718 us state=1
STALL_MAIN 32230 us state=1
STALL_MAIN 32619 us state=1
STALL_MAIN 33585 us state=1
STALL_MAIN 35707 us state=1
STALL_MAIN 35189 us state=1
STALL_MAIN 35721 us state=1
STALL_MAIN 34830 us state=1
STALL_MAIN 34482 us state=1
STALL_MAIN 34336 us state=1
STALL_MAIN 33867 us state=1
STALL_MAIN 34547 us state=1
STALL_MAIN 33852 us state=1
STALL_MAIN 35425 us state=1
STALL_MAIN 31743 us state=1
STALL_MAIN 30545 us state=1
STALL_MAIN 34575 us state=1
STALL_MAIN 32090 us state=1
STALL_MAIN 26734 us state=1
STALL_MAIN 35112 us state=1
STALL_MAIN 34192 us state=1
STALL_MAIN 10196 us state=1
STALL_MAIN 33682 us state=1
STALL_MAIN 22832 us state=1
STALL_MAIN 30520 us state=1
STALL_MAIN 23654 us state=1
STALL_MAIN 29783 us state=1
STALL_MAIN 32895 us state=1
STALL_MAIN 32763 us state=1
STALL_MAIN 33469 us state=1
STALL_MAIN 32982 us state=1
STALL_MAIN 31944 us state=1
STALL_MAIN 30611 us state=1
STALL_MAIN 30895 us state=1
STALL_MAIN 32294 us state=1
STALL_MAIN 29602 us state=1
STALL_MAIN 35417 us state=1
STALL_MAIN 34915 us state=1
STALL_MAIN 35067 us state=1
STALL_MAIN 34435 us state=1
STALL_MAIN 34969 us state=1
STALL_MAIN 31553 us state=1
STALL_MAIN 11668 us state=1
STALL_MAIN 32935 us state=1
STALL_MAIN 34024 us state=1
STALL_MAIN 33502 us state=1
STALL_MAIN 34221 us state=1
STALL_MAIN 34027 us state=1
STALL_MAIN 33545 us state=1
STALL_MAIN 31510 us state=1
STALL_MAIN 32822 us state=1
STALL_MAIN 34554 us state=1
STALL_MAIN 34341 us state=1
STALL_MAIN 34125 us state=1
STALL_MAIN 35043 us state=1
STALL_MAIN 34221 us state=1
STALL_MAIN 34214 us state=1
STALL_MAIN 34148 us state=1
STALL_MAIN 34304 us state=1
STALL_MAIN 33471 us state=1
STALL_MAIN 34800 us state=1
STALL_MAIN 33691 us state=1
STALL_MAIN 34318 us state=1
STALL_MAIN 32660 us state=1
STALL_MAIN 34732 us state=1
STALL_MAIN 34641 us state=1
STALL_MAIN 34186 us state=1
STALL_MAIN 34305 us state=1
STALL_MAIN 34722 us state=1
STALL_MAIN 34573 us state=1
STALL_MAIN 34519 us state=1
STALL_MAIN 34196 us state=1
STALL_MAIN 35859 us state=1
STALL_MAIN 35350 us state=1
STALL_MAIN 34962 us state=1
STALL_MAIN 35490 us state=1
STALL_MAIN 34437 us state=1
STALL_MAIN 35985 us state=1
STALL_MAIN 34920 us state=1
STALL_MAIN 33824 us state=1
STALL_MAIN 34256 us state=1
STALL_MAIN 36156 us state=1
STALL_MAIN 37433 us state=1
STALL_MAIN 36155 us state=1
STALL_MAIN 35964 us state=1
STALL_MAIN 31938 us state=1
STALL_MAIN 36270 us state=1
STALL_MAIN 35515 us state=1
STALL_MAIN 35652 us state=1
STALL_MAIN 35879 us state=1
STALL_MAIN 37167 us state=1
STALL_MAIN 36601 us state=1
STALL_MAIN 32859 us state=1
STALL_MAIN 32507 us state=1
STALL_MAIN 27268 us state=1
STALL_MAIN 33017 us state=1
STALL_MAIN 33843 us state=1
STALL_MAIN 36046 us state=1
STALL_MAIN 36519 us state=1
STALL_MAIN 35323 us state=1
STALL_MAIN 35229 us state=1
STALL_MAIN 36497 us state=1
STALL_MAIN 34938 us state=1
STALL_MAIN 36645 us state=1
STALL_MAIN 36837 us state=1
STALL_MAIN 34143 us state=1
STALL_MAIN 36595 us state=1
STALL_MAIN 34592 us state=1
STALL_MAIN 35079 us state=1
STALL_MAIN 32710 us state=1
STALL_MAIN 16383 us state=1
STALL_MAIN 34895 us state=1
STALL_MAIN 18665 us state=1
STALL_MAIN 19213 us state=1
STALL_MAIN 33033 us state=1
STALL_MAIN 17675 us state=1
STALL_MAIN 28629 us state=1
STALL_MAIN 17837 us state=1
STALL_MAIN 18537 us state=1
STALL_MAIN 31671 us state=1
STALL_MAIN 18225 us state=1
STALL_MAIN 33487 us state=1
STALL_MAIN 18551 us state=1
STALL_MAIN 19405 us state=1
STALL_MAIN 32787 us state=1
STALL_MAIN 19430 us state=1
STALL_MAIN 32641 us state=1
STALL_MAIN 20325 us state=1
STALL_MAIN 21924 us state=1
STALL_MAIN 34477 us state=1
STALL_MAIN 34872 us state=1
STALL_MAIN 34110 us state=1
STALL_MAIN 34495 us state=1
STALL_MAIN 34932 us state=1
STALL_MAIN 33504 us state=1
STALL_MAIN 33451 us state=1
STALL_MAIN 34260 us state=1
STALL_MAIN 34140 us state=1
STALL_MAIN 33711 us state=1
STALL_MAIN 34689 us state=1
STALL_MAIN 34208 us state=1
STALL_MAIN 33585 us state=1
STALL_MAIN 35597 us state=1
STALL_MAIN 35752 us state=1
STALL_MAIN 32645 us state=1
STALL_MAIN 33408 us state=1
STALL_MAIN 33784 us state=1
STALL_MAIN 32655 us state=1
STALL_MAIN 31224 us state=1
STALL_MAIN 31961 us state=1
STALL_MAIN 33538 us state=1
STALL_MAIN 34231 us state=1
STALL_MAIN 31425 us state=1
STALL_MAIN 32735 us state=1
STALL_MAIN 35164 us state=1
STALL_MAIN 34602 us state=1
STALL_MAIN 33270 us state=1
STALL_MAIN 35532 us state=1
STALL_MAIN 33992 us state=1
STALL_MAIN 13754 us state=1
STALL_MAIN 32287 us state=1
STALL_MAIN 35941 us state=1
STALL_MAIN 34512 us state=1
STALL_MAIN 34339 us state=1
STALL_MAIN 35368 us state=1
STALL_MAIN 30937 us state=1
STALL_MAIN 28401 us state=1
STALL_MAIN 34692 us state=1
STALL_MAIN 35144 us state=1
STALL_MAIN 30108 us state=1
STALL_MAIN 32173 us state=1
STALL_MAIN 33631 us state=1
STALL_MAIN 34455 us state=1
STALL_MAIN 34864 us state=1
STALL_MAIN 31946 us state=1
STALL_MAIN 30790 us state=1

=== main-thread off-CPU duration hist (us) ===
@offcpu_us:
[1]                    1 |                                                    |
[2, 4)              2492 |@@@@@@@@@@@@@@@@@@@@@@@@@@@@@@@@@@@@@@@@@@@@        |
[4, 8)              2909 |@@@@@@@@@@@@@@@@@@@@@@@@@@@@@@@@@@@@@@@@@@@@@@@@@@@@|
[8, 16)             1780 |@@@@@@@@@@@@@@@@@@@@@@@@@@@@@@@                     |
[16, 32)             743 |@@@@@@@@@@@@@                                       |
[32, 64)             417 |@@@@@@@                                             |
[64, 128)            719 |@@@@@@@@@@@@                                        |
[128, 256)           241 |@@@@                                                |
[256, 512)           102 |@                                                   |
[512, 1K)             81 |@                                                   |
[1K, 2K)             121 |@@                                                  |
[2K, 4K)              37 |                                                    |
[4K, 8K)              35 |                                                    |
[8K, 16K)             42 |                                                    |
[16K, 32K)           260 |@@@@                                                |
[32K, 64K)           234 |@@@@                                                |
[64K, 128K)            1 |                                                    |


=== switch-out counts by prev_state (R=0 S=1 D=2 ...) ===
@by_state[2]: 571
@by_state[256]: 973
@by_state[0]: 2709
@by_state[1]: 5962

=== stall totals (>=1ms blocks) ===
@stall_us_total: 16509357
@stall_n: 737

=== stall time by thread state (us) ===
@stall_state_us[2]: 33158
@stall_state_us[256]: 87461
@stall_state_us[0]: 773349
@stall_state_us[1]: 15615389

=== stall time by blocking stack (us, top 20) ===
@stall_stack_us[
        0x7feefba402b3
]: 20614
@stall_stack_us[
        0x7fef9d5b2a35
]: 20751
@stall_stack_us[
        0x7feefb9ce4d8
        0x5582c1758550
        0x5582c1758550
        0x5582c1758550
        0x5582c1758550
        0x5582c1758550
        0x5582c1758550
        0x5582c1758550
        0x5582c1758550
        0x5582c1758550
        0x5582c1758550
        0x5582c1758550
        0x5582c1758550
        0x5582c1758550
        0x5582c1758550
        0x5582c1758550
]: 24698
@stall_stack_us[
        0x4115779b
        0x41d680ee
        0x7feed009084a
        0x7feed0090c03
        0x7feed007f46b
]: 25254
@stall_stack_us[
        0x411ab10a
        0x41b87864
        0x416f6adf
        0x7feefb846428
        0x7feefb9e578f
        0x5582be808500
]: 26984
@stall_stack_us[
        0x7feefb9dcfa3
        0x120000
        0x5582c1ce5d48
        0x5582c1ce5d48
        0x5582c1ce5d48
        0x5582c1ce5d48
        0x5582c1ce5d48
        0x5582c1ce5d48
        0x5582c1ce5d48
        0x5582c1ce5d48
        0x5582c1ce5d48
        0x5582c1ce5d48
        0x5582c1ce5d48
        0x5582c1ce5d48
        0x5582c1ce5d48
        0x5582c1ce5d48
]: 27309
@stall_stack_us[
        0x7feefb9cb5b8
        0
        0
        0x5582bfcc4f30
]: 27745
@stall_stack_us[
        0x7feefb9dcfc3
]: 29362
@stall_stack_us[
        0x4114354d
        0x41b87864
        0x416f6adf
        0x7feefb846428
        0x7feefb9e578f
        0x5582be808500
]: 29364
@stall_stack_us[
        0x7feefb9cb61b
]: 31363
@stall_stack_us[
        0x7fef9bab61f2
        0x7feefba2b5d3
]: 31959
@stall_stack_us[
        0x7feefba0f68f
        0x120000
        0x5582c19abc70
        0x5582c19abc70
        0x5582c19abc70
        0x5582c19abc70
        0x5582c19abc70
        0x5582c19abc70
        0x5582c19abc70
        0x5582c19abc70
        0x5582c19abc70
        0x5582c19abc70
        0x5582c19abc70
        0x5582c19abc70
        0x5582c19abc70
        0x5582c19abc70
]: 33026
@stall_stack_us[
        0x7feefb9ac960
]: 34367
@stall_stack_us[
        0x7fef9ccc95c0
        0x7fef9ccda10d
]: 38351
@stall_stack_us[
        0x7feefb9cb62c
]: 55677
@stall_stack_us[
        0x7feefb9dcfa3
        0x120000
        0x5582c199f1c8
        0x5582c199f1c8
        0x5582c199f1c8
        0x5582c199f1c8
        0x5582c199f1c8
        0x5582c199f1c8
        0x5582c199f1c8
        0x5582c199f1c8
        0x5582c199f1c8
        0x5582c199f1c8
        0x5582c199f1c8
        0x5582c199f1c8
        0x5582c199f1c8
        0x5582c199f1c8
]: 63368
@stall_stack_us[
        0x7fef9d5a569f
]: 65779
@stall_stack_us[
        syscall+29
]: 169877
@stall_stack_us[
        syscall+29
        0x7fef60c608d0
]: 248715
@stall_stack_us[
        0x7fef9bab61f2
]: 15269263


@by_state[2]: 571
@by_state[256]: 973
@by_state[0]: 2709
@by_state[1]: 5962
@offcpu_us:
[1]                    1 |                                                    |
[2, 4)              2492 |@@@@@@@@@@@@@@@@@@@@@@@@@@@@@@@@@@@@@@@@@@@@        |
[4, 8)              2909 |@@@@@@@@@@@@@@@@@@@@@@@@@@@@@@@@@@@@@@@@@@@@@@@@@@@@|
[8, 16)             1780 |@@@@@@@@@@@@@@@@@@@@@@@@@@@@@@@                     |
[16, 32)             743 |@@@@@@@@@@@@@                                       |
[32, 64)             417 |@@@@@@@                                             |
[64, 128)            719 |@@@@@@@@@@@@                                        |
[128, 256)           241 |@@@@                                                |
[256, 512)           102 |@                                                   |
[512, 1K)             81 |@                                                   |
[1K, 2K)             121 |@@                                                  |
[2K, 4K)              37 |                                                    |
[4K, 8K)              35 |                                                    |
[8K, 16K)             42 |                                                    |
[16K, 32K)           260 |@@@@                                                |
[32K, 64K)           234 |@@@@                                                |
[64K, 128K)            1 |                                                    |

@stall_n: 737
@stall_stack_us[
        0x7feefb9ce578
        0x120000
        0x5582c180ee78
        0x5582c180ee78
        0x5582c180ee78
        0x5582c180ee78
        0x5582c180ee78
        0x5582c180ee78
        0x5582c180ee78
        0x5582c180ee78
        0x5582c180ee78
        0x5582c180ee78
        0x5582c180ee78
        0x5582c180ee78
        0x5582c180ee78
        0x5582c180ee78
]: 1321
@stall_stack_us[
        0x7feefb9ace0c
        0
]: 1561
@stall_stack_us[
        0x7feefb9b2517
]: 1607
@stall_stack_us[
        0x7fef9baa9847
        0x41382004
        0x7feed0261c7b
        0x7feed009541b
        0x7fef9000395b
        0x7feed0081abb
        0x411407a6
        0x7feefb846428
        0x7feefb9e578f
        0x5582be808500
]: 1612
@stall_stack_us[
        0x4126c5e6
        0x41b87864
        0x416f6adf
        0x7feefb846428
        0x7feefb9e578f
        0x5582be808500
]: 1618
@stall_stack_us[
        0x7feefb9a23b6
        0
]: 1625
@stall_stack_us[
        pthread_cond_broadcast+408
]: 1642
@stall_stack_us[
        mono_threads_enter_gc_safe_region_unbalanced+1
        0x41ac6844
        0x41ac639c
        0x41ac6273
        0x7feed0095bab
        0x7fef9000395b
        0x7feed0081abb
        0x411407a6
        0x7feefb846428
        0x7feefb9e578f
        0x5582be808500
]: 1790
@stall_stack_us[
        0x7fef9baa97de
]: 3556
@stall_stack_us[
        GC_dirty_inner+41
        0x411407a6
        0x7feefb846428
        0x7feefb9e578f
        0x5582be808500
]: 3559
@stall_stack_us[
        __pthread_mutex_unlock+66
        0
        0x1c00000000000001
        0x5582be7cede8
        0x5582be7cede8
        0x5582be7cede8
        0x5582be7cede8
        0x5582be7cede8
        0x5582be7cede8
        0x5582be7cede8
        0x5582be7cede8
        0x5582be7cede8
        0x5582be7cede8
        0x5582be7cede8
        0x5582be7cede8
        0x5582be7cede8
]: 3915
@stall_stack_us[
        0x7fef9d94a8e0
        0x445d216a00000000
]: 4560
@stall_stack_us[
        mono_string_new_len+190
        0
        0
        0x5582be7cb208
        0x5582be7cb208
        0x5582be7cb208
        0x5582be7cb208
        0x5582be7cb208
        0x5582be7cb208
        0x5582be7cb208
        0x5582be7cb208
        0x5582be7cb208
        0x5582be7cb208
        0x5582be7cb208
        0x5582be7cb208
        0x5582be7cb208
]: 4672
@stall_stack_us[
        0x4126c554
        0x41b87864
        0x416f6adf
        0x7feefb846428
        0x7feefb9e578f
        0x5582be808500
]: 4673
@stall_stack_us[
        __xstat64+22
        0x4111b784
        0x41117e60
        0x4117d310
        0x4117d27c
        0
        0x3f00000000000001
        0x5582becf9dd8
        0x5582becf9dd8
        0x5582becf9dd8
        0x5582becf9dd8
        0x5582becf9dd8
        0x5582becf9dd8
        0x5582becf9dd8
        0x5582becf9dd8
        0x5582becf9dd8
]: 5590
@stall_stack_us[
        GC_dirty_inner+41
]: 6729
@stall_stack_us[
        sched_yield+11
]: 8641
@stall_stack_us[
        mono_class_from_mono_type_internal+13
        0x120000
        0x5582c1eb9728
        0x5582c1eb9728
        0x5582c1eb9728
        0x5582c1eb9728
        0x5582c1eb9728
        0x5582c1eb9728
        0x5582c1eb9728
        0x5582c1eb9728
        0x5582c1eb9728
        0x5582c1eb9728
        0x5582c1eb9728
        0x5582c1eb9728
        0x5582c1eb9728
        0x5582c1eb9728
]: 8962
@stall_stack_us[
        0x41b87002
        0x41b87864
        0x416f6adf
        0x7feefb846428
        0x7feefb9e578f
        0x5582be808500
]: 8991
@stall_stack_us[
        0x7fef9c7d82d0
        0x3ac49ba6
]: 10048
@stall_stack_us[
        0x7feefb9dcfa3
        0x120000
        0x5582c197c328
        0x5582c197c328
        0x5582c197c328
        0x5582c197c328
        0x5582c197c328
        0x5582c197c328
        0x5582c197c328
        0x5582c197c328
        0x5582c197c328
        0x5582c197c328
        0x5582c197c328
        0x5582c197c328
        0x5582c197c328
        0x5582c197c328
]: 10774
@stall_stack_us[
        0x41b87e02
        0x41b87864
        0x416f6adf
        0x7feefb846428
        0x7feefb9e578f
        0x5582be808500
]: 11382
@stall_stack_us[
        0x4148474d
        0x413e8368
        0x416ff934
        0x411407a6
        0x7feefb846428
        0x7feefb9e578f
        0x5582be808500
]: 11572
@stall_stack_us[
        0x7fef9c6c6206
]: 12167
@stall_stack_us[
        mono_metadata_type_hash+80
        0x120000
        0x5582c1e67a40
        0x5582c1e67a40
        0x5582c1e67a40
        0x5582c1e67a40
        0x5582c1e67a40
        0x5582c1e67a40
        0x5582c1e67a40
        0x5582c1e67a40
        0x5582c1e67a40
        0x5582c1e67a40
        0x5582c1e67a40
        0x5582c1e67a40
        0x5582c1e67a40
        0x5582c1e67a40
]: 14095
@stall_stack_us[
        mono_metadata_type_hash+80
        0x110000
        0x5582be7c8e78
        0x5582be7c8e78
        0x5582be7c8e78
        0x5582be7c8e78
        0x5582be7c8e78
        0x5582be7c8e78
        0x5582be7c8e78
        0x5582be7c8e78
        0x5582be7c8e78
        0x5582be7c8e78
        0x5582be7c8e78
        0x5582be7c8e78
        0x5582be7c8e78
        0x5582be7c8e78
]: 14182
@stall_stack_us[
        0x4126c563
        0x41b87864
        0x416f6adf
        0x7feefb846428
        0x7feefb9e578f
        0x5582be808500
]: 14363
@stall_stack_us[
        0x7fef9d5a5508
]: 14368
@stall_stack_us[
        0x7feefb9dcfcb
]: 14605
@stall_stack_us[
        0x7feefb9cb631
]: 15363
@stall_stack_us[
        0x7feed0085b82
        0x411407a6
        0x7feefb846428
        0x7feefb9e578f
        0x5582be808500
]: 15988
@stall_stack_us[
        0x7feefba402b3
]: 20614
@stall_stack_us[
        0x7fef9d5b2a35
]: 20751
@stall_stack_us[
        0x7feefb9ce4d8
        0x5582c1758550
        0x5582c1758550
        0x5582c1758550
        0x5582c1758550
        0x5582c1758550
        0x5582c1758550
        0x5582c1758550
        0x5582c1758550
        0x5582c1758550
        0x5582c1758550
        0x5582c1758550
        0x5582c1758550
        0x5582c1758550
        0x5582c1758550
        0x5582c1758550
]: 24698
@stall_stack_us[
        0x4115779b
        0x41d680ee
        0x7feed009084a
        0x7feed0090c03
        0x7feed007f46b
]: 25254
@stall_stack_us[
        0x411ab10a
        0x41b87864
        0x416f6adf
        0x7feefb846428
        0x7feefb9e578f
        0x5582be808500
]: 26984
@stall_stack_us[
        0x7feefb9dcfa3
        0x120000
        0x5582c1ce5d48
        0x5582c1ce5d48
        0x5582c1ce5d48
        0x5582c1ce5d48
        0x5582c1ce5d48
        0x5582c1ce5d48
        0x5582c1ce5d48
        0x5582c1ce5d48
        0x5582c1ce5d48
        0x5582c1ce5d48
        0x5582c1ce5d48
        0x5582c1ce5d48
        0x5582c1ce5d48
        0x5582c1ce5d48
]: 27309
@stall_stack_us[
        0x7feefb9cb5b8
        0
        0
        0x5582bfcc4f30
]: 27745
@stall_stack_us[
        0x7feefb9dcfc3
]: 29362
@stall_stack_us[
        0x4114354d
        0x41b87864
        0x416f6adf
        0x7feefb846428
        0x7feefb9e578f
        0x5582be808500
]: 29364
@stall_stack_us[
        0x7feefb9cb61b
]: 31363
@stall_stack_us[
        0x7fef9bab61f2
        0x7feefba2b5d3
]: 31959
@stall_stack_us[
        0x7feefba0f68f
        0x120000
        0x5582c19abc70
        0x5582c19abc70
        0x5582c19abc70
        0x5582c19abc70
        0x5582c19abc70
        0x5582c19abc70
        0x5582c19abc70
        0x5582c19abc70
        0x5582c19abc70
        0x5582c19abc70
        0x5582c19abc70
        0x5582c19abc70
        0x5582c19abc70
        0x5582c19abc70
]: 33026
@stall_stack_us[
        0x7feefb9ac960
]: 34367
@stall_stack_us[
        0x7fef9ccc95c0
        0x7fef9ccda10d
]: 38351
@stall_stack_us[
        0x7feefb9cb62c
]: 55677
@stall_stack_us[
        0x7feefb9dcfa3
        0x120000
        0x5582c199f1c8
        0x5582c199f1c8
        0x5582c199f1c8
        0x5582c199f1c8
        0x5582c199f1c8
        0x5582c199f1c8
        0x5582c199f1c8
        0x5582c199f1c8
        0x5582c199f1c8
        0x5582c199f1c8
        0x5582c199f1c8
        0x5582c199f1c8
        0x5582c199f1c8
        0x5582c199f1c8
]: 63368
@stall_stack_us[
        0x7fef9d5a569f
]: 65779
@stall_stack_us[
        syscall+29
]: 169877
@stall_stack_us[
        syscall+29
        0x7fef60c608d0
]: 248715
@stall_stack_us[
        0x7fef9bab61f2
]: 15269263
@stall_state_us[2]: 33158
@stall_state_us[256]: 87461
@stall_state_us[0]: 773349
@stall_state_us[1]: 15615389
@stall_us_total: 16509357
