/home/maci/Desktop/7dtd/7dtd-loadgen/workspace/bench/lap2/join-fast/apm/session_20260822_090317_pid887601/bt/runqlat.bt:20:12-48: WARNING: signed operands for '/' can lead to undefined behavior (cast to unsigned to silence warning)
    $us = (nsecs - @wake[args.next_pid]) / 1000;
           ~~~~~~~~~~~~~~~~~~~~~~~~~~~~~~~~~~~~
/home/maci/Desktop/7dtd/7dtd-loadgen/workspace/bench/lap2/join-fast/apm/session_20260822_090317_pid887601/bt/runqlat.bt:20:12-48: WARNING: signed operands for '/' can lead to undefined behavior (cast to unsigned to silence warning)
    $us = (nsecs - @wake[args.next_pid]) / 1000;
           ~~~~~~~~~~~~~~~~~~~~~~~~~~~~~~~~~~~~
/home/maci/Desktop/7dtd/7dtd-loadgen/workspace/bench/lap2/join-fast/apm/session_20260822_090317_pid887601/bt/runqlat.bt:20:12-17: WARNING: Expression of type: uint64 being cast to type: int64. This may cause unexpected results. Use an explicit cast to suppress this warning.
    $us = (nsecs - @wake[args.next_pid]) / 1000;
           ~~~~~
/home/maci/Desktop/7dtd/7dtd-loadgen/workspace/bench/lap2/join-fast/apm/session_20260822_090317_pid887601/bt/runqlat.bt:20:20-40: WARNING: Expression of type: uint64 being cast to type: int64. This may cause unexpected results. Use an explicit cast to suppress this warning.
    $us = (nsecs - @wake[args.next_pid]) / 1000;
                   ~~~~~~~~~~~~~~~~~~~~
/home/maci/Desktop/7dtd/7dtd-loadgen/workspace/bench/lap2/join-fast/apm/session_20260822_090317_pid887601/bt/runqlat.bt:21:5-34: WARNING: Return value discarded.
    delete(@wake[args.next_pid]);
    ~~~~~~~~~~~~~~~~~~~~~~~~~~~~~

=== run-queue latency (us) for 7DaysToDieServe ===
0-10us ideal; multi-ms = CPU contention or affinity issues
@runqlat_us:
[0]                 7160 |@@@@@@@@@@@@@@@@@@@@@@@@@@@@@@@@@@@@@@@@@@@@@@@@@@@@|
[1]                 3590 |@@@@@@@@@@@@@@@@@@@@@@@@@@                          |
[2, 4)              1169 |@@@@@@@@                                            |
[4, 8)               195 |@                                                   |
[8, 16)              171 |@                                                   |
[16, 32)              89 |                                                    |
[32, 64)              61 |                                                    |
[64, 128)             58 |                                                    |
[128, 256)            55 |                                                    |
[256, 512)            61 |                                                    |
[512, 1K)             79 |                                                    |
[1K, 2K)              46 |                                                    |
[2K, 4K)              28 |                                                    |
[4K, 8K)              30 |                                                    |
[8K, 16K)             13 |                                                    |
[16K, 32K)            13 |                                                    |
[32K, 64K)             4 |                                                    |
[64K, 128K)            2 |                                                    |



@runqlat_us:
[0]                 7160 |@@@@@@@@@@@@@@@@@@@@@@@@@@@@@@@@@@@@@@@@@@@@@@@@@@@@|
[1]                 3590 |@@@@@@@@@@@@@@@@@@@@@@@@@@                          |
[2, 4)              1169 |@@@@@@@@                                            |
[4, 8)               195 |@                                                   |
[8, 16)              171 |@                                                   |
[16, 32)              89 |                                                    |
[32, 64)              61 |                                                    |
[64, 128)             58 |                                                    |
[128, 256)            55 |                                                    |
[256, 512)            61 |                                                    |
[512, 1K)             79 |                                                    |
[1K, 2K)              46 |                                                    |
[2K, 4K)              28 |                                                    |
[4K, 8K)              30 |                                                    |
[8K, 16K)             13 |                                                    |
[16K, 32K)            13 |                                                    |
[32K, 64K)             4 |                                                    |
[64K, 128K)            2 |                                                    |

