/home/maci/Desktop/7dtd/7dtd-loadgen/workspace/bench/lap1/join-fast/apm/session_20260822_084745_pid855510/bt/block.bt:20:12-57: WARNING: signed operands for '/' can lead to undefined behavior (cast to unsigned to silence warning)
    $us = (nsecs - @start[args.dev, args.sector]) / 1000;
           ~~~~~~~~~~~~~~~~~~~~~~~~~~~~~~~~~~~~~~~~~~~~~
/home/maci/Desktop/7dtd/7dtd-loadgen/workspace/bench/lap1/join-fast/apm/session_20260822_084745_pid855510/bt/block.bt:20:12-57: WARNING: signed operands for '/' can lead to undefined behavior (cast to unsigned to silence warning)
    $us = (nsecs - @start[args.dev, args.sector]) / 1000;
           ~~~~~~~~~~~~~~~~~~~~~~~~~~~~~~~~~~~~~~~~~~~~~
/home/maci/Desktop/7dtd/7dtd-loadgen/workspace/bench/lap1/join-fast/apm/session_20260822_084745_pid855510/bt/block.bt:20:12-17: WARNING: Expression of type: uint64 being cast to type: int64. This may cause unexpected results. Use an explicit cast to suppress this warning.
    $us = (nsecs - @start[args.dev, args.sector]) / 1000;
           ~~~~~
/home/maci/Desktop/7dtd/7dtd-loadgen/workspace/bench/lap1/join-fast/apm/session_20260822_084745_pid855510/bt/block.bt:20:20-49: WARNING: Expression of type: uint64 being cast to type: int64. This may cause unexpected results. Use an explicit cast to suppress this warning.
    $us = (nsecs - @start[args.dev, args.sector]) / 1000;
                   ~~~~~~~~~~~~~~~~~~~~~~~~~~~~~
/home/maci/Desktop/7dtd/7dtd-loadgen/workspace/bench/lap1/join-fast/apm/session_20260822_084745_pid855510/bt/block.bt:21:5-43: WARNING: Return value discarded.
    delete(@start[args.dev, args.sector]);
    ~~~~~~~~~~~~~~~~~~~~~~~~~~~~~~~~~~~~~~
16:47:50 @issue_n: 870
@complete_n: 854
@lat_sum_us: 190922
16:47:55 @issue_n: 1849
@complete_n: 1820
@lat_sum_us: 500039
16:48:00 @issue_n: 2171
@complete_n: 2140
@lat_sum_us: 708909
16:48:05 @issue_n: 32445
@complete_n: 32284
@lat_sum_us: 1677070
16:48:10 @issue_n: 32749
@complete_n: 32574
@lat_sum_us: 1914018
16:48:16 @issue_n: 33426
@complete_n: 33241
@lat_sum_us: 2238577

=== block RQ latency us ===
@lat_us:
[4, 8)              4528 |@@@@@@@@@@@@@@@                                     |
[8, 16)            15014 |@@@@@@@@@@@@@@@@@@@@@@@@@@@@@@@@@@@@@@@@@@@@@@@@@@@@|
[16, 32)            3702 |@@@@@@@@@@@@                                        |
[32, 64)            6332 |@@@@@@@@@@@@@@@@@@@@@                               |
[64, 128)           2411 |@@@@@@@@                                            |
[128, 256)           564 |@                                                   |
[256, 512)            73 |                                                    |
[512, 1K)            149 |                                                    |
[1K, 2K)             257 |                                                    |
[2K, 4K)             204 |                                                    |
[4K, 8K)               4 |                                                    |
[8K, 16K)              3 |                                                    |


=== issue size bytes ===
@issue_bytes:
[0]                  198 |                                                    |
[1]                    0 |                                                    |
[2, 4)                 0 |                                                    |
[4, 8)                 0 |                                                    |
[8, 16)                0 |                                                    |
[16, 32)               0 |                                                    |
[32, 64)               0 |                                                    |
[64, 128)              0 |                                                    |
[128, 256)             0 |                                                    |
[256, 512)             0 |                                                    |
[512, 1K)             11 |                                                    |
[1K, 2K)               0 |                                                    |
[2K, 4K)               0 |                                                    |
[4K, 8K)             834 |@                                                   |
[8K, 16K)            274 |                                                    |
[16K, 32K)         29177 |@@@@@@@@@@@@@@@@@@@@@@@@@@@@@@@@@@@@@@@@@@@@@@@@@@@@|
[32K, 64K)          1154 |@@                                                  |
[64K, 128K)          779 |@                                                   |
[128K, 256K)         979 |@                                                   |
[256K, 512K)           0 |                                                    |
[512K, 1M)             0 |                                                    |
[1M, 2M)               8 |                                                    |
[2M, 4M)               8 |                                                    |
[4M, 8M)               4 |                                                    |


counts issue/complete:
@issue_n: 33426
@complete_n: 33241


@complete_n: 33241
@issue_bytes:
[0]                  198 |                                                    |
[1]                    0 |                                                    |
[2, 4)                 0 |                                                    |
[4, 8)                 0 |                                                    |
[8, 16)                0 |                                                    |
[16, 32)               0 |                                                    |
[32, 64)               0 |                                                    |
[64, 128)              0 |                                                    |
[128, 256)             0 |                                                    |
[256, 512)             0 |                                                    |
[512, 1K)             11 |                                                    |
[1K, 2K)               0 |                                                    |
[2K, 4K)               0 |                                                    |
[4K, 8K)             834 |@                                                   |
[8K, 16K)            274 |                                                    |
[16K, 32K)         29177 |@@@@@@@@@@@@@@@@@@@@@@@@@@@@@@@@@@@@@@@@@@@@@@@@@@@@|
[32K, 64K)          1154 |@@                                                  |
[64K, 128K)          779 |@                                                   |
[128K, 256K)         979 |@                                                   |
[256K, 512K)           0 |                                                    |
[512K, 1M)             0 |                                                    |
[1M, 2M)               8 |                                                    |
[2M, 4M)               8 |                                                    |
[4M, 8M)               4 |                                                    |

@issue_n: 33426
@lat_sum_us: 2238577
@lat_us:
[4, 8)              4528 |@@@@@@@@@@@@@@@                                     |
[8, 16)            15014 |@@@@@@@@@@@@@@@@@@@@@@@@@@@@@@@@@@@@@@@@@@@@@@@@@@@@|
[16, 32)            3702 |@@@@@@@@@@@@                                        |
[32, 64)            6332 |@@@@@@@@@@@@@@@@@@@@@                               |
[64, 128)           2411 |@@@@@@@@                                            |
[128, 256)           564 |@                                                   |
[256, 512)            73 |                                                    |
[512, 1K)            149 |                                                    |
[1K, 2K)             257 |                                                    |
[2K, 4K)             204 |                                                    |
[4K, 8K)               4 |                                                    |
[8K, 16K)              3 |                                                    |

@start[271581186, 2972860616]: 544326919267349
@start[271581186, 2518326752]: 544335582928532
@start[271581185, 2518318752]: 544335588293778
@start[271581184, 2520416512]: 544338961641452
@start[271581184, 2048292016]: 544339404586070
@start[271581184, 2048830448]: 544339485283371
@start[271581184, 2520402528]: 544339537495603
@start[271581185, 2518311424]: 544339538899853
@start[271581185, 2518311680]: 544339538997977
@start[271581186, 2518320800]: 544339539049824
@start[271581184, 2520413888]: 544339540617612
@start[271581186, 2518670400]: 544339541957981
@start[271581184, 2520759104]: 544339541961147
@start[271581184, 2520402016]: 544339803192058
@start[271581184, 2520424256]: 544339806388006
@start[271581185, 2518327232]: 544339806400088
@start[271581186, 2518337664]: 544339806897924
@start[271581184, 2520426656]: 544339806953819
@start[271581185, 2518335360]: 544339812450502
@start[271581186, 2518346048]: 544339813263190
@start[271581184, 2520435552]: 544339813264312
@start[271581184, 2520451488]: 544339818038697
@start[271581185, 2518355712]: 544339818411608
@start[271581186, 2518364224]: 544339818446985
@start[271581185, 2518376032]: 544339822014902
@start[271581185, 2518363168]: 544339822652441
@start[271581184, 2520464224]: 544339823616313
@start[271581184, 2520484000]: 544339828266334
@start[271581186, 2518399744]: 544339829732821
@start[271581186, 2518405824]: 544339835256324
@start[271581186, 2518406240]: 544339835419912
@start[271581185, 2518416768]: 544339838959897
@start[271581185, 2518425984]: 544339840215006
@start[271581186, 2518428192]: 544339840237749
@start[271581184, 2520523392]: 544339840515841
@start[271581185, 2518436288]: 544339841703564
@start[271581185, 2518437504]: 544339841938676
@start[271581185, 2518428896]: 544339842499430
@start[271581185, 2518442720]: 544339847496294
@start[271581184, 2520541728]: 544339847799905
@start[271581184, 2520544000]: 544339848388852
@start[271581184, 2520545056]: 544339848628031
@start[271581185, 2518452288]: 544339849559983
@start[271581184, 2520550080]: 544339850101591
@start[271581185, 2518453088]: 544339850136838
@start[271581185, 2518455008]: 544339851336964
@start[271581184, 2520558336]: 544339853828437
@start[271581185, 2518462816]: 544339854041137
@start[271581184, 2520560960]: 544339854354807
@start[271581185, 2518465408]: 544339854649721
@start[271581185, 2518466720]: 544339854926231
@start[271581184, 2520569888]: 544339858063088
@start[271581186, 2518490400]: 544339860882769
@start[271581184, 2520581664]: 544339861285285
@start[271581185, 2518485088]: 544339861431480
@start[271581186, 2518493696]: 544339861535606
@start[271581184, 2520583136]: 544339861535836
@start[271581184, 2520584256]: 544339861782781
@start[271581186, 2518496416]: 544339862156022
@start[271581186, 2518497696]: 544339862340269
@start[271581186, 2518503424]: 544339865330550
@start[271581186, 2518537536]: 544339870027640
@start[271581186, 2518552128]: 544339873406462
@start[271581186, 2518552192]: 544339873417472
@start[271581186, 2518554464]: 544339873792397
@start[271581184, 2520646880]: 544339874469169
@start[271581186, 2518559712]: 544339874732464
@start[271581185, 2518572992]: 544339878181668
@start[271581185, 2518573312]: 544339878267670
@start[271581184, 2520668192]: 544339880304519
@start[271581185, 2518577984]: 544339882992773
@start[271581186, 2518588128]: 544339884199241
@start[271581184, 2520677344]: 544339884200212
@start[271581184, 2520683392]: 544339885454520
@start[271581186, 2518600288]: 544339886359081
@start[271581185, 2518594144]: 544339886460151
@start[271581185, 2518596768]: 544339886701024
@start[271581184, 2520695520]: 544339888684152
@start[271581185, 2518617696]: 544339897008530
@start[271581186, 2518628544]: 544339898457915
@start[271581185, 2518629920]: 544339902840464
@start[271581184, 2520750496]: 544339909141118
@start[271581184, 2520770016]: 544339914288855
@start[271581184, 2520770624]: 544339914439799
@start[271581186, 2518687808]: 544339916457332
@start[271581186, 2518689536]: 544339918162717
@start[271581185, 2518696256]: 544339921043052
@start[271581185, 2518701472]: 544339923544625
@start[271581185, 2518709568]: 544339924998388
@start[271581186, 2518725472]: 544339926281740
@start[271581185, 2518728320]: 544339930363283
@start[271581185, 2518734624]: 544339933187232
@start[271581185, 2518745728]: 544339943250629
@start[271581185, 2518745760]: 544339943261831
@start[271581184, 2520855712]: 544339947252623
@start[271581186, 2518789376]: 544339955161761
@start[271581185, 2518781888]: 544339955376555
@start[271581185, 2518783584]: 544339955683381
@start[271581186, 2518796096]: 544339956752201
@start[271581185, 2518789952]: 544339957186818
@start[271581185, 2518798176]: 544339960813095
@start[271581186, 2262977472]: 544339967926667
@start[0, 0]: 544342026029364
@start[271581186, 199045368]: 544347332545561
