/home/maci/Desktop/7dtd/7dtd-loadgen/workspace/bench/lap1/join-probe/apm/session_20260822_084826_pid855510/bt/mono_gc.bt:17:12-42: WARNING: signed operands for '/' can lead to undefined behavior (cast to unsigned to silence warning)
    $us = (nsecs - @gc_enter[tid]) / 1000;
           ~~~~~~~~~~~~~~~~~~~~~~~~~~~~~~
/home/maci/Desktop/7dtd/7dtd-loadgen/workspace/bench/lap1/join-probe/apm/session_20260822_084826_pid855510/bt/mono_gc.bt:37:12-45: WARNING: signed operands for '/' can lead to undefined behavior (cast to unsigned to silence warning)
    $us = (nsecs - @boehm_enter[tid]) / 1000;
           ~~~~~~~~~~~~~~~~~~~~~~~~~~~~~~~~~
/home/maci/Desktop/7dtd/7dtd-loadgen/workspace/bench/lap1/join-probe/apm/session_20260822_084826_pid855510/bt/mono_gc.bt:64:12-38: WARNING: signed operands for '/' can lead to undefined behavior (cast to unsigned to silence warning)
    $us = (nsecs - @stw_start) / 1000;
           ~~~~~~~~~~~~~~~~~~~~~~~~~~
/home/maci/Desktop/7dtd/7dtd-loadgen/workspace/bench/lap1/join-probe/apm/session_20260822_084826_pid855510/bt/mono_gc.bt:17:12-42: WARNING: signed operands for '/' can lead to undefined behavior (cast to unsigned to silence warning)
    $us = (nsecs - @gc_enter[tid]) / 1000;
           ~~~~~~~~~~~~~~~~~~~~~~~~~~~~~~
/home/maci/Desktop/7dtd/7dtd-loadgen/workspace/bench/lap1/join-probe/apm/session_20260822_084826_pid855510/bt/mono_gc.bt:37:12-45: WARNING: signed operands for '/' can lead to undefined behavior (cast to unsigned to silence warning)
    $us = (nsecs - @boehm_enter[tid]) / 1000;
           ~~~~~~~~~~~~~~~~~~~~~~~~~~~~~~~~~
/home/maci/Desktop/7dtd/7dtd-loadgen/workspace/bench/lap1/join-probe/apm/session_20260822_084826_pid855510/bt/mono_gc.bt:64:12-38: WARNING: signed operands for '/' can lead to undefined behavior (cast to unsigned to silence warning)
    $us = (nsecs - @stw_start) / 1000;
           ~~~~~~~~~~~~~~~~~~~~~~~~~~
/home/maci/Desktop/7dtd/7dtd-loadgen/workspace/bench/lap1/join-probe/apm/session_20260822_084826_pid855510/bt/mono_gc.bt:17:12-17: WARNING: Expression of type: uint64 being cast to type: int64. This may cause unexpected results. Use an explicit cast to suppress this warning.
    $us = (nsecs - @gc_enter[tid]) / 1000;
           ~~~~~
/home/maci/Desktop/7dtd/7dtd-loadgen/workspace/bench/lap1/join-probe/apm/session_20260822_084826_pid855510/bt/mono_gc.bt:17:20-34: WARNING: Expression of type: uint64 being cast to type: int64. This may cause unexpected results. Use an explicit cast to suppress this warning.
    $us = (nsecs - @gc_enter[tid]) / 1000;
                   ~~~~~~~~~~~~~~
/home/maci/Desktop/7dtd/7dtd-loadgen/workspace/bench/lap1/join-probe/apm/session_20260822_084826_pid855510/bt/mono_gc.bt:37:12-17: WARNING: Expression of type: uint64 being cast to type: int64. This may cause unexpected results. Use an explicit cast to suppress this warning.
    $us = (nsecs - @boehm_enter[tid]) / 1000;
           ~~~~~
/home/maci/Desktop/7dtd/7dtd-loadgen/workspace/bench/lap1/join-probe/apm/session_20260822_084826_pid855510/bt/mono_gc.bt:37:20-37: WARNING: Expression of type: uint64 being cast to type: int64. This may cause unexpected results. Use an explicit cast to suppress this warning.
    $us = (nsecs - @boehm_enter[tid]) / 1000;
                   ~~~~~~~~~~~~~~~~~
/home/maci/Desktop/7dtd/7dtd-loadgen/workspace/bench/lap1/join-probe/apm/session_20260822_084826_pid855510/bt/mono_gc.bt:64:12-17: WARNING: Expression of type: uint64 being cast to type: int64. This may cause unexpected results. Use an explicit cast to suppress this warning.
    $us = (nsecs - @stw_start) / 1000;
           ~~~~~
/home/maci/Desktop/7dtd/7dtd-loadgen/workspace/bench/lap1/join-probe/apm/session_20260822_084826_pid855510/bt/mono_gc.bt:64:20-30: WARNING: Expression of type: uint64 being cast to type: int64. This may cause unexpected results. Use an explicit cast to suppress this warning.
    $us = (nsecs - @stw_start) / 1000;
                   ~~~~~~~~~~
/home/maci/Desktop/7dtd/7dtd-loadgen/workspace/bench/lap1/join-probe/apm/session_20260822_084826_pid855510/bt/mono_gc.bt:18:5-28: WARNING: Return value discarded.
    delete(@gc_enter[tid]);
    ~~~~~~~~~~~~~~~~~~~~~~~
/home/maci/Desktop/7dtd/7dtd-loadgen/workspace/bench/lap1/join-probe/apm/session_20260822_084826_pid855510/bt/mono_gc.bt:38:5-31: WARNING: Return value discarded.
    delete(@boehm_enter[tid]);
    ~~~~~~~~~~~~~~~~~~~~~~~~~~
16:48:31 @little_n: 99
STW_PAUSE 3243 us
STW_PAUSE 7217 us
16:48:36 @little_n: 49817
16:48:41 @little_n: 49917
16:48:46 @little_n: 50017
STW_PAUSE 7336 us
16:48:51 @little_n: 50115

=== mono_gc_collect latency us ===

=== GC_gcollect latency us ===

=== stop-the-world pause us (main-thread freeze) ===
@stw_us:
[128, 256)             1 |@@@@@@@@@@@@@@@@@@@@@@@@@@                          |
[256, 512)             0 |                                                    |
[512, 1K)              0 |                                                    |
[1K, 2K)               1 |@@@@@@@@@@@@@@@@@@@@@@@@@@                          |
[2K, 4K)               1 |@@@@@@@@@@@@@@@@@@@@@@@@@@                          |
[4K, 8K)               2 |@@@@@@@@@@@@@@@@@@@@@@@@@@@@@@@@@@@@@@@@@@@@@@@@@@@@|

@stw_sum: 19827
@stw_n: 5


@little_n: 50222
@stw_n: 5
@stw_start: 0
@stw_sum: 19827
@stw_us:
[128, 256)             1 |@@@@@@@@@@@@@@@@@@@@@@@@@@                          |
[256, 512)             0 |                                                    |
[512, 1K)              0 |                                                    |
[1K, 2K)               1 |@@@@@@@@@@@@@@@@@@@@@@@@@@                          |
[2K, 4K)               1 |@@@@@@@@@@@@@@@@@@@@@@@@@@                          |
[4K, 8K)               2 |@@@@@@@@@@@@@@@@@@@@@@@@@@@@@@@@@@@@@@@@@@@@@@@@@@@@|

