/home/maci/Desktop/7dtd/7dtd-loadgen/workspace/bench/lap1/soak-4bot/apm/session_20260822_085425_pid855510/bt/block.bt:20:12-57: WARNING: signed operands for '/' can lead to undefined behavior (cast to unsigned to silence warning)
    $us = (nsecs - @start[args.dev, args.sector]) / 1000;
           ~~~~~~~~~~~~~~~~~~~~~~~~~~~~~~~~~~~~~~~~~~~~~
/home/maci/Desktop/7dtd/7dtd-loadgen/workspace/bench/lap1/soak-4bot/apm/session_20260822_085425_pid855510/bt/block.bt:20:12-57: WARNING: signed operands for '/' can lead to undefined behavior (cast to unsigned to silence warning)
    $us = (nsecs - @start[args.dev, args.sector]) / 1000;
           ~~~~~~~~~~~~~~~~~~~~~~~~~~~~~~~~~~~~~~~~~~~~~
/home/maci/Desktop/7dtd/7dtd-loadgen/workspace/bench/lap1/soak-4bot/apm/session_20260822_085425_pid855510/bt/block.bt:20:12-17: WARNING: Expression of type: uint64 being cast to type: int64. This may cause unexpected results. Use an explicit cast to suppress this warning.
    $us = (nsecs - @start[args.dev, args.sector]) / 1000;
           ~~~~~
/home/maci/Desktop/7dtd/7dtd-loadgen/workspace/bench/lap1/soak-4bot/apm/session_20260822_085425_pid855510/bt/block.bt:20:20-49: WARNING: Expression of type: uint64 being cast to type: int64. This may cause unexpected results. Use an explicit cast to suppress this warning.
    $us = (nsecs - @start[args.dev, args.sector]) / 1000;
                   ~~~~~~~~~~~~~~~~~~~~~~~~~~~~~
/home/maci/Desktop/7dtd/7dtd-loadgen/workspace/bench/lap1/soak-4bot/apm/session_20260822_085425_pid855510/bt/block.bt:21:5-43: WARNING: Return value discarded.
    delete(@start[args.dev, args.sector]);
    ~~~~~~~~~~~~~~~~~~~~~~~~~~~~~~~~~~~~~~
16:54:30 @issue_n: 17411
@complete_n: 16736
@lat_sum_us: 2737415
16:54:35 @issue_n: 18294
@complete_n: 17590
@lat_sum_us: 3065534
16:54:40 @issue_n: 21556
@complete_n: 20823
@lat_sum_us: 3487867
16:54:45 @issue_n: 24288
@complete_n: 23491
@lat_sum_us: 4047186
16:54:50 @issue_n: 24764
@complete_n: 23961
@lat_sum_us: 4322238
16:54:56 @issue_n: 26498
@complete_n: 25633
@lat_sum_us: 4665339

=== block RQ latency us ===
@lat_us:
[0]                    1 |                                                    |
[1]                    1 |                                                    |
[2, 4)                 1 |                                                    |
[4, 8)               687 |@@@                                                 |
[8, 16)             3112 |@@@@@@@@@@@@@@@@                                    |
[16, 32)            1063 |@@@@@                                               |
[32, 64)            1506 |@@@@@@@@                                            |
[64, 128)           9655 |@@@@@@@@@@@@@@@@@@@@@@@@@@@@@@@@@@@@@@@@@@@@@@@@@@@@|
[128, 256)          6996 |@@@@@@@@@@@@@@@@@@@@@@@@@@@@@@@@@@@@@               |
[256, 512)          1663 |@@@@@@@@                                            |
[512, 1K)            287 |@                                                   |
[1K, 2K)             370 |@                                                   |
[2K, 4K)             276 |@                                                   |
[4K, 8K)              13 |                                                    |
[8K, 16K)              2 |                                                    |


=== issue size bytes ===
@issue_bytes:
[0]                  288 |@                                                   |
[1]                    0 |                                                    |
[2, 4)                 0 |                                                    |
[4, 8)                 0 |                                                    |
[8, 16)                0 |                                                    |
[16, 32)               0 |                                                    |
[32, 64)               0 |                                                    |
[64, 128)              0 |                                                    |
[128, 256)             0 |                                                    |
[256, 512)             0 |                                                    |
[512, 1K)              3 |                                                    |
[1K, 2K)               0 |                                                    |
[2K, 4K)               0 |                                                    |
[4K, 8K)            3778 |@@@@@@@@@@@@@@@@@@@@@@@@@                           |
[8K, 16K)           1917 |@@@@@@@@@@@@                                        |
[16K, 32K)          7695 |@@@@@@@@@@@@@@@@@@@@@@@@@@@@@@@@@@@@@@@@@@@@@@@@@@@@|
[32K, 64K)          3154 |@@@@@@@@@@@@@@@@@@@@@                               |
[64K, 128K)         2749 |@@@@@@@@@@@@@@@@@@                                  |
[128K, 256K)        6914 |@@@@@@@@@@@@@@@@@@@@@@@@@@@@@@@@@@@@@@@@@@@@@@      |


counts issue/complete:
@issue_n: 26498
@complete_n: 25633


@complete_n: 25633
@issue_bytes:
[0]                  288 |@                                                   |
[1]                    0 |                                                    |
[2, 4)                 0 |                                                    |
[4, 8)                 0 |                                                    |
[8, 16)                0 |                                                    |
[16, 32)               0 |                                                    |
[32, 64)               0 |                                                    |
[64, 128)              0 |                                                    |
[128, 256)             0 |                                                    |
[256, 512)             0 |                                                    |
[512, 1K)              3 |                                                    |
[1K, 2K)               0 |                                                    |
[2K, 4K)               0 |                                                    |
[4K, 8K)            3778 |@@@@@@@@@@@@@@@@@@@@@@@@@                           |
[8K, 16K)           1917 |@@@@@@@@@@@@                                        |
[16K, 32K)          7695 |@@@@@@@@@@@@@@@@@@@@@@@@@@@@@@@@@@@@@@@@@@@@@@@@@@@@|
[32K, 64K)          3154 |@@@@@@@@@@@@@@@@@@@@@                               |
[64K, 128K)         2749 |@@@@@@@@@@@@@@@@@@                                  |
[128K, 256K)        6914 |@@@@@@@@@@@@@@@@@@@@@@@@@@@@@@@@@@@@@@@@@@@@@@      |

@issue_n: 26498
@lat_sum_us: 4665339
@lat_us:
[0]                    1 |                                                    |
[1]                    1 |                                                    |
[2, 4)                 1 |                                                    |
[4, 8)               687 |@@@                                                 |
[8, 16)             3112 |@@@@@@@@@@@@@@@@                                    |
[16, 32)            1063 |@@@@@                                               |
[32, 64)            1506 |@@@@@@@@                                            |
[64, 128)           9655 |@@@@@@@@@@@@@@@@@@@@@@@@@@@@@@@@@@@@@@@@@@@@@@@@@@@@|
[128, 256)          6996 |@@@@@@@@@@@@@@@@@@@@@@@@@@@@@@@@@@@@@               |
[256, 512)          1663 |@@@@@@@@                                            |
[512, 1K)            287 |@                                                   |
[1K, 2K)             370 |@                                                   |
[2K, 4K)             276 |@                                                   |
[4K, 8K)              13 |                                                    |
[8K, 16K)              2 |                                                    |

@start[271581184, 2057495072]: 544721548988349
@start[271581185, 1066053464]: 544721601805352
@start[271581184, 1181426944]: 544721610063907
@start[0, 0]: 544721616794430
@start[271581186, 3442513136]: 544721631833993
@start[271581186, 3442560296]: 544721631834955
@start[271581185, 3122523800]: 544721870536186
@start[271581185, 3122536752]: 544721879625624
@start[271581186, 3152508816]: 544721879936518
@start[271581186, 3152518472]: 544721882042567
@start[271581185, 3842271544]: 544721955567258
@start[271581186, 3860691712]: 544722457055500
@start[271581184, 3059134712]: 544723316606262
@start[271581186, 3855564064]: 544723344274957
@start[271581186, 3855572120]: 544723367041888
@start[271581186, 87549568]: 544724664674012
@start[271581185, 2996521720]: 544724728179087
@start[271581185, 2301690400]: 544724798643024
@start[271581186, 3840780160]: 544724918203619
@start[271581184, 2312523208]: 544724918565199
@start[271581185, 2996564864]: 544725200722254
@start[271581184, 1630297880]: 544725206799959
@start[271581185, 1296939776]: 544725329123439
@start[271581185, 2996642368]: 544725336468246
@start[271581185, 2996643848]: 544725336714159
@start[271581185, 1790343216]: 544725337923552
@start[271581185, 2669637536]: 544725346211473
@start[271581186, 1363398360]: 544725398833328
@start[271581185, 1164620440]: 544725416565894
@start[271581184, 736340704]: 544725626708267
@start[271581184, 1648058104]: 544725638778247
@start[271581184, 1648066600]: 544725646504632
@start[271581186, 891849072]: 544725679348076
@start[271581185, 2301693952]: 544729044996031
@start[271581184, 2301694656]: 544729072241590
@start[271581186, 2301703168]: 544729669708235
@start[271581186, 87550464]: 544730794552591
@start[271581185, 1031337176]: 544732756008377
@start[271581185, 1031337184]: 544732756027854
@start[271581185, 1031348296]: 544733382966013
@start[271581184, 599445856]: 544733898443223
@start[271581184, 599446648]: 544733900034324
@start[271581184, 3130382504]: 544734525064947
@start[271581185, 2301512416]: 544736454062425
@start[271581185, 2301512832]: 544736454204692
@start[271581184, 2301515744]: 544736455550372
@start[271581186, 2301527136]: 544736456327473
@start[271581184, 2301519360]: 544736456649969
@start[271581185, 2301526752]: 544736464829957
@start[271581184, 2301530016]: 544736465279232
@start[271581184, 2301542592]: 544736470953409
@start[271581186, 2301554048]: 544736471830728
@start[271581184, 2301545984]: 544736471831599
@start[271581184, 1513694536]: 544737232666735
@start[271581184, 1513694728]: 544737232672917
@start[271581184, 3536235832]: 544737233317499
@start[271581186, 1512766344]: 544737234678066
@start[271581185, 2996500672]: 544737718312835
@start[271581185, 2996554472]: 544737725974950
@start[271581184, 991295832]: 544739634142589
@start[271581184, 991296128]: 544739634151506
@start[271581184, 991296736]: 544739634174309
@start[271581184, 991298176]: 544739635743278
@start[271581184, 1677721984]: 544740003579074
@start[271581184, 1677716152]: 544740006028548
@start[271581184, 1677716472]: 544740006031594
@start[271581184, 1677716544]: 544740006032306
@start[271581184, 3512480200]: 544740008504333
@start[271581184, 3512481344]: 544740008525312
@start[271581186, 66247384]: 544740022866202
@start[271581185, 3330167712]: 544740026185612
@start[271581185, 1614425808]: 544740037710588
@start[271581186, 2301712832]: 544740285706253
@start[271581186, 2301714624]: 544741414047905
@start[271581185, 2301705920]: 544741419120972
@start[271581185, 2301708768]: 544743469206017
@start[271581186, 2301718784]: 544746154168557
@start[271581184, 3224204288]: 544746238100123
@start[271581184, 384025064]: 544746238870120
@start[271581186, 87573752]: 544748233411788
@start[271581185, 1031357880]: 544748233497700
@start[271581186, 87574080]: 544748233591045
@start[271581186, 87574360]: 544748233627344
@start[271581185, 1031358856]: 544748233699108
@start[271581184, 3536262152]: 544748772025605
@start[271581184, 3536262200]: 544748772027178
@start[271581184, 3536262712]: 544748772043508
@start[271581184, 3536265384]: 544748772275064
@start[271581185, 2301711840]: 544750016511190
@start[271581185, 1020446392]: 544751082976501
@start[271581185, 1035084320]: 544751087270583
