16:54:33 @tcp_recv: 7
@pagefaults: 34708
@opens: 11
16:54:38 @tcp_recv: 15
@pagefaults: 40797
@opens: 96
16:54:43 @tcp_recv: 22
@pagefaults: 70895
@opens: 198
16:54:48 @tcp_recv: 23
@pagefaults: 78495
@opens: 199
16:54:53 @tcp_recv: 32
@pagefaults: 141703
@opens: 206

=== totals ===
@tcp_recv: 35
@tcp_recv_bytes: 35840
@udp_send: 34786
@udp_recv: 2004
@udp_send_bytes: 34399717
@udp_recv_bytes: 2869728
@pagefaults: 141853
@opens: 206

=== top openat paths ===
@open_path[/home/maci/.local/share/Steam/steamapps/common/7 Days to Die Dedicated Server/Mods/7dtd-apm-bridge/telemetry/apm_app_latest.json.8e693008.tmp]: 1
@open_path[/home/maci/Desktop/7dtd/7dtd-loadgen/workspace/bench/lap1/userdata/Saves/Navezgane/bench_stock_lap1/players.xml]: 1
@open_path[/home/maci/.local/share/Steam/steamapps/common/7 Days to Die Dedicated Server/7DaysToDieServer_Data/../Data/Addressables/Standalone/player_assets_entities/player/male/gear/fitness.bundle]: 1
@open_path[/proc/855510/status]: 2
@open_path[/home/maci/Desktop/7dtd/7dtd-loadgen/workspace/bench/lap1/userdata/Saves/Navezgane/bench_stock_lap1/Region/r.-1.1.7rg]: 2
@open_path[/home/maci/Desktop/7dtd/7dtd-loadgen/workspace/bench/lap1/userdata/Saves/Navezgane/bench_stock_lap1/Region/r.-1.0.7rg]: 5
@open_path[/home/maci/Desktop/7dtd/7dtd-loadgen/workspace/bench/lap1/userdata/Saves/Navezgane/bench_stock_lap1/Region/r.1.0.7rg]: 7
@open_path[/home/maci/Desktop/7dtd/7dtd-loadgen/workspace/bench/lap1/userdata/Saves/Navezgane/bench_stock_lap1/Region/r.2.1.7rg]: 15
@open_path[/home/maci/Desktop/7dtd/7dtd-loadgen/workspace/bench/lap1/userdata/Saves/Navezgane/bench_stock_lap1/Region/r.1.2.7rg]: 23
@open_path[/home/maci/Desktop/7dtd/7dtd-loadgen/workspace/bench/lap1/userdata/Saves/Navezgane/bench_stock_lap1/Region/r.1.1.7rg]: 27
@open_path[/home/maci/Desktop/7dtd/7dtd-loadgen/workspace/bench/lap1/userdata/Saves/Navezgane/bench_stock_lap1/Region/r.2.2.7rg]: 36
@open_path[/home/maci/Desktop/7dtd/7dtd-loadgen/workspace/bench/lap1/userdata/Saves/Navezgane/bench_stock_lap1/Region/r.0.1.7rg]: 37
@open_path[/home/maci/Desktop/7dtd/7dtd-loadgen/workspace/bench/lap1/userdata/Saves/Navezgane/bench_stock_lap1/Region/r.0.0.7rg]: 49


@open_path[/home/maci/.local/share/Steam/steamapps/common/7 Days to Die Dedicated Server/Mods/7dtd-apm-bridge/telemetry/apm_app_latest.json.8e693008.tmp]: 1
@open_path[/home/maci/Desktop/7dtd/7dtd-loadgen/workspace/bench/lap1/userdata/Saves/Navezgane/bench_stock_lap1/players.xml]: 1
@open_path[/home/maci/.local/share/Steam/steamapps/common/7 Days to Die Dedicated Server/7DaysToDieServer_Data/../Data/Addressables/Standalone/player_assets_entities/player/male/gear/fitness.bundle]: 1
@open_path[/proc/855510/status]: 2
@open_path[/home/maci/Desktop/7dtd/7dtd-loadgen/workspace/bench/lap1/userdata/Saves/Navezgane/bench_stock_lap1/Region/r.-1.1.7rg]: 2
@open_path[/home/maci/Desktop/7dtd/7dtd-loadgen/workspace/bench/lap1/userdata/Saves/Navezgane/bench_stock_lap1/Region/r.-1.0.7rg]: 5
@open_path[/home/maci/Desktop/7dtd/7dtd-loadgen/workspace/bench/lap1/userdata/Saves/Navezgane/bench_stock_lap1/Region/r.1.0.7rg]: 7
@open_path[/home/maci/Desktop/7dtd/7dtd-loadgen/workspace/bench/lap1/userdata/Saves/Navezgane/bench_stock_lap1/Region/r.2.1.7rg]: 15
@open_path[/home/maci/Desktop/7dtd/7dtd-loadgen/workspace/bench/lap1/userdata/Saves/Navezgane/bench_stock_lap1/Region/r.1.2.7rg]: 23
@open_path[/home/maci/Desktop/7dtd/7dtd-loadgen/workspace/bench/lap1/userdata/Saves/Navezgane/bench_stock_lap1/Region/r.1.1.7rg]: 27
@open_path[/home/maci/Desktop/7dtd/7dtd-loadgen/workspace/bench/lap1/userdata/Saves/Navezgane/bench_stock_lap1/Region/r.2.2.7rg]: 36
@open_path[/home/maci/Desktop/7dtd/7dtd-loadgen/workspace/bench/lap1/userdata/Saves/Navezgane/bench_stock_lap1/Region/r.0.1.7rg]: 37
@open_path[/home/maci/Desktop/7dtd/7dtd-loadgen/workspace/bench/lap1/userdata/Saves/Navezgane/bench_stock_lap1/Region/r.0.0.7rg]: 49
@opens: 206
@pagefaults: 141853
@tcp_recv: 35
@tcp_recv_bytes: 35840
@udp_recv: 2004
@udp_recv_bytes: 2869728
@udp_send: 34786
@udp_send_bytes: 34399717
