/home/maci/Desktop/7dtd/7dtd-loadgen/workspace/bench/lap1/join-fast/apm/session_20260822_083832_pid829742/bt/futex.bt:29:12-44: WARNING: signed operands for '/' can lead to undefined behavior (cast to unsigned to silence warning)
    $us = (nsecs - @wait_enter[tid]) / 1000;
           ~~~~~~~~~~~~~~~~~~~~~~~~~~~~~~~~
/home/maci/Desktop/7dtd/7dtd-loadgen/workspace/bench/lap1/join-fast/apm/session_20260822_083832_pid829742/bt/futex.bt:29:12-44: WARNING: signed operands for '/' can lead to undefined behavior (cast to unsigned to silence warning)
    $us = (nsecs - @wait_enter[tid]) / 1000;
           ~~~~~~~~~~~~~~~~~~~~~~~~~~~~~~~~
/home/maci/Desktop/7dtd/7dtd-loadgen/workspace/bench/lap1/join-fast/apm/session_20260822_083832_pid829742/bt/futex.bt:29:12-17: WARNING: Expression of type: uint64 being cast to type: int64. This may cause unexpected results. Use an explicit cast to suppress this warning.
    $us = (nsecs - @wait_enter[tid]) / 1000;
           ~~~~~
/home/maci/Desktop/7dtd/7dtd-loadgen/workspace/bench/lap1/join-fast/apm/session_20260822_083832_pid829742/bt/futex.bt:29:20-36: WARNING: Expression of type: uint64 being cast to type: int64. This may cause unexpected results. Use an explicit cast to suppress this warning.
    $us = (nsecs - @wait_enter[tid]) / 1000;
                   ~~~~~~~~~~~~~~~~
/home/maci/Desktop/7dtd/7dtd-loadgen/workspace/bench/lap1/join-fast/apm/session_20260822_083832_pid829742/bt/futex.bt:16:15-39: WARNING: Addrspace mismatch
    @futex_op[args.op & FUTEX_CMD_MASK] = count();
              ~~~~~~~~~~~~~~~~~~~~~~~~
/home/maci/Desktop/7dtd/7dtd-loadgen/workspace/bench/lap1/join-fast/apm/session_20260822_083832_pid829742/bt/futex.bt:17:10-34: WARNING: Addrspace mismatch
    if ((args.op & FUTEX_CMD_MASK) == FUTEX_WAIT ||
         ~~~~~~~~~~~~~~~~~~~~~~~~
/home/maci/Desktop/7dtd/7dtd-loadgen/workspace/bench/lap1/join-fast/apm/session_20260822_083832_pid829742/bt/futex.bt:18:10-34: WARNING: Addrspace mismatch
        (args.op & FUTEX_CMD_MASK) == FUTEX_WAIT_BITSET) {
         ~~~~~~~~~~~~~~~~~~~~~~~~
/home/maci/Desktop/7dtd/7dtd-loadgen/workspace/bench/lap1/join-fast/apm/session_20260822_083832_pid829742/bt/futex.bt:21:10-34: WARNING: Addrspace mismatch
    if ((args.op & FUTEX_CMD_MASK) == FUTEX_WAKE) {
         ~~~~~~~~~~~~~~~~~~~~~~~~
/home/maci/Desktop/7dtd/7dtd-loadgen/workspace/bench/lap1/join-fast/apm/session_20260822_083832_pid829742/bt/futex.bt:30:5-30: WARNING: Return value discarded.
    delete(@wait_enter[tid]);
    ~~~~~~~~~~~~~~~~~~~~~~~~~
16:38:37 @wait_n: 24863
@wake_n: 25843
@wait_sum_us: 226638291
SLOW_FUTEX 6023 us tid=829742
16:38:42 @wait_n: 49860
@wake_n: 52167
@wait_sum_us: 460630431
16:38:47 @wait_n: 75640
@wake_n: 79317
@wait_sum_us: 701433820
SLOW_FUTEX 6718 us tid=829742
16:38:52 @wait_n: 101702
@wake_n: 106639
@wait_sum_us: 975024776
16:38:57 @wait_n: 127671
@wake_n: 133799
@wait_sum_us: 1271434342
SLOW_FUTEX 5758 us tid=829742
