/home/maci/Desktop/7dtd/7dtd-loadgen/workspace/bench/lap1/probe-15s/apm/session_20260822_084704_pid855510/bt/futex.bt:29:12-44: WARNING: signed operands for '/' can lead to undefined behavior (cast to unsigned to silence warning)
    $us = (nsecs - @wait_enter[tid]) / 1000;
           ~~~~~~~~~~~~~~~~~~~~~~~~~~~~~~~~
/home/maci/Desktop/7dtd/7dtd-loadgen/workspace/bench/lap1/probe-15s/apm/session_20260822_084704_pid855510/bt/futex.bt:29:12-44: WARNING: signed operands for '/' can lead to undefined behavior (cast to unsigned to silence warning)
    $us = (nsecs - @wait_enter[tid]) / 1000;
           ~~~~~~~~~~~~~~~~~~~~~~~~~~~~~~~~
/home/maci/Desktop/7dtd/7dtd-loadgen/workspace/bench/lap1/probe-15s/apm/session_20260822_084704_pid855510/bt/futex.bt:29:12-17: WARNING: Expression of type: uint64 being cast to type: int64. This may cause unexpected results. Use an explicit cast to suppress this warning.
    $us = (nsecs - @wait_enter[tid]) / 1000;
           ~~~~~
/home/maci/Desktop/7dtd/7dtd-loadgen/workspace/bench/lap1/probe-15s/apm/session_20260822_084704_pid855510/bt/futex.bt:29:20-36: WARNING: Expression of type: uint64 being cast to type: int64. This may cause unexpected results. Use an explicit cast to suppress this warning.
    $us = (nsecs - @wait_enter[tid]) / 1000;
                   ~~~~~~~~~~~~~~~~
/home/maci/Desktop/7dtd/7dtd-loadgen/workspace/bench/lap1/probe-15s/apm/session_20260822_084704_pid855510/bt/futex.bt:16:15-39: WARNING: Addrspace mismatch
    @futex_op[args.op & FUTEX_CMD_MASK] = count();
              ~~~~~~~~~~~~~~~~~~~~~~~~
/home/maci/Desktop/7dtd/7dtd-loadgen/workspace/bench/lap1/probe-15s/apm/session_20260822_084704_pid855510/bt/futex.bt:17:10-34: WARNING: Addrspace mismatch
    if ((args.op & FUTEX_CMD_MASK) == FUTEX_WAIT ||
         ~~~~~~~~~~~~~~~~~~~~~~~~
/home/maci/Desktop/7dtd/7dtd-loadgen/workspace/bench/lap1/probe-15s/apm/session_20260822_084704_pid855510/bt/futex.bt:18:10-34: WARNING: Addrspace mismatch
        (args.op & FUTEX_CMD_MASK) == FUTEX_WAIT_BITSET) {
         ~~~~~~~~~~~~~~~~~~~~~~~~
/home/maci/Desktop/7dtd/7dtd-loadgen/workspace/bench/lap1/probe-15s/apm/session_20260822_084704_pid855510/bt/futex.bt:21:10-34: WARNING: Addrspace mismatch
    if ((args.op & FUTEX_CMD_MASK) == FUTEX_WAKE) {
         ~~~~~~~~~~~~~~~~~~~~~~~~
/home/maci/Desktop/7dtd/7dtd-loadgen/workspace/bench/lap1/probe-15s/apm/session_20260822_084704_pid855510/bt/futex.bt:30:5-30: WARNING: Return value discarded.
    delete(@wait_enter[tid]);
    ~~~~~~~~~~~~~~~~~~~~~~~~~
16:47:09 @wait_n: 51855
@wake_n: 58800
@wait_sum_us: 269593473
16:47:14 @wait_n: 77254
@wake_n: 84765
@wait_sum_us: 511790670
16:47:19 @wait_n: 102859
@wake_n: 111266
@wait_sum_us: 770817837
16:47:24 @wait_n: 128903
@wake_n: 138057
@wait_sum_us: 1000534640
16:47:29 @wait_n: 154763
@wake_n: 164724
@wait_sum_us: 1520314395
16:47:35 @wait_n: 179420
@wake_n: 190170
@wait_sum_us: 1762663116

=== futex wait latency (us) ===
@wait_us:
[0]                 8943 |@@@@@@@@@                                           |
[1]                  262 |                                                    |
[2, 4)               113 |                                                    |
[4, 8)              9964 |@@@@@@@@@@                                          |
[8, 16)            13826 |@@@@@@@@@@@@@@                                      |
[16, 32)           19087 |@@@@@@@@@@@@@@@@@@@                                 |
[32, 64)           50973 |@@@@@@@@@@@@@@@@@@@@@@@@@@@@@@@@@@@@@@@@@@@@@@@@@@@@|
[64, 128)          21875 |@@@@@@@@@@@@@@@@@@@@@@                              |
[128, 256)          3663 |@@@                                                 |
[256, 512)           820 |                                                    |
[512, 1K)            316 |                                                    |
[1K, 2K)             833 |                                                    |
[2K, 4K)            2056 |@@                                                  |
[4K, 8K)           13485 |@@@@@@@@@@@@@                                       |
[8K, 16K)          10650 |@@@@@@@@@@                                          |
[16K, 32K)          4074 |@@@@                                                |
[32K, 64K)         17067 |@@@@@@@@@@@@@@@@@                                   |
[64K, 128K)          592 |                                                    |
[128K, 256K)         605 |                                                    |
[256K, 512K)         163 |                                                    |
[512K, 1M)             9 |                                                    |
[1M, 2M)               9 |                                                    |
[2M, 4M)               8 |                                                    |
[4M, 8M)               7 |                                                    |
[8M, 16M)              9 |                                                    |
[16M, 32M)            11 |                                                    |


=== futex op counts (cmd bits) ===
@futex_op[7]: 11
@futex_op[13]: 174
@futex_op[9]: 43462
@futex_op[0]: 135981
@futex_op[1]: 190170

=== main-thread total futex wait us ===
@main_futex_wait_us: 71396

=== waiter stacks by count (top) ===
@wait_stack[
        0x7f953cab61f2
        0x5b
]: 1
@wait_stack[
        0x7f953cab61f2
        0x46
]: 1
@wait_stack[
        0x7f953cab61f2
        0x15
]: 1
@wait_stack[
        0x7f953cab61f2
        0xc
]: 1
@wait_stack[
        0x7f953cab61f2
        0x44
]: 1
@wait_stack[
        0x7f953cab61f2
        0x5f
]: 2
@wait_stack[
        0x7f953cab61f2
        0x1d
]: 2
@wait_stack[
        syscall+29
        0x4d64616f6c657250
]: 3
@wait_stack[
        0x7f953cab61f2
        0x60
]: 3
@wait_stack[
        0x7f953cab61f2
        0x48
]: 4
@wait_stack[
        0x7f953cab61f2
        0x4e
]: 6
@wait_stack[
        0x7f953cab61f2
        0x6c
]: 6
@wait_stack[
        0x7f953cab61f2
        0x42
]: 6
@wait_stack[
        0x7f953cab61f2
        0x5a
]: 6
@wait_stack[
        0x7f953cab61f2
        0x36
]: 6
@wait_stack[
        0x7f953cab61f2
        0x66
]: 12
@wait_stack[
        syscall+29
]: 119
@wait_stack[
        0x7f953cab61f2
]: 732

=== waiter stacks by total wait us (top) ===
@wait_stack_time[
        0x7f953cab61f2
        0xc
]: 150591
@wait_stack_time[
        0x7f953cab61f2
        0x45
]: 152218
@wait_stack_time[
        0x7f953cab61f2
        0x44
]: 152260
@wait_stack_time[
        0x7f953cab61f2
        0x69
]: 349346
@wait_stack_time[
        0x7f953cab61f2
        0x48
]: 608950
@wait_stack_time[
        0x7f953cab61f2
        0x36
]: 757456
@wait_stack_time[
        0x7f953cab61f2
        0x60
]: 797733
@wait_stack_time[
        0x7f953cab61f2
        0x5e
]: 797737
@wait_stack_time[
        0x7f953cab61f2
        0x5b
]: 797755
@wait_stack_time[
        0x7f953cab61f2
        0x42
]: 888216
@wait_stack_time[
        0x7f953cab61f2
        0x6c
]: 1746794
@wait_stack_time[
        0x7f953cab61f2
        0x15
]: 1797923
@wait_stack_time[
        0x7f953cab61f2
        0x5f
]: 2393199
@wait_stack_time[
        0x7f953cab61f2
        0x5a
]: 2719323
@wait_stack_time[
        0x7f953cab61f2
        0x4e
]: 6896407
@wait_stack_time[
        0x7f953cab61f2
        0x1d
]: 18527124
@wait_stack_time[
        syscall+29
]: 19375338
@wait_stack_time[
        syscall+29
        0x4d64616f6c657250
]: 21136664
@wait_stack_time[
        0x7f953cab61f2
        0x66
]: 107255409
@wait_stack_time[
        0x7f953cab61f2
]: 416262981


@futex_op[7]: 11
@futex_op[13]: 174
@futex_op[9]: 43462
@futex_op[0]: 135981
@futex_op[1]: 190170
@long_worker_waits: 900
@main_futex_wait_us: 71396
@wait_enter[855610]: 544288366006509
@wait_enter[855856]: 544301852976213
@wait_enter[855857]: 544301852980211
@wait_enter[855800]: 544301852981794
@wait_enter[855855]: 544301852988747
@wait_enter[855858]: 544301852996512
@wait_enter[855613]: 544301853027820
@wait_enter[855860]: 544301853077654
@wait_enter[855859]: 544301853083144
@wait_enter[855618]: 544302064722567
@wait_enter[855620]: 544302064779434
@wait_enter[856576]: 544302064781418
@wait_enter[856547]: 544304581238540
@wait_enter[856579]: 544304662359226
@wait_enter[855617]: 544305446476870
@wait_enter[855616]: 544305447420363
@wait_enter[855876]: 544306032560977
@wait_enter[855547]: 544307485682476
@wait_enter[855883]: 544310017440456
@wait_enter[855879]: 544310043223114
@wait_enter[855877]: 544310076176922
@wait_enter[856875]: 544310082027020
@wait_enter[856865]: 544310139201220
@wait_n: 179420
@wait_stack[
        0x7f953cab61f2
        0x5b
]: 1
@wait_stack[
        0x7f953cab61f2
        0x46
]: 1
@wait_stack[
        0x7f953cab61f2
        0x15
]: 1
@wait_stack[
        0x7f953cab61f2
        0xc
]: 1
@wait_stack[
        0x7f953cab61f2
        0x44
]: 1
@wait_stack[
        0x7f953cab61f2
        0x5f
]: 2
@wait_stack[
        0x7f953cab61f2
        0x1d
]: 2
@wait_stack[
        syscall+29
        0x4d64616f6c657250
]: 3
@wait_stack[
        0x7f953cab61f2
        0x60
]: 3
@wait_stack[
        0x7f953cab61f2
        0x48
]: 4
@wait_stack[
        0x7f953cab61f2
        0x4e
]: 6
@wait_stack[
        0x7f953cab61f2
        0x6c
]: 6
@wait_stack[
        0x7f953cab61f2
        0x42
]: 6
@wait_stack[
        0x7f953cab61f2
        0x5a
]: 6
@wait_stack[
        0x7f953cab61f2
        0x36
]: 6
@wait_stack[
        0x7f953cab61f2
        0x66
]: 12
@wait_stack[
        syscall+29
]: 119
@wait_stack[
        0x7f953cab61f2
]: 732
@wait_stack_time[
        0x7f953cab61f2
        0xc
]: 150591
@wait_stack_time[
        0x7f953cab61f2
        0x45
]: 152218
@wait_stack_time[
        0x7f953cab61f2
        0x44
]: 152260
@wait_stack_time[
        0x7f953cab61f2
        0x69
]: 349346
@wait_stack_time[
        0x7f953cab61f2
        0x48
]: 608950
@wait_stack_time[
        0x7f953cab61f2
        0x36
]: 757456
@wait_stack_time[
        0x7f953cab61f2
        0x60
]: 797733
@wait_stack_time[
        0x7f953cab61f2
        0x5e
]: 797737
@wait_stack_time[
        0x7f953cab61f2
        0x5b
]: 797755
@wait_stack_time[
        0x7f953cab61f2
        0x42
]: 888216
@wait_stack_time[
        0x7f953cab61f2
        0x6c
]: 1746794
@wait_stack_time[
        0x7f953cab61f2
        0x15
]: 1797923
@wait_stack_time[
        0x7f953cab61f2
        0x5f
]: 2393199
@wait_stack_time[
        0x7f953cab61f2
        0x5a
]: 2719323
@wait_stack_time[
        0x7f953cab61f2
        0x4e
]: 6896407
@wait_stack_time[
        0x7f953cab61f2
        0x1d
]: 18527124
@wait_stack_time[
        syscall+29
]: 19375338
@wait_stack_time[
        syscall+29
        0x4d64616f6c657250
]: 21136664
@wait_stack_time[
        0x7f953cab61f2
        0x66
]: 107255409
@wait_stack_time[
        0x7f953cab61f2
]: 416262981
@wait_sum_us: 1762663116
@wait_us:
[0]                 8943 |@@@@@@@@@                                           |
[1]                  262 |                                                    |
[2, 4)               113 |                                                    |
[4, 8)              9964 |@@@@@@@@@@                                          |
[8, 16)            13826 |@@@@@@@@@@@@@@                                      |
[16, 32)           19087 |@@@@@@@@@@@@@@@@@@@                                 |
[32, 64)           50973 |@@@@@@@@@@@@@@@@@@@@@@@@@@@@@@@@@@@@@@@@@@@@@@@@@@@@|
[64, 128)          21875 |@@@@@@@@@@@@@@@@@@@@@@                              |
[128, 256)          3663 |@@@                                                 |
[256, 512)           820 |                                                    |
[512, 1K)            316 |                                                    |
[1K, 2K)             833 |                                                    |
[2K, 4K)            2056 |@@                                                  |
[4K, 8K)           13485 |@@@@@@@@@@@@@                                       |
[8K, 16K)          10650 |@@@@@@@@@@                                          |
[16K, 32K)          4074 |@@@@                                                |
[32K, 64K)         17067 |@@@@@@@@@@@@@@@@@                                   |
[64K, 128K)          592 |                                                    |
[128K, 256K)         605 |                                                    |
[256K, 512K)         163 |                                                    |
[512K, 1M)             9 |                                                    |
[1M, 2M)               9 |                                                    |
[2M, 4M)               8 |                                                    |
[4M, 8M)               7 |                                                    |
[8M, 16M)              9 |                                                    |
[16M, 32M)            11 |                                                    |

@wake_n: 190170
