/home/maci/Desktop/7dtd/7dtd-loadgen/workspace/bench/lap1/join-fast/apm/session_20260822_083832_pid829742/bt/offcpu.bt:27:20-25: WARNING: Expression of type: uint64 being cast to type: int64. This may cause unexpected results. Use an explicit cast to suppress this warning.
    $us = (uint64)(nsecs - @start[args.next_pid]) / 1000;
                   ~~~~~
/home/maci/Desktop/7dtd/7dtd-loadgen/workspace/bench/lap1/join-fast/apm/session_20260822_083832_pid829742/bt/offcpu.bt:27:28-49: WARNING: Expression of type: uint64 being cast to type: int64. This may cause unexpected results. Use an explicit cast to suppress this warning.
    $us = (uint64)(nsecs - @start[args.next_pid]) / 1000;
                           ~~~~~~~~~~~~~~~~~~~~~
/home/maci/Desktop/7dtd/7dtd-loadgen/workspace/bench/lap1/join-fast/apm/session_20260822_083832_pid829742/bt/offcpu.bt:28:5-35: WARNING: Return value discarded.
    delete(@start[args.next_pid]);
    ~~~~~~~~~~~~~~~~~~~~~~~~~~~~~~
/home/maci/Desktop/7dtd/7dtd-loadgen/workspace/bench/lap1/join-fast/apm/session_20260822_083832_pid829742/bt/offcpu.bt:40:5-41: WARNING: Return value discarded.
    delete(@block_stack[args.next_pid]);
    ~~~~~~~~~~~~~~~~~~~~~~~~~~~~~~~~~~~~
/home/maci/Desktop/7dtd/7dtd-loadgen/workspace/bench/lap1/join-fast/apm/session_20260822_083832_pid829742/bt/offcpu.bt:41:5-40: WARNING: Return value discarded.
    delete(@block_state[args.next_pid]);
    ~~~~~~~~~~~~~~~~~~~~~~~~~~~~~~~~~~~
STALL_MAIN 32180 us state=1
STALL_MAIN 30723 us state=1
STALL_MAIN 33071 us state=1
STALL_MAIN 32286 us state=1
STALL_MAIN 37413 us state=1
STALL_MAIN 38000 us state=1
STALL_MAIN 37664 us state=1
STALL_MAIN 38771 us state=1
STALL_MAIN 39465 us state=1
STALL_MAIN 38179 us state=1
STALL_MAIN 36915 us state=1
STALL_MAIN 37345 us state=1
STALL_MAIN 37216 us state=1
STALL_MAIN 35104 us state=1
STALL_MAIN 38906 us state=1
STALL_MAIN 36584 us state=1
STALL_MAIN 34980 us state=1
STALL_MAIN 32426 us state=1
STALL_MAIN 34211 us state=1
STALL_MAIN 38418 us state=1
STALL_MAIN 31385 us state=1
STALL_MAIN 29745 us state=1
STALL_MAIN 33032 us state=1
STALL_MAIN 32554 us state=1
STALL_MAIN 35467 us state=1
STALL_MAIN 32564 us state=1
STALL_MAIN 15299 us state=0
STALL_MAIN 33642 us state=1
STALL_MAIN 35184 us state=1
STALL_MAIN 33682 us state=1
STALL_MAIN 35284 us state=1
STALL_MAIN 36151 us state=1
STALL_MAIN 35468 us state=1
STALL_MAIN 34527 us state=1
STALL_MAIN 35670 us state=1
STALL_MAIN 34225 us state=1
STALL_MAIN 36104 us state=1
STALL_MAIN 35591 us state=1
STALL_MAIN 37457 us state=1
STALL_MAIN 33420 us state=1
STALL_MAIN 36947 us state=1
STALL_MAIN 30089 us state=1
STALL_MAIN 15566 us state=1
STALL_MAIN 35713 us state=1
STALL_MAIN 36964 us state=1
STALL_MAIN 36654 us state=1
STALL_MAIN 35421 us state=1
STALL_MAIN 30857 us state=1
STALL_MAIN 37303 us state=1
STALL_MAIN 38265 us state=1
STALL_MAIN 34936 us state=1
STALL_MAIN 36656 us state=1
STALL_MAIN 35120 us state=1
STALL_MAIN 20085 us state=1
STALL_MAIN 35995 us state=1
STALL_MAIN 22106 us state=1
STALL_MAIN 20468 us state=1
STALL_MAIN 36514 us state=1
STALL_MAIN 11912 us state=1
STALL_MAIN 19360 us state=1
STALL_MAIN 36094 us state=1
STALL_MAIN 16861 us state=1
STALL_MAIN 30945 us state=1
STALL_MAIN 21055 us state=1
STALL_MAIN 37801 us state=1
STALL_MAIN 36661 us state=1
STALL_MAIN 35844 us state=1
STALL_MAIN 34277 us state=1
STALL_MAIN 34674 us state=1
STALL_MAIN 33301 us state=1
STALL_MAIN 33105 us state=1
STALL_MAIN 10569 us state=256
STALL_MAIN 14452 us state=1
STALL_MAIN 20622 us state=1
STALL_MAIN 35211 us state=1
STALL_MAIN 37891 us state=1
STALL_MAIN 33791 us state=1
STALL_MAIN 32524 us state=1
STALL_MAIN 36233 us state=1
STALL_MAIN 35201 us state=1
STALL_MAIN 14308 us state=1
STALL_MAIN 34440 us state=1
STALL_MAIN 34799 us state=1
STALL_MAIN 14014 us state=1
STALL_MAIN 11685 us state=1
STALL_MAIN 34715 us state=1
STALL_MAIN 33375 us state=1
STALL_MAIN 36686 us state=1
STALL_MAIN 32207 us state=1
STALL_MAIN 31783 us state=1
STALL_MAIN 35646 us state=1
STALL_MAIN 36275 us state=1
STALL_MAIN 30988 us state=1
STALL_MAIN 33550 us state=1
STALL_MAIN 33452 us state=1
STALL_MAIN 33788 us state=1
STALL_MAIN 32978 us state=1
STALL_MAIN 31633 us state=1
STALL_MAIN 32106 us state=1
STALL_MAIN 33590 us state=1
STALL_MAIN 34088 us state=1
STALL_MAIN 36438 us state=1
STALL_MAIN 33804 us state=1
STALL_MAIN 35164 us state=1
STALL_MAIN 34415 us state=1
STALL_MAIN 29923 us state=1
STALL_MAIN 34373 us state=1
STALL_MAIN 34825 us state=1
STALL_MAIN 25986 us state=1
STALL_MAIN 37726 us state=1
STALL_MAIN 37059 us state=1
STALL_MAIN 32625 us state=1
STALL_MAIN 30921 us state=1
STALL_MAIN 33914 us state=1
STALL_MAIN 35164 us state=1
STALL_MAIN 35542 us state=1
STALL_MAIN 35565 us state=1
STALL_MAIN 36106 us state=1
STALL_MAIN 13701 us state=1
STALL_MAIN 35921 us state=1
STALL_MAIN 33180 us state=1
STALL_MAIN 36020 us state=1
STALL_MAIN 34418 us state=1
STALL_MAIN 35687 us state=1
STALL_MAIN 33911 us state=1
STALL_MAIN 35245 us state=1
STALL_MAIN 36785 us state=1
STALL_MAIN 34679 us state=1
STALL_MAIN 36074 us state=1
STALL_MAIN 35686 us state=1
STALL_MAIN 34642 us state=1
STALL_MAIN 24475 us state=1
STALL_MAIN 35423 us state=1
STALL_MAIN 34409 us state=1
STALL_MAIN 36478 us state=1
STALL_MAIN 37064 us state=1
STALL_MAIN 21608 us state=1
STALL_MAIN 36862 us state=1
STALL_MAIN 36943 us state=1
STALL_MAIN 33186 us state=1
STALL_MAIN 33178 us state=1
STALL_MAIN 30747 us state=1
STALL_MAIN 36065 us state=1
STALL_MAIN 31281 us state=1
STALL_MAIN 35944 us state=1
STALL_MAIN 34364 us state=1
STALL_MAIN 30031 us state=1
STALL_MAIN 35846 us state=1
STALL_MAIN 31870 us state=1
STALL_MAIN 29993 us state=1
STALL_MAIN 32890 us state=1
STALL_MAIN 27290 us state=1
STALL_MAIN 34417 us state=1
STALL_MAIN 35272 us state=1
STALL_MAIN 34713 us state=1
STALL_MAIN 33750 us state=1
STALL_MAIN 36024 us state=1
STALL_MAIN 33996 us state=1
STALL_MAIN 36061 us state=1
STALL_MAIN 36576 us state=0
STALL_MAIN 36006 us state=1
STALL_MAIN 36034 us state=1
STALL_MAIN 37153 us state=1
STALL_MAIN 39231 us state=1
STALL_MAIN 39083 us state=1
STALL_MAIN 36264 us state=1
STALL_MAIN 34775 us state=1
STALL_MAIN 34608 us state=1
STALL_MAIN 32553 us state=1
STALL_MAIN 35029 us state=1
STALL_MAIN 36339 us state=1
STALL_MAIN 35595 us state=1
STALL_MAIN 35657 us state=1
STALL_MAIN 34836 us state=1
STALL_MAIN 17420 us state=1
STALL_MAIN 15060 us state=1
STALL_MAIN 31660 us state=1
STALL_MAIN 18503 us state=1
STALL_MAIN 37998 us state=1
STALL_MAIN 38782 us state=1
STALL_MAIN 17471 us state=1
STALL_MAIN 37023 us state=1
STALL_MAIN 14331 us state=1
STALL_MAIN 37820 us state=1
STALL_MAIN 36857 us state=1
STALL_MAIN 36986 us state=1
STALL_MAIN 35313 us state=1
STALL_MAIN 36523 us state=1
STALL_MAIN 36963 us state=1
STALL_MAIN 37333 us state=1
STALL_MAIN 33776 us state=1
STALL_MAIN 34614 us state=1
STALL_MAIN 37248 us state=1
STALL_MAIN 35747 us state=1
STALL_MAIN 35218 us state=1
STALL_MAIN 33819 us state=1
STALL_MAIN 32314 us state=1
STALL_MAIN 36390 us state=1
STALL_MAIN 37235 us state=1
STALL_MAIN 32644 us state=1
STALL_MAIN 33727 us state=1
STALL_MAIN 35270 us state=1
STALL_MAIN 36323 us state=1
STALL_MAIN 34196 us state=1
STALL_MAIN 35201 us state=1
STALL_MAIN 35689 us state=1
STALL_MAIN 34789 us state=1
STALL_MAIN 35313 us state=1
STALL_MAIN 10241 us state=0
STALL_MAIN 34315 us state=1
STALL_MAIN 32779 us state=1
STALL_MAIN 35360 us state=1
STALL_MAIN 35373 us state=1
STALL_MAIN 32644 us state=1
STALL_MAIN 34554 us state=1
STALL_MAIN 35387 us state=1
STALL_MAIN 35203 us state=1
STALL_MAIN 34850 us state=1
STALL_MAIN 33279 us state=1
STALL_MAIN 35015 us state=1
STALL_MAIN 35984 us state=1
STALL_MAIN 33165 us state=1
STALL_MAIN 36093 us state=1
STALL_MAIN 35101 us state=1
STALL_MAIN 35641 us state=1
STALL_MAIN 35381 us state=1
STALL_MAIN 33172 us state=1
STALL_MAIN 34099 us state=1
STALL_MAIN 35201 us state=1
STALL_MAIN 35110 us state=1
STALL_MAIN 34623 us state=1
STALL_MAIN 32839 us state=1
STALL_MAIN 35146 us state=1
STALL_MAIN 35553 us state=1
STALL_MAIN 34085 us state=1
STALL_MAIN 34573 us state=1
STALL_MAIN 35278 us state=1
STALL_MAIN 34878 us state=1
STALL_MAIN 35264 us state=1
STALL_MAIN 36619 us state=1
STALL_MAIN 35626 us state=1
STALL_MAIN 37659 us state=1
STALL_MAIN 38048 us state=1
STALL_MAIN 29985 us state=1
STALL_MAIN 35724 us state=1
STALL_MAIN 34312 us state=1
STALL_MAIN 35258 us state=1
STALL_MAIN 33075 us state=1
STALL_MAIN 35075 us state=1
STALL_MAIN 33890 us state=1
STALL_MAIN 36848 us state=1
STALL_MAIN 37589 us state=1
STALL_MAIN 36442 us state=1
STALL_MAIN 34747 us state=1
STALL_MAIN 34747 us state=1
STALL_MAIN 35008 us state=1
STALL_MAIN 33756 us state=1
STALL_MAIN 34760 us state=1
STALL_MAIN 18110 us state=1
STALL_MAIN 34138 us state=1
STALL_MAIN 36565 us state=1
STALL_MAIN 37533 us state=1
STALL_MAIN 37267 us state=1
STALL_MAIN 38042 us state=1
STALL_MAIN 38333 us state=1
STALL_MAIN 38911 us state=1
STALL_MAIN 38740 us state=1
STALL_MAIN 31335 us state=1
STALL_MAIN 37838 us state=1
STALL_MAIN 38466 us state=1
STALL_MAIN 36776 us state=1
STALL_MAIN 38074 us state=1
STALL_MAIN 33609 us state=1
STALL_MAIN 34089 us state=1
STALL_MAIN 33779 us state=1
STALL_MAIN 36811 us state=1
STALL_MAIN 34820 us state=1
STALL_MAIN 35320 us state=1
STALL_MAIN 24951 us state=1
STALL_MAIN 33819 us state=1
STALL_MAIN 35421 us state=1
STALL_MAIN 36045 us state=1
STALL_MAIN 35745 us state=1
STALL_MAIN 31819 us state=1
STALL_MAIN 31931 us state=1
STALL_MAIN 34364 us state=1
STALL_MAIN 35189 us state=1
STALL_MAIN 32422 us state=1
STALL_MAIN 35058 us state=1
STALL_MAIN 35346 us state=1
STALL_MAIN 35617 us state=1
STALL_MAIN 32517 us state=1
STALL_MAIN 35465 us state=1
STALL_MAIN 34877 us state=1
STALL_MAIN 34714 us state=1
STALL_MAIN 34358 us state=1
STALL_MAIN 34262 us state=1
STALL_MAIN 35110 us state=1
STALL_MAIN 33067 us state=1
STALL_MAIN 35581 us state=1
STALL_MAIN 33015 us state=1
STALL_MAIN 33214 us state=1
STALL_MAIN 32851 us state=1
STALL_MAIN 34184 us state=1
STALL_MAIN 33451 us state=1
STALL_MAIN 34505 us state=1
STALL_MAIN 34637 us state=1
STALL_MAIN 35901 us state=1
STALL_MAIN 34168 us state=1
STALL_MAIN 32574 us state=1
STALL_MAIN 38023 us state=1
STALL_MAIN 12953 us state=1
STALL_MAIN 37077 us state=1
STALL_MAIN 35387 us state=1
STALL_MAIN 32497 us state=1
STALL_MAIN 35289 us state=1
STALL_MAIN 35462 us state=1
STALL_MAIN 37145 us state=1
STALL_MAIN 36108 us state=1
STALL_MAIN 32759 us state=1
STALL_MAIN 35344 us state=1
STALL_MAIN 35563 us state=1
STALL_MAIN 35217 us state=1
STALL_MAIN 36242 us state=1
STALL_MAIN 35337 us state=1
STALL_MAIN 19995 us state=1
STALL_MAIN 36944 us state=1
STALL_MAIN 31491 us state=1
STALL_MAIN 34959 us state=1
STALL_MAIN 34318 us state=1
STALL_MAIN 17816 us state=1
STALL_MAIN 31105 us state=1
STALL_MAIN 33822 us state=1
STALL_MAIN 36032 us state=1
STALL_MAIN 32606 us state=1
STALL_MAIN 30439 us state=1
STALL_MAIN 35675 us state=1
STALL_MAIN 31348 us state=1
STALL_MAIN 34969 us state=1
STALL_MAIN 34777 us state=1
STALL_MAIN 35353 us state=1
STALL_MAIN 35232 us state=1
STALL_MAIN 29632 us state=1
STALL_MAIN 35228 us state=1
STALL_MAIN 35112 us state=1
STALL_MAIN 31618 us state=1
STALL_MAIN 35863 us state=1
STALL_MAIN 37421 us state=1
STALL_MAIN 32448 us state=1
STALL_MAIN 35770 us state=1
STALL_MAIN 35705 us state=1
STALL_MAIN 35563 us state=1
STALL_MAIN 31033 us state=1
STALL_MAIN 31116 us state=1
STALL_MAIN 30859 us state=1
STALL_MAIN 31030 us state=1
STALL_MAIN 34828 us state=1
STALL_MAIN 34947 us state=1
STALL_MAIN 35008 us state=1
STALL_MAIN 30234 us state=1
STALL_MAIN 34696 us state=1
STALL_MAIN 33149 us state=0
STALL_MAIN 34586 us state=1
STALL_MAIN 35000 us state=1
STALL_MAIN 34709 us state=1
STALL_MAIN 36063 us state=1
STALL_MAIN 34686 us state=1
STALL_MAIN 32831 us state=1
STALL_MAIN 32606 us state=1
STALL_MAIN 32897 us state=1
STALL_MAIN 25659 us state=1
STALL_MAIN 34361 us state=1
STALL_MAIN 34477 us state=1
STALL_MAIN 14430 us state=1
STALL_MAIN 35268 us state=1
STALL_MAIN 27872 us state=1
STALL_MAIN 10452 us state=1
STALL_MAIN 33214 us state=1
STALL_MAIN 27273 us state=1
STALL_MAIN 36347 us state=1
STALL_MAIN 36550 us state=1
STALL_MAIN 38126 us state=1
STALL_MAIN 36318 us state=1
STALL_MAIN 35271 us state=1
STALL_MAIN 35543 us state=1
STALL_MAIN 35785 us state=1
STALL_MAIN 36616 us state=1
STALL_MAIN 32179 us state=1
STALL_MAIN 34734 us state=1
STALL_MAIN 33220 us state=1
STALL_MAIN 32103 us state=1
STALL_MAIN 35896 us state=1
STALL_MAIN 33393 us state=1
STALL_MAIN 32266 us state=1
STALL_MAIN 36192 us state=1
STALL_MAIN 32240 us state=1
STALL_MAIN 33355 us state=1
STALL_MAIN 33810 us state=1
STALL_MAIN 31424 us state=1
STALL_MAIN 32402 us state=1
STALL_MAIN 35355 us state=1
STALL_MAIN 34552 us state=1
STALL_MAIN 33071 us state=1
STALL_MAIN 35323 us state=1
STALL_MAIN 33051 us state=1
STALL_MAIN 35458 us state=1
STALL_MAIN 34603 us state=1
STALL_MAIN 35273 us state=1
STALL_MAIN 33328 us state=1
STALL_MAIN 34563 us state=1
STALL_MAIN 35479 us state=1
STALL_MAIN 36304 us state=1
STALL_MAIN 35392 us state=1
STALL_MAIN 34397 us state=1
STALL_MAIN 35437 us state=1
STALL_MAIN 35354 us state=1
STALL_MAIN 34564 us state=1
STALL_MAIN 34925 us state=1
STALL_MAIN 35921 us state=1
STALL_MAIN 34995 us state=1
STALL_MAIN 36312 us state=1
STALL_MAIN 34996 us state=1
STALL_MAIN 35499 us state=1
STALL_MAIN 34420 us state=1
STALL_MAIN 35488 us state=1
STALL_MAIN 33757 us state=1
STALL_MAIN 34791 us state=1
STALL_MAIN 35501 us state=1
STALL_MAIN 37855 us state=1
STALL_MAIN 36289 us state=1
STALL_MAIN 31871 us state=1
STALL_MAIN 34911 us state=1
STALL_MAIN 34973 us state=1
STALL_MAIN 36029 us state=1
STALL_MAIN 35366 us state=1
STALL_MAIN 33693 us state=1
STALL_MAIN 35470 us state=1
STALL_MAIN 36175 us state=1
STALL_MAIN 31443 us state=1
STALL_MAIN 34681 us state=1
STALL_MAIN 34586 us state=1
STALL_MAIN 35354 us state=1
STALL_MAIN 32367 us state=1
STALL_MAIN 29042 us state=1
STALL_MAIN 34772 us state=1
STALL_MAIN 35350 us state=1
STALL_MAIN 34666 us state=1
STALL_MAIN 33501 us state=1
STALL_MAIN 32528 us state=1
STALL_MAIN 32436 us state=1
STALL_MAIN 34111 us state=1
STALL_MAIN 33441 us state=1
STALL_MAIN 34086 us state=1
STALL_MAIN 34630 us state=1
STALL_MAIN 34996 us state=1
STALL_MAIN 35692 us state=1
STALL_MAIN 34932 us state=1
STALL_MAIN 35980 us state=1
STALL_MAIN 35758 us state=1
STALL_MAIN 35568 us state=1
STALL_MAIN 33418 us state=1
STALL_MAIN 35786 us state=1
STALL_MAIN 31832 us state=1
STALL_MAIN 11147 us state=1
STALL_MAIN 22238 us state=1
STALL_MAIN 35865 us state=1
STALL_MAIN 17158 us state=1
STALL_MAIN 34690 us state=1
STALL_MAIN 18644 us state=1
STALL_MAIN 18316 us state=1
STALL_MAIN 32971 us state=1
STALL_MAIN 20778 us state=1
STALL_MAIN 35639 us state=1
STALL_MAIN 16648 us state=1
STALL_MAIN 19772 us state=1
STALL_MAIN 31166 us state=1
STALL_MAIN 20674 us state=1
STALL_MAIN 33871 us state=1
STALL_MAIN 21449 us state=1
STALL_MAIN 20369 us state=1
STALL_MAIN 34811 us state=1
STALL_MAIN 19264 us state=1
STALL_MAIN 36014 us state=0
STALL_MAIN 18959 us state=1
STALL_MAIN 34528 us state=1
STALL_MAIN 34518 us state=1
STALL_MAIN 34712 us state=1
STALL_MAIN 34401 us state=1
STALL_MAIN 35441 us state=1
STALL_MAIN 36417 us state=1
STALL_MAIN 33405 us state=1
STALL_MAIN 35476 us state=1
STALL_MAIN 34743 us state=1
STALL_MAIN 31379 us state=1
STALL_MAIN 36793 us state=1
STALL_MAIN 35589 us state=1
STALL_MAIN 30550 us state=1
STALL_MAIN 30173 us state=1
STALL_MAIN 33624 us state=1
STALL_MAIN 33796 us state=1
STALL_MAIN 35060 us state=1
STALL_MAIN 34741 us state=1
STALL_MAIN 34503 us state=1
STALL_MAIN 35137 us state=1
STALL_MAIN 34271 us state=1
STALL_MAIN 34395 us state=1
STALL_MAIN 35012 us state=1
STALL_MAIN 26717 us state=1
STALL_MAIN 35776 us state=1
STALL_MAIN 35995 us state=1
STALL_MAIN 37119 us state=1
STALL_MAIN 37721 us state=1
STALL_MAIN 38493 us state=1
STALL_MAIN 36426 us state=1
STALL_MAIN 12896 us state=1
STALL_MAIN 32157 us state=1
