/home/maci/Desktop/7dtd/7dtd-loadgen/workspace/bench/lap1/bench/apm/session_20260822_084951_pid855510/bt/block.bt:20:12-57: WARNING: signed operands for '/' can lead to undefined behavior (cast to unsigned to silence warning)
    $us = (nsecs - @start[args.dev, args.sector]) / 1000;
           ~~~~~~~~~~~~~~~~~~~~~~~~~~~~~~~~~~~~~~~~~~~~~
/home/maci/Desktop/7dtd/7dtd-loadgen/workspace/bench/lap1/bench/apm/session_20260822_084951_pid855510/bt/block.bt:20:12-57: WARNING: signed operands for '/' can lead to undefined behavior (cast to unsigned to silence warning)
    $us = (nsecs - @start[args.dev, args.sector]) / 1000;
           ~~~~~~~~~~~~~~~~~~~~~~~~~~~~~~~~~~~~~~~~~~~~~
/home/maci/Desktop/7dtd/7dtd-loadgen/workspace/bench/lap1/bench/apm/session_20260822_084951_pid855510/bt/block.bt:20:12-17: WARNING: Expression of type: uint64 being cast to type: int64. This may cause unexpected results. Use an explicit cast to suppress this warning.
    $us = (nsecs - @start[args.dev, args.sector]) / 1000;
           ~~~~~
/home/maci/Desktop/7dtd/7dtd-loadgen/workspace/bench/lap1/bench/apm/session_20260822_084951_pid855510/bt/block.bt:20:20-49: WARNING: Expression of type: uint64 being cast to type: int64. This may cause unexpected results. Use an explicit cast to suppress this warning.
    $us = (nsecs - @start[args.dev, args.sector]) / 1000;
                   ~~~~~~~~~~~~~~~~~~~~~~~~~~~~~
/home/maci/Desktop/7dtd/7dtd-loadgen/workspace/bench/lap1/bench/apm/session_20260822_084951_pid855510/bt/block.bt:21:5-43: WARNING: Return value discarded.
    delete(@start[args.dev, args.sector]);
    ~~~~~~~~~~~~~~~~~~~~~~~~~~~~~~~~~~~~~~
16:49:56 @issue_n: 28825
@complete_n: 27883
@lat_sum_us: 3103904
16:50:01 @issue_n: 38838
@complete_n: 37548
@lat_sum_us: 4229961
16:50:06 @issue_n: 52850
@complete_n: 51139
@lat_sum_us: 5957893
16:50:11 @issue_n: 78254
@complete_n: 76371
@lat_sum_us: 6865668
16:50:16 @issue_n: 88149
@complete_n: 86166
@lat_sum_us: 7850451
16:50:22 @issue_n: 120432
@complete_n: 117690
@lat_sum_us: 10315251

=== block RQ latency us ===
@lat_us:
[0]                   28 |                                                    |
[1]                   12 |                                                    |
[2, 4)                15 |                                                    |
[4, 8)              7803 |@@@@@@@@@@                                          |
[8, 16)            22509 |@@@@@@@@@@@@@@@@@@@@@@@@@@@@@@                      |
[16, 32)            6475 |@@@@@@@@                                            |
[32, 64)           28088 |@@@@@@@@@@@@@@@@@@@@@@@@@@@@@@@@@@@@@@              |
[64, 128)          38129 |@@@@@@@@@@@@@@@@@@@@@@@@@@@@@@@@@@@@@@@@@@@@@@@@@@@@|
[128, 256)         10537 |@@@@@@@@@@@@@@                                      |
[256, 512)          2697 |@@@                                                 |
[512, 1K)            619 |                                                    |
[1K, 2K)             401 |                                                    |
[2K, 4K)             297 |                                                    |
[4K, 8K)              79 |                                                    |
[8K, 16K)              1 |                                                    |


=== issue size bytes ===
@issue_bytes:
[0]                  324 |                                                    |
[1]                    0 |                                                    |
[2, 4)                 0 |                                                    |
[4, 8)                 0 |                                                    |
[8, 16)                0 |                                                    |
[16, 32)               0 |                                                    |
[32, 64)               0 |                                                    |
[64, 128)              0 |                                                    |
[128, 256)             0 |                                                    |
[256, 512)             0 |                                                    |
[512, 1K)              2 |                                                    |
[1K, 2K)               0 |                                                    |
[2K, 4K)               0 |                                                    |
[4K, 8K)           29996 |@@@@@@@@@@@@@@@@@@@@@@@@@                           |
[8K, 16K)           6923 |@@@@@                                               |
[16K, 32K)         62223 |@@@@@@@@@@@@@@@@@@@@@@@@@@@@@@@@@@@@@@@@@@@@@@@@@@@@|
[32K, 64K)          6582 |@@@@@                                               |
[64K, 128K)         5165 |@@@@                                                |
[128K, 256K)        8323 |@@@@@@                                              |
[256K, 512K)          22 |                                                    |
[512K, 1M)             2 |                                                    |
[1M, 2M)             410 |                                                    |
[2M, 4M)             308 |                                                    |
[4M, 8M)              78 |                                                    |
[8M, 16M)             16 |                                                    |
[16M, 32M)            18 |                                                    |
[32M, 64M)            10 |                                                    |
[64M, 128M)           30 |                                                    |


counts issue/complete:
@issue_n: 120432
@complete_n: 117690


@complete_n: 117690
@issue_bytes:
[0]                  324 |                                                    |
[1]                    0 |                                                    |
[2, 4)                 0 |                                                    |
[4, 8)                 0 |                                                    |
[8, 16)                0 |                                                    |
[16, 32)               0 |                                                    |
[32, 64)               0 |                                                    |
[64, 128)              0 |                                                    |
[128, 256)             0 |                                                    |
[256, 512)             0 |                                                    |
[512, 1K)              2 |                                                    |
[1K, 2K)               0 |                                                    |
[2K, 4K)               0 |                                                    |
[4K, 8K)           29996 |@@@@@@@@@@@@@@@@@@@@@@@@@                           |
[8K, 16K)           6923 |@@@@@                                               |
[16K, 32K)         62223 |@@@@@@@@@@@@@@@@@@@@@@@@@@@@@@@@@@@@@@@@@@@@@@@@@@@@|
[32K, 64K)          6582 |@@@@@                                               |
[64K, 128K)         5165 |@@@@                                                |
[128K, 256K)        8323 |@@@@@@                                              |
[256K, 512K)          22 |                                                    |
[512K, 1M)             2 |                                                    |
[1M, 2M)             410 |                                                    |
[2M, 4M)             308 |                                                    |
[4M, 8M)              78 |                                                    |
[8M, 16M)             16 |                                                    |
[16M, 32M)            18 |                                                    |
[32M, 64M)            10 |                                                    |
[64M, 128M)           30 |                                                    |

@issue_n: 120432
@lat_sum_us: 10315251
@lat_us:
[0]                   28 |                                                    |
[1]                   12 |                                                    |
[2, 4)                15 |                                                    |
[4, 8)              7803 |@@@@@@@@@@                                          |
[8, 16)            22509 |@@@@@@@@@@@@@@@@@@@@@@@@@@@@@@                      |
[16, 32)            6475 |@@@@@@@@                                            |
[32, 64)           28088 |@@@@@@@@@@@@@@@@@@@@@@@@@@@@@@@@@@@@@@              |
[64, 128)          38129 |@@@@@@@@@@@@@@@@@@@@@@@@@@@@@@@@@@@@@@@@@@@@@@@@@@@@|
[128, 256)         10537 |@@@@@@@@@@@@@@                                      |
[256, 512)          2697 |@@@                                                 |
[512, 1K)            619 |                                                    |
[1K, 2K)             401 |                                                    |
[2K, 4K)             297 |                                                    |
[4K, 8K)              79 |                                                    |
[8K, 16K)              1 |                                                    |

@start[0, 0]: 544447599449652
@start[271581184, 3536244384]: 544447699818685
@start[271581186, 1512528776]: 544447699921779
@start[271581186, 1512529968]: 544447700116956
@start[271581186, 1512676240]: 544447700612938
@start[271581186, 1512662424]: 544447700679534
@start[271581184, 1513835176]: 544447705714218
@start[271581184, 1513835248]: 544447705719418
@start[271581184, 3512412072]: 544447706241970
@start[271581184, 1514043048]: 544447848200687
@start[271581184, 1514091984]: 544447848634493
@start[271581184, 3512406080]: 544447848974342
@start[271581184, 3512406160]: 544447848974993
@start[271581184, 3512406248]: 544447848976165
@start[271581184, 3512406480]: 544447848977798
@start[271581186, 3526210016]: 544447852291778
@start[271581184, 3536204224]: 544447852656945
@start[271581185, 589988832]: 544447854092904
@start[271581184, 3536827376]: 544447855588025
@start[271581184, 3536828096]: 544447855601941
@start[271581184, 2256983072]: 544448432518551
@start[271581184, 2257061600]: 544448436722905
@start[271581186, 69184320]: 544448437379219
@start[271581185, 1166063984]: 544448713381092
@start[271581185, 1190167800]: 544448713381643
@start[271581185, 1545646056]: 544448954846671
@start[271581184, 1182877016]: 544449266812222
@start[271581186, 1098256352]: 544449311878993
@start[271581184, 996427952]: 544449312128021
@start[271581184, 998331776]: 544449418819970
@start[271581185, 1190076384]: 544449510251862
@start[271581185, 1068007384]: 544449554968044
@start[271581185, 1066721160]: 544449579641297
@start[271581185, 1063243920]: 544449579643952
@start[271581185, 1170968024]: 544449621985499
@start[271581185, 1191250136]: 544449621990138
@start[271581185, 1191251016]: 544449621990589
@start[271581185, 1164253720]: 544449700225492
@start[271581184, 1158775856]: 544449735244484
@start[271581185, 1165485072]: 544449793680888
@start[271581185, 1610780872]: 544449831503781
@start[271581184, 3512407592]: 544449835271604
@start[271581185, 161947744]: 544449845503820
@start[271581185, 2379824288]: 544449868423226
@start[271581186, 340340648]: 544449873945236
@start[271581186, 43648880]: 544449930984444
@start[271581185, 1374903392]: 544450024077699
@start[271581185, 1391818528]: 544450041829911
@start[271581185, 1412243056]: 544450044342064
@start[271581186, 3028630336]: 544450066302727
@start[271581186, 1366352512]: 544450090009584
@start[271581185, 1369797280]: 544450096701965
@start[271581185, 1567288632]: 544450122118395
@start[271581185, 1567288888]: 544450122155044
@start[271581185, 1479252520]: 544450135809893
@start[271581185, 1481020784]: 544450140361239
@start[271581185, 1481420224]: 544450142911794
@start[271581185, 394176656]: 544450149538021
@start[271581184, 2257015584]: 544450195572270
@start[271581184, 2257016352]: 544450195822611
@start[271581186, 2263315968]: 544450195823122
@start[271581185, 2265405376]: 544450195878826
@start[271581185, 1620021816]: 544450349043660
@start[271581186, 2518752352]: 544450509545466
@start[271581186, 2375419032]: 544450518037810
@start[271581184, 1478334240]: 544450519817917
@start[271581184, 2257020928]: 544450601875426
@start[271581185, 2265410592]: 544450933163562
@start[271581184, 1772559864]: 544451001619301
@start[271581185, 1610899016]: 544451289411940
@start[271581186, 2263320608]: 544451292006227
@start[271581186, 1628464344]: 544451292693459
@start[271581186, 1628464456]: 544451292700242
@start[271581186, 1628464528]: 544451292706554
@start[271581185, 1190064440]: 544451373637785
@start[271581184, 1034413456]: 544451509707642
@start[271581184, 1034408984]: 544451509708423
@start[271581186, 1511777640]: 544451526098315
@start[271581184, 3512503904]: 544451544754346
@start[271581185, 1512520288]: 544451564810409
@start[271581185, 2265413024]: 544452252323098
@start[271581185, 2265414208]: 544452252793172
@start[271581186, 1512765536]: 544452300673221
@start[271581184, 1513693856]: 544452301012840
@start[271581185, 2406884440]: 544453041811060
@start[271581185, 2406882784]: 544453042717314
@start[271581186, 2184603560]: 544453044233344
@start[271581186, 2184610624]: 544453044235488
@start[271581186, 1512874040]: 544453055290691
@start[271581186, 1512880904]: 544453055577470
@start[271581186, 1512891376]: 544453055578201
@start[271581186, 1512891424]: 544453055632393
@start[271581186, 1512526424]: 544453085880647
@start[271581186, 1512771128]: 544453211719891
@start[271581185, 2265418592]: 544453471838105
@start[271581185, 1034456544]: 544453508992811
@start[271581185, 1034456648]: 544453508996799
@start[271581185, 2419812896]: 544454160007509
@start[271581186, 76673152]: 544454271278947
@start[271581184, 1035142944]: 544454275771763
@start[271581186, 77413920]: 544454276595271
@start[271581185, 2265426816]: 544454544869678
@start[271581184, 2519802880]: 544454863960524
@start[271581185, 834021512]: 544454987291894
@start[271581184, 1034578480]: 544454988054217
@start[271581184, 1034335216]: 544454988092750
@start[271581186, 77599112]: 544455028124244
@start[271581186, 76672344]: 544455031557519
@start[271581184, 1034770608]: 544455052844336
@start[271581184, 1035141432]: 544455054687140
@start[271581186, 76519696]: 544455064059268
@start[271581184, 3536241144]: 544456140659361
@start[271581184, 3536241976]: 544456140685981
@start[271581184, 3536261160]: 544456141383251
@start[271581184, 3536262104]: 544456141511813
@start[271581184, 3536262440]: 544456141567738
@start[271581185, 2056034672]: 544456862213224
@start[271581185, 2265425184]: 544457378017992
@start[271581185, 2265426368]: 544457380829697
@start[271581185, 1031330544]: 544457384959501
@start[271581184, 2257045248]: 544457386455103
@start[271581186, 2263344896]: 544457386455884
@start[271581185, 2265439456]: 544457388668794
@start[271581185, 2265441216]: 544457389539371
@start[271581185, 2265442912]: 544457390031666
@start[271581185, 2265444000]: 544457390446246
@start[271581186, 2263356256]: 544457390954150
@start[271581185, 1512662712]: 544457448564281
@start[271581184, 1214385040]: 544457544483850
@start[271581185, 1212266208]: 544457545814170
@start[271581186, 2263359968]: 544458479476626
@start[271581185, 1612076944]: 544458603325568
@start[271581185, 2996521488]: 544458613855033
@start[271581185, 2996521544]: 544458613856495
@start[271581184, 2427885136]: 544458949952059
@start[271581184, 1675786200]: 544459830252910
@start[271581185, 2996482640]: 544460373494837
@start[271581184, 1514161848]: 544461058079082
@start[271581184, 1514161912]: 544461058085755
@start[271581184, 1514162056]: 544461058088790
@start[271581184, 1514020248]: 544461058403462
@start[271581186, 1512471864]: 544461267945929
@start[271581186, 1512824632]: 544461269769768
@start[271581186, 1512825040]: 544461269782963
@start[271581186, 1512827384]: 544461270493388
@start[271581186, 1512837952]: 544461270502786
@start[271581186, 1511605640]: 544461271654140
@start[271581186, 1511605688]: 544461271656435
@start[271581184, 1512528472]: 544461486996160
@start[271581186, 2136205984]: 544462046958540
@start[271581184, 1034175128]: 544462368156688
@start[271581186, 87547752]: 544462368271293
@start[271581184, 1034141512]: 544462369151979
@start[271581185, 833523080]: 544462369300428
@start[271581186, 198029232]: 544462369600813
@start[271581185, 1031332512]: 544462369983903
@start[271581185, 2265447808]: 544462524969600
@start[271581186, 2263358880]: 544462525030815
@start[271581184, 1034035336]: 544462588500812
@start[271581186, 2263657344]: 544462588961668
@start[271581186, 1097100320]: 544462654027214
@start[271581186, 2263366272]: 544462730461312
@start[271581185, 2265455360]: 544462730467203
@start[271581186, 2263366752]: 544462730533828
@start[271581186, 2263368064]: 544462731481380
@start[271581185, 2265459168]: 544462731747570
@start[271581185, 2265459936]: 544462731935964
@start[271581186, 2263373952]: 544462732871874
@start[271581186, 2263376032]: 544462733191034
@start[271581184, 2257079776]: 544462733989946
@start[271581184, 2257082208]: 544462736071639
@start[271581184, 2257083328]: 544462737208917
@start[271581186, 2263383904]: 544462737425023
@start[271581186, 2263392352]: 544462739390117
@start[271581185, 2265485600]: 544462741442516
@start[271581186, 2263403648]: 544462745029118
@start[271581185, 2265495040]: 544462745251015
@start[271581185, 2265497024]: 544462745686394
@start[271581185, 2265521344]: 544462753545027
@start[271581184, 2257134880]: 544462755476528
@start[271581186, 2263445696]: 544462757005432
@start[271581184, 2257141568]: 544462757576606
@start[271581184, 2257147968]: 544462758006023
@start[271581186, 2263449920]: 544462759456430
@start[271581185, 2265550592]: 544462761298513
@start[271581184, 2257162592]: 544462761376670
@start[271581186, 2263491872]: 544462772140555
@start[271581186, 2263496512]: 544462773373503
@start[271581186, 2263501696]: 544462777008406
@start[271581186, 2263503296]: 544462777774045
@start[271581185, 2265593312]: 544462778010570
@start[271581186, 2263505440]: 544462778369975
@start[271581186, 2263512928]: 544462782006802
@start[271581185, 2265616576]: 544462786143529
@start[271581186, 2263534816]: 544462787905762
@start[271581186, 2263535648]: 544462788091681
@start[271581184, 2257237504]: 544462788416061
@start[271581185, 2265626752]: 544462788525937
@start[271581186, 2263544352]: 544462789992565
@start[271581186, 2263545408]: 544462790339517
@start[271581185, 2265635712]: 544462790591821
@start[271581184, 2257248096]: 544462790896213
@start[271581185, 2265637536]: 544462791056795
@start[271581185, 2265642816]: 544462792194554
@start[271581184, 2257256736]: 544462793143748
@start[271581186, 2263566368]: 544462797184174
@start[271581185, 2265660960]: 544462801346789
@start[271581184, 2257284448]: 544462803424124
@start[271581185, 2265679456]: 544462804629921
@start[271581185, 2265679648]: 544462804658826
@start[271581185, 2265686080]: 544462806892485
@start[271581184, 2257297920]: 544462807043248
@start[271581185, 2265686944]: 544462807050341
@start[271581185, 2265688192]: 544462807239196
@start[271581185, 2265692192]: 544462808363550
@start[271581185, 2265692672]: 544462808459200
@start[271581185, 2265695808]: 544462809236271
@start[271581185, 2265697088]: 544462809555391
@start[271581186, 2263611808]: 544462810567944
@start[271581186, 2263617920]: 544462812632626
@start[271581184, 2257318272]: 544462812633577
@start[271581184, 2257322592]: 544462814147062
@start[271581185, 2265715840]: 544462815694391
@start[271581186, 2263639648]: 544462819880400
@start[271581185, 2265732192]: 544462820913773
@start[271581185, 2265745184]: 544462824788938
@start[271581185, 2265746176]: 544462825076439
@start[271581186, 2263659872]: 544462825799398
@start[271581185, 2265750464]: 544462826390529
@start[271581185, 2265752608]: 544462827145197
@start[271581186, 2263674976]: 544462831099080
@start[271581186, 2263679296]: 544462832047363
@start[271581185, 2265769024]: 544462832161969
@start[271581184, 2257388832]: 544462834193177
@start[271581184, 2257391936]: 544462835094732
@start[271581186, 2263705696]: 544462839525852
@start[271581186, 2263707360]: 544462839913320
@start[271581184, 2257414176]: 544462841883584
@start[271581184, 2257419040]: 544462843451211
@start[271581186, 2263718816]: 544462843474244
@start[271581185, 2265809344]: 544462843877593
@start[271581185, 2265810784]: 544462844255092
@start[271581185, 2265810816]: 544462844264490
@start[271581184, 2257423776]: 544462845080434
@start[271581184, 2257424896]: 544462845423519
@start[271581185, 2996658848]: 544463367763252
@start[271581185, 201267456]: 544463380404226
@start[271581185, 1031334056]: 544464034996419
@start[271581185, 2265776704]: 544464035252711
@start[271581185, 1492629040]: 544465312829960
@start[271581185, 1492629184]: 544465312831904
@start[271581184, 1034048832]: 544465436845727
@start[271581184, 2257458528]: 544465442464219
@start[271581184, 2257460000]: 544465625544661
@start[271581185, 1545985416]: 544466073698442
@start[271581185, 1545985680]: 544466073704514
@start[271581185, 1546597864]: 544466074205967
@start[271581186, 1545482152]: 544466078594366
@start[271581185, 3536274360]: 544466909115328
@start[271581186, 1326288792]: 544466909189808
@start[271581184, 1034109128]: 544467011436931
@start[271581186, 2263762336]: 544467014760860
@start[271581184, 2257464416]: 544467015888680
@start[271581185, 2265854240]: 544467016463912
@start[271581186, 186424880]: 544467180347004
@start[271581185, 2265857248]: 544467450274289
@start[271581185, 833509352]: 544468454574087
@start[271581186, 198524848]: 544468454613330
@start[271581186, 2411616536]: 544468457512721
@start[271581185, 1031336512]: 544468460813756
@start[271581186, 2263772064]: 544468461548788
@start[271581184, 2257473280]: 544468462187339
@start[271581186, 2263772864]: 544468462196276
@start[271581184, 2257473312]: 544468462198730
@start[271581186, 1534262736]: 544468790742918
@start[271581185, 1020440408]: 544469271037051
@start[271581185, 770617904]: 544469316597750
@start[271581185, 1031334856]: 544469316604853
@start[271581185, 2265864832]: 544469352041821
@start[271581186, 2263776480]: 544469352300207
@start[271581184, 2257477856]: 544469352930061
@start[271581186, 2263778336]: 544469353499702
@start[271581184, 1676407216]: 544470182667109
@start[271581186, 1724669576]: 544470184397552
@start[271581184, 1677680256]: 544470192762628
@start[271581184, 1677715144]: 544470195542684
@start[271581186, 2263779296]: 544470227314301
@start[271581186, 2263780000]: 544470227987577
@start[271581186, 76671224]: 544470229011953
@start[271581185, 2265870144]: 544470229222799
@start[271581185, 3764788176]: 544470346690786
@start[271581185, 3764791784]: 544470346719490
@start[271581185, 3764796608]: 544470346720051
@start[271581185, 3764793776]: 544470346720432
@start[271581185, 2314607400]: 544470349926319
@start[271581185, 2047437608]: 544470355500117
@start[271581186, 1778395040]: 544470358358791
@start[271581186, 3699528224]: 544470362781936
@start[271581186, 3701358568]: 544470367032947
@start[271581185, 3833732392]: 544470375158924
@start[271581186, 1623988256]: 544470378031914
@start[271581185, 3749588456]: 544470379130359
@start[271581185, 3749588744]: 544470379322390
@start[271581185, 3468826648]: 544470392251175
@start[271581186, 618745208]: 544470394544597
@start[271581185, 3749590536]: 544470400111532
@start[271581185, 3833732080]: 544470409344018
@start[271581186, 3482204248]: 544470412471427
@start[271581185, 391735360]: 544470427317105
@start[271581185, 321058120]: 544470427317687
@start[271581185, 391735808]: 544470427871428
@start[271581186, 899642400]: 544470662858819
@start[271581185, 1212231832]: 544472964953445
@start[271581184, 2256873664]: 544473010268162
@start[271581186, 295075320]: 544473033395849
@start[271581184, 2257116800]: 544473037473896
@start[271581185, 1214335264]: 544473044220038
@start[271581184, 2257133504]: 544473067154652
@start[271581186, 2518475712]: 544473090878140
@start[271581186, 2518443488]: 544473132274851
@start[271581185, 1189980784]: 544473132549167
@start[271581185, 1190026552]: 544473134931115
@start[271581186, 2517847008]: 544473143270693
@start[271581186, 2517852192]: 544473146704127
@start[271581185, 2265253440]: 544473152860591
@start[271581185, 2518546496]: 544473164584100
@start[271581184, 1162431896]: 544473166062719
@start[271581186, 2263641024]: 544473170875156
@start[271581186, 491844272]: 544473186183254
@start[271581184, 2257251808]: 544473204258283
@start[271581186, 2517887616]: 544473204581641
@start[271581186, 2517891456]: 544473211544200
@start[271581184, 2257262496]: 544473220700913
@start[271581185, 2517904992]: 544473284762783
@start[271581186, 2518615712]: 544473286685558
@start[271581186, 2518777600]: 544473317570338
@start[271581186, 2263566112]: 544473344030300
@start[271581185, 3171107072]: 544473346593097
@start[271581186, 1097879616]: 544473349033986
@start[271581185, 200221632]: 544473349996135
@start[271581185, 1801169664]: 544473351590562
@start[271581186, 2517897888]: 544473361794815
@start[271581186, 1102387584]: 544473363377250
@start[271581184, 2257385632]: 544473378169518
@start[271581186, 2517911072]: 544473386413606
@start[271581185, 2265772032]: 544473388222276
@start[271581184, 2257318720]: 544473392745439
@start[271581184, 2257323712]: 544473401207216
@start[271581184, 1435329056]: 544473423187206
@start[271581185, 3825976832]: 544473436646538
@start[271581185, 2518768128]: 544473475897867
@start[271581185, 2518768160]: 544473477809651
@start[271581184, 3140918560]: 544473477997564
@start[271581186, 2891978592]: 544473494829266
@start[271581186, 1394321920]: 544473505504594
@start[271581184, 1801199776]: 544473533771834
@start[271581185, 1031337552]: 544473542764689
@start[271581185, 2265875104]: 544473599559428
@start[271581186, 75945256]: 544473601099683
@start[271581185, 2265877152]: 544473601160447
@start[271581185, 1031338664]: 544473601371123
@start[271581185, 2265877984]: 544473601488845
@start[271581184, 2257491872]: 544473603051633
@start[271581184, 2257492320]: 544473603139868
@start[271581185, 1064454136]: 544473603765945
@start[271581185, 1064454840]: 544473603856476
@start[271581186, 2263798880]: 544473605718346
@start[271581184, 197674656]: 544473613721411
@start[271581184, 3136640032]: 544473643234192
@start[271581184, 2257412864]: 544473659708201
@start[271581185, 2265291488]: 544473660221496
@start[271581186, 2263801056]: 544473680970793
@start[271581186, 364566528]: 544474174522758
@start[271581186, 364567584]: 544474175919234
@start[271581185, 1165388728]: 544474199659353
@start[271581186, 395722056]: 544474259535954
@start[271581186, 2263202144]: 544474282328051
@start[271581186, 399238312]: 544474296186083
@start[271581186, 399239968]: 544474296189449
@start[271581184, 3405181120]: 544474326211968
@start[271581184, 3405061632]: 544474326902777
@start[271581186, 1625219712]: 544474331807427
@start[271581186, 399029032]: 544474357016708
@start[271581186, 399029488]: 544474357018101
@start[271581184, 2519200448]: 544474411961999
@start[271581184, 197712064]: 544474436036908
@start[271581184, 161944064]: 544474474965830
@start[271581186, 196147448]: 544474528288271
@start[271581184, 3823339904]: 544474684338439
@start[271581184, 2257427872]: 544474699266652
@start[271581186, 2518781824]: 544474709626778
@start[271581186, 379330264]: 544474795815393
@start[271581184, 2687518848]: 544474806926832
@start[271581184, 1147652368]: 544474841907181
@start[271581185, 2265302208]: 544474911149409
@start[271581184, 2256914048]: 544474942282346
@start[271581186, 390194088]: 544474956879147
@start[271581186, 1776892064]: 544474989200648
@start[271581186, 2517681632]: 544474995498687
@start[271581186, 390392560]: 544475017697358
@start[271581185, 1068151008]: 544475028092530
@start[271581185, 1164359696]: 544475104292498
@start[271581186, 73727808]: 544475157617153
@start[271581186, 390635552]: 544475223265776
@start[271581186, 385429400]: 544475227732082
@start[271581186, 491855576]: 544475301824608
@start[271581185, 1165829008]: 544475303513433
@start[271581186, 74657496]: 544475308384229
@start[271581186, 55660864]: 544475315056543
@start[271581186, 2263557024]: 544475322897282
@start[271581186, 74815584]: 544475417103180
@start[271581185, 1068976272]: 544475417775383
@start[271581185, 1068976360]: 544475417778599
@start[271581185, 1165285736]: 544475467368924
@start[271581186, 74974856]: 544475494152855
@start[271581185, 1069242496]: 544475541481919
@start[271581185, 1069224808]: 544475552139113
@start[271581185, 1069225064]: 544475552141477
@start[271581186, 75379200]: 544475620153693
@start[271581186, 75397344]: 544475620155577
@start[271581185, 2518016800]: 544475640865289
@start[271581185, 1069615032]: 544475646977519
@start[271581185, 1069624848]: 544475646979112
@start[271581185, 998153784]: 544475705825157
@start[271581184, 194543520]: 544475757988989
@start[271581185, 1162446800]: 544475797256929
@start[271581185, 1067558616]: 544475833729704
@start[271581186, 1522496992]: 544475888987152
@start[271581184, 3512407256]: 544475892270935
@start[271581184, 3512407736]: 544475892449541
@start[271581184, 3512409368]: 544475892848832
@start[271581186, 412855528]: 544475942631358
@start[271581184, 1161596136]: 544475942638261
@start[271581184, 1158852768]: 544475982175116
@start[271581186, 297059928]: 544476050349927
@start[271581186, 419835528]: 544476087199761
@start[271581184, 1158090376]: 544476087209339
@start[271581186, 491872456]: 544476108833160
@start[271581185, 1063242792]: 544476111488241
@start[271581185, 1063243184]: 544476111489523
@start[271581186, 620392720]: 544476134212651
@start[271581186, 43279432]: 544476156294362
@start[271581184, 2236523840]: 544476205802943
@start[271581184, 1036553696]: 544476210658872
@start[271581184, 1396424480]: 544476216665323
@start[271581184, 997283128]: 544477320249155
