/home/maci/Desktop/7dtd/7dtd-loadgen/workspace/bench/lap1/horde-lite/apm/session_20260822_085321_pid855510/bt/offcpu.bt:27:20-25: WARNING: Expression of type: uint64 being cast to type: int64. This may cause unexpected results. Use an explicit cast to suppress this warning.
    $us = (uint64)(nsecs - @start[args.next_pid]) / 1000;
                   ~~~~~
/home/maci/Desktop/7dtd/7dtd-loadgen/workspace/bench/lap1/horde-lite/apm/session_20260822_085321_pid855510/bt/offcpu.bt:27:28-49: WARNING: Expression of type: uint64 being cast to type: int64. This may cause unexpected results. Use an explicit cast to suppress this warning.
    $us = (uint64)(nsecs - @start[args.next_pid]) / 1000;
                           ~~~~~~~~~~~~~~~~~~~~~
/home/maci/Desktop/7dtd/7dtd-loadgen/workspace/bench/lap1/horde-lite/apm/session_20260822_085321_pid855510/bt/offcpu.bt:28:5-35: WARNING: Return value discarded.
    delete(@start[args.next_pid]);
    ~~~~~~~~~~~~~~~~~~~~~~~~~~~~~~
/home/maci/Desktop/7dtd/7dtd-loadgen/workspace/bench/lap1/horde-lite/apm/session_20260822_085321_pid855510/bt/offcpu.bt:40:5-41: WARNING: Return value discarded.
    delete(@block_stack[args.next_pid]);
    ~~~~~~~~~~~~~~~~~~~~~~~~~~~~~~~~~~~~
/home/maci/Desktop/7dtd/7dtd-loadgen/workspace/bench/lap1/horde-lite/apm/session_20260822_085321_pid855510/bt/offcpu.bt:41:5-40: WARNING: Return value discarded.
    delete(@block_state[args.next_pid]);
    ~~~~~~~~~~~~~~~~~~~~~~~~~~~~~~~~~~~
STALL_MAIN 26942 us state=1
STALL_MAIN 31616 us state=1
STALL_MAIN 31103 us state=1
STALL_MAIN 30783 us state=1
STALL_MAIN 31226 us state=1
STALL_MAIN 31352 us state=1
STALL_MAIN 30826 us state=1
STALL_MAIN 33100 us state=1
STALL_MAIN 31959 us state=1
STALL_MAIN 33362 us state=1
STALL_MAIN 33484 us state=1
STALL_MAIN 28620 us state=1
STALL_MAIN 31873 us state=1
STALL_MAIN 28136 us state=1
STALL_MAIN 25797 us state=1
STALL_MAIN 27961 us state=1
STALL_MAIN 24583 us state=1
STALL_MAIN 31088 us state=1
STALL_MAIN 32825 us state=1
STALL_MAIN 27223 us state=1
STALL_MAIN 31821 us state=1
STALL_MAIN 29595 us state=1
STALL_MAIN 22510 us state=1
STALL_MAIN 29728 us state=1
STALL_MAIN 29134 us state=1
STALL_MAIN 29139 us state=1
STALL_MAIN 29394 us state=1
STALL_MAIN 31984 us state=1
STALL_MAIN 34865 us state=1
STALL_MAIN 35139 us state=1
STALL_MAIN 34200 us state=1
STALL_MAIN 29961 us state=1
STALL_MAIN 33630 us state=1
STALL_MAIN 35659 us state=1
STALL_MAIN 33087 us state=1
STALL_MAIN 34152 us state=1
STALL_MAIN 33056 us state=1
STALL_MAIN 34183 us state=1
STALL_MAIN 34557 us state=1
STALL_MAIN 34822 us state=1
STALL_MAIN 34800 us state=1
STALL_MAIN 29291 us state=1
STALL_MAIN 25053 us state=1
STALL_MAIN 32083 us state=1
STALL_MAIN 32468 us state=1
STALL_MAIN 33820 us state=1
STALL_MAIN 27651 us state=1
STALL_MAIN 34161 us state=1
STALL_MAIN 36044 us state=1
STALL_MAIN 32187 us state=1
STALL_MAIN 29547 us state=1
STALL_MAIN 32209 us state=1
STALL_MAIN 30502 us state=1
STALL_MAIN 26794 us state=1
STALL_MAIN 27024 us state=1
STALL_MAIN 31331 us state=1
STALL_MAIN 33466 us state=1
STALL_MAIN 32530 us state=1
STALL_MAIN 31138 us state=1
STALL_MAIN 31640 us state=1
STALL_MAIN 27990 us state=1
STALL_MAIN 25303 us state=1
STALL_MAIN 33069 us state=1
STALL_MAIN 36324 us state=1
STALL_MAIN 37231 us state=1
STALL_MAIN 34648 us state=1
STALL_MAIN 36796 us state=1
STALL_MAIN 35544 us state=1
STALL_MAIN 37185 us state=1
STALL_MAIN 34926 us state=1
STALL_MAIN 27269 us state=1
STALL_MAIN 32941 us state=1
STALL_MAIN 35502 us state=1
STALL_MAIN 32896 us state=1
STALL_MAIN 32989 us state=1
STALL_MAIN 20754 us state=1
STALL_MAIN 33229 us state=1
STALL_MAIN 33924 us state=1
STALL_MAIN 34188 us state=1
STALL_MAIN 31382 us state=1
STALL_MAIN 34920 us state=1
STALL_MAIN 36487 us state=1
STALL_MAIN 35594 us state=1
STALL_MAIN 35108 us state=1
STALL_MAIN 33365 us state=1
STALL_MAIN 36011 us state=1
STALL_MAIN 34644 us state=1
STALL_MAIN 35843 us state=1
STALL_MAIN 34322 us state=1
STALL_MAIN 34486 us state=1
STALL_MAIN 35543 us state=1
STALL_MAIN 37186 us state=1
STALL_MAIN 37516 us state=1
STALL_MAIN 36506 us state=1
STALL_MAIN 35123 us state=1
STALL_MAIN 33955 us state=1
STALL_MAIN 34402 us state=1
STALL_MAIN 31596 us state=1
STALL_MAIN 33675 us state=1
STALL_MAIN 33915 us state=1
STALL_MAIN 34679 us state=1
STALL_MAIN 35096 us state=1
STALL_MAIN 34767 us state=1
STALL_MAIN 35028 us state=1
STALL_MAIN 34576 us state=1
STALL_MAIN 34840 us state=1
STALL_MAIN 27481 us state=1
STALL_MAIN 34384 us state=1
STALL_MAIN 35667 us state=1
STALL_MAIN 37174 us state=1
STALL_MAIN 35454 us state=1
STALL_MAIN 36696 us state=1
STALL_MAIN 35049 us state=1
STALL_MAIN 34254 us state=1
STALL_MAIN 35812 us state=1
STALL_MAIN 34974 us state=1
STALL_MAIN 35234 us state=1
STALL_MAIN 35582 us state=1
STALL_MAIN 35131 us state=1
STALL_MAIN 36175 us state=1
STALL_MAIN 34487 us state=1
STALL_MAIN 33337 us state=1
STALL_MAIN 35064 us state=1
STALL_MAIN 36006 us state=1
STALL_MAIN 35340 us state=1
STALL_MAIN 34968 us state=1
STALL_MAIN 35748 us state=1
STALL_MAIN 35987 us state=1
STALL_MAIN 35107 us state=1
STALL_MAIN 33972 us state=1
STALL_MAIN 28429 us state=1
STALL_MAIN 35072 us state=1
STALL_MAIN 20733 us state=1
STALL_MAIN 33974 us state=1
STALL_MAIN 34557 us state=1
STALL_MAIN 34614 us state=1
STALL_MAIN 34920 us state=1
STALL_MAIN 33163 us state=1
STALL_MAIN 35117 us state=1
STALL_MAIN 21436 us state=1
STALL_MAIN 31739 us state=1
STALL_MAIN 26703 us state=1
STALL_MAIN 27026 us state=1
STALL_MAIN 30482 us state=1
STALL_MAIN 32446 us state=1
STALL_MAIN 31846 us state=1
STALL_MAIN 36166 us state=1
STALL_MAIN 33669 us state=1
STALL_MAIN 29972 us state=1
STALL_MAIN 31900 us state=1
STALL_MAIN 33055 us state=1
STALL_MAIN 34031 us state=1
STALL_MAIN 34512 us state=1
STALL_MAIN 30839 us state=1
STALL_MAIN 30181 us state=1
STALL_MAIN 32450 us state=1
STALL_MAIN 31670 us state=1
STALL_MAIN 32818 us state=1
STALL_MAIN 31296 us state=1
STALL_MAIN 34018 us state=1
STALL_MAIN 26620 us state=1
STALL_MAIN 32623 us state=1
STALL_MAIN 30125 us state=1
STALL_MAIN 36367 us state=1
STALL_MAIN 33320 us state=1
STALL_MAIN 30071 us state=1
STALL_MAIN 32760 us state=1
STALL_MAIN 34866 us state=1
STALL_MAIN 34740 us state=1
STALL_MAIN 18200 us state=1
STALL_MAIN 29252 us state=1
STALL_MAIN 32778 us state=1
STALL_MAIN 32978 us state=1
STALL_MAIN 34443 us state=1
STALL_MAIN 32043 us state=1
STALL_MAIN 32318 us state=1
STALL_MAIN 26186 us state=1
STALL_MAIN 30636 us state=1
STALL_MAIN 34263 us state=1
STALL_MAIN 33402 us state=1
STALL_MAIN 35794 us state=1
STALL_MAIN 32989 us state=1
STALL_MAIN 33256 us state=1
STALL_MAIN 34254 us state=1
STALL_MAIN 28445 us state=1
STALL_MAIN 24710 us state=1
STALL_MAIN 30025 us state=1
STALL_MAIN 33527 us state=1
STALL_MAIN 27139 us state=1
STALL_MAIN 29845 us state=1
STALL_MAIN 31797 us state=1
STALL_MAIN 33598 us state=1
STALL_MAIN 33632 us state=1
STALL_MAIN 24937 us state=1
STALL_MAIN 32552 us state=1
STALL_MAIN 33159 us state=1
STALL_MAIN 34129 us state=1
STALL_MAIN 34416 us state=1
STALL_MAIN 34656 us state=1
STALL_MAIN 34779 us state=1
STALL_MAIN 31334 us state=1
STALL_MAIN 30869 us state=1
STALL_MAIN 30608 us state=1
STALL_MAIN 30713 us state=1
STALL_MAIN 29180 us state=1
STALL_MAIN 25817 us state=1
STALL_MAIN 32179 us state=1
STALL_MAIN 32686 us state=1
STALL_MAIN 33376 us state=1
STALL_MAIN 33273 us state=1
STALL_MAIN 35237 us state=1
STALL_MAIN 31701 us state=1
STALL_MAIN 31060 us state=1
STALL_MAIN 31393 us state=1
STALL_MAIN 33470 us state=1
STALL_MAIN 34070 us state=1
STALL_MAIN 35945 us state=1
STALL_MAIN 37128 us state=1
STALL_MAIN 34129 us state=1
STALL_MAIN 38100 us state=1
STALL_MAIN 37144 us state=1
STALL_MAIN 27950 us state=1
STALL_MAIN 33185 us state=1
STALL_MAIN 35632 us state=1
STALL_MAIN 35093 us state=1
STALL_MAIN 34721 us state=1
STALL_MAIN 35668 us state=1
STALL_MAIN 34557 us state=1
STALL_MAIN 33845 us state=1
STALL_MAIN 34923 us state=1
STALL_MAIN 35554 us state=1
STALL_MAIN 35209 us state=1
STALL_MAIN 34905 us state=1
STALL_MAIN 34896 us state=1
STALL_MAIN 36745 us state=1
STALL_MAIN 35029 us state=1
STALL_MAIN 31196 us state=1
STALL_MAIN 35581 us state=1
STALL_MAIN 37458 us state=1
STALL_MAIN 38263 us state=1
STALL_MAIN 38767 us state=1
STALL_MAIN 34399 us state=1
STALL_MAIN 35325 us state=1
STALL_MAIN 35244 us state=1
STALL_MAIN 35857 us state=1
STALL_MAIN 28495 us state=1
STALL_MAIN 35473 us state=1
STALL_MAIN 34491 us state=1
STALL_MAIN 34722 us state=1
STALL_MAIN 37117 us state=1
STALL_MAIN 37091 us state=1
STALL_MAIN 33674 us state=1
STALL_MAIN 34259 us state=1
STALL_MAIN 34139 us state=1
STALL_MAIN 32528 us state=1
STALL_MAIN 34130 us state=1
STALL_MAIN 33637 us state=1
STALL_MAIN 33798 us state=1
STALL_MAIN 35376 us state=1
STALL_MAIN 32975 us state=1
STALL_MAIN 35267 us state=1
STALL_MAIN 34829 us state=1
STALL_MAIN 33909 us state=1
STALL_MAIN 30363 us state=1
STALL_MAIN 33322 us state=1
STALL_MAIN 34161 us state=1
STALL_MAIN 34298 us state=1
STALL_MAIN 33797 us state=1
STALL_MAIN 34763 us state=1
STALL_MAIN 33705 us state=1
STALL_MAIN 35285 us state=1
STALL_MAIN 31887 us state=1
STALL_MAIN 34307 us state=1
STALL_MAIN 34264 us state=1
STALL_MAIN 34540 us state=1
STALL_MAIN 35255 us state=1
STALL_MAIN 35655 us state=1
STALL_MAIN 36836 us state=1
STALL_MAIN 31543 us state=1
STALL_MAIN 34353 us state=1
STALL_MAIN 33709 us state=1
STALL_MAIN 35235 us state=1
STALL_MAIN 32134 us state=1
STALL_MAIN 33435 us state=1
STALL_MAIN 33985 us state=1
STALL_MAIN 21743 us state=1
STALL_MAIN 34547 us state=1
STALL_MAIN 34715 us state=1
STALL_MAIN 35010 us state=1
STALL_MAIN 35652 us state=1
STALL_MAIN 34650 us state=1
STALL_MAIN 33470 us state=1
STALL_MAIN 21639 us state=1
STALL_MAIN 32140 us state=1
STALL_MAIN 19621 us state=1
STALL_MAIN 31246 us state=1
STALL_MAIN 30686 us state=1
STALL_MAIN 29659 us state=1
STALL_MAIN 33771 us state=1
STALL_MAIN 30583 us state=1
STALL_MAIN 32768 us state=1
STALL_MAIN 29286 us state=1
STALL_MAIN 32918 us state=1
STALL_MAIN 32561 us state=1
STALL_MAIN 25791 us state=1
STALL_MAIN 32459 us state=1
STALL_MAIN 32989 us state=1
STALL_MAIN 28539 us state=1
STALL_MAIN 31307 us state=1
STALL_MAIN 26492 us state=1
STALL_MAIN 31404 us state=1
STALL_MAIN 30906 us state=1
STALL_MAIN 22751 us state=1
STALL_MAIN 32117 us state=1
STALL_MAIN 28275 us state=1
STALL_MAIN 30694 us state=1
STALL_MAIN 33338 us state=1
STALL_MAIN 34005 us state=1
STALL_MAIN 34764 us state=1
STALL_MAIN 32031 us state=1
STALL_MAIN 32109 us state=1
STALL_MAIN 33961 us state=1
STALL_MAIN 31455 us state=1
STALL_MAIN 33913 us state=1
STALL_MAIN 33607 us state=1
STALL_MAIN 32840 us state=1
STALL_MAIN 33326 us state=1
STALL_MAIN 34319 us state=1
STALL_MAIN 32474 us state=1
STALL_MAIN 33037 us state=1
STALL_MAIN 33526 us state=1
STALL_MAIN 32575 us state=1
STALL_MAIN 33339 us state=1
STALL_MAIN 31626 us state=1
STALL_MAIN 34528 us state=1
STALL_MAIN 31366 us state=1
STALL_MAIN 32724 us state=1
STALL_MAIN 33187 us state=1
STALL_MAIN 33517 us state=1
STALL_MAIN 35039 us state=1
STALL_MAIN 34409 us state=1
STALL_MAIN 33849 us state=1
STALL_MAIN 33223 us state=1
STALL_MAIN 33182 us state=1
STALL_MAIN 33856 us state=1
STALL_MAIN 33995 us state=1
STALL_MAIN 34781 us state=1
STALL_MAIN 34006 us state=1
STALL_MAIN 31304 us state=1
STALL_MAIN 31742 us state=1
STALL_MAIN 31352 us state=1
STALL_MAIN 31252 us state=1
STALL_MAIN 25868 us state=1
STALL_MAIN 34555 us state=1
STALL_MAIN 34194 us state=1
STALL_MAIN 34046 us state=1
STALL_MAIN 33457 us state=1
STALL_MAIN 32109 us state=1
STALL_MAIN 25978 us state=1
STALL_MAIN 30805 us state=1
STALL_MAIN 31739 us state=1
STALL_MAIN 35515 us state=1
STALL_MAIN 34158 us state=1
STALL_MAIN 36922 us state=1
STALL_MAIN 36338 us state=1
STALL_MAIN 38063 us state=1
STALL_MAIN 35371 us state=1
STALL_MAIN 34150 us state=1
STALL_MAIN 34225 us state=1
STALL_MAIN 34298 us state=1
STALL_MAIN 35442 us state=1
STALL_MAIN 34758 us state=1
STALL_MAIN 34398 us state=1
STALL_MAIN 34501 us state=1
STALL_MAIN 22588 us state=1
STALL_MAIN 34160 us state=1
STALL_MAIN 37349 us state=1
STALL_MAIN 36124 us state=1
STALL_MAIN 36976 us state=1
STALL_MAIN 36745 us state=1
STALL_MAIN 36255 us state=1
STALL_MAIN 35853 us state=1
STALL_MAIN 36205 us state=1
STALL_MAIN 33790 us state=1
STALL_MAIN 35452 us state=1
STALL_MAIN 37493 us state=1
STALL_MAIN 37903 us state=1
STALL_MAIN 36019 us state=1
STALL_MAIN 36453 us state=1
STALL_MAIN 36114 us state=1
STALL_MAIN 35867 us state=1
STALL_MAIN 36131 us state=1
STALL_MAIN 35114 us state=1
STALL_MAIN 34994 us state=1
STALL_MAIN 35780 us state=1
STALL_MAIN 34037 us state=1
STALL_MAIN 33966 us state=1
STALL_MAIN 35620 us state=1
STALL_MAIN 33526 us state=1
STALL_MAIN 34100 us state=1
STALL_MAIN 35236 us state=1
STALL_MAIN 34189 us state=1
STALL_MAIN 35099 us state=1
STALL_MAIN 34263 us state=1
STALL_MAIN 34430 us state=1
STALL_MAIN 34686 us state=1
STALL_MAIN 34323 us state=1
STALL_MAIN 32285 us state=1
STALL_MAIN 34060 us state=1
STALL_MAIN 35393 us state=1
STALL_MAIN 36536 us state=1
STALL_MAIN 36971 us state=1
STALL_MAIN 33841 us state=1
STALL_MAIN 35889 us state=1
STALL_MAIN 35742 us state=1
STALL_MAIN 34406 us state=1
STALL_MAIN 34504 us state=1
STALL_MAIN 34136 us state=1
STALL_MAIN 34483 us state=1
STALL_MAIN 34928 us state=1
STALL_MAIN 33177 us state=1
STALL_MAIN 34206 us state=1
STALL_MAIN 32680 us state=1
STALL_MAIN 33820 us state=1
STALL_MAIN 33453 us state=1
STALL_MAIN 32669 us state=1
STALL_MAIN 35219 us state=1
STALL_MAIN 33524 us state=1
STALL_MAIN 34097 us state=1
STALL_MAIN 33334 us state=1
STALL_MAIN 34304 us state=1
STALL_MAIN 34216 us state=1
STALL_MAIN 33380 us state=1
STALL_MAIN 33751 us state=1
STALL_MAIN 32991 us state=1
STALL_MAIN 31323 us state=1
STALL_MAIN 33775 us state=1
STALL_MAIN 30533 us state=1
STALL_MAIN 32766 us state=1
STALL_MAIN 33141 us state=1
STALL_MAIN 33882 us state=1
STALL_MAIN 34692 us state=1
STALL_MAIN 32503 us state=1
STALL_MAIN 33744 us state=1
STALL_MAIN 35613 us state=1
STALL_MAIN 34540 us state=1
STALL_MAIN 32659 us state=1
STALL_MAIN 33576 us state=1
STALL_MAIN 33783 us state=1
STALL_MAIN 24719 us state=1
STALL_MAIN 35121 us state=1
STALL_MAIN 35667 us state=1
STALL_MAIN 36193 us state=1
STALL_MAIN 33992 us state=1
STALL_MAIN 30935 us state=1
STALL_MAIN 31991 us state=1
STALL_MAIN 23330 us state=1
STALL_MAIN 33571 us state=1
STALL_MAIN 33206 us state=1
STALL_MAIN 25687 us state=1
STALL_MAIN 34250 us state=1
STALL_MAIN 31931 us state=1
STALL_MAIN 29280 us state=1
STALL_MAIN 31860 us state=1
STALL_MAIN 34334 us state=1
STALL_MAIN 31436 us state=1
STALL_MAIN 33240 us state=1
STALL_MAIN 32673 us state=1
STALL_MAIN 33172 us state=1
STALL_MAIN 30928 us state=1
STALL_MAIN 26942 us state=1
STALL_MAIN 30103 us state=1
STALL_MAIN 28017 us state=1
STALL_MAIN 32296 us state=1
STALL_MAIN 31861 us state=1
STALL_MAIN 31970 us state=1
STALL_MAIN 33590 us state=1
STALL_MAIN 30905 us state=1
STALL_MAIN 32124 us state=1
STALL_MAIN 31206 us state=1
STALL_MAIN 29148 us state=1
STALL_MAIN 35495 us state=1
STALL_MAIN 34234 us state=1
STALL_MAIN 26702 us state=1
STALL_MAIN 31885 us state=1
STALL_MAIN 33492 us state=1
STALL_MAIN 32902 us state=1
STALL_MAIN 30854 us state=1
STALL_MAIN 30847 us state=1
STALL_MAIN 31072 us state=1
STALL_MAIN 29692 us state=1
STALL_MAIN 32510 us state=1
STALL_MAIN 31505 us state=1
STALL_MAIN 33871 us state=1
STALL_MAIN 33704 us state=1
STALL_MAIN 34272 us state=1
STALL_MAIN 34385 us state=1
STALL_MAIN 32991 us state=1
STALL_MAIN 32379 us state=1
STALL_MAIN 23623 us state=1
STALL_MAIN 24344 us state=1
STALL_MAIN 25031 us state=1
STALL_MAIN 17063 us state=1
STALL_MAIN 19131 us state=1
STALL_MAIN 24978 us state=1
STALL_MAIN 27849 us state=1
STALL_MAIN 27921 us state=1
STALL_MAIN 24459 us state=1
STALL_MAIN 17346 us state=1
STALL_MAIN 26543 us state=1
STALL_MAIN 28274 us state=1
STALL_MAIN 28112 us state=1
STALL_MAIN 24920 us state=1
STALL_MAIN 20153 us state=1
STALL_MAIN 23286 us state=1
STALL_MAIN 27712 us state=1
STALL_MAIN 27068 us state=1
STALL_MAIN 20064 us state=1
STALL_MAIN 25224 us state=1
STALL_MAIN 25046 us state=1
STALL_MAIN 34167 us state=1
STALL_MAIN 33826 us state=1
STALL_MAIN 34159 us state=1
STALL_MAIN 34168 us state=1
STALL_MAIN 34838 us state=1
STALL_MAIN 35378 us state=1
STALL_MAIN 34911 us state=1
STALL_MAIN 32214 us state=1
STALL_MAIN 33618 us state=1
STALL_MAIN 32970 us state=1
STALL_MAIN 33033 us state=1
STALL_MAIN 33649 us state=1
STALL_MAIN 34262 us state=1
STALL_MAIN 35136 us state=1
STALL_MAIN 35312 us state=1
STALL_MAIN 34852 us state=1
STALL_MAIN 31309 us state=1
STALL_MAIN 32366 us state=1
STALL_MAIN 32202 us state=1
STALL_MAIN 35434 us state=1
STALL_MAIN 33156 us state=1
STALL_MAIN 31784 us state=1
STALL_MAIN 33487 us state=1
STALL_MAIN 33391 us state=1
STALL_MAIN 33575 us state=1
STALL_MAIN 33029 us state=1
STALL_MAIN 31451 us state=1
STALL_MAIN 33638 us state=1
STALL_MAIN 29502 us state=1
STALL_MAIN 29557 us state=1
STALL_MAIN 31982 us state=1
STALL_MAIN 31415 us state=1
STALL_MAIN 33988 us state=1
STALL_MAIN 31726 us state=1
STALL_MAIN 32153 us state=1
STALL_MAIN 28648 us state=1
STALL_MAIN 30915 us state=1
STALL_MAIN 30602 us state=1
STALL_MAIN 32459 us state=1
STALL_MAIN 33861 us state=1
STALL_MAIN 32855 us state=1
STALL_MAIN 34497 us state=1
STALL_MAIN 33829 us state=1
STALL_MAIN 32623 us state=1
STALL_MAIN 31014 us state=1
STALL_MAIN 33951 us state=1
STALL_MAIN 31041 us state=1
STALL_MAIN 32540 us state=1
STALL_MAIN 31920 us state=1
STALL_MAIN 31723 us state=1
STALL_MAIN 25109 us state=1
STALL_MAIN 27739 us state=1
STALL_MAIN 30010 us state=1
STALL_MAIN 31163 us state=1
STALL_MAIN 31632 us state=1
STALL_MAIN 31648 us state=1
STALL_MAIN 32614 us state=1
STALL_MAIN 32147 us state=1
STALL_MAIN 32994 us state=1
STALL_MAIN 30525 us state=1
STALL_MAIN 26628 us state=1
STALL_MAIN 33021 us state=1
STALL_MAIN 34072 us state=1
STALL_MAIN 33726 us state=1
STALL_MAIN 31960 us state=1
STALL_MAIN 32143 us state=1
STALL_MAIN 31529 us state=1
STALL_MAIN 34062 us state=1

=== main-thread off-CPU duration hist (us) ===
@offcpu_us:
[1]                    2 |                                                    |
[2, 4)              2251 |@@@@@@@@@@@@@@@@@@@@@@@@@@@@@@@@@@@@@@@@@@          |
[4, 8)              2785 |@@@@@@@@@@@@@@@@@@@@@@@@@@@@@@@@@@@@@@@@@@@@@@@@@@@@|
[8, 16)             1505 |@@@@@@@@@@@@@@@@@@@@@@@@@@@@                        |
[16, 32)             357 |@@@@@@                                              |
[32, 64)             108 |@@                                                  |
[64, 128)             29 |                                                    |
[128, 256)           136 |@@                                                  |
[256, 512)            18 |                                                    |
[512, 1K)             13 |                                                    |
[1K, 2K)              15 |                                                    |
[2K, 4K)               1 |                                                    |
[4K, 8K)               3 |                                                    |
[8K, 16K)              0 |                                                    |
[16K, 32K)           234 |@@@@                                                |
[32K, 64K)           354 |@@@@@@                                              |


=== switch-out counts by prev_state (R=0 S=1 D=2 ...) ===
@by_state[2]: 28
@by_state[256]: 197
@by_state[0]: 902
@by_state[1]: 6684

=== stall totals (>=1ms blocks) ===
@stall_us_total: 19176916
@stall_n: 607

=== stall time by thread state (us) ===
@stall_state_us[256]: 7009
@stall_state_us[0]: 14968
@stall_state_us[1]: 19154939

=== stall time by blocking stack (us, top 20) ===
@stall_stack_us[
        syscall+29
        0x7f9500c608d0
]: 1054
@stall_stack_us[
        0x7f949c9acc1d
        0
]: 1558
@stall_stack_us[
        0x7f949ca0f60f
]: 1609
@stall_stack_us[
        0x7f949c9cb62c
]: 1831
@stall_stack_us[
        0x7f949ca0c35d
]: 3250
@stall_stack_us[
        0x4019be20
        0x4046dfb8
        0x40785934
        0x401c67a6
        0x7f949c846428
        0x7f949c9e578f
        0x558431b82490
]: 5080
@stall_stack_us[
        0x7f949c9ace8e
        0
]: 6720
@stall_stack_us[
        syscall+29
]: 9304
@stall_stack_us[
        0x7f953cab61f2
]: 19146510


@by_state[2]: 28
@by_state[256]: 197
@by_state[0]: 902
@by_state[1]: 6684
@offcpu_us:
[1]                    2 |                                                    |
[2, 4)              2251 |@@@@@@@@@@@@@@@@@@@@@@@@@@@@@@@@@@@@@@@@@@          |
[4, 8)              2785 |@@@@@@@@@@@@@@@@@@@@@@@@@@@@@@@@@@@@@@@@@@@@@@@@@@@@|
[8, 16)             1505 |@@@@@@@@@@@@@@@@@@@@@@@@@@@@                        |
[16, 32)             357 |@@@@@@                                              |
[32, 64)             108 |@@                                                  |
[64, 128)             29 |                                                    |
[128, 256)           136 |@@                                                  |
[256, 512)            18 |                                                    |
[512, 1K)             13 |                                                    |
[1K, 2K)              15 |                                                    |
[2K, 4K)               1 |                                                    |
[4K, 8K)               3 |                                                    |
[8K, 16K)              0 |                                                    |
[16K, 32K)           234 |@@@@                                                |
[32K, 64K)           354 |@@@@@@                                              |

@stall_n: 607
@stall_stack_us[
        syscall+29
        0x7f9500c608d0
]: 1054
@stall_stack_us[
        0x7f949c9acc1d
        0
]: 1558
@stall_stack_us[
        0x7f949ca0f60f
]: 1609
@stall_stack_us[
        0x7f949c9cb62c
]: 1831
@stall_stack_us[
        0x7f949ca0c35d
]: 3250
@stall_stack_us[
        0x4019be20
        0x4046dfb8
        0x40785934
        0x401c67a6
        0x7f949c846428
        0x7f949c9e578f
        0x558431b82490
]: 5080
@stall_stack_us[
        0x7f949c9ace8e
        0
]: 6720
@stall_stack_us[
        syscall+29
]: 9304
@stall_stack_us[
        0x7f953cab61f2
]: 19146510
@stall_state_us[256]: 7009
@stall_state_us[0]: 14968
@stall_state_us[1]: 19154939
@stall_us_total: 19176916
