/home/maci/Desktop/7dtd/7dtd-loadgen/workspace/bench/lap1/horde-lite/apm/session_20260822_085321_pid855510/bt/runqlat.bt:20:12-48: WARNING: signed operands for '/' can lead to undefined behavior (cast to unsigned to silence warning)
    $us = (nsecs - @wake[args.next_pid]) / 1000;
           ~~~~~~~~~~~~~~~~~~~~~~~~~~~~~~~~~~~~
/home/maci/Desktop/7dtd/7dtd-loadgen/workspace/bench/lap1/horde-lite/apm/session_20260822_085321_pid855510/bt/runqlat.bt:20:12-48: WARNING: signed operands for '/' can lead to undefined behavior (cast to unsigned to silence warning)
    $us = (nsecs - @wake[args.next_pid]) / 1000;
           ~~~~~~~~~~~~~~~~~~~~~~~~~~~~~~~~~~~~
/home/maci/Desktop/7dtd/7dtd-loadgen/workspace/bench/lap1/horde-lite/apm/session_20260822_085321_pid855510/bt/runqlat.bt:20:12-17: WARNING: Expression of type: uint64 being cast to type: int64. This may cause unexpected results. Use an explicit cast to suppress this warning.
    $us = (nsecs - @wake[args.next_pid]) / 1000;
           ~~~~~
/home/maci/Desktop/7dtd/7dtd-loadgen/workspace/bench/lap1/horde-lite/apm/session_20260822_085321_pid855510/bt/runqlat.bt:20:20-40: WARNING: Expression of type: uint64 being cast to type: int64. This may cause unexpected results. Use an explicit cast to suppress this warning.
    $us = (nsecs - @wake[args.next_pid]) / 1000;
                   ~~~~~~~~~~~~~~~~~~~~
/home/maci/Desktop/7dtd/7dtd-loadgen/workspace/bench/lap1/horde-lite/apm/session_20260822_085321_pid855510/bt/runqlat.bt:21:5-34: WARNING: Return value discarded.
    delete(@wake[args.next_pid]);
    ~~~~~~~~~~~~~~~~~~~~~~~~~~~~~

=== run-queue latency (us) for 7DaysToDieServe ===
0-10us ideal; multi-ms = CPU contention or affinity issues
@runqlat_us:
[0]                 8621 |@@@@@@@@@@@@@@@@@@@@@@@@@@@@@@@@@@@@@@@@@@@@@@@@@@@@|
[1]                 3305 |@@@@@@@@@@@@@@@@@@@                                 |
[2, 4)               784 |@@@@                                                |
[4, 8)               123 |                                                    |
[8, 16)               67 |                                                    |
[16, 32)              45 |                                                    |
[32, 64)              24 |                                                    |
[64, 128)             17 |                                                    |
[128, 256)            21 |                                                    |
[256, 512)            16 |                                                    |
[512, 1K)              6 |                                                    |
[1K, 2K)               2 |                                                    |
[2K, 4K)               0 |                                                    |
[4K, 8K)               1 |                                                    |



@runqlat_us:
[0]                 8621 |@@@@@@@@@@@@@@@@@@@@@@@@@@@@@@@@@@@@@@@@@@@@@@@@@@@@|
[1]                 3305 |@@@@@@@@@@@@@@@@@@@                                 |
[2, 4)               784 |@@@@                                                |
[4, 8)               123 |                                                    |
[8, 16)               67 |                                                    |
[16, 32)              45 |                                                    |
[32, 64)              24 |                                                    |
[64, 128)             17 |                                                    |
[128, 256)            21 |                                                    |
[256, 512)            16 |                                                    |
[512, 1K)              6 |                                                    |
[1K, 2K)               2 |                                                    |
[2K, 4K)               0 |                                                    |
[4K, 8K)               1 |                                                    |

