/home/maci/Desktop/7dtd/7dtd-loadgen/workspace/bench/lap1/probe-15s/apm/session_20260822_083749_pid829742/bt/block.bt:20:12-57: WARNING: signed operands for '/' can lead to undefined behavior (cast to unsigned to silence warning)
    $us = (nsecs - @start[args.dev, args.sector]) / 1000;
           ~~~~~~~~~~~~~~~~~~~~~~~~~~~~~~~~~~~~~~~~~~~~~
/home/maci/Desktop/7dtd/7dtd-loadgen/workspace/bench/lap1/probe-15s/apm/session_20260822_083749_pid829742/bt/block.bt:20:12-57: WARNING: signed operands for '/' can lead to undefined behavior (cast to unsigned to silence warning)
    $us = (nsecs - @start[args.dev, args.sector]) / 1000;
           ~~~~~~~~~~~~~~~~~~~~~~~~~~~~~~~~~~~~~~~~~~~~~
/home/maci/Desktop/7dtd/7dtd-loadgen/workspace/bench/lap1/probe-15s/apm/session_20260822_083749_pid829742/bt/block.bt:20:12-17: WARNING: Expression of type: uint64 being cast to type: int64. This may cause unexpected results. Use an explicit cast to suppress this warning.
    $us = (nsecs - @start[args.dev, args.sector]) / 1000;
           ~~~~~
/home/maci/Desktop/7dtd/7dtd-loadgen/workspace/bench/lap1/probe-15s/apm/session_20260822_083749_pid829742/bt/block.bt:20:20-49: WARNING: Expression of type: uint64 being cast to type: int64. This may cause unexpected results. Use an explicit cast to suppress this warning.
    $us = (nsecs - @start[args.dev, args.sector]) / 1000;
                   ~~~~~~~~~~~~~~~~~~~~~~~~~~~~~
/home/maci/Desktop/7dtd/7dtd-loadgen/workspace/bench/lap1/probe-15s/apm/session_20260822_083749_pid829742/bt/block.bt:21:5-43: WARNING: Return value discarded.
    delete(@start[args.dev, args.sector]);
    ~~~~~~~~~~~~~~~~~~~~~~~~~~~~~~~~~~~~~~
16:37:55 @issue_n: 2123
@complete_n: 2084
@lat_sum_us: 398331
16:38:00 @issue_n: 3961
@complete_n: 3889
@lat_sum_us: 882667
16:38:05 @issue_n: 11298
@complete_n: 9838
@lat_sum_us: 1366537
16:38:10 @issue_n: 13673
@complete_n: 12101
@lat_sum_us: 1712672
16:38:15 @issue_n: 14621
@complete_n: 13030
@lat_sum_us: 2007833
16:38:20 @issue_n: 15729
@complete_n: 14121
@lat_sum_us: 2227805

=== block RQ latency us ===
@lat_us:
[0]                   77 |                                                    |
[1]                   61 |                                                    |
[2, 4)               138 |@                                                   |
[4, 8)               671 |@@@@@@                                              |
[8, 16)             2592 |@@@@@@@@@@@@@@@@@@@@@@@@@                           |
[16, 32)             721 |@@@@@@@                                             |
[32, 64)            2619 |@@@@@@@@@@@@@@@@@@@@@@@@@                           |
[64, 128)           5275 |@@@@@@@@@@@@@@@@@@@@@@@@@@@@@@@@@@@@@@@@@@@@@@@@@@@@|
[128, 256)          1087 |@@@@@@@@@@                                          |
[256, 512)           189 |@                                                   |
[512, 1K)            158 |@                                                   |
[1K, 2K)             346 |@@@                                                 |
[2K, 4K)             162 |@                                                   |
[4K, 8K)              25 |                                                    |


=== issue size bytes ===
@issue_bytes:
[0]                  186 |@                                                   |
[1]                    0 |                                                    |
[2, 4)                 0 |                                                    |
[4, 8)                 0 |                                                    |
[8, 16)                0 |                                                    |
[16, 32)               0 |                                                    |
[32, 64)               0 |                                                    |
[64, 128)              0 |                                                    |
[128, 256)             0 |                                                    |
[256, 512)             0 |                                                    |
[512, 1K)             11 |                                                    |
[1K, 2K)               0 |                                                    |
[2K, 4K)               0 |                                                    |
[4K, 8K)            5114 |@@@@@@@@@@@@@@@@@@@@@@@@@@@@@@@@@@@@@@@@@@@@@@@@@@@ |
[8K, 16K)           2247 |@@@@@@@@@@@@@@@@@@@@@@                              |
[16K, 32K)          5208 |@@@@@@@@@@@@@@@@@@@@@@@@@@@@@@@@@@@@@@@@@@@@@@@@@@@@|
[32K, 64K)          1749 |@@@@@@@@@@@@@@@@@                                   |
[64K, 128K)          578 |@@@@@                                               |
[128K, 256K)         636 |@@@@@@                                              |


counts issue/complete:
@issue_n: 15729
@complete_n: 14121


@complete_n: 14121
@issue_bytes:
[0]                  186 |@                                                   |
[1]                    0 |                                                    |
[2, 4)                 0 |                                                    |
[4, 8)                 0 |                                                    |
[8, 16)                0 |                                                    |
[16, 32)               0 |                                                    |
[32, 64)               0 |                                                    |
[64, 128)              0 |                                                    |
[128, 256)             0 |                                                    |
[256, 512)             0 |                                                    |
[512, 1K)             11 |                                                    |
[1K, 2K)               0 |                                                    |
[2K, 4K)               0 |                                                    |
[4K, 8K)            5114 |@@@@@@@@@@@@@@@@@@@@@@@@@@@@@@@@@@@@@@@@@@@@@@@@@@@ |
[8K, 16K)           2247 |@@@@@@@@@@@@@@@@@@@@@@                              |
[16K, 32K)          5208 |@@@@@@@@@@@@@@@@@@@@@@@@@@@@@@@@@@@@@@@@@@@@@@@@@@@@|
[32K, 64K)          1749 |@@@@@@@@@@@@@@@@@                                   |
[64K, 128K)          578 |@@@@@                                               |
[128K, 256K)         636 |@@@@@@                                              |

@issue_n: 15729
@lat_sum_us: 2227805
@lat_us:
[0]                   77 |                                                    |
[1]                   61 |                                                    |
[2, 4)               138 |@                                                   |
[4, 8)               671 |@@@@@@                                              |
[8, 16)             2592 |@@@@@@@@@@@@@@@@@@@@@@@@@                           |
[16, 32)             721 |@@@@@@@                                             |
[32, 64)            2619 |@@@@@@@@@@@@@@@@@@@@@@@@@                           |
[64, 128)           5275 |@@@@@@@@@@@@@@@@@@@@@@@@@@@@@@@@@@@@@@@@@@@@@@@@@@@@|
[128, 256)          1087 |@@@@@@@@@@                                          |
[256, 512)           189 |@                                                   |
[512, 1K)            158 |@                                                   |
[1K, 2K)             346 |@@@                                                 |
[2K, 4K)             162 |@                                                   |
[4K, 8K)              25 |                                                    |

@start[271581186, 360502760]: 543726182915838
@start[271581185, 1393675008]: 543726190234064
@start[271581186, 1393683264]: 543726190247830
@start[271581186, 340836520]: 543726781150211
@start[271581186, 340194192]: 543726827976547
@start[271581186, 1393689792]: 543728232287938
@start[271581186, 1393693088]: 543731627883633
@start[271581185, 3749647184]: 543731920253829
@start[271581184, 1395785248]: 543732169227015
@start[271581186, 1393699584]: 543735887953824
@start[271581186, 1393700832]: 543735888282191
@start[271581186, 1393702112]: 543735888476446
@start[271581184, 3512402392]: 543737053118718
@start[271581184, 3512405712]: 543737053244355
@start[271581184, 1395803584]: 543738189717330
@start[271581184, 1395804192]: 543738189849127
@start[271581185, 1393709248]: 543738190392930
@start[271581186, 295204120]: 543738549674244
@start[271581186, 2692593296]: 543738549701415
@start[271581186, 1644189288]: 543738580811731
@start[271581186, 299853352]: 543738592655473
@start[271581185, 2432200336]: 543738650905742
@start[271581185, 1901721872]: 543738650938494
@start[271581184, 660411024]: 543739793105903
@start[271581185, 1393716704]: 543741274418742
@start[271581184, 1395813920]: 543741274446835
@start[0, 0]: 543742026303827
@start[271581184, 3536274464]: 543742263841961
@start[271581185, 2996674296]: 543742828357892
@start[271581186, 891693128]: 543742859551855
@start[271581185, 1393718176]: 543743893386092
@start[271581186, 1980106216]: 543745529224105
@start[271581184, 3536233912]: 543746902551126
@start[271581184, 3536234088]: 543746902561034
@start[271581184, 3536234304]: 543746902577205
@start[271581184, 3536234368]: 543746902579890
@start[271581184, 3536234424]: 543746902582595
@start[271581184, 3536234512]: 543746902588756
@start[271581184, 3536234536]: 543746902590860
@start[271581184, 3536235728]: 543746902617290
@start[271581184, 3536235768]: 543746902619144
@start[271581184, 3536235800]: 543746902620997
@start[271581184, 3536235832]: 543746902626257
@start[271581185, 1512923888]: 543746946958034
@start[271581186, 1393740128]: 543750040762946
@start[271581185, 3536252624]: 543754828139175
@start[271581185, 3536252656]: 543754828142632
@start[271581184, 3512420288]: 543754834931001
@start[271581184, 3536204272]: 543754835073549
@start[271581184, 3536204304]: 543754835076545
