16:37:57 @pagefaults: 2768
@opens: 1
16:38:02 @pagefaults: 4834
@opens: 10
16:38:07 @pagefaults: 6990
@opens: 15
16:38:12 @tcp_recv: 1
@pagefaults: 26236
@opens: 22
16:38:17 @tcp_recv: 1
@pagefaults: 28020
@opens: 32

=== totals ===
@tcp_recv: 1
@tcp_recv_bytes: 65536
@pagefaults: 31404
@opens: 38

=== top openat paths ===
@open_path[/home/maci/.local/share/Steam/steamapps/common/7 Days to Die Dedicated Server/Data/ItemIcons/clothingHandsT3.png]: 1
@open_path[/home/maci/.local/share/Steam/steamapps/common/7 Days to Die Dedicated Server/Data/ItemIcons/bundleBow.png]: 1
@open_path[/home/maci/.local/share/Steam/steamapps/common/7 Days to Die Dedicated Server/Data/ItemIcons/banditWallCorrugatedDiagonal2x3.png]: 1
@open_path[/home/maci/.local/share/Steam/steamapps/common/7 Days to Die Dedicated Server/Data/ItemIcons/cntArmoireSideWhite.png]: 1
@open_path[/home/maci/.local/share/Steam/steamapps/common/7 Days to Die Dedicated Server/Data/ItemIcons/bookBigHitters.png]: 1
@open_path[/home/maci/.local/share/Steam/steamapps/common/7 Days to Die Dedicated Server/Data/ItemIcons/chandelierLight.png]: 1
@open_path[/home/maci/.local/share/Steam/steamapps/common/7 Days to Die Dedicated Server/Data/ItemIcons/bundleKnuckles.png]: 1
@open_path[/home/maci/.local/share/Steam/steamapps/common/7 Days to Die Dedicated Server/Data/ItemIcons/burntWoodBlock3.png]: 1
@open_path[/home/maci/.local/share/Steam/steamapps/common/7 Days to Die Dedicated Server/Data/ItemIcons/bookSharpSticks.png]: 1
@open_path[/home/maci/.local/share/Steam/steamapps/common/7 Days to Die Dedicated Server/Data/ItemIcons/cntArmoireDrawerEmptyWhite.png]: 1
@open_path[/home/maci/.local/share/Steam/steamapps/common/7 Days to Die Dedicated Server/Data/ItemIcons/biomeBadge1.png]: 1
@open_path[/home/maci/.local/share/Steam/steamapps/common/7 Days to Die Dedicated Server/Data/ItemIcons/cntBookPile09.png]: 1
@open_path[/home/maci/.local/share/Steam/steamapps/common/7 Days to Die Dedicated Server/Data/ItemIcons/bundleClub.png]: 1
@open_path[/home/maci/.local/share/Steam/steamapps/common/7 Days to Die Dedicated Server/Data/ItemIcons/bedMessyNoFrameWhite.png]: 1
@open_path[/home/maci/.local/share/Steam/steamapps/common/7 Days to Die Dedicated Server/Data/ItemIcons/clothingFeetT1.png]: 1
@open_path[/home/maci/.local/share/Steam/steamapps/common/7 Days to Die Dedicated Server/Data/ItemIcons/cntBarrelRadiatedQuadB.png]: 1
@open_path[/home/maci/.local/share/Steam/steamapps/common/7 Days to Die Dedicated Server/Data/ItemIcons/bundleSpear.png]: 1
@open_path[/home/maci/.local/share/Steam/steamapps/common/7 Days to Die Dedicated Server/Data/ItemIcons/banditSupport3m.png]: 1
@open_path[/home/maci/.local/share/Steam/steamapps/common/7 Days to Die Dedicated Server/Data/ItemIcons/cntBarrelGenericSingle45.png]: 1
@open_path[/home/maci/.local/share/Steam/steamapps/common/7 Days to Die Dedicated Server/Data/ItemIcons/breakerBoxBroken.png]: 1
@open_path[/home/maci/.local/share/Steam/steamapps/common/7 Days to Die Dedicated Server/Data/ItemIcons/banditWallSiding2x2White.png]: 1
@open_path[/home/maci/.local/share/Steam/steamapps/common/7 Days to Die Dedicated Server/Data/ItemIcons/cntBookPile11.png]: 1
@open_path[/home/maci/.local/share/Steam/steamapps/common/7 Days to Die Dedicated Server/Data/ItemIcons/chainlinkFenceBottomPlain.png]: 1
@open_path[/home/maci/.local/share/Steam/steamapps/common/7 Days to Die Dedicated Server/Data/ItemIcons/bleachersBottomMiddle.png]: 1
@open_path[/home/maci/.local/share/Steam/steamapps/common/7 Days to Die Dedicated Server/Data/ItemIcons/bleachersBottomSupport.png]: 1
@open_path[/home/maci/.local/share/Steam/steamapps/common/7 Days to Die Dedicated Server/Data/ItemIcons/chainlinkFenceMiddleRail.png]: 1
@open_path[/home/maci/.local/share/Steam/steamapps/common/7 Days to Die Dedicated Server/Data/ItemIcons/bundleFarm.png]: 1
@open_path[/home/maci/.local/share/Steam/steamapps/common/7 Days to Die Dedicated Server/Data/ItemIcons/chainlinkFenceMiddleRailPoleRight.png]: 1
@open_path[/home/maci/.local/share/Steam/steamapps/common/7 Days to Die Dedicated Server/Data/ItemIcons/cntBarrelOilQuadB.png]: 1
@open_path[/home/maci/.local/share/Steam/steamapps/common/7 Days to Die Dedicated Server/Data/ItemIcons/cntBarrelOilQuadA.png]: 1


@open_path[/home/maci/.local/share/Steam/steamapps/common/7 Days to Die Dedicated Server/Data/ItemIcons/bathroomStallWall.png]: 1
@open_path[/home/maci/.local/share/Steam/steamapps/common/7 Days to Die Dedicated Server/Data/ItemIcons/bookShotgunMessiahDamage.png]: 1
@open_path[/home/maci/.local/share/Steam/steamapps/common/7 Days to Die Dedicated Server/Data/ItemIcons/burntWoodBlock2.png]: 1
@open_path[/home/maci/.local/share/Steam/steamapps/common/7 Days to Die Dedicated Server/Data/ItemIcons/cntAmmoPileMedium.png]: 1
@open_path[/home/maci/.local/share/Steam/steamapps/common/7 Days to Die Dedicated Server/Data/ItemIcons/armorTheHatterMaskHelmet.png]: 1
@open_path[/home/maci/.local/share/Steam/steamapps/common/7 Days to Die Dedicated Server/Data/ItemIcons/churchPewRightWhite.png]: 1
@open_path[/home/maci/.local/share/Steam/steamapps/common/7 Days to Die Dedicated Server/Data/ItemIcons/churchPewLeftWhite.png]: 1
@open_path[/home/maci/.local/share/Steam/steamapps/common/7 Days to Die Dedicated Server/Data/ItemIcons/banditWallSidingDiagonal2x2White.png]: 1
@open_path[/home/maci/.local/share/Steam/steamapps/common/7 Days to Die Dedicated Server/Data/ItemIcons/clothingHandsT3.png]: 1
@open_path[/home/maci/.local/share/Steam/steamapps/common/7 Days to Die Dedicated Server/Data/ItemIcons/bundleBow.png]: 1
@open_path[/home/maci/.local/share/Steam/steamapps/common/7 Days to Die Dedicated Server/Data/ItemIcons/banditWallCorrugatedDiagonal2x3.png]: 1
@open_path[/home/maci/.local/share/Steam/steamapps/common/7 Days to Die Dedicated Server/Data/ItemIcons/cntArmoireSideWhite.png]: 1
@open_path[/home/maci/.local/share/Steam/steamapps/common/7 Days to Die Dedicated Server/Data/ItemIcons/bookBigHitters.png]: 1
@open_path[/home/maci/.local/share/Steam/steamapps/common/7 Days to Die Dedicated Server/Data/ItemIcons/chandelierLight.png]: 1
@open_path[/home/maci/.local/share/Steam/steamapps/common/7 Days to Die Dedicated Server/Data/ItemIcons/bundleKnuckles.png]: 1
@open_path[/home/maci/.local/share/Steam/steamapps/common/7 Days to Die Dedicated Server/Data/ItemIcons/burntWoodBlock3.png]: 1
@open_path[/home/maci/.local/share/Steam/steamapps/common/7 Days to Die Dedicated Server/Data/ItemIcons/bookSharpSticks.png]: 1
@open_path[/home/maci/.local/share/Steam/steamapps/common/7 Days to Die Dedicated Server/Data/ItemIcons/cntArmoireDrawerEmptyWhite.png]: 1
@open_path[/home/maci/.local/share/Steam/steamapps/common/7 Days to Die Dedicated Server/Data/ItemIcons/biomeBadge1.png]: 1
@open_path[/home/maci/.local/share/Steam/steamapps/common/7 Days to Die Dedicated Server/Data/ItemIcons/cntBookPile09.png]: 1
@open_path[/home/maci/.local/share/Steam/steamapps/common/7 Days to Die Dedicated Server/Data/ItemIcons/bundleClub.png]: 1
@open_path[/home/maci/.local/share/Steam/steamapps/common/7 Days to Die Dedicated Server/Data/ItemIcons/bedMessyNoFrameWhite.png]: 1
@open_path[/home/maci/.local/share/Steam/steamapps/common/7 Days to Die Dedicated Server/Data/ItemIcons/clothingFeetT1.png]: 1
@open_path[/home/maci/.local/share/Steam/steamapps/common/7 Days to Die Dedicated Server/Data/ItemIcons/cntBarrelRadiatedQuadB.png]: 1
@open_path[/home/maci/.local/share/Steam/steamapps/common/7 Days to Die Dedicated Server/Data/ItemIcons/bundleSpear.png]: 1
@open_path[/home/maci/.local/share/Steam/steamapps/common/7 Days to Die Dedicated Server/Data/ItemIcons/banditSupport3m.png]: 1
@open_path[/home/maci/.local/share/Steam/steamapps/common/7 Days to Die Dedicated Server/Data/ItemIcons/cntBarrelGenericSingle45.png]: 1
@open_path[/home/maci/.local/share/Steam/steamapps/common/7 Days to Die Dedicated Server/Data/ItemIcons/breakerBoxBroken.png]: 1
@open_path[/home/maci/.local/share/Steam/steamapps/common/7 Days to Die Dedicated Server/Data/ItemIcons/banditWallSiding2x2White.png]: 1
@open_path[/home/maci/.local/share/Steam/steamapps/common/7 Days to Die Dedicated Server/Data/ItemIcons/cntBookPile11.png]: 1
@open_path[/home/maci/.local/share/Steam/steamapps/common/7 Days to Die Dedicated Server/Data/ItemIcons/chainlinkFenceBottomPlain.png]: 1
@open_path[/home/maci/.local/share/Steam/steamapps/common/7 Days to Die Dedicated Server/Data/ItemIcons/bleachersBottomMiddle.png]: 1
@open_path[/home/maci/.local/share/Steam/steamapps/common/7 Days to Die Dedicated Server/Data/ItemIcons/bleachersBottomSupport.png]: 1
@open_path[/home/maci/.local/share/Steam/steamapps/common/7 Days to Die Dedicated Server/Data/ItemIcons/chainlinkFenceMiddleRail.png]: 1
@open_path[/home/maci/.local/share/Steam/steamapps/common/7 Days to Die Dedicated Server/Data/ItemIcons/bundleFarm.png]: 1
@open_path[/home/maci/.local/share/Steam/steamapps/common/7 Days to Die Dedicated Server/Data/ItemIcons/chainlinkFenceMiddleRailPoleRight.png]: 1
@open_path[/home/maci/.local/share/Steam/steamapps/common/7 Days to Die Dedicated Server/Data/ItemIcons/cntBarrelOilQuadB.png]: 1
@open_path[/home/maci/.local/share/Steam/steamapps/common/7 Days to Die Dedicated Server/Data/ItemIcons/cntBarrelOilQuadA.png]: 1
@opens: 38
@pagefaults: 31404
@tcp_recv: 1
@tcp_recv_bytes: 65536
