/home/maci/Desktop/7dtd/7dtd-loadgen/workspace/bench/lap2/wander-2bot/apm/session_20260822_090717_pid887601/bt/block.bt:20:12-57: WARNING: signed operands for '/' can lead to undefined behavior (cast to unsigned to silence warning)
    $us = (nsecs - @start[args.dev, args.sector]) / 1000;
           ~~~~~~~~~~~~~~~~~~~~~~~~~~~~~~~~~~~~~~~~~~~~~
/home/maci/Desktop/7dtd/7dtd-loadgen/workspace/bench/lap2/wander-2bot/apm/session_20260822_090717_pid887601/bt/block.bt:20:12-57: WARNING: signed operands for '/' can lead to undefined behavior (cast to unsigned to silence warning)
    $us = (nsecs - @start[args.dev, args.sector]) / 1000;
           ~~~~~~~~~~~~~~~~~~~~~~~~~~~~~~~~~~~~~~~~~~~~~
/home/maci/Desktop/7dtd/7dtd-loadgen/workspace/bench/lap2/wander-2bot/apm/session_20260822_090717_pid887601/bt/block.bt:20:12-17: WARNING: Expression of type: uint64 being cast to type: int64. This may cause unexpected results. Use an explicit cast to suppress this warning.
    $us = (nsecs - @start[args.dev, args.sector]) / 1000;
           ~~~~~
/home/maci/Desktop/7dtd/7dtd-loadgen/workspace/bench/lap2/wander-2bot/apm/session_20260822_090717_pid887601/bt/block.bt:20:20-49: WARNING: Expression of type: uint64 being cast to type: int64. This may cause unexpected results. Use an explicit cast to suppress this warning.
    $us = (nsecs - @start[args.dev, args.sector]) / 1000;
                   ~~~~~~~~~~~~~~~~~~~~~~~~~~~~~
/home/maci/Desktop/7dtd/7dtd-loadgen/workspace/bench/lap2/wander-2bot/apm/session_20260822_090717_pid887601/bt/block.bt:21:5-43: WARNING: Return value discarded.
    delete(@start[args.dev, args.sector]);
    ~~~~~~~~~~~~~~~~~~~~~~~~~~~~~~~~~~~~~~
17:07:23 @issue_n: 2032
@complete_n: 1948
@lat_sum_us: 279538
17:07:28 @issue_n: 7459
@complete_n: 7298
@lat_sum_us: 930409
17:07:33 @issue_n: 13510
@complete_n: 13299
@lat_sum_us: 2019397
17:07:38 @issue_n: 18970
@complete_n: 18700
@lat_sum_us: 3210625
17:07:43 @issue_n: 20940
@complete_n: 20595
@lat_sum_us: 3401305
17:07:48 @issue_n: 34245
@complete_n: 33803
@lat_sum_us: 4549175

=== block RQ latency us ===
@lat_us:
[0]                    1 |                                                    |
[1]                    1 |                                                    |
[2, 4)                 2 |                                                    |
[4, 8)              1604 |@@@@@@@                                             |
[8, 16)             4806 |@@@@@@@@@@@@@@@@@@@@@@@                             |
[16, 32)            1164 |@@@@@                                               |
[32, 64)            7461 |@@@@@@@@@@@@@@@@@@@@@@@@@@@@@@@@@@@@                |
[64, 128)          10531 |@@@@@@@@@@@@@@@@@@@@@@@@@@@@@@@@@@@@@@@@@@@@@@@@@@@@|
[128, 256)          1669 |@@@@@@@@                                            |
[256, 512)          6004 |@@@@@@@@@@@@@@@@@@@@@@@@@@@@@                       |
[512, 1K)            169 |                                                    |
[1K, 2K)             263 |@                                                   |
[2K, 4K)             126 |                                                    |
[4K, 8K)               2 |                                                    |


=== issue size bytes ===
@issue_bytes:
[0]                  120 |                                                    |
[1]                    0 |                                                    |
[2, 4)                 0 |                                                    |
[4, 8)                 0 |                                                    |
[8, 16)                0 |                                                    |
[16, 32)               0 |                                                    |
[32, 64)               0 |                                                    |
[64, 128)              0 |                                                    |
[128, 256)             0 |                                                    |
[256, 512)             0 |                                                    |
[512, 1K)              2 |                                                    |
[1K, 2K)               0 |                                                    |
[2K, 4K)               0 |                                                    |
[4K, 8K)            5628 |@@@@@@@@@@@@@@@@@@                                  |
[8K, 16K)           1886 |@@@@@@                                              |
[16K, 32K)         16048 |@@@@@@@@@@@@@@@@@@@@@@@@@@@@@@@@@@@@@@@@@@@@@@@@@@@@|
[32K, 64K)          4163 |@@@@@@@@@@@@@                                       |
[64K, 128K)         2914 |@@@@@@@@@                                           |
[128K, 256K)        1774 |@@@@@                                               |
[256K, 512K)         372 |@                                                   |
[512K, 1M)           138 |                                                    |
[1M, 2M)             552 |@                                                   |
[2M, 4M)             422 |@                                                   |
[4M, 8M)             122 |                                                    |
[8M, 16M)             46 |                                                    |
[16M, 32M)            12 |                                                    |
[32M, 64M)            14 |                                                    |
[64M, 128M)           32 |                                                    |


counts issue/complete:
@issue_n: 34245
@complete_n: 33803


@complete_n: 33803
@issue_bytes:
[0]                  120 |                                                    |
[1]                    0 |                                                    |
[2, 4)                 0 |                                                    |
[4, 8)                 0 |                                                    |
[8, 16)                0 |                                                    |
[16, 32)               0 |                                                    |
[32, 64)               0 |                                                    |
[64, 128)              0 |                                                    |
[128, 256)             0 |                                                    |
[256, 512)             0 |                                                    |
[512, 1K)              2 |                                                    |
[1K, 2K)               0 |                                                    |
[2K, 4K)               0 |                                                    |
[4K, 8K)            5628 |@@@@@@@@@@@@@@@@@@                                  |
[8K, 16K)           1886 |@@@@@@                                              |
[16K, 32K)         16048 |@@@@@@@@@@@@@@@@@@@@@@@@@@@@@@@@@@@@@@@@@@@@@@@@@@@@|
[32K, 64K)          4163 |@@@@@@@@@@@@@                                       |
[64K, 128K)         2914 |@@@@@@@@@                                           |
[128K, 256K)        1774 |@@@@@                                               |
[256K, 512K)         372 |@                                                   |
[512K, 1M)           138 |                                                    |
[1M, 2M)             552 |@                                                   |
[2M, 4M)             422 |@                                                   |
[4M, 8M)             122 |                                                    |
[8M, 16M)             46 |                                                    |
[16M, 32M)            12 |                                                    |
[32M, 64M)            14 |                                                    |
[64M, 128M)           32 |                                                    |

@issue_n: 34245
@lat_sum_us: 4549175
@lat_us:
[0]                    1 |                                                    |
[1]                    1 |                                                    |
[2, 4)                 2 |                                                    |
[4, 8)              1604 |@@@@@@@                                             |
[8, 16)             4806 |@@@@@@@@@@@@@@@@@@@@@@@                             |
[16, 32)            1164 |@@@@@                                               |
[32, 64)            7461 |@@@@@@@@@@@@@@@@@@@@@@@@@@@@@@@@@@@@                |
[64, 128)          10531 |@@@@@@@@@@@@@@@@@@@@@@@@@@@@@@@@@@@@@@@@@@@@@@@@@@@@|
[128, 256)          1669 |@@@@@@@@                                            |
[256, 512)          6004 |@@@@@@@@@@@@@@@@@@@@@@@@@@@@@                       |
[512, 1K)            169 |                                                    |
[1K, 2K)             263 |@                                                   |
[2K, 4K)             126 |                                                    |
[4K, 8K)               2 |                                                    |

@start[0, 0]: 545493710631034
@start[271581184, 1546684736]: 545493893883019
@start[271581186, 1547698280]: 545493894311344
@start[271581186, 1547698352]: 545493894317255
@start[271581186, 1547699144]: 545493894408206
@start[271581185, 1020439880]: 545497202711492
@start[271581185, 1020440128]: 545497202876813
@start[271581185, 619730336]: 545497218965334
@start[271581184, 382044440]: 545497219357001
@start[271581186, 1473680384]: 545498825372077
@start[271581184, 1435923616]: 545498825379751
@start[271581186, 1473681728]: 545498826211365
@start[271581185, 1796336744]: 545499805813122
@start[271581186, 298538728]: 545499809507391
@start[271581186, 296394432]: 545499936594041
@start[271581186, 107599576]: 545500004610365
@start[271581186, 2043639256]: 545500030750993
@start[271581186, 995217816]: 545500030751825
@start[271581185, 1351725480]: 545500046717345
@start[271581185, 1092408176]: 545500046717846
@start[271581185, 1063768360]: 545500046718407
@start[271581185, 1063446512]: 545500046718928
@start[271581186, 2044022192]: 545500104645042
@start[271581186, 361315336]: 545500114500199
@start[271581186, 296553328]: 545500114501141
@start[271581186, 212772304]: 545500114502123
@start[271581184, 1675792624]: 545500117097154
@start[271581184, 1675792744]: 545500117110088
@start[271581184, 1772552952]: 545500119036461
@start[271581184, 1772553800]: 545500119038435
@start[271581184, 1772553920]: 545500119039497
@start[271581186, 1473689088]: 545500135441408
@start[271581185, 1325804272]: 545500198146492
@start[271581184, 1435933600]: 545500290565444
@start[271581185, 1383504800]: 545500290569151
@start[271581186, 76112912]: 545502782915540
@start[271581186, 1473690976]: 545502783427773
@start[271581185, 1383509696]: 545505617149311
@start[271581186, 1473704000]: 545507605803100
@start[271581184, 1435946816]: 545508048461322
@start[271581184, 1435947136]: 545508048514181
@start[271581185, 1383522944]: 545508049703007
@start[271581186, 1767377240]: 545508682854069
@start[271581185, 3839049208]: 545509326977859
@start[271581185, 1383524032]: 545509561743653
@start[271581184, 1677679472]: 545512064727830
@start[271581186, 122820976]: 545512303809951
@start[271581186, 122031120]: 545512310708527
@start[271581186, 87636248]: 545512377051872
@start[271581184, 1435955616]: 545512377169834
@start[271581184, 1435956032]: 545512377790031
@start[271581184, 3536262840]: 545512970475627
@start[271581184, 3536262864]: 545512970478443
@start[271581185, 1383531328]: 545514125492756
@start[271581186, 1473724896]: 545515561676300
@start[271581184, 1435967840]: 545515561828116
@start[271581184, 1435968704]: 545515562101780
@start[271581186, 1725938168]: 545519173283686
@start[271581184, 2426947128]: 545519716174910
@start[271581184, 1676414400]: 545520001193300
@start[271581186, 1545993592]: 545520746280132
@start[271581184, 1547276040]: 545520748651051
@start[271581184, 1547276080]: 545520748651642
@start[271581184, 1547276096]: 545520748652714
@start[271581184, 3536262024]: 545521846572688
@start[271581185, 1212289824]: 545523156422267
@start[271581184, 1034713024]: 545523207350127
@start[271581185, 1383765696]: 545523229299682
@start[271581186, 1473951616]: 545523229323336
@start[271581186, 1473951648]: 545523229335629
@start[271581185, 2089960880]: 545523425239143
@start[271581186, 1473733056]: 545523452618080
@start[271581186, 1473734336]: 545523452910830
@start[271581184, 1435977344]: 545523452912253
@start[271581185, 1383555648]: 545523455990663
@start[271581186, 1473737184]: 545523457021472
@start[271581185, 1383552928]: 545523457358195
@start[271581186, 1473739648]: 545523457482399
@start[271581186, 1473753824]: 545523463727034
@start[271581184, 1435997024]: 545523463728187
@start[271581185, 1383579168]: 545523464807416
@start[271581186, 1473764544]: 545523464829468
@start[271581185, 1383573664]: 545523465336522
