/home/maci/Desktop/7dtd/7dtd-loadgen/workspace/bench/lap2/wander-2bot/apm/session_20260822_090717_pid887601/bt/vfs.bt:15:12-41: WARNING: signed operands for '/' can lead to undefined behavior (cast to unsigned to silence warning)
    $us = (nsecs - @r_enter[tid]) / 1000;
           ~~~~~~~~~~~~~~~~~~~~~~~~~~~~~
/home/maci/Desktop/7dtd/7dtd-loadgen/workspace/bench/lap2/wander-2bot/apm/session_20260822_090717_pid887601/bt/vfs.bt:39:12-41: WARNING: signed operands for '/' can lead to undefined behavior (cast to unsigned to silence warning)
    $us = (nsecs - @w_enter[tid]) / 1000;
           ~~~~~~~~~~~~~~~~~~~~~~~~~~~~~
/home/maci/Desktop/7dtd/7dtd-loadgen/workspace/bench/lap2/wander-2bot/apm/session_20260822_090717_pid887601/bt/vfs.bt:62:12-45: WARNING: signed operands for '/' can lead to undefined behavior (cast to unsigned to silence warning)
    $us = (nsecs - @fsync_enter[tid]) / 1000;
           ~~~~~~~~~~~~~~~~~~~~~~~~~~~~~~~~~
/home/maci/Desktop/7dtd/7dtd-loadgen/workspace/bench/lap2/wander-2bot/apm/session_20260822_090717_pid887601/bt/vfs.bt:15:12-41: WARNING: signed operands for '/' can lead to undefined behavior (cast to unsigned to silence warning)
    $us = (nsecs - @r_enter[tid]) / 1000;
           ~~~~~~~~~~~~~~~~~~~~~~~~~~~~~
/home/maci/Desktop/7dtd/7dtd-loadgen/workspace/bench/lap2/wander-2bot/apm/session_20260822_090717_pid887601/bt/vfs.bt:39:12-41: WARNING: signed operands for '/' can lead to undefined behavior (cast to unsigned to silence warning)
    $us = (nsecs - @w_enter[tid]) / 1000;
           ~~~~~~~~~~~~~~~~~~~~~~~~~~~~~
/home/maci/Desktop/7dtd/7dtd-loadgen/workspace/bench/lap2/wander-2bot/apm/session_20260822_090717_pid887601/bt/vfs.bt:62:12-45: WARNING: signed operands for '/' can lead to undefined behavior (cast to unsigned to silence warning)
    $us = (nsecs - @fsync_enter[tid]) / 1000;
           ~~~~~~~~~~~~~~~~~~~~~~~~~~~~~~~~~
/home/maci/Desktop/7dtd/7dtd-loadgen/workspace/bench/lap2/wander-2bot/apm/session_20260822_090717_pid887601/bt/vfs.bt:15:12-17: WARNING: Expression of type: uint64 being cast to type: int64. This may cause unexpected results. Use an explicit cast to suppress this warning.
    $us = (nsecs - @r_enter[tid]) / 1000;
           ~~~~~
/home/maci/Desktop/7dtd/7dtd-loadgen/workspace/bench/lap2/wander-2bot/apm/session_20260822_090717_pid887601/bt/vfs.bt:15:20-33: WARNING: Expression of type: uint64 being cast to type: int64. This may cause unexpected results. Use an explicit cast to suppress this warning.
    $us = (nsecs - @r_enter[tid]) / 1000;
                   ~~~~~~~~~~~~~
/home/maci/Desktop/7dtd/7dtd-loadgen/workspace/bench/lap2/wander-2bot/apm/session_20260822_090717_pid887601/bt/vfs.bt:39:12-17: WARNING: Expression of type: uint64 being cast to type: int64. This may cause unexpected results. Use an explicit cast to suppress this warning.
    $us = (nsecs - @w_enter[tid]) / 1000;
           ~~~~~
/home/maci/Desktop/7dtd/7dtd-loadgen/workspace/bench/lap2/wander-2bot/apm/session_20260822_090717_pid887601/bt/vfs.bt:39:20-33: WARNING: Expression of type: uint64 being cast to type: int64. This may cause unexpected results. Use an explicit cast to suppress this warning.
    $us = (nsecs - @w_enter[tid]) / 1000;
                   ~~~~~~~~~~~~~
/home/maci/Desktop/7dtd/7dtd-loadgen/workspace/bench/lap2/wander-2bot/apm/session_20260822_090717_pid887601/bt/vfs.bt:62:12-17: WARNING: Expression of type: uint64 being cast to type: int64. This may cause unexpected results. Use an explicit cast to suppress this warning.
    $us = (nsecs - @fsync_enter[tid]) / 1000;
           ~~~~~
/home/maci/Desktop/7dtd/7dtd-loadgen/workspace/bench/lap2/wander-2bot/apm/session_20260822_090717_pid887601/bt/vfs.bt:62:20-37: WARNING: Expression of type: uint64 being cast to type: int64. This may cause unexpected results. Use an explicit cast to suppress this warning.
    $us = (nsecs - @fsync_enter[tid]) / 1000;
                   ~~~~~~~~~~~~~~~~~
/home/maci/Desktop/7dtd/7dtd-loadgen/workspace/bench/lap2/wander-2bot/apm/session_20260822_090717_pid887601/bt/vfs.bt:16:5-27: WARNING: Return value discarded.
    delete(@r_enter[tid]);
    ~~~~~~~~~~~~~~~~~~~~~~
/home/maci/Desktop/7dtd/7dtd-loadgen/workspace/bench/lap2/wander-2bot/apm/session_20260822_090717_pid887601/bt/vfs.bt:40:5-27: WARNING: Return value discarded.
    delete(@w_enter[tid]);
    ~~~~~~~~~~~~~~~~~~~~~~
/home/maci/Desktop/7dtd/7dtd-loadgen/workspace/bench/lap2/wander-2bot/apm/session_20260822_090717_pid887601/bt/vfs.bt:63:5-31: WARNING: Return value discarded.
    delete(@fsync_enter[tid]);
    ~~~~~~~~~~~~~~~~~~~~~~~~~~
17:07:24 @open_n: 1
17:07:29 @open_n: 103
17:07:34 @open_n: 104
17:07:39 @open_n: 175
17:07:44 @open_n: 175

=== vfs_read latency us ===

=== vfs_write latency us ===

=== vfs_fsync latency us ===

=== slow read stacks (>=1ms) ===

=== slow write stacks (>=1ms) ===

=== top openat paths ===
@open_path[/home/maci/.local/share/Steam/steamapps/common/7 Days to Die Dedicated Server/Data/ItemIcons/shapeWedge60TipHalfCornerRight.png]: 1
@open_path[/home/maci/.local/share/Steam/steamapps/common/7 Days to Die Dedicated Server/Data/ItemIcons/shapeWedgeTipStairsRailingRight.png]: 1
@open_path[/home/maci/.local/share/Steam/steamapps/common/7 Days to Die Dedicated Server/Data/ItemIcons/shapeWindowRampFourSidedEmpty.png]: 1
@open_path[/home/maci/.local/share/Steam/steamapps/common/7 Days to Die Dedicated Server/Data/ItemIcons/shapeWedgeTipHalfRampInclineHalfRight.png]: 1
@open_path[/home/maci/.local/share/Steam/steamapps/common/7 Days to Die Dedicated Server/Data/ItemIcons/shapeWindowPlateRoundedSquare1SidedFull.png]: 1
@open_path[/home/maci/.local/share/Steam/steamapps/common/7 Days to Die Dedicated Server/Data/ItemIcons/shapeWindowStoreThreeSidedTriangleEmpty.png]: 1
@open_path[/home/maci/.local/share/Steam/steamapps/common/7 Days to Die Dedicated Server/Data/ItemIcons/shapeWindowRampFourSidedFull.png]: 1
@open_path[/home/maci/.local/share/Steam/steamapps/common/7 Days to Die Dedicated Server/Data/ItemIcons/shapepole.025CenteredHalf.png]: 1
@open_path[/home/maci/.local/share/Steam/steamapps/common/7 Days to Die Dedicated Server/Data/ItemIcons/shapeWindowRampTwoSidedBroken.png]: 1
@open_path[/home/maci/.local/share/Steam/steamapps/common/7 Days to Die Dedicated Server/Data/ItemIcons/shapeWindowStoreThreeSidedBroken.png]: 1
@open_path[/home/maci/.local/share/Steam/steamapps/common/7 Days to Die Dedicated Server/Data/ItemIcons/shapeWedgeTipQuarterCorner.png]: 1
@open_path[/home/maci/.local/share/Steam/steamapps/common/7 Days to Die Dedicated Server/Data/ItemIcons/shapeWedgeTipQuarter.png]: 1
@open_path[/home/maci/.local/share/Steam/steamapps/common/7 Days to Die Dedicated Server/Data/ItemIcons/shapeWindow02Broken02.png]: 1
@open_path[/home/maci/.local/share/Steam/steamapps/common/7 Days to Die Dedicated Server/Data/ItemIcons/shapeWindow01Broken05.png]: 1
@open_path[/home/maci/.local/share/Steam/steamapps/common/7 Days to Die Dedicated Server/Data/ItemIcons/shapeWedgeTipFullCorner.png]: 1
@open_path[/home/maci/Desktop/7dtd/7dtd-loadgen/workspace/bench/lap2/userdata/Saves/Navezgane/bench_stock_lap2/Region/r.1.2.7rg]: 2
@open_path[/home/maci/Desktop/7dtd/7dtd-loadgen/workspace/bench/lap2/userdata/Saves/Navezgane/bench_stock_lap2/Region/r.0.1.7rg]: 3
@open_path[/home/maci/Desktop/7dtd/7dtd-loadgen/workspace/bench/lap2/userdata/Saves/Navezgane/bench_stock_lap2/Region/r.0.2.7rg]: 4
@open_path[/home/maci/Desktop/7dtd/7dtd-loadgen/workspace/bench/lap2/userdata/Saves/Navezgane/bench_stock_lap2/Region/r.1.1.7rg]: 37
@open_path[/home/maci/Desktop/7dtd/7dtd-loadgen/workspace/bench/lap2/userdata/Saves/Navezgane/bench_stock_lap2/Region/r.0.0.7rg]: 115


@open_n: 176
@open_path[/home/maci/.local/share/Steam/steamapps/common/7 Days to Die Dedicated Server/Data/ItemIcons/shapeWedge60TipHalfCornerRight.png]: 1
@open_path[/home/maci/.local/share/Steam/steamapps/common/7 Days to Die Dedicated Server/Data/ItemIcons/shapeWedgeTipStairsRailingRight.png]: 1
@open_path[/home/maci/.local/share/Steam/steamapps/common/7 Days to Die Dedicated Server/Data/ItemIcons/shapeWindowRampFourSidedEmpty.png]: 1
@open_path[/home/maci/.local/share/Steam/steamapps/common/7 Days to Die Dedicated Server/Data/ItemIcons/shapeWedgeTipHalfRampInclineHalfRight.png]: 1
@open_path[/home/maci/.local/share/Steam/steamapps/common/7 Days to Die Dedicated Server/Data/ItemIcons/shapeWindowPlateRoundedSquare1SidedFull.png]: 1
@open_path[/home/maci/.local/share/Steam/steamapps/common/7 Days to Die Dedicated Server/Data/ItemIcons/shapeWindowStoreThreeSidedTriangleEmpty.png]: 1
@open_path[/home/maci/.local/share/Steam/steamapps/common/7 Days to Die Dedicated Server/Data/ItemIcons/shapeWindowRampFourSidedFull.png]: 1
@open_path[/home/maci/.local/share/Steam/steamapps/common/7 Days to Die Dedicated Server/Data/ItemIcons/shapepole.025CenteredHalf.png]: 1
@open_path[/home/maci/.local/share/Steam/steamapps/common/7 Days to Die Dedicated Server/Data/ItemIcons/shapeWindowRampTwoSidedBroken.png]: 1
@open_path[/home/maci/.local/share/Steam/steamapps/common/7 Days to Die Dedicated Server/Data/ItemIcons/shapeWindowStoreThreeSidedBroken.png]: 1
@open_path[/home/maci/.local/share/Steam/steamapps/common/7 Days to Die Dedicated Server/Data/ItemIcons/shapeWedgeTipQuarterCorner.png]: 1
@open_path[/home/maci/.local/share/Steam/steamapps/common/7 Days to Die Dedicated Server/Data/ItemIcons/shapeWedgeTipQuarter.png]: 1
@open_path[/home/maci/.local/share/Steam/steamapps/common/7 Days to Die Dedicated Server/Data/ItemIcons/shapeWindow02Broken02.png]: 1
@open_path[/home/maci/.local/share/Steam/steamapps/common/7 Days to Die Dedicated Server/Data/ItemIcons/shapeWindow01Broken05.png]: 1
@open_path[/home/maci/.local/share/Steam/steamapps/common/7 Days to Die Dedicated Server/Data/ItemIcons/shapeWedgeTipFullCorner.png]: 1
@open_path[/home/maci/Desktop/7dtd/7dtd-loadgen/workspace/bench/lap2/userdata/Saves/Navezgane/bench_stock_lap2/Region/r.1.2.7rg]: 2
@open_path[/home/maci/Desktop/7dtd/7dtd-loadgen/workspace/bench/lap2/userdata/Saves/Navezgane/bench_stock_lap2/Region/r.0.1.7rg]: 3
@open_path[/home/maci/Desktop/7dtd/7dtd-loadgen/workspace/bench/lap2/userdata/Saves/Navezgane/bench_stock_lap2/Region/r.0.2.7rg]: 4
@open_path[/home/maci/Desktop/7dtd/7dtd-loadgen/workspace/bench/lap2/userdata/Saves/Navezgane/bench_stock_lap2/Region/r.1.1.7rg]: 37
@open_path[/home/maci/Desktop/7dtd/7dtd-loadgen/workspace/bench/lap2/userdata/Saves/Navezgane/bench_stock_lap2/Region/r.0.0.7rg]: 115
