/home/maci/Desktop/7dtd/7dtd-loadgen/workspace/bench/lap2/join-probe/apm/session_20260822_090358_pid887601/bt/offcpu.bt:27:20-25: WARNING: Expression of type: uint64 being cast to type: int64. This may cause unexpected results. Use an explicit cast to suppress this warning.
    $us = (uint64)(nsecs - @start[args.next_pid]) / 1000;
                   ~~~~~
/home/maci/Desktop/7dtd/7dtd-loadgen/workspace/bench/lap2/join-probe/apm/session_20260822_090358_pid887601/bt/offcpu.bt:27:28-49: WARNING: Expression of type: uint64 being cast to type: int64. This may cause unexpected results. Use an explicit cast to suppress this warning.
    $us = (uint64)(nsecs - @start[args.next_pid]) / 1000;
                           ~~~~~~~~~~~~~~~~~~~~~
/home/maci/Desktop/7dtd/7dtd-loadgen/workspace/bench/lap2/join-probe/apm/session_20260822_090358_pid887601/bt/offcpu.bt:28:5-35: WARNING: Return value discarded.
    delete(@start[args.next_pid]);
    ~~~~~~~~~~~~~~~~~~~~~~~~~~~~~~
/home/maci/Desktop/7dtd/7dtd-loadgen/workspace/bench/lap2/join-probe/apm/session_20260822_090358_pid887601/bt/offcpu.bt:40:5-41: WARNING: Return value discarded.
    delete(@block_stack[args.next_pid]);
    ~~~~~~~~~~~~~~~~~~~~~~~~~~~~~~~~~~~~
/home/maci/Desktop/7dtd/7dtd-loadgen/workspace/bench/lap2/join-probe/apm/session_20260822_090358_pid887601/bt/offcpu.bt:41:5-40: WARNING: Return value discarded.
    delete(@block_state[args.next_pid]);
    ~~~~~~~~~~~~~~~~~~~~~~~~~~~~~~~~~~~
STALL_MAIN 23683 us state=1
STALL_MAIN 27626 us state=1
STALL_MAIN 29040 us state=1
STALL_MAIN 30776 us state=1
STALL_MAIN 30336 us state=1
STALL_MAIN 27160 us state=1
STALL_MAIN 33048 us state=1
STALL_MAIN 33333 us state=1
STALL_MAIN 23764 us state=1
STALL_MAIN 34528 us state=1
STALL_MAIN 31416 us state=1
STALL_MAIN 34550 us state=1
STALL_MAIN 31529 us state=1
STALL_MAIN 33800 us state=1
STALL_MAIN 35813 us state=1
STALL_MAIN 36466 us state=1
STALL_MAIN 31322 us state=1
STALL_MAIN 30546 us state=1
STALL_MAIN 33609 us state=1
STALL_MAIN 34038 us state=1
STALL_MAIN 33305 us state=1
STALL_MAIN 31253 us state=1
STALL_MAIN 33514 us state=1
STALL_MAIN 32322 us state=1
STALL_MAIN 33336 us state=1
STALL_MAIN 35784 us state=1
STALL_MAIN 35445 us state=1
STALL_MAIN 34939 us state=1
STALL_MAIN 34473 us state=1
STALL_MAIN 35191 us state=1
STALL_MAIN 33717 us state=1
STALL_MAIN 30089 us state=1
STALL_MAIN 35213 us state=1
STALL_MAIN 32718 us state=1
STALL_MAIN 30342 us state=1
STALL_MAIN 33977 us state=1
STALL_MAIN 34934 us state=1
STALL_MAIN 35072 us state=1
STALL_MAIN 30349 us state=1
STALL_MAIN 34070 us state=1
STALL_MAIN 21505 us state=1
STALL_MAIN 31416 us state=1
STALL_MAIN 31181 us state=1
STALL_MAIN 26288 us state=1
STALL_MAIN 34170 us state=1
STALL_MAIN 26591 us state=1
STALL_MAIN 25990 us state=1
STALL_MAIN 32599 us state=1
STALL_MAIN 35197 us state=1
STALL_MAIN 33999 us state=1
STALL_MAIN 33056 us state=1
STALL_MAIN 33353 us state=1
STALL_MAIN 22837 us state=1
STALL_MAIN 33299 us state=1
STALL_MAIN 33261 us state=1
STALL_MAIN 32349 us state=1
STALL_MAIN 34547 us state=1
STALL_MAIN 33687 us state=1
STALL_MAIN 36850 us state=1
STALL_MAIN 35728 us state=1
STALL_MAIN 34242 us state=1
STALL_MAIN 32387 us state=1
STALL_MAIN 26109 us state=1
STALL_MAIN 32413 us state=1
STALL_MAIN 32945 us state=1
STALL_MAIN 32927 us state=1
STALL_MAIN 32179 us state=1
STALL_MAIN 34298 us state=1
STALL_MAIN 35593 us state=1
STALL_MAIN 34302 us state=1
STALL_MAIN 34584 us state=1
STALL_MAIN 34527 us state=1
STALL_MAIN 33948 us state=1
STALL_MAIN 34557 us state=1
STALL_MAIN 35017 us state=1
STALL_MAIN 33794 us state=1
STALL_MAIN 35307 us state=1
STALL_MAIN 33626 us state=1
STALL_MAIN 34338 us state=1
STALL_MAIN 34780 us state=1
STALL_MAIN 34830 us state=1
STALL_MAIN 34029 us state=1
STALL_MAIN 35140 us state=1
STALL_MAIN 34717 us state=1
STALL_MAIN 33137 us state=1
STALL_MAIN 33634 us state=1
STALL_MAIN 29068 us state=1
STALL_MAIN 36258 us state=1
STALL_MAIN 35281 us state=1
STALL_MAIN 10527 us state=1
STALL_MAIN 30470 us state=1
STALL_MAIN 34896 us state=1
STALL_MAIN 32795 us state=1
STALL_MAIN 33654 us state=1
STALL_MAIN 35470 us state=1
STALL_MAIN 37425 us state=1
STALL_MAIN 35520 us state=1
STALL_MAIN 25465 us state=1
STALL_MAIN 34729 us state=1
STALL_MAIN 31147 us state=1
STALL_MAIN 31814 us state=1
STALL_MAIN 34897 us state=1
STALL_MAIN 35851 us state=1
STALL_MAIN 32535 us state=1
STALL_MAIN 34723 us state=1
STALL_MAIN 34980 us state=1
STALL_MAIN 33942 us state=1
STALL_MAIN 35378 us state=1
STALL_MAIN 34291 us state=1
STALL_MAIN 31634 us state=1
STALL_MAIN 35009 us state=1
STALL_MAIN 34746 us state=1
STALL_MAIN 32856 us state=1
STALL_MAIN 38154 us state=1
STALL_MAIN 31959 us state=1
STALL_MAIN 16957 us state=1
STALL_MAIN 34952 us state=1
STALL_MAIN 23991 us state=1
STALL_MAIN 33788 us state=1
STALL_MAIN 34001 us state=1
STALL_MAIN 34184 us state=1
STALL_MAIN 34343 us state=1
STALL_MAIN 33307 us state=1
STALL_MAIN 22291 us state=1
STALL_MAIN 35107 us state=1
STALL_MAIN 34411 us state=1
STALL_MAIN 33183 us state=1
STALL_MAIN 34726 us state=1
STALL_MAIN 34790 us state=1
STALL_MAIN 34991 us state=1
STALL_MAIN 22562 us state=1
STALL_MAIN 33884 us state=1
STALL_MAIN 32002 us state=1
STALL_MAIN 32566 us state=1
STALL_MAIN 33461 us state=1
STALL_MAIN 28884 us state=1
STALL_MAIN 31360 us state=1
STALL_MAIN 34950 us state=1
STALL_MAIN 33131 us state=1
STALL_MAIN 30009 us state=1
STALL_MAIN 28990 us state=1
STALL_MAIN 27642 us state=1
STALL_MAIN 26407 us state=1
STALL_MAIN 28547 us state=1
STALL_MAIN 32017 us state=1
STALL_MAIN 34139 us state=1
STALL_MAIN 28111 us state=1
STALL_MAIN 33477 us state=1
STALL_MAIN 19400 us state=1
STALL_MAIN 32360 us state=1
STALL_MAIN 32533 us state=1
STALL_MAIN 32608 us state=1
STALL_MAIN 32853 us state=1
STALL_MAIN 28300 us state=1
STALL_MAIN 33890 us state=1
STALL_MAIN 34897 us state=1
STALL_MAIN 33603 us state=1
STALL_MAIN 34617 us state=1
STALL_MAIN 33506 us state=1
STALL_MAIN 32168 us state=1
STALL_MAIN 33133 us state=1
STALL_MAIN 33973 us state=1
STALL_MAIN 34769 us state=1
STALL_MAIN 33822 us state=1
STALL_MAIN 31550 us state=1
STALL_MAIN 28740 us state=1
STALL_MAIN 30288 us state=1
STALL_MAIN 34636 us state=1
STALL_MAIN 33548 us state=1
STALL_MAIN 33141 us state=1
STALL_MAIN 29961 us state=1
STALL_MAIN 32777 us state=1
STALL_MAIN 31145 us state=1
STALL_MAIN 34709 us state=1
STALL_MAIN 12668 us state=1
STALL_MAIN 33786 us state=1
STALL_MAIN 34568 us state=1
STALL_MAIN 33851 us state=1
STALL_MAIN 25692 us state=1
STALL_MAIN 32065 us state=1
STALL_MAIN 32906 us state=1
STALL_MAIN 34939 us state=1
STALL_MAIN 34464 us state=1
STALL_MAIN 29306 us state=1
STALL_MAIN 33980 us state=1
STALL_MAIN 33605 us state=1
STALL_MAIN 33598 us state=1
STALL_MAIN 34509 us state=1
STALL_MAIN 30006 us state=1
STALL_MAIN 32348 us state=1
STALL_MAIN 32550 us state=1
STALL_MAIN 34125 us state=1
STALL_MAIN 35746 us state=1
STALL_MAIN 35012 us state=1
STALL_MAIN 34548 us state=1
STALL_MAIN 35506 us state=1
STALL_MAIN 35551 us state=1
STALL_MAIN 35411 us state=1
STALL_MAIN 35466 us state=1
STALL_MAIN 32774 us state=1
STALL_MAIN 20134 us state=1
STALL_MAIN 34373 us state=1
STALL_MAIN 19739 us state=1
STALL_MAIN 34978 us state=1
STALL_MAIN 33613 us state=1
STALL_MAIN 34784 us state=1
STALL_MAIN 34112 us state=1
STALL_MAIN 32914 us state=1
STALL_MAIN 35318 us state=1
STALL_MAIN 31845 us state=1
STALL_MAIN 30391 us state=1
STALL_MAIN 34541 us state=1
STALL_MAIN 35582 us state=1
STALL_MAIN 34908 us state=1
STALL_MAIN 35410 us state=1
STALL_MAIN 35353 us state=1
STALL_MAIN 33481 us state=1
STALL_MAIN 33455 us state=1
STALL_MAIN 35277 us state=1
STALL_MAIN 35561 us state=1
STALL_MAIN 35808 us state=1
STALL_MAIN 34207 us state=1
STALL_MAIN 34405 us state=1
STALL_MAIN 35635 us state=1
STALL_MAIN 36441 us state=1
STALL_MAIN 35766 us state=1
STALL_MAIN 32044 us state=1
STALL_MAIN 28571 us state=1
STALL_MAIN 34290 us state=1
STALL_MAIN 33148 us state=1
STALL_MAIN 34539 us state=1
STALL_MAIN 34735 us state=1
STALL_MAIN 34551 us state=1
STALL_MAIN 35731 us state=1
STALL_MAIN 33212 us state=1
STALL_MAIN 35539 us state=1
STALL_MAIN 33982 us state=1
STALL_MAIN 35390 us state=1
STALL_MAIN 34322 us state=1
STALL_MAIN 34835 us state=1
STALL_MAIN 35635 us state=1
STALL_MAIN 34329 us state=1
STALL_MAIN 33869 us state=1
STALL_MAIN 34631 us state=1
STALL_MAIN 35837 us state=1
STALL_MAIN 34646 us state=1
STALL_MAIN 35912 us state=1
STALL_MAIN 33000 us state=1
STALL_MAIN 33154 us state=1
STALL_MAIN 32829 us state=1
STALL_MAIN 36057 us state=1
STALL_MAIN 28042 us state=1
STALL_MAIN 33537 us state=1
STALL_MAIN 34611 us state=1
STALL_MAIN 35555 us state=1
STALL_MAIN 34542 us state=1
STALL_MAIN 34934 us state=1
STALL_MAIN 35313 us state=1
STALL_MAIN 35853 us state=1
STALL_MAIN 35441 us state=1
STALL_MAIN 29501 us state=1
STALL_MAIN 31637 us state=1
STALL_MAIN 36521 us state=1
STALL_MAIN 38043 us state=1
STALL_MAIN 35869 us state=1
STALL_MAIN 35414 us state=1
STALL_MAIN 35245 us state=1
STALL_MAIN 35381 us state=1
STALL_MAIN 24480 us state=1
STALL_MAIN 33709 us state=1
STALL_MAIN 34764 us state=1
STALL_MAIN 33889 us state=1
STALL_MAIN 34614 us state=1
STALL_MAIN 34152 us state=1
STALL_MAIN 36141 us state=1
STALL_MAIN 21338 us state=1
STALL_MAIN 32524 us state=1
STALL_MAIN 32506 us state=1
STALL_MAIN 31326 us state=1
STALL_MAIN 27449 us state=1
STALL_MAIN 29900 us state=1
STALL_MAIN 31504 us state=1
STALL_MAIN 31374 us state=1
STALL_MAIN 31046 us state=1
STALL_MAIN 35217 us state=1
STALL_MAIN 32387 us state=1
STALL_MAIN 33510 us state=1
STALL_MAIN 34345 us state=1
STALL_MAIN 30419 us state=1
STALL_MAIN 35311 us state=1
STALL_MAIN 37019 us state=1
STALL_MAIN 33946 us state=1
STALL_MAIN 31374 us state=1
STALL_MAIN 31752 us state=1
STALL_MAIN 32008 us state=1
STALL_MAIN 30219 us state=1
STALL_MAIN 28966 us state=1
STALL_MAIN 30899 us state=1
STALL_MAIN 31988 us state=1
STALL_MAIN 32510 us state=1
STALL_MAIN 33438 us state=1
STALL_MAIN 28699 us state=1
STALL_MAIN 33599 us state=1
STALL_MAIN 33785 us state=1
STALL_MAIN 35110 us state=1
STALL_MAIN 28711 us state=1
STALL_MAIN 25990 us state=1
STALL_MAIN 30658 us state=1
STALL_MAIN 34248 us state=1
STALL_MAIN 31394 us state=1
STALL_MAIN 33131 us state=1
STALL_MAIN 34157 us state=1
STALL_MAIN 35271 us state=1
STALL_MAIN 34435 us state=1
STALL_MAIN 31006 us state=1
STALL_MAIN 28401 us state=1
STALL_MAIN 33785 us state=1
STALL_MAIN 33892 us state=1
STALL_MAIN 34564 us state=1
STALL_MAIN 34375 us state=1
STALL_MAIN 32112 us state=1
STALL_MAIN 29852 us state=1
STALL_MAIN 32909 us state=1
STALL_MAIN 35043 us state=1
STALL_MAIN 34367 us state=1
STALL_MAIN 31374 us state=1
STALL_MAIN 32964 us state=1
STALL_MAIN 28898 us state=1
STALL_MAIN 32990 us state=1
STALL_MAIN 32240 us state=1
STALL_MAIN 33174 us state=1
STALL_MAIN 27415 us state=1
STALL_MAIN 32550 us state=1
STALL_MAIN 32795 us state=1
STALL_MAIN 29369 us state=1
STALL_MAIN 34075 us state=1
STALL_MAIN 34398 us state=1
STALL_MAIN 34349 us state=1
STALL_MAIN 34041 us state=1
STALL_MAIN 33615 us state=1
STALL_MAIN 34715 us state=1
STALL_MAIN 29644 us state=1
STALL_MAIN 30256 us state=1
STALL_MAIN 34013 us state=1
STALL_MAIN 36456 us state=1
STALL_MAIN 34413 us state=1
STALL_MAIN 32688 us state=1
STALL_MAIN 17982 us state=1
STALL_MAIN 33219 us state=1
STALL_MAIN 33476 us state=1
STALL_MAIN 34449 us state=1
STALL_MAIN 35620 us state=1
STALL_MAIN 34889 us state=1
STALL_MAIN 35117 us state=1
STALL_MAIN 29836 us state=1
STALL_MAIN 31531 us state=1
STALL_MAIN 27214 us state=1
STALL_MAIN 33854 us state=1
STALL_MAIN 31972 us state=1
STALL_MAIN 31677 us state=1
STALL_MAIN 35177 us state=1
STALL_MAIN 34427 us state=1
STALL_MAIN 36942 us state=1
STALL_MAIN 36734 us state=1
STALL_MAIN 35732 us state=1
STALL_MAIN 36480 us state=1
STALL_MAIN 35927 us state=1
STALL_MAIN 38131 us state=1
STALL_MAIN 30646 us state=1
STALL_MAIN 34722 us state=1
STALL_MAIN 34684 us state=1
STALL_MAIN 33661 us state=1
STALL_MAIN 36164 us state=1
STALL_MAIN 37301 us state=1
STALL_MAIN 37694 us state=1
STALL_MAIN 37294 us state=1
STALL_MAIN 38052 us state=1
STALL_MAIN 37639 us state=1
STALL_MAIN 37432 us state=1
STALL_MAIN 37547 us state=1
STALL_MAIN 35269 us state=1
STALL_MAIN 10725 us state=1
STALL_MAIN 34026 us state=1
STALL_MAIN 35488 us state=1
STALL_MAIN 33882 us state=1
STALL_MAIN 35816 us state=1
STALL_MAIN 35289 us state=1
STALL_MAIN 38684 us state=1
STALL_MAIN 12275 us state=1
STALL_MAIN 10054 us state=1
STALL_MAIN 38446 us state=1
STALL_MAIN 40595 us state=1
STALL_MAIN 36000 us state=1
STALL_MAIN 37821 us state=1
STALL_MAIN 36076 us state=1
STALL_MAIN 35921 us state=1
STALL_MAIN 35798 us state=1
STALL_MAIN 36806 us state=1
STALL_MAIN 36455 us state=1
STALL_MAIN 38224 us state=1
STALL_MAIN 38160 us state=1
STALL_MAIN 36675 us state=1
STALL_MAIN 38831 us state=1
STALL_MAIN 37416 us state=1
STALL_MAIN 37666 us state=1
STALL_MAIN 33934 us state=1
STALL_MAIN 35780 us state=1
STALL_MAIN 34637 us state=1
STALL_MAIN 36277 us state=1
STALL_MAIN 35737 us state=1
STALL_MAIN 32960 us state=1
STALL_MAIN 33108 us state=1
STALL_MAIN 37732 us state=1
STALL_MAIN 38227 us state=1
STALL_MAIN 38451 us state=1
STALL_MAIN 33816 us state=1
STALL_MAIN 35039 us state=1
STALL_MAIN 35461 us state=1
STALL_MAIN 34489 us state=1
STALL_MAIN 36141 us state=1
STALL_MAIN 37199 us state=1
STALL_MAIN 33597 us state=1
STALL_MAIN 31598 us state=1
STALL_MAIN 33214 us state=1
STALL_MAIN 36536 us state=1
STALL_MAIN 36613 us state=1
STALL_MAIN 38785 us state=1
STALL_MAIN 20741 us state=1
STALL_MAIN 22309 us state=1
STALL_MAIN 24384 us state=1
STALL_MAIN 22866 us state=1
STALL_MAIN 36147 us state=1
STALL_MAIN 35234 us state=1
STALL_MAIN 23986 us state=1
STALL_MAIN 35651 us state=1
STALL_MAIN 24567 us state=1
STALL_MAIN 33854 us state=1
STALL_MAIN 35198 us state=1
STALL_MAIN 34404 us state=1
STALL_MAIN 33926 us state=1
STALL_MAIN 34382 us state=1
STALL_MAIN 28853 us state=1
STALL_MAIN 28067 us state=1
STALL_MAIN 30274 us state=1
STALL_MAIN 29445 us state=1
STALL_MAIN 30931 us state=1
STALL_MAIN 34579 us state=1
STALL_MAIN 29627 us state=1
STALL_MAIN 33078 us state=1
STALL_MAIN 31970 us state=1
STALL_MAIN 35028 us state=1
STALL_MAIN 32237 us state=1
STALL_MAIN 32667 us state=1
STALL_MAIN 15941 us state=1
STALL_MAIN 31652 us state=1
STALL_MAIN 32092 us state=1
STALL_MAIN 27467 us state=1
STALL_MAIN 32681 us state=1
STALL_MAIN 35683 us state=1
STALL_MAIN 33807 us state=1
STALL_MAIN 33345 us state=1
STALL_MAIN 21191 us state=1
STALL_MAIN 35243 us state=1
STALL_MAIN 36499 us state=1
STALL_MAIN 34196 us state=1
STALL_MAIN 37261 us state=1
STALL_MAIN 37796 us state=1
STALL_MAIN 26404 us state=1
STALL_MAIN 23873 us state=1
STALL_MAIN 35656 us state=1
STALL_MAIN 34442 us state=1
STALL_MAIN 37397 us state=1
STALL_MAIN 38670 us state=1
STALL_MAIN 35788 us state=1
STALL_MAIN 35645 us state=1
STALL_MAIN 37450 us state=1
STALL_MAIN 38707 us state=1
STALL_MAIN 36938 us state=1
STALL_MAIN 31265 us state=1
STALL_MAIN 30880 us state=1
STALL_MAIN 29731 us state=1
STALL_MAIN 28933 us state=1
STALL_MAIN 33087 us state=1
STALL_MAIN 37296 us state=1
STALL_MAIN 34246 us state=1
STALL_MAIN 32983 us state=1
STALL_MAIN 32773 us state=1
STALL_MAIN 31182 us state=1
STALL_MAIN 33872 us state=1
STALL_MAIN 27105 us state=1
STALL_MAIN 30102 us state=1
STALL_MAIN 33309 us state=1
STALL_MAIN 31744 us state=1
STALL_MAIN 32834 us state=1
STALL_MAIN 35476 us state=1
STALL_MAIN 34323 us state=1
STALL_MAIN 33860 us state=1
STALL_MAIN 32263 us state=1
STALL_MAIN 24083 us state=1
STALL_MAIN 31542 us state=1
STALL_MAIN 27829 us state=1
STALL_MAIN 35363 us state=1
STALL_MAIN 35063 us state=1
STALL_MAIN 36490 us state=1
STALL_MAIN 37797 us state=1
STALL_MAIN 36929 us state=1
STALL_MAIN 27774 us state=1
STALL_MAIN 32315 us state=1
STALL_MAIN 33426 us state=1
STALL_MAIN 33811 us state=1
STALL_MAIN 34601 us state=1
STALL_MAIN 37243 us state=1
STALL_MAIN 35663 us state=1
STALL_MAIN 37638 us state=1
STALL_MAIN 33807 us state=1
STALL_MAIN 36071 us state=1
STALL_MAIN 35309 us state=1
STALL_MAIN 36944 us state=1
STALL_MAIN 33492 us state=1
STALL_MAIN 37964 us state=1
STALL_MAIN 38842 us state=1
STALL_MAIN 34866 us state=1
STALL_MAIN 37777 us state=1
STALL_MAIN 36967 us state=1
STALL_MAIN 38544 us state=1
STALL_MAIN 36735 us state=1
STALL_MAIN 34605 us state=1
STALL_MAIN 38253 us state=1
STALL_MAIN 35069 us state=1
STALL_MAIN 35018 us state=1
STALL_MAIN 37492 us state=1
STALL_MAIN 35143 us state=1
STALL_MAIN 36449 us state=1
STALL_MAIN 36490 us state=1
STALL_MAIN 36703 us state=1
STALL_MAIN 37929 us state=1
STALL_MAIN 31413 us state=1
STALL_MAIN 35236 us state=1
STALL_MAIN 31277 us state=1
STALL_MAIN 24895 us state=1
STALL_MAIN 36044 us state=1
STALL_MAIN 36142 us state=1
STALL_MAIN 35241 us state=1
STALL_MAIN 35212 us state=1
STALL_MAIN 35653 us state=1
STALL_MAIN 34641 us state=1
STALL_MAIN 35639 us state=1
STALL_MAIN 35972 us state=1
STALL_MAIN 37579 us state=1
STALL_MAIN 36437 us state=1
STALL_MAIN 36785 us state=1
STALL_MAIN 33989 us state=1
STALL_MAIN 37109 us state=1
STALL_MAIN 37262 us state=1
STALL_MAIN 37760 us state=1
STALL_MAIN 38151 us state=1
STALL_MAIN 35668 us state=1
STALL_MAIN 26763 us state=1
STALL_MAIN 34577 us state=1
STALL_MAIN 35594 us state=1
STALL_MAIN 23435 us state=1
STALL_MAIN 28584 us state=1
STALL_MAIN 34657 us state=1
STALL_MAIN 33116 us state=1
STALL_MAIN 34058 us state=1
STALL_MAIN 35663 us state=1

=== main-thread off-CPU duration hist (us) ===
@offcpu_us:
[1]                    8 |                                                    |
[2, 4)              2184 |@@@@@@@@@@@@@@@@@@@@@@@@@@@@@@@@@@@@@@@@@@@@        |
[4, 8)              2556 |@@@@@@@@@@@@@@@@@@@@@@@@@@@@@@@@@@@@@@@@@@@@@@@@@@@@|
[8, 16)             1161 |@@@@@@@@@@@@@@@@@@@@@@@                             |
[16, 32)             264 |@@@@@                                               |
[32, 64)              82 |@                                                   |
[64, 128)            353 |@@@@@@@                                             |
[128, 256)           120 |@@                                                  |
[256, 512)            34 |                                                    |
[512, 1K)             32 |                                                    |
[1K, 2K)             141 |@@                                                  |
[2K, 4K)               5 |                                                    |
[4K, 8K)               9 |                                                    |
[8K, 16K)             10 |                                                    |
[16K, 32K)           167 |@@@                                                 |
[32K, 64K)           393 |@@@@@@@                                             |


=== switch-out counts by prev_state (R=0 S=1 D=2 ...) ===
@by_state[256]: 160
@by_state[2]: 551
@by_state[0]: 741
@by_state[1]: 6067

=== stall totals (>=1ms blocks) ===
@stall_us_total: 19039910
@stall_n: 725

=== stall time by thread state (us) ===
@stall_state_us[2]: 217154
@stall_state_us[1]: 18822756

=== stall time by blocking stack (us, top 20) ===
@stall_stack_us[
        __xstat64+22
        0x4111b784
        0x41117e60
        0x4117d310
        0x4117d27c
        0
        0x3f00000000000001
        0x5582becf9dd8
        0x5582becf9dd8
        0x5582becf9dd8
        0x5582becf9dd8
        0x5582becf9dd8
        0x5582becf9dd8
        0x5582becf9dd8
        0x5582becf9dd8
        0x5582becf9dd8
]: 7304
@stall_stack_us[
        0x7fef9bab61f2
        0x7feefba2b5d3
]: 208706
@stall_stack_us[
        0x7fef9bab61f2
]: 18823900


@by_state[256]: 160
@by_state[2]: 551
@by_state[0]: 741
@by_state[1]: 6067
@offcpu_us:
[1]                    8 |                                                    |
[2, 4)              2184 |@@@@@@@@@@@@@@@@@@@@@@@@@@@@@@@@@@@@@@@@@@@@        |
[4, 8)              2556 |@@@@@@@@@@@@@@@@@@@@@@@@@@@@@@@@@@@@@@@@@@@@@@@@@@@@|
[8, 16)             1161 |@@@@@@@@@@@@@@@@@@@@@@@                             |
[16, 32)             264 |@@@@@                                               |
[32, 64)              82 |@                                                   |
[64, 128)            353 |@@@@@@@                                             |
[128, 256)           120 |@@                                                  |
[256, 512)            34 |                                                    |
[512, 1K)             32 |                                                    |
[1K, 2K)             141 |@@                                                  |
[2K, 4K)               5 |                                                    |
[4K, 8K)               9 |                                                    |
[8K, 16K)             10 |                                                    |
[16K, 32K)           167 |@@@                                                 |
[32K, 64K)           393 |@@@@@@@                                             |

@stall_n: 725
@stall_stack_us[
        __xstat64+22
        0x4111b784
        0x41117e60
        0x4117d310
        0x4117d27c
        0
        0x3f00000000000001
        0x5582becf9dd8
        0x5582becf9dd8
        0x5582becf9dd8
        0x5582becf9dd8
        0x5582becf9dd8
        0x5582becf9dd8
        0x5582becf9dd8
        0x5582becf9dd8
        0x5582becf9dd8
]: 7304
@stall_stack_us[
        0x7fef9bab61f2
        0x7feefba2b5d3
]: 208706
@stall_stack_us[
        0x7fef9bab61f2
]: 18823900
@stall_state_us[2]: 217154
@stall_state_us[1]: 18822756
@stall_us_total: 19039910
