/home/maci/Desktop/7dtd/7dtd-loadgen/workspace/bench/lap2/join-probe/apm/session_20260822_090358_pid887601/bt/runqlat.bt:20:12-48: WARNING: signed operands for '/' can lead to undefined behavior (cast to unsigned to silence warning)
    $us = (nsecs - @wake[args.next_pid]) / 1000;
           ~~~~~~~~~~~~~~~~~~~~~~~~~~~~~~~~~~~~
/home/maci/Desktop/7dtd/7dtd-loadgen/workspace/bench/lap2/join-probe/apm/session_20260822_090358_pid887601/bt/runqlat.bt:20:12-48: WARNING: signed operands for '/' can lead to undefined behavior (cast to unsigned to silence warning)
    $us = (nsecs - @wake[args.next_pid]) / 1000;
           ~~~~~~~~~~~~~~~~~~~~~~~~~~~~~~~~~~~~
/home/maci/Desktop/7dtd/7dtd-loadgen/workspace/bench/lap2/join-probe/apm/session_20260822_090358_pid887601/bt/runqlat.bt:20:12-17: WARNING: Expression of type: uint64 being cast to type: int64. This may cause unexpected results. Use an explicit cast to suppress this warning.
    $us = (nsecs - @wake[args.next_pid]) / 1000;
           ~~~~~
/home/maci/Desktop/7dtd/7dtd-loadgen/workspace/bench/lap2/join-probe/apm/session_20260822_090358_pid887601/bt/runqlat.bt:20:20-40: WARNING: Expression of type: uint64 being cast to type: int64. This may cause unexpected results. Use an explicit cast to suppress this warning.
    $us = (nsecs - @wake[args.next_pid]) / 1000;
                   ~~~~~~~~~~~~~~~~~~~~
/home/maci/Desktop/7dtd/7dtd-loadgen/workspace/bench/lap2/join-probe/apm/session_20260822_090358_pid887601/bt/runqlat.bt:21:5-34: WARNING: Return value discarded.
    delete(@wake[args.next_pid]);
    ~~~~~~~~~~~~~~~~~~~~~~~~~~~~~

=== run-queue latency (us) for 7DaysToDieServe ===
0-10us ideal; multi-ms = CPU contention or affinity issues
@runqlat_us:
[0]                 8088 |@@@@@@@@@@@@@@@@@@@@@@@@@@@@@@@@@@@@@@@@@@@@@@@@@@@@|
[1]                 3760 |@@@@@@@@@@@@@@@@@@@@@@@@                            |
[2, 4)               958 |@@@@@@                                              |
[4, 8)               100 |                                                    |
[8, 16)               53 |                                                    |
[16, 32)              31 |                                                    |
[32, 64)               7 |                                                    |
[64, 128)             10 |                                                    |
[128, 256)            19 |                                                    |
[256, 512)            10 |                                                    |
[512, 1K)              4 |                                                    |



@runqlat_us:
[0]                 8088 |@@@@@@@@@@@@@@@@@@@@@@@@@@@@@@@@@@@@@@@@@@@@@@@@@@@@|
[1]                 3760 |@@@@@@@@@@@@@@@@@@@@@@@@                            |
[2, 4)               958 |@@@@@@                                              |
[4, 8)               100 |                                                    |
[8, 16)               53 |                                                    |
[16, 32)              31 |                                                    |
[32, 64)               7 |                                                    |
[64, 128)             10 |                                                    |
[128, 256)            19 |                                                    |
[256, 512)            10 |                                                    |
[512, 1K)              4 |                                                    |

