/home/maci/Desktop/7dtd/7dtd-loadgen/workspace/bench/lap2/join-probe/apm/session_20260822_090358_pid887601/bt/block.bt:20:12-57: WARNING: signed operands for '/' can lead to undefined behavior (cast to unsigned to silence warning)
    $us = (nsecs - @start[args.dev, args.sector]) / 1000;
           ~~~~~~~~~~~~~~~~~~~~~~~~~~~~~~~~~~~~~~~~~~~~~
/home/maci/Desktop/7dtd/7dtd-loadgen/workspace/bench/lap2/join-probe/apm/session_20260822_090358_pid887601/bt/block.bt:20:12-57: WARNING: signed operands for '/' can lead to undefined behavior (cast to unsigned to silence warning)
    $us = (nsecs - @start[args.dev, args.sector]) / 1000;
           ~~~~~~~~~~~~~~~~~~~~~~~~~~~~~~~~~~~~~~~~~~~~~
/home/maci/Desktop/7dtd/7dtd-loadgen/workspace/bench/lap2/join-probe/apm/session_20260822_090358_pid887601/bt/block.bt:20:12-17: WARNING: Expression of type: uint64 being cast to type: int64. This may cause unexpected results. Use an explicit cast to suppress this warning.
    $us = (nsecs - @start[args.dev, args.sector]) / 1000;
           ~~~~~
/home/maci/Desktop/7dtd/7dtd-loadgen/workspace/bench/lap2/join-probe/apm/session_20260822_090358_pid887601/bt/block.bt:20:20-49: WARNING: Expression of type: uint64 being cast to type: int64. This may cause unexpected results. Use an explicit cast to suppress this warning.
    $us = (nsecs - @start[args.dev, args.sector]) / 1000;
                   ~~~~~~~~~~~~~~~~~~~~~~~~~~~~~
/home/maci/Desktop/7dtd/7dtd-loadgen/workspace/bench/lap2/join-probe/apm/session_20260822_090358_pid887601/bt/block.bt:21:5-43: WARNING: Return value discarded.
    delete(@start[args.dev, args.sector]);
    ~~~~~~~~~~~~~~~~~~~~~~~~~~~~~~~~~~~~~~
17:04:04 @issue_n: 1039
@complete_n: 994
@lat_sum_us: 280881
17:04:09 @issue_n: 2699
@complete_n: 2606
@lat_sum_us: 458201
17:04:14 @issue_n: 6460
@complete_n: 6356
@lat_sum_us: 1289571
17:04:19 @issue_n: 9602
@complete_n: 9458
@lat_sum_us: 1662606
17:04:24 @issue_n: 12469
@complete_n: 12307
@lat_sum_us: 2007068
17:04:29 @issue_n: 18783
@complete_n: 18608
@lat_sum_us: 2820046

=== block RQ latency us ===
@lat_us:
[2, 4)                 2 |                                                    |
[4, 8)               627 |@@@@@                                               |
[8, 16)             2798 |@@@@@@@@@@@@@@@@@@@@@@@@                            |
[16, 32)             627 |@@@@@                                               |
[32, 64)            5507 |@@@@@@@@@@@@@@@@@@@@@@@@@@@@@@@@@@@@@@@@@@@@@@@@    |
[64, 128)           5845 |@@@@@@@@@@@@@@@@@@@@@@@@@@@@@@@@@@@@@@@@@@@@@@@@@@@@|
[128, 256)           904 |@@@@@@@@                                            |
[256, 512)          1502 |@@@@@@@@@@@@@                                       |
[512, 1K)            304 |@@                                                  |
[1K, 2K)             320 |@@                                                  |
[2K, 4K)             160 |@                                                   |
[4K, 8K)              12 |                                                    |


=== issue size bytes ===
@issue_bytes:
[0]                  168 |                                                    |
[1]                    0 |                                                    |
[2, 4)                 0 |                                                    |
[4, 8)                 0 |                                                    |
[8, 16)                0 |                                                    |
[16, 32)               0 |                                                    |
[32, 64)               0 |                                                    |
[64, 128)              0 |                                                    |
[128, 256)             0 |                                                    |
[256, 512)             0 |                                                    |
[512, 1K)              2 |                                                    |
[1K, 2K)               0 |                                                    |
[2K, 4K)               0 |                                                    |
[4K, 8K)            4008 |@@@@@@@@@@@@@@@@@@@@@                               |
[8K, 16K)           1166 |@@@@@@                                              |
[16K, 32K)          9601 |@@@@@@@@@@@@@@@@@@@@@@@@@@@@@@@@@@@@@@@@@@@@@@@@@@@@|
[32K, 64K)          1799 |@@@@@@@@@                                           |
[64K, 128K)         1009 |@@@@@                                               |
[128K, 256K)         690 |@@@                                                 |
[256K, 512K)          48 |                                                    |
[512K, 1M)             4 |                                                    |
[1M, 2M)              28 |                                                    |
[2M, 4M)              28 |                                                    |
[4M, 8M)              76 |                                                    |
[8M, 16M)             26 |                                                    |
[16M, 32M)            36 |                                                    |
[32M, 64M)            24 |                                                    |
[64M, 128M)           70 |                                                    |


counts issue/complete:
@issue_n: 18783
@complete_n: 18608


@complete_n: 18608
@issue_bytes:
[0]                  168 |                                                    |
[1]                    0 |                                                    |
[2, 4)                 0 |                                                    |
[4, 8)                 0 |                                                    |
[8, 16)                0 |                                                    |
[16, 32)               0 |                                                    |
[32, 64)               0 |                                                    |
[64, 128)              0 |                                                    |
[128, 256)             0 |                                                    |
[256, 512)             0 |                                                    |
[512, 1K)              2 |                                                    |
[1K, 2K)               0 |                                                    |
[2K, 4K)               0 |                                                    |
[4K, 8K)            4008 |@@@@@@@@@@@@@@@@@@@@@                               |
[8K, 16K)           1166 |@@@@@@                                              |
[16K, 32K)          9601 |@@@@@@@@@@@@@@@@@@@@@@@@@@@@@@@@@@@@@@@@@@@@@@@@@@@@|
[32K, 64K)          1799 |@@@@@@@@@                                           |
[64K, 128K)         1009 |@@@@@                                               |
[128K, 256K)         690 |@@@                                                 |
[256K, 512K)          48 |                                                    |
[512K, 1M)             4 |                                                    |
[1M, 2M)              28 |                                                    |
[2M, 4M)              28 |                                                    |
[4M, 8M)              76 |                                                    |
[8M, 16M)             26 |                                                    |
[16M, 32M)            36 |                                                    |
[32M, 64M)            24 |                                                    |
[64M, 128M)           70 |                                                    |

@issue_n: 18783
@lat_sum_us: 2820046
@lat_us:
[2, 4)                 2 |                                                    |
[4, 8)               627 |@@@@@                                               |
[8, 16)             2798 |@@@@@@@@@@@@@@@@@@@@@@@@                            |
[16, 32)             627 |@@@@@                                               |
[32, 64)            5507 |@@@@@@@@@@@@@@@@@@@@@@@@@@@@@@@@@@@@@@@@@@@@@@@@    |
[64, 128)           5845 |@@@@@@@@@@@@@@@@@@@@@@@@@@@@@@@@@@@@@@@@@@@@@@@@@@@@|
[128, 256)           904 |@@@@@@@@                                            |
[256, 512)          1502 |@@@@@@@@@@@@@                                       |
[512, 1K)            304 |@@                                                  |
[1K, 2K)             320 |@@                                                  |
[2K, 4K)             160 |@                                                   |
[4K, 8K)              12 |                                                    |

@start[0, 0]: 545294606532792
@start[271581184, 1394515104]: 545295431959161
@start[271581186, 1319032832]: 545297663017677
@start[271581185, 2529523336]: 545302569919778
@start[271581185, 2530076384]: 545302571431251
@start[271581184, 1062459744]: 545304107667019
@start[271581184, 803094208]: 545304108108870
@start[271581184, 1394504832]: 545304109359904
@start[271581185, 1304344992]: 545304112620397
@start[271581186, 1319043456]: 545304115202806
@start[271581184, 3224201336]: 545304587956748
@start[271581184, 3224208728]: 545304598086315
@start[271581186, 294586696]: 545304981374641
@start[271581184, 1394534688]: 545313552975381
@start[271581184, 1394536608]: 545313558497389
@start[271581186, 1319048544]: 545313559382734
@start[271581186, 1319054368]: 545313561476062
@start[271581186, 1319054528]: 545313561486763
@start[271581186, 1319055232]: 545313561645441
@start[271581185, 1304368064]: 545313561718168
@start[271581185, 1777008160]: 545315004786215
@start[271581185, 1777387344]: 545315004810540
@start[271581185, 1777008976]: 545315005112899
@start[271581185, 1777009280]: 545315005141543
@start[271581186, 65126344]: 545316139018391
@start[271581186, 43110176]: 545316143960067
@start[271581186, 185951392]: 545316146777498
@start[271581184, 1394548576]: 545317955571826
@start[271581185, 1304372896]: 545317956155975
@start[271581185, 1304378272]: 545318292958823
@start[271581185, 2235370176]: 545319732253839
@start[271581185, 1304381728]: 545319896818580
@start[271581186, 42709808]: 545320225265497
@start[271581186, 1472580608]: 545320239458967
@start[271581186, 1472671968]: 545322032644890
@start[271581186, 1472672032]: 545322032661551
@start[271581186, 1472672992]: 545323277746178
