/home/maci/Desktop/7dtd/7dtd-loadgen/workspace/bench/lap2/join-probe/apm/session_20260822_090358_pid887601/bt/vfs.bt:15:12-41: WARNING: signed operands for '/' can lead to undefined behavior (cast to unsigned to silence warning)
    $us = (nsecs - @r_enter[tid]) / 1000;
           ~~~~~~~~~~~~~~~~~~~~~~~~~~~~~
/home/maci/Desktop/7dtd/7dtd-loadgen/workspace/bench/lap2/join-probe/apm/session_20260822_090358_pid887601/bt/vfs.bt:39:12-41: WARNING: signed operands for '/' can lead to undefined behavior (cast to unsigned to silence warning)
    $us = (nsecs - @w_enter[tid]) / 1000;
           ~~~~~~~~~~~~~~~~~~~~~~~~~~~~~
/home/maci/Desktop/7dtd/7dtd-loadgen/workspace/bench/lap2/join-probe/apm/session_20260822_090358_pid887601/bt/vfs.bt:62:12-45: WARNING: signed operands for '/' can lead to undefined behavior (cast to unsigned to silence warning)
    $us = (nsecs - @fsync_enter[tid]) / 1000;
           ~~~~~~~~~~~~~~~~~~~~~~~~~~~~~~~~~
/home/maci/Desktop/7dtd/7dtd-loadgen/workspace/bench/lap2/join-probe/apm/session_20260822_090358_pid887601/bt/vfs.bt:15:12-41: WARNING: signed operands for '/' can lead to undefined behavior (cast to unsigned to silence warning)
    $us = (nsecs - @r_enter[tid]) / 1000;
           ~~~~~~~~~~~~~~~~~~~~~~~~~~~~~
/home/maci/Desktop/7dtd/7dtd-loadgen/workspace/bench/lap2/join-probe/apm/session_20260822_090358_pid887601/bt/vfs.bt:39:12-41: WARNING: signed operands for '/' can lead to undefined behavior (cast to unsigned to silence warning)
    $us = (nsecs - @w_enter[tid]) / 1000;
           ~~~~~~~~~~~~~~~~~~~~~~~~~~~~~
/home/maci/Desktop/7dtd/7dtd-loadgen/workspace/bench/lap2/join-probe/apm/session_20260822_090358_pid887601/bt/vfs.bt:62:12-45: WARNING: signed operands for '/' can lead to undefined behavior (cast to unsigned to silence warning)
    $us = (nsecs - @fsync_enter[tid]) / 1000;
           ~~~~~~~~~~~~~~~~~~~~~~~~~~~~~~~~~
/home/maci/Desktop/7dtd/7dtd-loadgen/workspace/bench/lap2/join-probe/apm/session_20260822_090358_pid887601/bt/vfs.bt:15:12-17: WARNING: Expression of type: uint64 being cast to type: int64. This may cause unexpected results. Use an explicit cast to suppress this warning.
    $us = (nsecs - @r_enter[tid]) / 1000;
           ~~~~~
/home/maci/Desktop/7dtd/7dtd-loadgen/workspace/bench/lap2/join-probe/apm/session_20260822_090358_pid887601/bt/vfs.bt:15:20-33: WARNING: Expression of type: uint64 being cast to type: int64. This may cause unexpected results. Use an explicit cast to suppress this warning.
    $us = (nsecs - @r_enter[tid]) / 1000;
                   ~~~~~~~~~~~~~
/home/maci/Desktop/7dtd/7dtd-loadgen/workspace/bench/lap2/join-probe/apm/session_20260822_090358_pid887601/bt/vfs.bt:39:12-17: WARNING: Expression of type: uint64 being cast to type: int64. This may cause unexpected results. Use an explicit cast to suppress this warning.
    $us = (nsecs - @w_enter[tid]) / 1000;
           ~~~~~
/home/maci/Desktop/7dtd/7dtd-loadgen/workspace/bench/lap2/join-probe/apm/session_20260822_090358_pid887601/bt/vfs.bt:39:20-33: WARNING: Expression of type: uint64 being cast to type: int64. This may cause unexpected results. Use an explicit cast to suppress this warning.
    $us = (nsecs - @w_enter[tid]) / 1000;
                   ~~~~~~~~~~~~~
/home/maci/Desktop/7dtd/7dtd-loadgen/workspace/bench/lap2/join-probe/apm/session_20260822_090358_pid887601/bt/vfs.bt:62:12-17: WARNING: Expression of type: uint64 being cast to type: int64. This may cause unexpected results. Use an explicit cast to suppress this warning.
    $us = (nsecs - @fsync_enter[tid]) / 1000;
           ~~~~~
/home/maci/Desktop/7dtd/7dtd-loadgen/workspace/bench/lap2/join-probe/apm/session_20260822_090358_pid887601/bt/vfs.bt:62:20-37: WARNING: Expression of type: uint64 being cast to type: int64. This may cause unexpected results. Use an explicit cast to suppress this warning.
    $us = (nsecs - @fsync_enter[tid]) / 1000;
                   ~~~~~~~~~~~~~~~~~
/home/maci/Desktop/7dtd/7dtd-loadgen/workspace/bench/lap2/join-probe/apm/session_20260822_090358_pid887601/bt/vfs.bt:16:5-27: WARNING: Return value discarded.
    delete(@r_enter[tid]);
    ~~~~~~~~~~~~~~~~~~~~~~
/home/maci/Desktop/7dtd/7dtd-loadgen/workspace/bench/lap2/join-probe/apm/session_20260822_090358_pid887601/bt/vfs.bt:40:5-27: WARNING: Return value discarded.
    delete(@w_enter[tid]);
    ~~~~~~~~~~~~~~~~~~~~~~
/home/maci/Desktop/7dtd/7dtd-loadgen/workspace/bench/lap2/join-probe/apm/session_20260822_090358_pid887601/bt/vfs.bt:63:5-31: WARNING: Return value discarded.
    delete(@fsync_enter[tid]);
    ~~~~~~~~~~~~~~~~~~~~~~~~~~
17:04:04 @open_n: 11
17:04:09 @open_n: 12
17:04:14 @open_n: 13
17:04:19 @open_n: 33
17:04:24 @open_n: 37

=== vfs_read latency us ===

=== vfs_write latency us ===

=== vfs_fsync latency us ===

=== slow read stacks (>=1ms) ===

=== slow write stacks (>=1ms) ===

=== top openat paths ===
@open_path[/home/maci/.local/share/Steam/steamapps/common/7 Days to Die Dedicated Server/Data/ItemIcons/looseBoardsTrapBlock3x3.png]: 1
@open_path[/home/maci/.local/share/Steam/steamapps/common/7 Days to Die Dedicated Server/Data/ItemIcons/looseBoardsTrapPlateQuarterTriangle.png]: 1
@open_path[/home/maci/.local/share/Steam/steamapps/common/7 Days to Die Dedicated Server/Data/ItemIcons/ladderMetal.png]: 1
@open_path[/home/maci/.local/share/Steam/steamapps/common/7 Days to Die Dedicated Server/Data/ItemIcons/medicalBandage.png]: 1
@open_path[/home/maci/.local/share/Steam/steamapps/common/7 Days to Die Dedicated Server/Data/ItemIcons/fluorescentLight.png]: 1
@open_path[/home/maci/.local/share/Steam/steamapps/common/7 Days to Die Dedicated Server/Data/ItemIcons/flagWallHungThick44Purple.png]: 1
@open_path[/home/maci/.local/share/Steam/steamapps/common/7 Days to Die Dedicated Server/Data/ItemIcons/escalatorMiddle.png]: 1
@open_path[/home/maci/.local/share/Steam/steamapps/common/7 Days to Die Dedicated Server/Data/ItemIcons/medicalPlasterCast.png]: 1
@open_path[/home/maci/.local/share/Steam/steamapps/common/7 Days to Die Dedicated Server/Data/ItemIcons/lanternDecorLightWhite.png]: 1
@open_path[/home/maci/.local/share/Steam/steamapps/common/7 Days to Die Dedicated Server/Data/ItemIcons/flagWallHungDuke.png]: 1
@open_path[/home/maci/.local/share/Steam/steamapps/common/7 Days to Die Dedicated Server/Data/ItemIcons/escalatorPreTop.png]: 1
@open_path[/home/maci/.local/share/Steam/steamapps/common/7 Days to Die Dedicated Server/Data/ItemIcons/ironWroughtFenceWall_02.png]: 1
@open_path[/home/maci/.local/share/Steam/steamapps/common/7 Days to Die Dedicated Server/Data/ItemIcons/looseBoardsTrapPlateHalfTriangle.png]: 1
@open_path[/home/maci/.local/share/Steam/steamapps/common/7 Days to Die Dedicated Server/Data/ItemIcons/ironDoorWhite.png]: 1
@open_path[/home/maci/.local/share/Steam/steamapps/common/7 Days to Die Dedicated Server/Data/ItemIcons/interiorHouseDoorDoubleWhite.png]: 1
@open_path[/home/maci/.local/share/Steam/steamapps/common/7 Days to Die Dedicated Server/Data/ItemIcons/graveStone02.png]: 1
@open_path[/home/maci/.local/share/Steam/steamapps/common/7 Days to Die Dedicated Server/Data/ItemIcons/iBeamCentered.png]: 1
@open_path[/home/maci/.local/share/Steam/steamapps/common/7 Days to Die Dedicated Server/Data/ItemIcons/gunRifleT2LeverActionRifle.png]: 1
@open_path[/home/maci/Desktop/7dtd/7dtd-loadgen/workspace/bench/lap2/userdata/Saves/Navezgane/bench_stock_lap2/Region/r.0.0.7rg]: 23


@open_n: 41
@open_path[/home/maci/.local/share/Steam/steamapps/common/7 Days to Die Dedicated Server/Data/ItemIcons/looseBoardsTrapBlock3x3.png]: 1
@open_path[/home/maci/.local/share/Steam/steamapps/common/7 Days to Die Dedicated Server/Data/ItemIcons/looseBoardsTrapPlateQuarterTriangle.png]: 1
@open_path[/home/maci/.local/share/Steam/steamapps/common/7 Days to Die Dedicated Server/Data/ItemIcons/ladderMetal.png]: 1
@open_path[/home/maci/.local/share/Steam/steamapps/common/7 Days to Die Dedicated Server/Data/ItemIcons/medicalBandage.png]: 1
@open_path[/home/maci/.local/share/Steam/steamapps/common/7 Days to Die Dedicated Server/Data/ItemIcons/fluorescentLight.png]: 1
@open_path[/home/maci/.local/share/Steam/steamapps/common/7 Days to Die Dedicated Server/Data/ItemIcons/flagWallHungThick44Purple.png]: 1
@open_path[/home/maci/.local/share/Steam/steamapps/common/7 Days to Die Dedicated Server/Data/ItemIcons/escalatorMiddle.png]: 1
@open_path[/home/maci/.local/share/Steam/steamapps/common/7 Days to Die Dedicated Server/Data/ItemIcons/medicalPlasterCast.png]: 1
@open_path[/home/maci/.local/share/Steam/steamapps/common/7 Days to Die Dedicated Server/Data/ItemIcons/lanternDecorLightWhite.png]: 1
@open_path[/home/maci/.local/share/Steam/steamapps/common/7 Days to Die Dedicated Server/Data/ItemIcons/flagWallHungDuke.png]: 1
@open_path[/home/maci/.local/share/Steam/steamapps/common/7 Days to Die Dedicated Server/Data/ItemIcons/escalatorPreTop.png]: 1
@open_path[/home/maci/.local/share/Steam/steamapps/common/7 Days to Die Dedicated Server/Data/ItemIcons/ironWroughtFenceWall_02.png]: 1
@open_path[/home/maci/.local/share/Steam/steamapps/common/7 Days to Die Dedicated Server/Data/ItemIcons/looseBoardsTrapPlateHalfTriangle.png]: 1
@open_path[/home/maci/.local/share/Steam/steamapps/common/7 Days to Die Dedicated Server/Data/ItemIcons/ironDoorWhite.png]: 1
@open_path[/home/maci/.local/share/Steam/steamapps/common/7 Days to Die Dedicated Server/Data/ItemIcons/interiorHouseDoorDoubleWhite.png]: 1
@open_path[/home/maci/.local/share/Steam/steamapps/common/7 Days to Die Dedicated Server/Data/ItemIcons/graveStone02.png]: 1
@open_path[/home/maci/.local/share/Steam/steamapps/common/7 Days to Die Dedicated Server/Data/ItemIcons/iBeamCentered.png]: 1
@open_path[/home/maci/.local/share/Steam/steamapps/common/7 Days to Die Dedicated Server/Data/ItemIcons/gunRifleT2LeverActionRifle.png]: 1
@open_path[/home/maci/Desktop/7dtd/7dtd-loadgen/workspace/bench/lap2/userdata/Saves/Navezgane/bench_stock_lap2/Region/r.0.0.7rg]: 23
