/home/maci/Desktop/7dtd/7dtd-loadgen/workspace/bench/lap2/wander-2bot/apm/session_20260822_090717_pid887601/bt/futex.bt:29:12-44: WARNING: signed operands for '/' can lead to undefined behavior (cast to unsigned to silence warning)
    $us = (nsecs - @wait_enter[tid]) / 1000;
           ~~~~~~~~~~~~~~~~~~~~~~~~~~~~~~~~
/home/maci/Desktop/7dtd/7dtd-loadgen/workspace/bench/lap2/wander-2bot/apm/session_20260822_090717_pid887601/bt/futex.bt:29:12-44: WARNING: signed operands for '/' can lead to undefined behavior (cast to unsigned to silence warning)
    $us = (nsecs - @wait_enter[tid]) / 1000;
           ~~~~~~~~~~~~~~~~~~~~~~~~~~~~~~~~
/home/maci/Desktop/7dtd/7dtd-loadgen/workspace/bench/lap2/wander-2bot/apm/session_20260822_090717_pid887601/bt/futex.bt:29:12-17: WARNING: Expression of type: uint64 being cast to type: int64. This may cause unexpected results. Use an explicit cast to suppress this warning.
    $us = (nsecs - @wait_enter[tid]) / 1000;
           ~~~~~
/home/maci/Desktop/7dtd/7dtd-loadgen/workspace/bench/lap2/wander-2bot/apm/session_20260822_090717_pid887601/bt/futex.bt:29:20-36: WARNING: Expression of type: uint64 being cast to type: int64. This may cause unexpected results. Use an explicit cast to suppress this warning.
    $us = (nsecs - @wait_enter[tid]) / 1000;
                   ~~~~~~~~~~~~~~~~
/home/maci/Desktop/7dtd/7dtd-loadgen/workspace/bench/lap2/wander-2bot/apm/session_20260822_090717_pid887601/bt/futex.bt:16:15-39: WARNING: Addrspace mismatch
    @futex_op[args.op & FUTEX_CMD_MASK] = count();
              ~~~~~~~~~~~~~~~~~~~~~~~~
/home/maci/Desktop/7dtd/7dtd-loadgen/workspace/bench/lap2/wander-2bot/apm/session_20260822_090717_pid887601/bt/futex.bt:17:10-34: WARNING: Addrspace mismatch
    if ((args.op & FUTEX_CMD_MASK) == FUTEX_WAIT ||
         ~~~~~~~~~~~~~~~~~~~~~~~~
/home/maci/Desktop/7dtd/7dtd-loadgen/workspace/bench/lap2/wander-2bot/apm/session_20260822_090717_pid887601/bt/futex.bt:18:10-34: WARNING: Addrspace mismatch
        (args.op & FUTEX_CMD_MASK) == FUTEX_WAIT_BITSET) {
         ~~~~~~~~~~~~~~~~~~~~~~~~
/home/maci/Desktop/7dtd/7dtd-loadgen/workspace/bench/lap2/wander-2bot/apm/session_20260822_090717_pid887601/bt/futex.bt:21:10-34: WARNING: Addrspace mismatch
    if ((args.op & FUTEX_CMD_MASK) == FUTEX_WAKE) {
         ~~~~~~~~~~~~~~~~~~~~~~~~
/home/maci/Desktop/7dtd/7dtd-loadgen/workspace/bench/lap2/wander-2bot/apm/session_20260822_090717_pid887601/bt/futex.bt:30:5-30: WARNING: Return value discarded.
    delete(@wait_enter[tid]);
    ~~~~~~~~~~~~~~~~~~~~~~~~~
17:07:23 @wait_n: 86453
@wake_n: 80717
@wait_sum_us: 286022956
17:07:28 @wait_n: 164905
@wake_n: 155362
@wait_sum_us: 647358094
17:07:33 @wait_n: 206372
@wake_n: 196113
@wait_sum_us: 999728583
17:07:38 @wait_n: 292908
@wake_n: 278143
@wait_sum_us: 1334581448
17:07:43 @wait_n: 348895
@wake_n: 331964
@wait_sum_us: 1678570165
17:07:48 @wait_n: 393361
@wake_n: 377973
@wait_sum_us: 2046616331

=== futex wait latency (us) ===
@wait_us:
[0]                41422 |@@@@@@@@@@@@@@@@@@@@@@@@@@@@@@                      |
[1]                14476 |@@@@@@@@@@                                          |
[2, 4)             19968 |@@@@@@@@@@@@@@                                      |
[4, 8)             34604 |@@@@@@@@@@@@@@@@@@@@@@@@@                           |
[8, 16)            51919 |@@@@@@@@@@@@@@@@@@@@@@@@@@@@@@@@@@@@@               |
[16, 32)           33204 |@@@@@@@@@@@@@@@@@@@@@@@@                            |
[32, 64)           71711 |@@@@@@@@@@@@@@@@@@@@@@@@@@@@@@@@@@@@@@@@@@@@@@@@@@@@|
[64, 128)          36086 |@@@@@@@@@@@@@@@@@@@@@@@@@@                          |
[128, 256)         13297 |@@@@@@@@@                                           |
[256, 512)          2691 |@                                                   |
[512, 1K)           1336 |                                                    |
[1K, 2K)             750 |                                                    |
[2K, 4K)           15882 |@@@@@@@@@@@                                         |
[4K, 8K)           20108 |@@@@@@@@@@@@@@                                      |
[8K, 16K)          10101 |@@@@@@@                                             |
[16K, 32K)          6258 |@@@@                                                |
[32K, 64K)         18070 |@@@@@@@@@@@@@                                       |
[64K, 128K)          301 |                                                    |
[128K, 256K)         878 |                                                    |
[256K, 512K)         158 |                                                    |
[512K, 1M)            56 |                                                    |
[1M, 2M)              12 |                                                    |
[2M, 4M)              31 |                                                    |
[4M, 8M)              38 |                                                    |
[8M, 16M)              2 |                                                    |
[16M, 32M)             2 |                                                    |


=== futex op counts (cmd bits) ===
@futex_op[7]: 11
@futex_op[13]: 165
@futex_op[9]: 92504
@futex_op[0]: 300882
@futex_op[1]: 377973

=== main-thread total futex wait us ===
@main_futex_wait_us: 91897

=== waiter stacks by count (top) ===
@wait_stack[
        0x7fef9bab61f2
        0x1618
]: 6
@wait_stack[
        0x7fef9bab61f2
        0x16e4
]: 6
@wait_stack[
        0x7fef9bab61f2
        0x170e
]: 6
@wait_stack[
        0x7fef9bab61f2
        0x157c
]: 6
@wait_stack[
        0x7fef9bab61f2
        0x16fc
]: 6
@wait_stack[
        0x7fef9bab61f2
        0x1660
]: 6
@wait_stack[
        0x7fef9bab61f2
        0x16f0
]: 6
@wait_stack[
        0x7fef9bab61f2
        0x1564
]: 6
@wait_stack[
        0x7fef9bab61f2
        0x160c
]: 6
@wait_stack[
        0x7fef9bab61f2
        0x1780
]: 6
@wait_stack[
        0x7fef9bab61f2
        0x1666
]: 6
@wait_stack[
        0x7fef9bab61f2
        0x1750
]: 6
@wait_stack[
        0x7fef9bab61f2
        0x167e
]: 6
@wait_stack[
        0x7fef9bab61f2
        0x158e
]: 6
@wait_stack[
        0x7fef9bab61f2
        0x16a8
]: 6
@wait_stack[
        0x7fef9bab61f2
        0x15a0
]: 6
@wait_stack[
        0x7fef9bab61f2
        0x16f6
]: 6
@wait_stack[
        0x7fef9bab61f2
        0x1600
]: 6
@wait_stack[
        0x7fef9bab61f2
        0x1630
]: 6
@wait_stack[
        0x7fef9bab61f2
        0x16c0
]: 6
@wait_stack[
        0x7fef9bab61f2
        0x1552
]: 6
@wait_stack[
        0x7fef9bab61f2
        0x1642
]: 6
@wait_stack[
        0x7fef9bab61f2
        0x15dc
]: 6
@wait_stack[
        0x7fef9bab61f2
        0x1792
]: 6
@wait_stack[
        0x7fef9bab61f2
        0x1558
]: 6
@wait_stack[
        0x7fef9bab61f2
        0x16cc
]: 6
@wait_stack[
        0x7fef9bab61f2
        0x154c
]: 6
@wait_stack[
        0x7fef9bab61f2
        0x1738
]: 6
@wait_stack[
        0x7fef9bab61f2
        0x163c
]: 6
@wait_stack[
        0x7fef9bab61f2
        0x15ac
]: 6
@wait_stack[
        0x7fef9bab61f2
        0x1768
]: 6
@wait_stack[
        0x7fef9bab61f2
        0x1528
]: 6
@wait_stack[
        0x7fef9bab61f2
        0x1534
]: 6
@wait_stack[
        0x7fef9bab61f2
        0x16b4
]: 6
@wait_stack[
        0x7fef9bab61f2
        0x1588
]: 6
@wait_stack[
        0x7fef9bab61f2
        0x1714
]: 6
@wait_stack[
        syscall+29
        0x4d64616f6c657250
]: 12
@wait_stack[
        syscall+29
]: 14
@wait_stack[
        0x7fef9bab61f2
        0x15b8
]: 18
@wait_stack[
        0x7fef9bab61f2
]: 852

=== waiter stacks by total wait us (top) ===
@wait_stack_time[
        0x7fef9bab61f2
        0x16a8
]: 896696
@wait_stack_time[
        0x7fef9bab61f2
        0x16f6
]: 897914
@wait_stack_time[
        0x7fef9bab61f2
        0x1564
]: 899293
@wait_stack_time[
        0x7fef9bab61f2
        0x1660
]: 902148
@wait_stack_time[
        0x7fef9bab61f2
        0x158e
]: 902956
@wait_stack_time[
        0x7fef9bab61f2
        0x15a0
]: 904744
@wait_stack_time[
        0x7fef9bab61f2
        0x1552
]: 907501
@wait_stack_time[
        0x7fef9bab61f2
        0x1726
]: 911762
@wait_stack_time[
        0x7fef9bab61f2
        0x15dc
]: 914438
@wait_stack_time[
        0x7fef9bab61f2
        0x1714
]: 917284
@wait_stack_time[
        0x7fef9bab61f2
        0x1600
]: 936142
@wait_stack_time[
        0x7fef9bab61f2
        0x1738
]: 936807
@wait_stack_time[
        0x7fef9bab61f2
        0x1618
]: 959610
@wait_stack_time[
        0x7fef9bab61f2
        0x170e
]: 964582
@wait_stack_time[
        0x7fef9bab61f2
        0x15a6
]: 1226651
@wait_stack_time[
        0x7fef9bab61f2
        0xbf2
]: 1550730
@wait_stack_time[
        0x7fef9bab61f2
        0x176e
]: 1589827
@wait_stack_time[
        0x7fef9bab61f2
        0x1792
]: 2099899
@wait_stack_time[
        0x7fef9bab61f2
        0x1768
]: 2437132
@wait_stack_time[
        0x7fef9bab61f2
        0x1786
]: 2586982
@wait_stack_time[
        0x7fef9bab61f2
        0x1642
]: 2703851
@wait_stack_time[
        0x7fef9bab61f2
        0x1780
]: 2705420
@wait_stack_time[
        0x7fef9bab61f2
        0x15c7
]: 2953970
@wait_stack_time[
        0x7fef9bab61f2
        0x15ca
]: 2954324
@wait_stack_time[
        0x7fef9bab61f2
        0x16f0
]: 3576522
@wait_stack_time[
        0x7fef9bab61f2
        0x166d
]: 3754852
@wait_stack_time[
        0x7fef9bab61f2
        0xb4f
]: 3786015
@wait_stack_time[
        0x7fef9bab61f2
        0xb91
]: 4098922
@wait_stack_time[
        0x7fef9bab61f2
        0x1630
]: 4203046
@wait_stack_time[
        0x7fef9bab61f2
        0xbdf
]: 4451401
@wait_stack_time[
        0x7fef9bab61f2
        0x1730
]: 4695466
@wait_stack_time[
        0x7fef9bab61f2
        0x172e
]: 9390885
@wait_stack_time[
        0x7fef9bab61f2
        0x1750
]: 10175413
@wait_stack_time[
        0x7fef9bab61f2
        0x1732
]: 14086402
@wait_stack_time[
        0x7fef9bab61f2
        0x15b8
]: 17148898
@wait_stack_time[
        0x7fef9bab61f2
        0x1672
]: 18774275
@wait_stack_time[
        syscall+29
]: 23900689
@wait_stack_time[
        syscall+29
        0x616552636e797341
]: 25143379
@wait_stack_time[
        syscall+29
        0x4d64616f6c657250
]: 25211071
@wait_stack_time[
        0x7fef9bab61f2
]: 446249501


@futex_op[7]: 11
@futex_op[13]: 165
@futex_op[9]: 92504
@futex_op[0]: 300882
@futex_op[1]: 377973
@long_worker_waits: 1314
@main_futex_wait_us: 91897
@wait_enter[888475]: 545517469424899
@wait_enter[896006]: 545517469432413
@wait_enter[893448]: 545518895796771
@wait_enter[895983]: 545518895820726
@wait_enter[887693]: 545519402934546
@wait_enter[896978]: 545519402943533
@wait_enter[887671]: 545519890495329
@wait_enter[887638]: 545520792102840
@wait_enter[888018]: 545520794732536
@wait_enter[887690]: 545520850090318
@wait_enter[887687]: 545520877458405
@wait_enter[888122]: 545521798631536
@wait_enter[888080]: 545522042859793
@wait_enter[888082]: 545522042861567
@wait_enter[888079]: 545522042864252
@wait_enter[888081]: 545522042865735
@wait_enter[888078]: 545522042878809
@wait_enter[888083]: 545522042887886
@wait_enter[888463]: 545523205026637
@wait_enter[887695]: 545523205033520
@wait_enter[895874]: 545523205050261
@wait_enter[888125]: 545523335389285
@wait_enter[888126]: 545523340721664
@wait_enter[888129]: 545523346828661
@wait_enter[907219]: 545523384643397
@wait_n: 393361
@wait_stack[
        0x7fef9bab61f2
        0x1745
]: 1
@wait_stack[
        0x7fef9bab61f2
        0x1781
]: 1
@wait_stack[
        0x7fef9bab61f2
        0xb33
]: 1
@wait_stack[
        0x7fef9bab61f2
        0x1595
]: 1
@wait_stack[
        0x7fef9bab61f2
        0x1634
]: 1
@wait_stack[
        0x7fef9bab61f2
        0x1599
]: 1
@wait_stack[
        0x7fef9bab61f2
        0x1769
]: 1
@wait_stack[
        0x7fef9bab61f2
        0x1619
]: 1
@wait_stack[
        0x7fef9bab61f2
        0x1631
]: 1
@wait_stack[
        0x7fef9bab61f2
        0x1689
]: 1
@wait_stack[
        0x7fef9bab61f2
        0xb91
]: 1
@wait_stack[
        0x7fef9bab61f2
        0x1571
]: 1
@wait_stack[
        0x7fef9bab61f2
        0x161a
]: 1
@wait_stack[
        0x7fef9bab61f2
        0x16cd
]: 1
@wait_stack[
        0x7fef9bab61f2
        0x1685
]: 1
@wait_stack[
        0x7fef9bab61f2
        0x166d
]: 1
@wait_stack[
        0x7fef9bab61f2
        0x1752
]: 1
@wait_stack[
        0x7fef9bab61f2
        0xbf2
]: 1
@wait_stack[
        0x7fef9bab61f2
        0x1542
]: 1
@wait_stack[
        0x7fef9bab61f2
        0x1775
]: 1
@wait_stack[
        0x7fef9bab61f2
        0x1565
]: 1
@wait_stack[
        0x7fef9bab61f2
        0x176b
]: 1
@wait_stack[
        0x7fef9bab61f2
        0x151e
]: 1
@wait_stack[
        0x7fef9bab61f2
        0x15ad
]: 1
@wait_stack[
        0x7fef9bab61f2
        0x169e
]: 1
@wait_stack[
        0x7fef9bab61f2
        0x155a
]: 1
@wait_stack[
        0x7fef9bab61f2
        0x15f5
]: 1
@wait_stack[
        0x7fef9bab61f2
        0x15f7
]: 1
@wait_stack[
        0x7fef9bab61f2
        0xb78
]: 1
@wait_stack[
        0x7fef9bab61f2
        0x16b5
]: 1
@wait_stack[
        0x7fef9bab61f2
        0x1625
]: 1
@wait_stack[
        0x7fef9bab61f2
        0x15bc
]: 1
@wait_stack[
        0x7fef9bab61f2
        0x16e9
]: 1
@wait_stack[
        0x7fef9bab61f2
        0x1597
]: 1
@wait_stack[
        0x7fef9bab61f2
        0x1700
]: 1
@wait_stack[
        0x7fef9bab61f2
        0x15eb
]: 1
@wait_stack[
        0x7fef9bab61f2
        0x16d9
]: 1
@wait_stack[
        0x7fef9bab61f2
        0xbdf
]: 1
@wait_stack[
        0x7fef9bab61f2
        0x15fa
]: 2
@wait_stack[
        0x7fef9bab61f2
        0x1779
]: 2
@wait_stack[
        0x7fef9bab61f2
        0x15f8
]: 2
@wait_stack[
        0x7fef9bab61f2
        0x1701
]: 2
@wait_stack[
        0x7fef9bab61f2
        0x1536
]: 2
@wait_stack[
        0x7fef9bab61f2
        0x172e
]: 2
@wait_stack[
        0x7fef9bab61f2
        0x159a
]: 3
@wait_stack[
        0x7fef9bab61f2
        0x177a
]: 3
@wait_stack[
        0x7fef9bab61f2
        0x15ca
]: 3
@wait_stack[
        0x7fef9bab61f2
        0x1702
]: 3
@wait_stack[
        0x7fef9bab61f2
        0xb4f
]: 3
@wait_stack[
        0x7fef9bab61f2
        0x15c7
]: 3
@wait_stack[
        0x7fef9bab61f2
        0x176e
]: 4
@wait_stack[
        0x7fef9bab61f2
        0x1636
]: 4
@wait_stack[
        syscall+29
        0x616552636e797341
]: 4
@wait_stack[
        0x7fef9bab61f2
        0x168a
]: 4
@wait_stack[
        0x7fef9bab61f2
        0x161e
]: 4
@wait_stack[
        0x7fef9bab61f2
        0x1732
]: 4
@wait_stack[
        0x7fef9bab61f2
        0x153a
]: 4
@wait_stack[
        0x7fef9bab61f2
        0x15ee
]: 5
@wait_stack[
        0x7fef9bab61f2
        0x1756
]: 5
@wait_stack[
        0x7fef9bab61f2
        0x16ea
]: 5
@wait_stack[
        0x7fef9bab61f2
        0x16d2
]: 5
@wait_stack[
        0x7fef9bab61f2
        0x15be
]: 5
@wait_stack[
        0x7fef9bab61f2
        0x1576
]: 5
@wait_stack[
        0x7fef9bab61f2
        0x16ba
]: 5
@wait_stack[
        0x7fef9bab61f2
        0x1522
]: 5
@wait_stack[
        0x7fef9bab61f2
        0x1546
]: 5
@wait_stack[
        0x7fef9bab61f2
        0x162a
]: 5
@wait_stack[
        0x7fef9bab61f2
        0x15b2
]: 5
@wait_stack[
        0x7fef9bab61f2
        0x1672
]: 5
@wait_stack[
        0x7fef9bab61f2
        0x1786
]: 5
@wait_stack[
        0x7fef9bab61f2
        0x155e
]: 5
@wait_stack[
        0x7fef9bab61f2
        0x16de
]: 5
@wait_stack[
        0x7fef9bab61f2
        0x174a
]: 5
@wait_stack[
        0x7fef9bab61f2
        0x16a2
]: 5
@wait_stack[
        0x7fef9bab61f2
        0x156a
]: 5
@wait_stack[
        0x7fef9bab61f2
        0x1774
]: 6
@wait_stack[
        0x7fef9bab61f2
        0x1624
]: 6
@wait_stack[
        0x7fef9bab61f2
        0x1726
]: 6
@wait_stack[
        0x7fef9bab61f2
        0x15a6
]: 6
@wait_stack[
        0x7fef9bab61f2
        0x16ae
]: 6
@wait_stack[
        0x7fef9bab61f2
        0x1618
]: 6
@wait_stack[
        0x7fef9bab61f2
        0x16e4
]: 6
@wait_stack[
        0x7fef9bab61f2
        0x170e
]: 6
@wait_stack[
        0x7fef9bab61f2
        0x157c
]: 6
@wait_stack[
        0x7fef9bab61f2
        0x16fc
]: 6
@wait_stack[
        0x7fef9bab61f2
        0x1660
]: 6
@wait_stack[
        0x7fef9bab61f2
        0x16f0
]: 6
@wait_stack[
        0x7fef9bab61f2
        0x1564
]: 6
@wait_stack[
        0x7fef9bab61f2
        0x160c
]: 6
@wait_stack[
        0x7fef9bab61f2
        0x1780
]: 6
@wait_stack[
        0x7fef9bab61f2
        0x1666
]: 6
@wait_stack[
        0x7fef9bab61f2
        0x1750
]: 6
@wait_stack[
        0x7fef9bab61f2
        0x167e
]: 6
@wait_stack[
        0x7fef9bab61f2
        0x158e
]: 6
@wait_stack[
        0x7fef9bab61f2
        0x16a8
]: 6
@wait_stack[
        0x7fef9bab61f2
        0x15a0
]: 6
@wait_stack[
        0x7fef9bab61f2
        0x16f6
]: 6
@wait_stack[
        0x7fef9bab61f2
        0x1600
]: 6
@wait_stack[
        0x7fef9bab61f2
        0x1630
]: 6
@wait_stack[
        0x7fef9bab61f2
        0x16c0
]: 6
@wait_stack[
        0x7fef9bab61f2
        0x1552
]: 6
@wait_stack[
        0x7fef9bab61f2
        0x1642
]: 6
@wait_stack[
        0x7fef9bab61f2
        0x15dc
]: 6
@wait_stack[
        0x7fef9bab61f2
        0x1792
]: 6
@wait_stack[
        0x7fef9bab61f2
        0x1558
]: 6
@wait_stack[
        0x7fef9bab61f2
        0x16cc
]: 6
@wait_stack[
        0x7fef9bab61f2
        0x154c
]: 6
@wait_stack[
        0x7fef9bab61f2
        0x1738
]: 6
@wait_stack[
        0x7fef9bab61f2
        0x163c
]: 6
@wait_stack[
        0x7fef9bab61f2
        0x15ac
]: 6
@wait_stack[
        0x7fef9bab61f2
        0x1768
]: 6
@wait_stack[
        0x7fef9bab61f2
        0x1528
]: 6
@wait_stack[
        0x7fef9bab61f2
        0x1534
]: 6
@wait_stack[
        0x7fef9bab61f2
        0x16b4
]: 6
@wait_stack[
        0x7fef9bab61f2
        0x1588
]: 6
@wait_stack[
        0x7fef9bab61f2
        0x1714
]: 6
@wait_stack[
        syscall+29
        0x4d64616f6c657250
]: 12
@wait_stack[
        syscall+29
]: 14
@wait_stack[
        0x7fef9bab61f2
        0x15b8
]: 18
@wait_stack[
        0x7fef9bab61f2
]: 852
@wait_stack_time[
        0x7fef9bab61f2
        0x1631
]: 100552
@wait_stack_time[
        0x7fef9bab61f2
        0x169d
]: 101035
@wait_stack_time[
        0x7fef9bab61f2
        0x169f
]: 101043
@wait_stack_time[
        0x7fef9bab61f2
        0x1595
]: 101934
@wait_stack_time[
        0x7fef9bab61f2
        0x16ce
]: 102757
@wait_stack_time[
        0x7fef9bab61f2
        0x16cd
]: 102769
@wait_stack_time[
        0x7fef9bab61f2
        0x1753
]: 103415
@wait_stack_time[
        0x7fef9bab61f2
        0x1755
]: 103417
@wait_stack_time[
        0x7fef9bab61f2
        0x1751
]: 103426
@wait_stack_time[
        0x7fef9bab61f2
        0x1626
]: 129167
@wait_stack_time[
        0x7fef9bab61f2
        0x1625
]: 129171
@wait_stack_time[
        0x7fef9bab61f2
        0x15b9
]: 141247
@wait_stack_time[
        0x7fef9bab61f2
        0x16d9
]: 143535
@wait_stack_time[
        0x7fef9bab61f2
        0x1775
]: 144126
@wait_stack_time[
        0x7fef9bab61f2
        0x167b
]: 145908
@wait_stack_time[
        0x7fef9bab61f2
        0x1565
]: 146375
@wait_stack_time[
        0x7fef9bab61f2
        0x1745
]: 147471
@wait_stack_time[
        0x7fef9bab61f2
        0x15ad
]: 147964
@wait_stack_time[
        0x7fef9bab61f2
        0x16e8
]: 148914
@wait_stack_time[
        0x7fef9bab61f2
        0x16b5
]: 149280
@wait_stack_time[
        0x7fef9bab61f2
        0x15f8
]: 149872
@wait_stack_time[
        0x7fef9bab61f2
        0x15f5
]: 149899
@wait_stack_time[
        0x7fef9bab61f2
        0x1571
]: 149961
@wait_stack_time[
        0x7fef9bab61f2
        0x15e9
]: 150155
@wait_stack_time[
        0x7fef9bab61f2
        0x1542
]: 150299
@wait_stack_time[
        0x7fef9bab61f2
        0x1559
]: 150468
@wait_stack_time[
        0x7fef9bab61f2
        0x155d
]: 150487
@wait_stack_time[
        0x7fef9bab61f2
        0x1685
]: 151099
@wait_stack_time[
        0x7fef9bab61f2
        0x151e
]: 153947
@wait_stack_time[
        0x7fef9bab61f2
        0x161a
]: 158561
@wait_stack_time[
        0x7fef9bab61f2
        0x1619
]: 158595
@wait_stack_time[
        0x7fef9bab61f2
        0x170b
]: 192900
@wait_stack_time[
        0x7fef9bab61f2
        0x1636
]: 200973
@wait_stack_time[
        0x7fef9bab61f2
        0x1597
]: 203834
@wait_stack_time[
        0x7fef9bab61f2
        0xb33
]: 249356
@wait_stack_time[
        0x7fef9bab61f2
        0x1777
]: 288239
@wait_stack_time[
        0x7fef9bab61f2
        0x1536
]: 295064
@wait_stack_time[
        0x7fef9bab61f2
        0x16ea
]: 297816
@wait_stack_time[
        0x7fef9bab61f2
        0x15fa
]: 299743
@wait_stack_time[
        0x7fef9bab61f2
        0x15f7
]: 299764
@wait_stack_time[
        0x7fef9bab61f2
        0x1634
]: 301478
@wait_stack_time[
        0x7fef9bab61f2
        0x168a
]: 302183
@wait_stack_time[
        0x7fef9bab61f2
        0x159a
]: 305749
@wait_stack_time[
        0x7fef9bab61f2
        0x1520
]: 307896
@wait_stack_time[
        0x7fef9bab61f2
        0x1756
]: 310265
@wait_stack_time[
        0x7fef9bab61f2
        0x1701
]: 358530
@wait_stack_time[
        0x7fef9bab61f2
        0x16fe
]: 358536
@wait_stack_time[
        0x7fef9bab61f2
        0xb78
]: 401665
@wait_stack_time[
        0x7fef9bab61f2
        0x16a2
]: 404167
@wait_stack_time[
        0x7fef9bab61f2
        0x16d2
]: 410957
@wait_stack_time[
        0x7fef9bab61f2
        0x177a
]: 432333
@wait_stack_time[
        0x7fef9bab61f2
        0x16e9
]: 446704
@wait_stack_time[
        0x7fef9bab61f2
        0x1689
]: 453263
@wait_stack_time[
        0x7fef9bab61f2
        0x1522
]: 461789
@wait_stack_time[
        0x7fef9bab61f2
        0x162a
]: 516618
@wait_stack_time[
        0x7fef9bab61f2
        0x176c
]: 529945
@wait_stack_time[
        0x7fef9bab61f2
        0x176a
]: 529950
@wait_stack_time[
        0x7fef9bab61f2
        0x1769
]: 529970
@wait_stack_time[
        0x7fef9bab61f2
        0x153a
]: 590105
@wait_stack_time[
        0x7fef9bab61f2
        0x16e4
]: 600797
@wait_stack_time[
        0x7fef9bab61f2
        0x155e
]: 601930
@wait_stack_time[
        0x7fef9bab61f2
        0x1588
]: 602181
@wait_stack_time[
        0x7fef9bab61f2
        0x16c0
]: 604030
@wait_stack_time[
        0x7fef9bab61f2
        0x1774
]: 604048
@wait_stack_time[
        0x7fef9bab61f2
        0x16ae
]: 609142
@wait_stack_time[
        0x7fef9bab61f2
        0x16fc
]: 609154
@wait_stack_time[
        0x7fef9bab61f2
        0x160c
]: 609590
@wait_stack_time[
        0x7fef9bab61f2
        0x1624
]: 610944
@wait_stack_time[
        0x7fef9bab61f2
        0x16cc
]: 618069
@wait_stack_time[
        0x7fef9bab61f2
        0x16b4
]: 621444
@wait_stack_time[
        0x7fef9bab61f2
        0x163c
]: 625930
@wait_stack_time[
        0x7fef9bab61f2
        0x1558
]: 630380
@wait_stack_time[
        0x7fef9bab61f2
        0x1534
]: 631474
@wait_stack_time[
        0x7fef9bab61f2
        0x1528
]: 631524
@wait_stack_time[
        0x7fef9bab61f2
        0x15ac
]: 632496
@wait_stack_time[
        0x7fef9bab61f2
        0x161e
]: 634250
@wait_stack_time[
        0x7fef9bab61f2
        0x1784
]: 646740
@wait_stack_time[
        0x7fef9bab61f2
        0x1781
]: 646754
@wait_stack_time[
        0x7fef9bab61f2
        0x15be
]: 706216
@wait_stack_time[
        0x7fef9bab61f2
        0x1700
]: 717052
@wait_stack_time[
        0x7fef9bab61f2
        0x1702
]: 717056
@wait_stack_time[
        0x7fef9bab61f2
        0x16de
]: 717625
@wait_stack_time[
        0x7fef9bab61f2
        0x167e
]: 729523
@wait_stack_time[
        0x7fef9bab61f2
        0x156a
]: 731778
@wait_stack_time[
        0x7fef9bab61f2
        0x174a
]: 737314
@wait_stack_time[
        0x7fef9bab61f2
        0x15b2
]: 739058
@wait_stack_time[
        0x7fef9bab61f2
        0x16ba
]: 746330
@wait_stack_time[
        0x7fef9bab61f2
        0x1576
]: 749789
@wait_stack_time[
        0x7fef9bab61f2
        0x15ee
]: 750759
@wait_stack_time[
        0x7fef9bab61f2
        0x1546
]: 751446
@wait_stack_time[
        0x7fef9bab61f2
        0x157c
]: 851563
@wait_stack_time[
        0x7fef9bab61f2
        0x1666
]: 882117
@wait_stack_time[
        0x7fef9bab61f2
        0x154c
]: 882872
@wait_stack_time[
        0x7fef9bab61f2
        0x16a8
]: 896696
@wait_stack_time[
        0x7fef9bab61f2
        0x16f6
]: 897914
@wait_stack_time[
        0x7fef9bab61f2
        0x1564
]: 899293
@wait_stack_time[
        0x7fef9bab61f2
        0x1660
]: 902148
@wait_stack_time[
        0x7fef9bab61f2
        0x158e
]: 902956
@wait_stack_time[
        0x7fef9bab61f2
        0x15a0
]: 904744
@wait_stack_time[
        0x7fef9bab61f2
        0x1552
]: 907501
@wait_stack_time[
        0x7fef9bab61f2
        0x1726
]: 911762
@wait_stack_time[
        0x7fef9bab61f2
        0x15dc
]: 914438
@wait_stack_time[
        0x7fef9bab61f2
        0x1714
]: 917284
@wait_stack_time[
        0x7fef9bab61f2
        0x1600
]: 936142
@wait_stack_time[
        0x7fef9bab61f2
        0x1738
]: 936807
@wait_stack_time[
        0x7fef9bab61f2
        0x1618
]: 959610
@wait_stack_time[
        0x7fef9bab61f2
        0x170e
]: 964582
@wait_stack_time[
        0x7fef9bab61f2
        0x15a6
]: 1226651
@wait_stack_time[
        0x7fef9bab61f2
        0xbf2
]: 1550730
@wait_stack_time[
        0x7fef9bab61f2
        0x176e
]: 1589827
@wait_stack_time[
        0x7fef9bab61f2
        0x1792
]: 2099899
@wait_stack_time[
        0x7fef9bab61f2
        0x1768
]: 2437132
@wait_stack_time[
        0x7fef9bab61f2
        0x1786
]: 2586982
@wait_stack_time[
        0x7fef9bab61f2
        0x1642
]: 2703851
@wait_stack_time[
        0x7fef9bab61f2
        0x1780
]: 2705420
@wait_stack_time[
        0x7fef9bab61f2
        0x15c7
]: 2953970
@wait_stack_time[
        0x7fef9bab61f2
        0x15ca
]: 2954324
@wait_stack_time[
        0x7fef9bab61f2
        0x16f0
]: 3576522
@wait_stack_time[
        0x7fef9bab61f2
        0x166d
]: 3754852
@wait_stack_time[
        0x7fef9bab61f2
        0xb4f
]: 3786015
@wait_stack_time[
        0x7fef9bab61f2
        0xb91
]: 4098922
@wait_stack_time[
        0x7fef9bab61f2
        0x1630
]: 4203046
@wait_stack_time[
        0x7fef9bab61f2
        0xbdf
]: 4451401
@wait_stack_time[
        0x7fef9bab61f2
        0x1730
]: 4695466
@wait_stack_time[
        0x7fef9bab61f2
        0x172e
]: 9390885
@wait_stack_time[
        0x7fef9bab61f2
        0x1750
]: 10175413
@wait_stack_time[
        0x7fef9bab61f2
        0x1732
]: 14086402
@wait_stack_time[
        0x7fef9bab61f2
        0x15b8
]: 17148898
@wait_stack_time[
        0x7fef9bab61f2
        0x1672
]: 18774275
@wait_stack_time[
        syscall+29
]: 23900689
@wait_stack_time[
        syscall+29
        0x616552636e797341
]: 25143379
@wait_stack_time[
        syscall+29
        0x4d64616f6c657250
]: 25211071
@wait_stack_time[
        0x7fef9bab61f2
]: 446249501
@wait_sum_us: 2046616331
@wait_us:
[0]                41422 |@@@@@@@@@@@@@@@@@@@@@@@@@@@@@@                      |
[1]                14476 |@@@@@@@@@@                                          |
[2, 4)             19968 |@@@@@@@@@@@@@@                                      |
[4, 8)             34604 |@@@@@@@@@@@@@@@@@@@@@@@@@                           |
[8, 16)            51919 |@@@@@@@@@@@@@@@@@@@@@@@@@@@@@@@@@@@@@               |
[16, 32)           33204 |@@@@@@@@@@@@@@@@@@@@@@@@                            |
[32, 64)           71711 |@@@@@@@@@@@@@@@@@@@@@@@@@@@@@@@@@@@@@@@@@@@@@@@@@@@@|
[64, 128)          36086 |@@@@@@@@@@@@@@@@@@@@@@@@@@                          |
[128, 256)         13297 |@@@@@@@@@                                           |
[256, 512)          2691 |@                                                   |
[512, 1K)           1336 |                                                    |
[1K, 2K)             750 |                                                    |
[2K, 4K)           15882 |@@@@@@@@@@@                                         |
[4K, 8K)           20108 |@@@@@@@@@@@@@@                                      |
[8K, 16K)          10101 |@@@@@@@                                             |
[16K, 32K)          6258 |@@@@                                                |
[32K, 64K)         18070 |@@@@@@@@@@@@@                                       |
[64K, 128K)          301 |                                                    |
[128K, 256K)         878 |                                                    |
[256K, 512K)         158 |                                                    |
[512K, 1M)            56 |                                                    |
[1M, 2M)              12 |                                                    |
[2M, 4M)              31 |                                                    |
[4M, 8M)              38 |                                                    |
[8M, 16M)              2 |                                                    |
[16M, 32M)             2 |                                                    |

@wake_n: 377973
