/home/maci/Desktop/7dtd/7dtd-loadgen/workspace/bench/lap1/probe-15s/apm/session_20260822_084704_pid855510/bt/runqlat.bt:20:12-48: WARNING: signed operands for '/' can lead to undefined behavior (cast to unsigned to silence warning)
    $us = (nsecs - @wake[args.next_pid]) / 1000;
           ~~~~~~~~~~~~~~~~~~~~~~~~~~~~~~~~~~~~
/home/maci/Desktop/7dtd/7dtd-loadgen/workspace/bench/lap1/probe-15s/apm/session_20260822_084704_pid855510/bt/runqlat.bt:20:12-48: WARNING: signed operands for '/' can lead to undefined behavior (cast to unsigned to silence warning)
    $us = (nsecs - @wake[args.next_pid]) / 1000;
           ~~~~~~~~~~~~~~~~~~~~~~~~~~~~~~~~~~~~
/home/maci/Desktop/7dtd/7dtd-loadgen/workspace/bench/lap1/probe-15s/apm/session_20260822_084704_pid855510/bt/runqlat.bt:20:12-17: WARNING: Expression of type: uint64 being cast to type: int64. This may cause unexpected results. Use an explicit cast to suppress this warning.
    $us = (nsecs - @wake[args.next_pid]) / 1000;
           ~~~~~
/home/maci/Desktop/7dtd/7dtd-loadgen/workspace/bench/lap1/probe-15s/apm/session_20260822_084704_pid855510/bt/runqlat.bt:20:20-40: WARNING: Expression of type: uint64 being cast to type: int64. This may cause unexpected results. Use an explicit cast to suppress this warning.
    $us = (nsecs - @wake[args.next_pid]) / 1000;
                   ~~~~~~~~~~~~~~~~~~~~
/home/maci/Desktop/7dtd/7dtd-loadgen/workspace/bench/lap1/probe-15s/apm/session_20260822_084704_pid855510/bt/runqlat.bt:21:5-34: WARNING: Return value discarded.
    delete(@wake[args.next_pid]);
    ~~~~~~~~~~~~~~~~~~~~~~~~~~~~~

=== run-queue latency (us) for 7DaysToDieServe ===
0-10us ideal; multi-ms = CPU contention or affinity issues
@runqlat_us:
[0]                 8468 |@@@@@@@@@@@@@@@@@@@@@@@@@@@@@@@@@@@@@@@@@@@@@@@@@@@@|
[1]                 3705 |@@@@@@@@@@@@@@@@@@@@@@                              |
[2, 4)               913 |@@@@@                                               |
[4, 8)                99 |                                                    |
[8, 16)               58 |                                                    |
[16, 32)              27 |                                                    |
[32, 64)              19 |                                                    |
[64, 128)             16 |                                                    |
[128, 256)            13 |                                                    |
[256, 512)             9 |                                                    |
[512, 1K)              2 |                                                    |



@runqlat_us:
[0]                 8468 |@@@@@@@@@@@@@@@@@@@@@@@@@@@@@@@@@@@@@@@@@@@@@@@@@@@@|
[1]                 3705 |@@@@@@@@@@@@@@@@@@@@@@                              |
[2, 4)               913 |@@@@@                                               |
[4, 8)                99 |                                                    |
[8, 16)               58 |                                                    |
[16, 32)              27 |                                                    |
[32, 64)              19 |                                                    |
[64, 128)             16 |                                                    |
[128, 256)            13 |                                                    |
[256, 512)             9 |                                                    |
[512, 1K)              2 |                                                    |

