/home/maci/Desktop/7dtd/7dtd-loadgen/workspace/bench/lap1/bench/apm/session_20260822_084951_pid855510/bt/offcpu.bt:27:20-25: WARNING: Expression of type: uint64 being cast to type: int64. This may cause unexpected results. Use an explicit cast to suppress this warning.
    $us = (uint64)(nsecs - @start[args.next_pid]) / 1000;
                   ~~~~~
/home/maci/Desktop/7dtd/7dtd-loadgen/workspace/bench/lap1/bench/apm/session_20260822_084951_pid855510/bt/offcpu.bt:27:28-49: WARNING: Expression of type: uint64 being cast to type: int64. This may cause unexpected results. Use an explicit cast to suppress this warning.
    $us = (uint64)(nsecs - @start[args.next_pid]) / 1000;
                           ~~~~~~~~~~~~~~~~~~~~~
/home/maci/Desktop/7dtd/7dtd-loadgen/workspace/bench/lap1/bench/apm/session_20260822_084951_pid855510/bt/offcpu.bt:28:5-35: WARNING: Return value discarded.
    delete(@start[args.next_pid]);
    ~~~~~~~~~~~~~~~~~~~~~~~~~~~~~~
/home/maci/Desktop/7dtd/7dtd-loadgen/workspace/bench/lap1/bench/apm/session_20260822_084951_pid855510/bt/offcpu.bt:40:5-41: WARNING: Return value discarded.
    delete(@block_stack[args.next_pid]);
    ~~~~~~~~~~~~~~~~~~~~~~~~~~~~~~~~~~~~
/home/maci/Desktop/7dtd/7dtd-loadgen/workspace/bench/lap1/bench/apm/session_20260822_084951_pid855510/bt/offcpu.bt:41:5-40: WARNING: Return value discarded.
    delete(@block_state[args.next_pid]);
    ~~~~~~~~~~~~~~~~~~~~~~~~~~~~~~~~~~~
STALL_MAIN 10073 us state=1
STALL_MAIN 10758 us state=1
STALL_MAIN 10271 us state=1
STALL_MAIN 16016 us state=1
STALL_MAIN 12358 us state=1
STALL_MAIN 16827 us state=1
STALL_MAIN 16831 us state=1
STALL_MAIN 16830 us state=1
STALL_MAIN 16831 us state=1
STALL_MAIN 16829 us state=1
STALL_MAIN 16830 us state=1
STALL_MAIN 16830 us state=1
STALL_MAIN 14788 us state=1
STALL_MAIN 16852 us state=1
STALL_MAIN 10885 us state=1
STALL_MAIN 16829 us state=1
STALL_MAIN 19113 us state=1
STALL_MAIN 11878 us state=1
STALL_MAIN 13406 us state=1
STALL_MAIN 17926 us state=1
STALL_MAIN 17632 us state=1
STALL_MAIN 15815 us state=1
STALL_MAIN 17012 us state=1
STALL_MAIN 15352 us state=1
STALL_MAIN 10950 us state=1
STALL_MAIN 11742 us state=1
STALL_MAIN 13258 us state=1
STALL_MAIN 16008 us state=1
STALL_MAIN 17559 us state=1
STALL_MAIN 13022 us state=1
STALL_MAIN 15602 us state=1
STALL_MAIN 11027 us state=1
STALL_MAIN 12338 us state=1
STALL_MAIN 13727 us state=1
STALL_MAIN 21672 us state=1
STALL_MAIN 16287 us state=1
STALL_MAIN 14107 us state=1
STALL_MAIN 17169 us state=1
STALL_MAIN 10133 us state=1
STALL_MAIN 17106 us state=1
STALL_MAIN 11125 us state=1
STALL_MAIN 19914 us state=1
STALL_MAIN 19579 us state=1
STALL_MAIN 16008 us state=1
STALL_MAIN 28932 us state=1
STALL_MAIN 25208 us state=1
STALL_MAIN 18047 us state=1
STALL_MAIN 25931 us state=1
STALL_MAIN 22005 us state=1
STALL_MAIN 15663 us state=1
STALL_MAIN 11790 us state=1
STALL_MAIN 20502 us state=1
STALL_MAIN 15713 us state=1
STALL_MAIN 16167 us state=1
STALL_MAIN 20838 us state=1
STALL_MAIN 13964 us state=1
STALL_MAIN 18922 us state=1
STALL_MAIN 20503 us state=1
STALL_MAIN 17770 us state=1
STALL_MAIN 16830 us state=1
STALL_MAIN 35133 us state=1
STALL_MAIN 12759 us state=1
STALL_MAIN 17118 us state=1
STALL_MAIN 15083 us state=1
STALL_MAIN 18773 us state=1
STALL_MAIN 19902 us state=1
STALL_MAIN 18904 us state=1
STALL_MAIN 16447 us state=1
STALL_MAIN 17784 us state=1
STALL_MAIN 19761 us state=1
STALL_MAIN 16198 us state=1
STALL_MAIN 17000 us state=1
STALL_MAIN 13134 us state=1
STALL_MAIN 13584 us state=1
STALL_MAIN 15773 us state=1
STALL_MAIN 18658 us state=1
STALL_MAIN 20934 us state=1
STALL_MAIN 20788 us state=1
STALL_MAIN 20408 us state=1
STALL_MAIN 19085 us state=1
STALL_MAIN 21905 us state=1
STALL_MAIN 14808 us state=1
STALL_MAIN 11372 us state=1
STALL_MAIN 13092 us state=1
STALL_MAIN 18017 us state=1
STALL_MAIN 11155 us state=1
STALL_MAIN 14585 us state=1
STALL_MAIN 14845 us state=1
STALL_MAIN 13075 us state=1
STALL_MAIN 18613 us state=1
STALL_MAIN 20123 us state=1
STALL_MAIN 18470 us state=1
STALL_MAIN 18437 us state=1
STALL_MAIN 19378 us state=1
STALL_MAIN 19443 us state=1
STALL_MAIN 16541 us state=1
STALL_MAIN 15579 us state=1
STALL_MAIN 19075 us state=1
STALL_MAIN 22379 us state=1
STALL_MAIN 25369 us state=1
STALL_MAIN 16328 us state=1
STALL_MAIN 11047 us state=1
STALL_MAIN 11332 us state=1
STALL_MAIN 19120 us state=1
STALL_MAIN 18543 us state=1
STALL_MAIN 13179 us state=1
STALL_MAIN 18071 us state=1
STALL_MAIN 12463 us state=1
STALL_MAIN 26276 us state=1
STALL_MAIN 16904 us state=1
STALL_MAIN 14479 us state=1
STALL_MAIN 11744 us state=1
STALL_MAIN 13947 us state=1
STALL_MAIN 15034 us state=1
STALL_MAIN 16841 us state=1
STALL_MAIN 18237 us state=1
STALL_MAIN 16691 us state=1
STALL_MAIN 30127 us state=1
STALL_MAIN 23365 us state=1
STALL_MAIN 26934 us state=1
STALL_MAIN 16006 us state=1
STALL_MAIN 23633 us state=1
STALL_MAIN 10311 us state=1
STALL_MAIN 17770 us state=1
STALL_MAIN 17732 us state=1
STALL_MAIN 17566 us state=1
STALL_MAIN 20888 us state=1
STALL_MAIN 20876 us state=1
STALL_MAIN 10529 us state=1
STALL_MAIN 16010 us state=1
STALL_MAIN 16201 us state=1
STALL_MAIN 23735 us state=1
STALL_MAIN 21075 us state=1
STALL_MAIN 20876 us state=1
STALL_MAIN 17709 us state=1
STALL_MAIN 10843 us state=1
STALL_MAIN 19351 us state=1
STALL_MAIN 20317 us state=1
STALL_MAIN 13630 us state=1
STALL_MAIN 12076 us state=1
STALL_MAIN 14758 us state=1
STALL_MAIN 13571 us state=1
STALL_MAIN 17191 us state=1
STALL_MAIN 12563 us state=1
STALL_MAIN 11214 us state=1
STALL_MAIN 15786 us state=1
STALL_MAIN 17418 us state=1
STALL_MAIN 14756 us state=1
STALL_MAIN 17635 us state=1
STALL_MAIN 22594 us state=1
STALL_MAIN 15087 us state=1
STALL_MAIN 22077 us state=1
STALL_MAIN 15818 us state=1
STALL_MAIN 14581 us state=1
STALL_MAIN 13336 us state=1
STALL_MAIN 13796 us state=1
STALL_MAIN 15686 us state=1
STALL_MAIN 10960 us state=1
STALL_MAIN 11863 us state=1
STALL_MAIN 15557 us state=1
STALL_MAIN 18848 us state=1
STALL_MAIN 16040 us state=1
STALL_MAIN 11126 us state=1
STALL_MAIN 15893 us state=1
STALL_MAIN 13298 us state=1
STALL_MAIN 16467 us state=1
STALL_MAIN 19502 us state=1
STALL_MAIN 17452 us state=1
STALL_MAIN 18618 us state=1
STALL_MAIN 17279 us state=1
STALL_MAIN 15521 us state=1
STALL_MAIN 16832 us state=1
STALL_MAIN 16830 us state=1
STALL_MAIN 16835 us state=1
STALL_MAIN 16828 us state=1
STALL_MAIN 16828 us state=1
STALL_MAIN 16832 us state=1
STALL_MAIN 16829 us state=1
STALL_MAIN 16803 us state=1
STALL_MAIN 16829 us state=1
STALL_MAIN 16827 us state=1
STALL_MAIN 16829 us state=1
STALL_MAIN 16831 us state=1
STALL_MAIN 16810 us state=1
STALL_MAIN 16832 us state=1
STALL_MAIN 13574 us state=1
STALL_MAIN 10769 us state=1
STALL_MAIN 16833 us state=1
STALL_MAIN 21801 us state=1
STALL_MAIN 12237 us state=1
STALL_MAIN 19364 us state=1
STALL_MAIN 20446 us state=1
STALL_MAIN 15454 us state=1
STALL_MAIN 19414 us state=1
STALL_MAIN 13220 us state=1
STALL_MAIN 25412 us state=1
STALL_MAIN 18778 us state=1
STALL_MAIN 17267 us state=1
STALL_MAIN 19769 us state=1
STALL_MAIN 11405 us state=1
STALL_MAIN 12659 us state=1
STALL_MAIN 25102 us state=1
STALL_MAIN 24855 us state=1
STALL_MAIN 12282 us state=1
STALL_MAIN 22095 us state=1
STALL_MAIN 24338 us state=1
STALL_MAIN 22598 us state=1
STALL_MAIN 20309 us state=1
STALL_MAIN 19168 us state=1
STALL_MAIN 21052 us state=1
STALL_MAIN 27394 us state=1
STALL_MAIN 23774 us state=1
STALL_MAIN 17416 us state=1
STALL_MAIN 17456 us state=1
STALL_MAIN 28456 us state=1
STALL_MAIN 24460 us state=1
STALL_MAIN 20113 us state=1
STALL_MAIN 21319 us state=1
STALL_MAIN 25023 us state=1
STALL_MAIN 21165 us state=1
STALL_MAIN 30569 us state=1
STALL_MAIN 11642 us state=1
STALL_MAIN 30244 us state=1
STALL_MAIN 25853 us state=1
STALL_MAIN 11254 us state=1
STALL_MAIN 15521 us state=1
STALL_MAIN 10155 us state=1
STALL_MAIN 15403 us state=1
STALL_MAIN 10926 us state=1
STALL_MAIN 27279 us state=1
STALL_MAIN 20280 us state=1
STALL_MAIN 26033 us state=1
STALL_MAIN 25677 us state=1
STALL_MAIN 12758 us state=1
STALL_MAIN 26161 us state=1
STALL_MAIN 22819 us state=1
STALL_MAIN 21472 us state=1
STALL_MAIN 21487 us state=1
STALL_MAIN 27748 us state=1
STALL_MAIN 24849 us state=1
STALL_MAIN 25078 us state=1
STALL_MAIN 18382 us state=1
STALL_MAIN 26097 us state=1
STALL_MAIN 25530 us state=1
STALL_MAIN 18544 us state=1
STALL_MAIN 10356 us state=1
STALL_MAIN 33722 us state=1
STALL_MAIN 21888 us state=1
STALL_MAIN 28394 us state=1
STALL_MAIN 21297 us state=1
STALL_MAIN 21446 us state=1
STALL_MAIN 28715 us state=1
STALL_MAIN 14547 us state=1
STALL_MAIN 14315 us state=1
STALL_MAIN 26456 us state=1
STALL_MAIN 10613 us state=1
STALL_MAIN 20095 us state=1
STALL_MAIN 21010 us state=1
STALL_MAIN 23151 us state=1
STALL_MAIN 22375 us state=1
STALL_MAIN 19355 us state=1
STALL_MAIN 17964 us state=1
STALL_MAIN 20082 us state=1
STALL_MAIN 12768 us state=1
STALL_MAIN 12869 us state=1
STALL_MAIN 23601 us state=1
STALL_MAIN 18739 us state=1
STALL_MAIN 13076 us state=1
STALL_MAIN 21936 us state=1
STALL_MAIN 16197 us state=1
STALL_MAIN 24516 us state=1
STALL_MAIN 20385 us state=1
STALL_MAIN 22899 us state=1
STALL_MAIN 10135 us state=1
STALL_MAIN 10833 us state=1
STALL_MAIN 20033 us state=1
STALL_MAIN 20293 us state=1
STALL_MAIN 19375 us state=1
STALL_MAIN 19681 us state=1
STALL_MAIN 16332 us state=1
STALL_MAIN 17969 us state=1
STALL_MAIN 10305 us state=1
STALL_MAIN 16774 us state=1
STALL_MAIN 17035 us state=1
STALL_MAIN 12506 us state=1
STALL_MAIN 12859 us state=1
STALL_MAIN 21625 us state=1
STALL_MAIN 16766 us state=1
STALL_MAIN 15087 us state=1
STALL_MAIN 14444 us state=1
STALL_MAIN 20695 us state=1
STALL_MAIN 10523 us state=1
STALL_MAIN 14142 us state=1
STALL_MAIN 13367 us state=1
STALL_MAIN 13119 us state=1
STALL_MAIN 18438 us state=1
STALL_MAIN 14893 us state=1
STALL_MAIN 17932 us state=1
STALL_MAIN 19499 us state=1
STALL_MAIN 12186 us state=1
STALL_MAIN 20121 us state=1
STALL_MAIN 21863 us state=1
STALL_MAIN 21521 us state=1
STALL_MAIN 20691 us state=1
STALL_MAIN 20145 us state=1
STALL_MAIN 11993 us state=1
STALL_MAIN 13396 us state=1
STALL_MAIN 21668 us state=1
STALL_MAIN 18115 us state=1
STALL_MAIN 22143 us state=1
STALL_MAIN 12447 us state=1
STALL_MAIN 20559 us state=1
STALL_MAIN 11478 us state=1
STALL_MAIN 10084 us state=1
STALL_MAIN 16855 us state=1
STALL_MAIN 13020 us state=1
STALL_MAIN 14549 us state=1
STALL_MAIN 17419 us state=1
STALL_MAIN 13748 us state=1
STALL_MAIN 24029 us state=1
STALL_MAIN 11545 us state=1
STALL_MAIN 13149 us state=1
STALL_MAIN 16584 us state=1
STALL_MAIN 19119 us state=1
STALL_MAIN 19729 us state=1
STALL_MAIN 22198 us state=1
STALL_MAIN 13158 us state=1
STALL_MAIN 17365 us state=1
STALL_MAIN 15513 us state=1
STALL_MAIN 15448 us state=1
STALL_MAIN 19037 us state=1
STALL_MAIN 23311 us state=1
STALL_MAIN 22072 us state=1
STALL_MAIN 21810 us state=1
STALL_MAIN 24866 us state=1
STALL_MAIN 20782 us state=1
STALL_MAIN 10917 us state=1
STALL_MAIN 16765 us state=1
STALL_MAIN 22240 us state=1
STALL_MAIN 18976 us state=1
STALL_MAIN 12251 us state=1
STALL_MAIN 12716 us state=1
STALL_MAIN 15641 us state=1
STALL_MAIN 13809 us state=1
STALL_MAIN 15326 us state=1
STALL_MAIN 16185 us state=1
STALL_MAIN 15494 us state=1
STALL_MAIN 13371 us state=1
STALL_MAIN 22942 us state=1
STALL_MAIN 19021 us state=1
STALL_MAIN 20628 us state=1
STALL_MAIN 25129 us state=1
STALL_MAIN 12692 us state=1
STALL_MAIN 28606 us state=1
STALL_MAIN 12398 us state=1
STALL_MAIN 27329 us state=1
STALL_MAIN 19375 us state=1
STALL_MAIN 16531 us state=1
STALL_MAIN 27787 us state=1
STALL_MAIN 18199 us state=1
STALL_MAIN 26820 us state=1
STALL_MAIN 15512 us state=1
STALL_MAIN 25139 us state=1
STALL_MAIN 23711 us state=1
STALL_MAIN 15764 us state=1
STALL_MAIN 28643 us state=1
STALL_MAIN 19580 us state=1

=== main-thread off-CPU duration hist (us) ===
@offcpu_us:
[1]                   10 |                                                    |
[2, 4)              3473 |@@@@@@@@@@@@@@@@@@@@@@@@@@@@@@@@@@@@@@@             |
[4, 8)              4610 |@@@@@@@@@@@@@@@@@@@@@@@@@@@@@@@@@@@@@@@@@@@@@@@@@@@@|
[8, 16)             2660 |@@@@@@@@@@@@@@@@@@@@@@@@@@@@@@                      |
[16, 32)            1775 |@@@@@@@@@@@@@@@@@@@@                                |
[32, 64)            2066 |@@@@@@@@@@@@@@@@@@@@@@@                             |
[64, 128)           1149 |@@@@@@@@@@@@                                        |
[128, 256)           400 |@@@@                                                |
[256, 512)            96 |@                                                   |
[512, 1K)             66 |                                                    |
[1K, 2K)              88 |                                                    |
[2K, 4K)              41 |                                                    |
[4K, 8K)              77 |                                                    |
[8K, 16K)            178 |@@                                                  |
[16K, 32K)           221 |@@                                                  |
[32K, 64K)             2 |                                                    |


=== switch-out counts by prev_state (R=0 S=1 D=2 ...) ===
@by_state[2]: 656
@by_state[256]: 886
@by_state[0]: 2034
@by_state[1]: 13336

=== stall totals (>=1ms blocks) ===
@stall_us_total: 7537374
@stall_n: 610

=== stall time by thread state (us) ===
@stall_state_us[0]: 1256
@stall_state_us[2]: 90201
@stall_state_us[1]: 7445917

=== stall time by blocking stack (us, top 20) ===
@stall_stack_us[
        0x7f953d90531c
]: 1256
@stall_stack_us[
        getCurrentRSS+0
        0x40f06564
        0x7f94788cb95b
        0x7f93fc07fabb
        0x401c67a6
        0x7f949c846428
        0x7f949c9e578f
        0x558431b82490
]: 1527
@stall_stack_us[
        0x7f953dd074b0
]: 1977
@stall_stack_us[
        syscall+29
        0x7f9500c608d0
]: 2945
@stall_stack_us[
        0x7f953e2b4640
        0xea00038ffeaff1c
        0x7f953da02410
        0x8348078948011124
]: 3361
@stall_stack_us[
        __xstat64+22
        0x401a1784
        0x4019de60
        0x40201d40
        0x40201cac
        0
        0x3f00000000000001
        0x558432078198
        0x558432078198
        0x558432078198
        0x558432078198
        0x558432078198
        0x558432078198
        0x558432078198
        0x558432078198
        0x558432078198
]: 14985
@stall_stack_us[
        syscall+29
]: 21987
@stall_stack_us[
        sigsuspend+151
        GC_suspend_handler+31
]: 41261
@stall_stack_us[
        0x7f953cab61f2
        0x18b
]: 52251
@stall_stack_us[
        0x7f953cab61f2
        0x7f949ca2b5d3
]: 66727
@stall_stack_us[
        0x7f953cab61f2
]: 7329097


@by_state[2]: 656
@by_state[256]: 886
@by_state[0]: 2034
@by_state[1]: 13336
@offcpu_us:
[1]                   10 |                                                    |
[2, 4)              3473 |@@@@@@@@@@@@@@@@@@@@@@@@@@@@@@@@@@@@@@@             |
[4, 8)              4610 |@@@@@@@@@@@@@@@@@@@@@@@@@@@@@@@@@@@@@@@@@@@@@@@@@@@@|
[8, 16)             2660 |@@@@@@@@@@@@@@@@@@@@@@@@@@@@@@                      |
[16, 32)            1775 |@@@@@@@@@@@@@@@@@@@@                                |
[32, 64)            2066 |@@@@@@@@@@@@@@@@@@@@@@@                             |
[64, 128)           1149 |@@@@@@@@@@@@                                        |
[128, 256)           400 |@@@@                                                |
[256, 512)            96 |@                                                   |
[512, 1K)             66 |                                                    |
[1K, 2K)              88 |                                                    |
[2K, 4K)              41 |                                                    |
[4K, 8K)              77 |                                                    |
[8K, 16K)            178 |@@                                                  |
[16K, 32K)           221 |@@                                                  |
[32K, 64K)             2 |                                                    |

@stall_n: 610
@stall_stack_us[
        0x7f953d90531c
]: 1256
@stall_stack_us[
        getCurrentRSS+0
        0x40f06564
        0x7f94788cb95b
        0x7f93fc07fabb
        0x401c67a6
        0x7f949c846428
        0x7f949c9e578f
        0x558431b82490
]: 1527
@stall_stack_us[
        0x7f953dd074b0
]: 1977
@stall_stack_us[
        syscall+29
        0x7f9500c608d0
]: 2945
@stall_stack_us[
        0x7f953e2b4640
        0xea00038ffeaff1c
        0x7f953da02410
        0x8348078948011124
]: 3361
@stall_stack_us[
        __xstat64+22
        0x401a1784
        0x4019de60
        0x40201d40
        0x40201cac
        0
        0x3f00000000000001
        0x558432078198
        0x558432078198
        0x558432078198
        0x558432078198
        0x558432078198
        0x558432078198
        0x558432078198
        0x558432078198
        0x558432078198
]: 14985
@stall_stack_us[
        syscall+29
]: 21987
@stall_stack_us[
        sigsuspend+151
        GC_suspend_handler+31
]: 41261
@stall_stack_us[
        0x7f953cab61f2
        0x18b
]: 52251
@stall_stack_us[
        0x7f953cab61f2
        0x7f949ca2b5d3
]: 66727
@stall_stack_us[
        0x7f953cab61f2
]: 7329097
@stall_state_us[0]: 1256
@stall_state_us[2]: 90201
@stall_state_us[1]: 7445917
@stall_us_total: 7537374
