/home/maci/Desktop/7dtd/7dtd-loadgen/workspace/bench/lap1/probe-15s/apm/session_20260822_083749_pid829742/bt/offcpu.bt:27:20-25: WARNING: Expression of type: uint64 being cast to type: int64. This may cause unexpected results. Use an explicit cast to suppress this warning.
    $us = (uint64)(nsecs - @start[args.next_pid]) / 1000;
                   ~~~~~
/home/maci/Desktop/7dtd/7dtd-loadgen/workspace/bench/lap1/probe-15s/apm/session_20260822_083749_pid829742/bt/offcpu.bt:27:28-49: WARNING: Expression of type: uint64 being cast to type: int64. This may cause unexpected results. Use an explicit cast to suppress this warning.
    $us = (uint64)(nsecs - @start[args.next_pid]) / 1000;
                           ~~~~~~~~~~~~~~~~~~~~~
/home/maci/Desktop/7dtd/7dtd-loadgen/workspace/bench/lap1/probe-15s/apm/session_20260822_083749_pid829742/bt/offcpu.bt:28:5-35: WARNING: Return value discarded.
    delete(@start[args.next_pid]);
    ~~~~~~~~~~~~~~~~~~~~~~~~~~~~~~
/home/maci/Desktop/7dtd/7dtd-loadgen/workspace/bench/lap1/probe-15s/apm/session_20260822_083749_pid829742/bt/offcpu.bt:40:5-41: WARNING: Return value discarded.
    delete(@block_stack[args.next_pid]);
    ~~~~~~~~~~~~~~~~~~~~~~~~~~~~~~~~~~~~
/home/maci/Desktop/7dtd/7dtd-loadgen/workspace/bench/lap1/probe-15s/apm/session_20260822_083749_pid829742/bt/offcpu.bt:41:5-40: WARNING: Return value discarded.
    delete(@block_state[args.next_pid]);
    ~~~~~~~~~~~~~~~~~~~~~~~~~~~~~~~~~~~
STALL_MAIN 26907 us state=1
STALL_MAIN 32691 us state=1
STALL_MAIN 32958 us state=1
STALL_MAIN 31640 us state=1
STALL_MAIN 33768 us state=1
STALL_MAIN 33954 us state=1
STALL_MAIN 34166 us state=1
STALL_MAIN 31122 us state=1
STALL_MAIN 32024 us state=1
STALL_MAIN 30662 us state=1
STALL_MAIN 34178 us state=1
STALL_MAIN 34545 us state=1
STALL_MAIN 34648 us state=1
STALL_MAIN 33848 us state=1
STALL_MAIN 34540 us state=1
STALL_MAIN 34560 us state=1
STALL_MAIN 34735 us state=1
STALL_MAIN 33775 us state=1
STALL_MAIN 32425 us state=1
STALL_MAIN 33038 us state=1
STALL_MAIN 33112 us state=1
STALL_MAIN 33912 us state=1
STALL_MAIN 32412 us state=1
STALL_MAIN 33733 us state=1
STALL_MAIN 31590 us state=1
STALL_MAIN 34141 us state=1
STALL_MAIN 35605 us state=1
STALL_MAIN 34828 us state=1
STALL_MAIN 34255 us state=1
STALL_MAIN 32841 us state=1
STALL_MAIN 34667 us state=1
STALL_MAIN 32483 us state=1
STALL_MAIN 31219 us state=1
STALL_MAIN 26247 us state=1
STALL_MAIN 32947 us state=1
STALL_MAIN 33228 us state=1
STALL_MAIN 33565 us state=1
STALL_MAIN 33396 us state=1
STALL_MAIN 23434 us state=1
STALL_MAIN 32578 us state=1
STALL_MAIN 33833 us state=1
STALL_MAIN 35031 us state=1
STALL_MAIN 32697 us state=1
STALL_MAIN 30797 us state=1
STALL_MAIN 33062 us state=1
STALL_MAIN 34241 us state=1
STALL_MAIN 34613 us state=1
STALL_MAIN 34261 us state=1
STALL_MAIN 36107 us state=1
STALL_MAIN 34223 us state=1
STALL_MAIN 27980 us state=1
STALL_MAIN 32551 us state=1
STALL_MAIN 35126 us state=1
STALL_MAIN 31613 us state=1
STALL_MAIN 36965 us state=1
STALL_MAIN 30755 us state=1
STALL_MAIN 27706 us state=1
STALL_MAIN 37027 us state=1
STALL_MAIN 32762 us state=1
STALL_MAIN 37241 us state=1
STALL_MAIN 34191 us state=1
STALL_MAIN 34098 us state=1
STALL_MAIN 33697 us state=1
STALL_MAIN 27644 us state=1
STALL_MAIN 29372 us state=1
STALL_MAIN 31220 us state=1
STALL_MAIN 33127 us state=1
STALL_MAIN 31924 us state=1
STALL_MAIN 34019 us state=1
STALL_MAIN 30955 us state=1
STALL_MAIN 34479 us state=1
STALL_MAIN 33851 us state=1
STALL_MAIN 34665 us state=1
STALL_MAIN 34282 us state=1
STALL_MAIN 34358 us state=1
STALL_MAIN 35636 us state=1
STALL_MAIN 35871 us state=1
STALL_MAIN 34706 us state=1
STALL_MAIN 35826 us state=1
STALL_MAIN 38355 us state=1
STALL_MAIN 39132 us state=1
STALL_MAIN 37401 us state=1
STALL_MAIN 38461 us state=1
STALL_MAIN 39149 us state=1
STALL_MAIN 28602 us state=1
STALL_MAIN 30513 us state=1
STALL_MAIN 36321 us state=1
STALL_MAIN 37150 us state=1
STALL_MAIN 37862 us state=1
STALL_MAIN 37840 us state=1
STALL_MAIN 35606 us state=1
STALL_MAIN 34705 us state=1
STALL_MAIN 33943 us state=1
STALL_MAIN 34705 us state=1
STALL_MAIN 36415 us state=1
STALL_MAIN 37314 us state=1
STALL_MAIN 35516 us state=1
STALL_MAIN 34248 us state=1
STALL_MAIN 35980 us state=1
STALL_MAIN 36327 us state=1
STALL_MAIN 21880 us state=1
STALL_MAIN 27817 us state=1
STALL_MAIN 35883 us state=1
STALL_MAIN 36251 us state=1
STALL_MAIN 34952 us state=1
STALL_MAIN 34668 us state=1
STALL_MAIN 18738 us state=1
STALL_MAIN 35431 us state=1
STALL_MAIN 34871 us state=1
STALL_MAIN 34202 us state=1
STALL_MAIN 33995 us state=1
STALL_MAIN 32323 us state=1
STALL_MAIN 10312 us state=1
STALL_MAIN 15738 us state=1
STALL_MAIN 35830 us state=1
STALL_MAIN 35027 us state=1
STALL_MAIN 36918 us state=1
STALL_MAIN 32533 us state=1
STALL_MAIN 35561 us state=1
STALL_MAIN 36160 us state=1
STALL_MAIN 35123 us state=1
STALL_MAIN 35367 us state=1
STALL_MAIN 29984 us state=1
STALL_MAIN 36592 us state=1
STALL_MAIN 37573 us state=1
STALL_MAIN 36656 us state=1
STALL_MAIN 35181 us state=1
STALL_MAIN 35580 us state=1
STALL_MAIN 32743 us state=1
STALL_MAIN 32262 us state=1
STALL_MAIN 35113 us state=1
STALL_MAIN 36654 us state=1
STALL_MAIN 36861 us state=1
STALL_MAIN 36600 us state=1
STALL_MAIN 34145 us state=1
STALL_MAIN 35170 us state=1
STALL_MAIN 34489 us state=1
STALL_MAIN 33151 us state=1
STALL_MAIN 36080 us state=1
STALL_MAIN 31096 us state=1
STALL_MAIN 31860 us state=1
STALL_MAIN 33149 us state=1
STALL_MAIN 33472 us state=1
STALL_MAIN 34675 us state=1
STALL_MAIN 36081 us state=1
STALL_MAIN 33796 us state=1
STALL_MAIN 35612 us state=1
STALL_MAIN 36203 us state=1
STALL_MAIN 37865 us state=1
STALL_MAIN 35513 us state=1
STALL_MAIN 30738 us state=1
STALL_MAIN 34430 us state=1
STALL_MAIN 31094 us state=1
STALL_MAIN 33170 us state=1
STALL_MAIN 35522 us state=1
STALL_MAIN 36454 us state=0
STALL_MAIN 33737 us state=1
STALL_MAIN 34228 us state=1
STALL_MAIN 34400 us state=1
STALL_MAIN 12925 us state=1
STALL_MAIN 14018 us state=1
STALL_MAIN 32876 us state=1
STALL_MAIN 15708 us state=1
STALL_MAIN 36139 us state=1
STALL_MAIN 16356 us state=1
STALL_MAIN 14085 us state=1
STALL_MAIN 36929 us state=1
STALL_MAIN 37454 us state=1
STALL_MAIN 16197 us state=1
STALL_MAIN 34457 us state=1
STALL_MAIN 36591 us state=1
STALL_MAIN 37032 us state=1
STALL_MAIN 36923 us state=1
STALL_MAIN 34812 us state=1
STALL_MAIN 34918 us state=1
STALL_MAIN 34434 us state=1
STALL_MAIN 30298 us state=1
STALL_MAIN 36246 us state=1
STALL_MAIN 35353 us state=1
STALL_MAIN 35743 us state=1
STALL_MAIN 34906 us state=1
STALL_MAIN 36070 us state=1
STALL_MAIN 37021 us state=1
STALL_MAIN 37170 us state=1
STALL_MAIN 36753 us state=1
STALL_MAIN 20044 us state=1
STALL_MAIN 35297 us state=1
STALL_MAIN 32791 us state=1
STALL_MAIN 32952 us state=1
STALL_MAIN 31953 us state=1
STALL_MAIN 35811 us state=1
STALL_MAIN 32653 us state=1
STALL_MAIN 34416 us state=1
STALL_MAIN 34236 us state=1
STALL_MAIN 36444 us state=1
STALL_MAIN 33157 us state=1
STALL_MAIN 35011 us state=1
STALL_MAIN 35061 us state=1
STALL_MAIN 30604 us state=1
STALL_MAIN 34965 us state=1
STALL_MAIN 35873 us state=1
STALL_MAIN 35358 us state=1
STALL_MAIN 36700 us state=1
STALL_MAIN 36979 us state=1
STALL_MAIN 35401 us state=1
STALL_MAIN 36467 us state=1
STALL_MAIN 35686 us state=1
STALL_MAIN 36183 us state=1
STALL_MAIN 34347 us state=1
STALL_MAIN 35791 us state=1
STALL_MAIN 32701 us state=1
STALL_MAIN 34521 us state=1
STALL_MAIN 34448 us state=1
STALL_MAIN 33637 us state=1
STALL_MAIN 36707 us state=1
STALL_MAIN 34667 us state=1
STALL_MAIN 36358 us state=1
STALL_MAIN 33247 us state=1
STALL_MAIN 36179 us state=1
STALL_MAIN 35614 us state=1
STALL_MAIN 35286 us state=1
STALL_MAIN 34751 us state=1
STALL_MAIN 35797 us state=1
STALL_MAIN 36756 us state=1
STALL_MAIN 38051 us state=1
STALL_MAIN 38496 us state=1
STALL_MAIN 38559 us state=1
STALL_MAIN 35496 us state=1
STALL_MAIN 34151 us state=1
STALL_MAIN 33006 us state=1
STALL_MAIN 34694 us state=1
STALL_MAIN 34861 us state=1
STALL_MAIN 34111 us state=1
STALL_MAIN 35045 us state=1
STALL_MAIN 34756 us state=1
STALL_MAIN 35254 us state=1
STALL_MAIN 35326 us state=1
STALL_MAIN 36008 us state=1
STALL_MAIN 35438 us state=1
STALL_MAIN 34802 us state=1
STALL_MAIN 35170 us state=1
STALL_MAIN 34617 us state=1
STALL_MAIN 34809 us state=1
STALL_MAIN 34497 us state=1
STALL_MAIN 35711 us state=1
STALL_MAIN 35246 us state=1
STALL_MAIN 33888 us state=1
STALL_MAIN 36143 us state=1
STALL_MAIN 36094 us state=1
STALL_MAIN 34843 us state=1
STALL_MAIN 37220 us state=1
STALL_MAIN 37898 us state=1
STALL_MAIN 37294 us state=1
STALL_MAIN 36100 us state=1
STALL_MAIN 34235 us state=1
STALL_MAIN 36044 us state=1
STALL_MAIN 34270 us state=1
STALL_MAIN 25357 us state=1
STALL_MAIN 18889 us state=1
STALL_MAIN 35866 us state=1
STALL_MAIN 35894 us state=1
STALL_MAIN 35597 us state=1
STALL_MAIN 35060 us state=1
STALL_MAIN 35025 us state=1
STALL_MAIN 34474 us state=1
STALL_MAIN 34962 us state=1
STALL_MAIN 35277 us state=1
STALL_MAIN 35152 us state=1
STALL_MAIN 25840 us state=1
STALL_MAIN 36155 us state=1
STALL_MAIN 30522 us state=1
STALL_MAIN 36969 us state=1
STALL_MAIN 37575 us state=1
STALL_MAIN 37075 us state=1
STALL_MAIN 37896 us state=1
STALL_MAIN 36594 us state=1
STALL_MAIN 33079 us state=1
STALL_MAIN 35667 us state=1
STALL_MAIN 34442 us state=1
STALL_MAIN 36597 us state=1
STALL_MAIN 36844 us state=1
STALL_MAIN 36238 us state=1
STALL_MAIN 36012 us state=1
STALL_MAIN 36046 us state=1
STALL_MAIN 35472 us state=1
STALL_MAIN 36363 us state=1
STALL_MAIN 36361 us state=1
STALL_MAIN 35141 us state=1
STALL_MAIN 35172 us state=1
STALL_MAIN 34055 us state=1
STALL_MAIN 34090 us state=1
STALL_MAIN 33835 us state=1
STALL_MAIN 37006 us state=1
STALL_MAIN 33158 us state=1
STALL_MAIN 34168 us state=1
STALL_MAIN 34761 us state=1
STALL_MAIN 35450 us state=1
STALL_MAIN 35354 us state=1
STALL_MAIN 37043 us state=1
STALL_MAIN 37072 us state=1
STALL_MAIN 37859 us state=1
STALL_MAIN 35695 us state=1
STALL_MAIN 36429 us state=1
STALL_MAIN 36318 us state=1
STALL_MAIN 38167 us state=1
STALL_MAIN 38825 us state=1
STALL_MAIN 39801 us state=1
STALL_MAIN 39001 us state=1
STALL_MAIN 38572 us state=1
STALL_MAIN 36949 us state=1
STALL_MAIN 35652 us state=1
STALL_MAIN 37473 us state=1
STALL_MAIN 36092 us state=1
STALL_MAIN 33200 us state=1
STALL_MAIN 36819 us state=1
STALL_MAIN 33612 us state=1
STALL_MAIN 34799 us state=1
STALL_MAIN 37161 us state=1
STALL_MAIN 34493 us state=1
STALL_MAIN 38631 us state=1
STALL_MAIN 35616 us state=1
STALL_MAIN 36552 us state=1
STALL_MAIN 34822 us state=1
STALL_MAIN 34801 us state=1
STALL_MAIN 31456 us state=1
STALL_MAIN 33036 us state=1
STALL_MAIN 38312 us state=1
STALL_MAIN 30402 us state=1
STALL_MAIN 29314 us state=1
STALL_MAIN 33697 us state=1
STALL_MAIN 31548 us state=1
STALL_MAIN 32199 us state=1
STALL_MAIN 33479 us state=1
STALL_MAIN 32735 us state=1
STALL_MAIN 30772 us state=1
STALL_MAIN 34780 us state=1
STALL_MAIN 22430 us state=1
STALL_MAIN 33182 us state=1
STALL_MAIN 33583 us state=1
STALL_MAIN 28633 us state=1
STALL_MAIN 30556 us state=1
STALL_MAIN 36840 us state=1
STALL_MAIN 23013 us state=1
STALL_MAIN 34227 us state=1
STALL_MAIN 33375 us state=1
STALL_MAIN 22261 us state=1
STALL_MAIN 32907 us state=1
STALL_MAIN 35952 us state=1
STALL_MAIN 28964 us state=1
STALL_MAIN 29720 us state=1
STALL_MAIN 33410 us state=1
STALL_MAIN 34610 us state=1
STALL_MAIN 31757 us state=1
STALL_MAIN 28136 us state=1
STALL_MAIN 35907 us state=1
STALL_MAIN 33521 us state=1
STALL_MAIN 37141 us state=1
STALL_MAIN 35618 us state=1
STALL_MAIN 37283 us state=1
STALL_MAIN 37433 us state=1
STALL_MAIN 32572 us state=1
STALL_MAIN 34776 us state=1
STALL_MAIN 32229 us state=1
STALL_MAIN 34837 us state=1
STALL_MAIN 27736 us state=1
STALL_MAIN 35688 us state=1
STALL_MAIN 35345 us state=1
STALL_MAIN 34522 us state=1
STALL_MAIN 33679 us state=1
STALL_MAIN 34293 us state=1
STALL_MAIN 34199 us state=1
STALL_MAIN 34818 us state=1
STALL_MAIN 35685 us state=1
STALL_MAIN 37221 us state=1
STALL_MAIN 35373 us state=1
STALL_MAIN 36956 us state=1
STALL_MAIN 36495 us state=1
STALL_MAIN 35762 us state=1
STALL_MAIN 33654 us state=1
STALL_MAIN 34677 us state=1
STALL_MAIN 34720 us state=1
STALL_MAIN 33887 us state=1
STALL_MAIN 35801 us state=1
STALL_MAIN 35820 us state=1
STALL_MAIN 36038 us state=1
STALL_MAIN 36841 us state=1
STALL_MAIN 33381 us state=1
STALL_MAIN 32381 us state=1
STALL_MAIN 28709 us state=1
STALL_MAIN 31273 us state=1
STALL_MAIN 31691 us state=1
STALL_MAIN 28074 us state=1
STALL_MAIN 36534 us state=1
STALL_MAIN 35950 us state=1
STALL_MAIN 37082 us state=1
STALL_MAIN 32594 us state=1
STALL_MAIN 34444 us state=1
STALL_MAIN 35849 us state=1
STALL_MAIN 31490 us state=1
STALL_MAIN 29756 us state=1
STALL_MAIN 32741 us state=1
STALL_MAIN 35115 us state=1
STALL_MAIN 35748 us state=1
STALL_MAIN 35349 us state=1
STALL_MAIN 36427 us state=1
STALL_MAIN 29812 us state=1
STALL_MAIN 34916 us state=1
STALL_MAIN 35970 us state=1
STALL_MAIN 35566 us state=1
STALL_MAIN 36436 us state=1
STALL_MAIN 36450 us state=1
STALL_MAIN 38091 us state=1
STALL_MAIN 36134 us state=1
STALL_MAIN 36574 us state=1
STALL_MAIN 33784 us state=1
STALL_MAIN 36780 us state=1
STALL_MAIN 36237 us state=1
STALL_MAIN 34991 us state=1
STALL_MAIN 36181 us state=1
STALL_MAIN 36511 us state=1
STALL_MAIN 36040 us state=1
STALL_MAIN 25326 us state=1
STALL_MAIN 35326 us state=1
STALL_MAIN 37061 us state=1
STALL_MAIN 36431 us state=1
STALL_MAIN 35989 us state=1
STALL_MAIN 39073 us state=1
STALL_MAIN 39628 us state=1
STALL_MAIN 40016 us state=1
STALL_MAIN 36332 us state=1
STALL_MAIN 38058 us state=1
STALL_MAIN 38910 us state=1
STALL_MAIN 37538 us state=1
STALL_MAIN 38116 us state=1
STALL_MAIN 37889 us state=1
STALL_MAIN 37756 us state=1
STALL_MAIN 39982 us state=1
STALL_MAIN 39221 us state=1
STALL_MAIN 40046 us state=1
STALL_MAIN 36774 us state=1
STALL_MAIN 37043 us state=1
STALL_MAIN 36656 us state=1
STALL_MAIN 37214 us state=1
STALL_MAIN 36077 us state=1
STALL_MAIN 35059 us state=1
STALL_MAIN 35629 us state=1
STALL_MAIN 28894 us state=1
STALL_MAIN 36276 us state=1
STALL_MAIN 36579 us state=1
STALL_MAIN 35332 us state=1
STALL_MAIN 35367 us state=1
STALL_MAIN 37172 us state=1
STALL_MAIN 38275 us state=1
STALL_MAIN 36058 us state=1
STALL_MAIN 36888 us state=1
STALL_MAIN 38407 us state=1
STALL_MAIN 35099 us state=1
STALL_MAIN 35987 us state=1
STALL_MAIN 38038 us state=1
STALL_MAIN 36582 us state=1
STALL_MAIN 12092 us state=1
STALL_MAIN 11429 us state=1
STALL_MAIN 31692 us state=1
STALL_MAIN 16975 us state=1
STALL_MAIN 36904 us state=1
STALL_MAIN 37207 us state=1
STALL_MAIN 38240 us state=1
STALL_MAIN 13966 us state=1
STALL_MAIN 14184 us state=1
STALL_MAIN 36807 us state=1
STALL_MAIN 34245 us state=1
STALL_MAIN 34668 us state=1
STALL_MAIN 35300 us state=1
STALL_MAIN 37169 us state=1
STALL_MAIN 36776 us state=1
STALL_MAIN 36267 us state=1
STALL_MAIN 36291 us state=1
STALL_MAIN 34961 us state=1
STALL_MAIN 35522 us state=1
STALL_MAIN 36064 us state=1
STALL_MAIN 36312 us state=1
STALL_MAIN 34495 us state=1
STALL_MAIN 36738 us state=1
STALL_MAIN 35556 us state=1
STALL_MAIN 35843 us state=1
STALL_MAIN 34979 us state=1
STALL_MAIN 36586 us state=1
STALL_MAIN 37452 us state=1
STALL_MAIN 34225 us state=1
STALL_MAIN 38232 us state=1
STALL_MAIN 38087 us state=1
STALL_MAIN 36020 us state=1
STALL_MAIN 38162 us state=1
STALL_MAIN 38996 us state=1
STALL_MAIN 35598 us state=1
STALL_MAIN 38622 us state=1
STALL_MAIN 36487 us state=1
STALL_MAIN 35997 us state=1
STALL_MAIN 38253 us state=1
STALL_MAIN 33048 us state=1
STALL_MAIN 30962 us state=1
STALL_MAIN 36468 us state=1
STALL_MAIN 35918 us state=1
STALL_MAIN 31905 us state=1
STALL_MAIN 36671 us state=1
STALL_MAIN 33082 us state=1
STALL_MAIN 37014 us state=1
STALL_MAIN 35246 us state=1
STALL_MAIN 36588 us state=1
STALL_MAIN 37165 us state=1
STALL_MAIN 34826 us state=1
STALL_MAIN 36433 us state=1
STALL_MAIN 36686 us state=1
STALL_MAIN 35952 us state=1
STALL_MAIN 37078 us state=1
STALL_MAIN 36640 us state=1
STALL_MAIN 34627 us state=1
STALL_MAIN 36053 us state=1
STALL_MAIN 35485 us state=1
STALL_MAIN 35026 us state=1
STALL_MAIN 35174 us state=1
STALL_MAIN 36232 us state=1
STALL_MAIN 37659 us state=1
STALL_MAIN 35197 us state=1
STALL_MAIN 35144 us state=1
STALL_MAIN 36833 us state=1
STALL_MAIN 35577 us state=1
STALL_MAIN 35079 us state=1
STALL_MAIN 36961 us state=1
STALL_MAIN 37625 us state=1
STALL_MAIN 38570 us state=1
STALL_MAIN 37751 us state=1
STALL_MAIN 34682 us state=1
STALL_MAIN 37870 us state=1
STALL_MAIN 36474 us state=1
STALL_MAIN 38220 us state=1
STALL_MAIN 38153 us state=1
STALL_MAIN 38748 us state=1
STALL_MAIN 38561 us state=1
STALL_MAIN 37255 us state=1
STALL_MAIN 38387 us state=1
STALL_MAIN 37844 us state=1
STALL_MAIN 36472 us state=1
STALL_MAIN 37793 us state=1
STALL_MAIN 37911 us state=1
STALL_MAIN 37981 us state=1
STALL_MAIN 36004 us state=1
STALL_MAIN 34441 us state=1
STALL_MAIN 35193 us state=1
STALL_MAIN 35041 us state=1
STALL_MAIN 36194 us state=1
STALL_MAIN 34608 us state=1
STALL_MAIN 32267 us state=1
STALL_MAIN 35909 us state=1
STALL_MAIN 33605 us state=1
STALL_MAIN 33923 us state=1
STALL_MAIN 36319 us state=1
STALL_MAIN 30456 us state=1
STALL_MAIN 34058 us state=1
STALL_MAIN 35757 us state=1
STALL_MAIN 37042 us state=1
STALL_MAIN 36696 us state=1
STALL_MAIN 34004 us state=1

=== main-thread off-CPU duration hist (us) ===
@offcpu_us:
[1]                    3 |                                                    |
[2, 4)              2038 |@@@@@@@@@@@@@@@@@@@@@@@@@@@@@@@@@@@@@@@@@@@@@@@     |
[4, 8)              2226 |@@@@@@@@@@@@@@@@@@@@@@@@@@@@@@@@@@@@@@@@@@@@@@@@@@@@|
[8, 16)              945 |@@@@@@@@@@@@@@@@@@@@@@                              |
[16, 32)             138 |@@@                                                 |
[32, 64)              38 |                                                    |
[64, 128)            491 |@@@@@@@@@@@                                         |
[128, 256)            86 |@@                                                  |
[256, 512)            45 |@                                                   |
[512, 1K)             48 |@                                                   |
[1K, 2K)             106 |@@                                                  |
[2K, 4K)              13 |                                                    |
[4K, 8K)               9 |                                                    |
[8K, 16K)             16 |                                                    |
[16K, 32K)            88 |@@                                                  |
[32K, 64K)           463 |@@@@@@@@@@                                          |


=== switch-out counts by prev_state (R=0 S=1 D=2 ...) ===
@by_state[256]: 154
@by_state[0]: 554
@by_state[2]: 621
@by_state[1]: 5424

=== stall totals (>=1ms blocks) ===
@stall_us_total: 19597236
@stall_n: 696

=== stall time by thread state (us) ===
@stall_state_us[256]: 15738
@stall_state_us[0]: 50012
@stall_state_us[2]: 122393
@stall_state_us[1]: 19409093

=== stall time by blocking stack (us, top 20) ===
@stall_stack_us[
        0x7f032c9dcfcf
]: 1310
@stall_stack_us[
        __xstat64+22
        0x40ba7784
        0x41d26cd0
        0x7f027c474993
        0x7f0308cca95b
        0x7f027c460abb
        0x40bcc7a6
        0x7f032c846428
        0x7f032c9e578f
        0x55ec9c6a2490
]: 1489
@stall_stack_us[
        0x7f032c9cb626
]: 1640
@stall_stack_us[
        0x7f032c9ace8e
        0
]: 2195
@stall_stack_us[
        0x7f03cd0b61f2
        0
]: 2917
@stall_stack_us[
        0x7f03cebaf934
]: 8413
@stall_stack_us[
        syscall+29
        0x7f0390c608d0
]: 21460
@stall_stack_us[
        __xstat64+22
        0x40ba7784
        0x40ba3e60
        0x40c09310
        0x40c0927c
        0
        0x3f00000000000001
        0x55ec9cb940b8
        0x55ec9cb940b8
        0x55ec9cb940b8
        0x55ec9cb940b8
        0x55ec9cb940b8
        0x55ec9cb940b8
        0x55ec9cb940b8
        0x55ec9cb940b8
        0x55ec9cb940b8
]: 23560
@stall_stack_us[
        0x7f032c9dcfa3
        0x110000
        0x55ec9fd21d58
        0x55ec9fd21d58
        0x55ec9fd21d58
        0x55ec9fd21d58
        0x55ec9fd21d58
        0x55ec9fd21d58
        0x55ec9fd21d58
        0x55ec9fd21d58
        0x55ec9fd21d58
        0x55ec9fd21d58
        0x55ec9fd21d58
        0x55ec9fd21d58
        0x55ec9fd21d58
        0x55ec9fd21d58
]: 36454
@stall_stack_us[
        syscall+29
]: 51455
@stall_stack_us[
        0x7f03cd0b61f2
        0x7f032ca2b5d3
]: 97344
@stall_stack_us[
        0x7f03cd0b61f2
]: 19348999


@by_state[256]: 154
@by_state[0]: 554
@by_state[2]: 621
@by_state[1]: 5424
@offcpu_us:
[1]                    3 |                                                    |
[2, 4)              2038 |@@@@@@@@@@@@@@@@@@@@@@@@@@@@@@@@@@@@@@@@@@@@@@@     |
[4, 8)              2226 |@@@@@@@@@@@@@@@@@@@@@@@@@@@@@@@@@@@@@@@@@@@@@@@@@@@@|
[8, 16)              945 |@@@@@@@@@@@@@@@@@@@@@@                              |
[16, 32)             138 |@@@                                                 |
[32, 64)              38 |                                                    |
[64, 128)            491 |@@@@@@@@@@@                                         |
[128, 256)            86 |@@                                                  |
[256, 512)            45 |@                                                   |
[512, 1K)             48 |@                                                   |
[1K, 2K)             106 |@@                                                  |
[2K, 4K)              13 |                                                    |
[4K, 8K)               9 |                                                    |
[8K, 16K)             16 |                                                    |
[16K, 32K)            88 |@@                                                  |
[32K, 64K)           463 |@@@@@@@@@@                                          |

@stall_n: 696
@stall_stack_us[
        0x7f032c9dcfcf
]: 1310
@stall_stack_us[
        __xstat64+22
        0x40ba7784
        0x41d26cd0
        0x7f027c474993
        0x7f0308cca95b
        0x7f027c460abb
        0x40bcc7a6
        0x7f032c846428
        0x7f032c9e578f
        0x55ec9c6a2490
]: 1489
@stall_stack_us[
        0x7f032c9cb626
]: 1640
@stall_stack_us[
        0x7f032c9ace8e
        0
]: 2195
@stall_stack_us[
        0x7f03cd0b61f2
        0
]: 2917
@stall_stack_us[
        0x7f03cebaf934
]: 8413
@stall_stack_us[
        syscall+29
        0x7f0390c608d0
]: 21460
@stall_stack_us[
        __xstat64+22
        0x40ba7784
        0x40ba3e60
        0x40c09310
        0x40c0927c
        0
        0x3f00000000000001
        0x55ec9cb940b8
        0x55ec9cb940b8
        0x55ec9cb940b8
        0x55ec9cb940b8
        0x55ec9cb940b8
        0x55ec9cb940b8
        0x55ec9cb940b8
        0x55ec9cb940b8
        0x55ec9cb940b8
]: 23560
@stall_stack_us[
        0x7f032c9dcfa3
        0x110000
        0x55ec9fd21d58
        0x55ec9fd21d58
        0x55ec9fd21d58
        0x55ec9fd21d58
        0x55ec9fd21d58
        0x55ec9fd21d58
        0x55ec9fd21d58
        0x55ec9fd21d58
        0x55ec9fd21d58
        0x55ec9fd21d58
        0x55ec9fd21d58
        0x55ec9fd21d58
        0x55ec9fd21d58
        0x55ec9fd21d58
]: 36454
@stall_stack_us[
        syscall+29
]: 51455
@stall_stack_us[
        0x7f03cd0b61f2
        0x7f032ca2b5d3
]: 97344
@stall_stack_us[
        0x7f03cd0b61f2
]: 19348999
@stall_state_us[256]: 15738
@stall_state_us[0]: 50012
@stall_state_us[2]: 122393
@stall_state_us[1]: 19409093
@stall_us_total: 19597236
