/home/maci/Desktop/7dtd/7dtd-loadgen/workspace/bench/lap2/soak-4bot/apm/session_20260822_090957_pid887601/bt/block.bt:20:12-57: WARNING: signed operands for '/' can lead to undefined behavior (cast to unsigned to silence warning)
    $us = (nsecs - @start[args.dev, args.sector]) / 1000;
           ~~~~~~~~~~~~~~~~~~~~~~~~~~~~~~~~~~~~~~~~~~~~~
/home/maci/Desktop/7dtd/7dtd-loadgen/workspace/bench/lap2/soak-4bot/apm/session_20260822_090957_pid887601/bt/block.bt:20:12-57: WARNING: signed operands for '/' can lead to undefined behavior (cast to unsigned to silence warning)
    $us = (nsecs - @start[args.dev, args.sector]) / 1000;
           ~~~~~~~~~~~~~~~~~~~~~~~~~~~~~~~~~~~~~~~~~~~~~
/home/maci/Desktop/7dtd/7dtd-loadgen/workspace/bench/lap2/soak-4bot/apm/session_20260822_090957_pid887601/bt/block.bt:20:12-17: WARNING: Expression of type: uint64 being cast to type: int64. This may cause unexpected results. Use an explicit cast to suppress this warning.
    $us = (nsecs - @start[args.dev, args.sector]) / 1000;
           ~~~~~
/home/maci/Desktop/7dtd/7dtd-loadgen/workspace/bench/lap2/soak-4bot/apm/session_20260822_090957_pid887601/bt/block.bt:20:20-49: WARNING: Expression of type: uint64 being cast to type: int64. This may cause unexpected results. Use an explicit cast to suppress this warning.
    $us = (nsecs - @start[args.dev, args.sector]) / 1000;
                   ~~~~~~~~~~~~~~~~~~~~~~~~~~~~~
/home/maci/Desktop/7dtd/7dtd-loadgen/workspace/bench/lap2/soak-4bot/apm/session_20260822_090957_pid887601/bt/block.bt:21:5-43: WARNING: Return value discarded.
    delete(@start[args.dev, args.sector]);
    ~~~~~~~~~~~~~~~~~~~~~~~~~~~~~~~~~~~~~~
17:10:02 @issue_n: 4481
@complete_n: 4401
@lat_sum_us: 564841
17:10:07 @issue_n: 9626
@complete_n: 9398
@lat_sum_us: 1394095
17:10:12 @issue_n: 12951
@complete_n: 12679
@lat_sum_us: 1633966
17:10:17 @issue_n: 26395
@complete_n: 26005
@lat_sum_us: 2609307
17:10:22 @issue_n: 51058
@complete_n: 49998
@lat_sum_us: 4468280
17:10:27 @issue_n: 57325
@complete_n: 56195
@lat_sum_us: 5262783

=== block RQ latency us ===
@lat_us:
[0]                   13 |                                                    |
[1]                   13 |                                                    |
[2, 4)                28 |                                                    |
[4, 8)              2986 |@@@@@@@                                             |
[8, 16)            10283 |@@@@@@@@@@@@@@@@@@@@@@@@@@@                         |
[16, 32)            3264 |@@@@@@@@                                            |
[32, 64)           15331 |@@@@@@@@@@@@@@@@@@@@@@@@@@@@@@@@@@@@@@@@            |
[64, 128)          19490 |@@@@@@@@@@@@@@@@@@@@@@@@@@@@@@@@@@@@@@@@@@@@@@@@@@@@|
[128, 256)          3564 |@@@@@@@@@                                           |
[256, 512)           244 |                                                    |
[512, 1K)            163 |                                                    |
[1K, 2K)             568 |@                                                   |
[2K, 4K)             173 |                                                    |
[4K, 8K)              75 |                                                    |


=== issue size bytes ===
@issue_bytes:
[0]                  222 |                                                    |
[1]                    0 |                                                    |
[2, 4)                 0 |                                                    |
[4, 8)                 0 |                                                    |
[8, 16)                0 |                                                    |
[16, 32)               0 |                                                    |
[32, 64)               0 |                                                    |
[64, 128)              0 |                                                    |
[128, 256)             0 |                                                    |
[256, 512)             0 |                                                    |
[512, 1K)              2 |                                                    |
[1K, 2K)               0 |                                                    |
[2K, 4K)               0 |                                                    |
[4K, 8K)           17376 |@@@@@@@@@@@@@@@@@@@@@@@@@@@@@@@@@                   |
[8K, 16K)           4389 |@@@@@@@@                                            |
[16K, 32K)         26628 |@@@@@@@@@@@@@@@@@@@@@@@@@@@@@@@@@@@@@@@@@@@@@@@@@@@@|
[32K, 64K)          4334 |@@@@@@@@                                            |
[64K, 128K)         1928 |@@@                                                 |
[128K, 256K)        2446 |@@@@                                                |


counts issue/complete:
@issue_n: 57325
@complete_n: 56195


@complete_n: 56195
@issue_bytes:
[0]                  222 |                                                    |
[1]                    0 |                                                    |
[2, 4)                 0 |                                                    |
[4, 8)                 0 |                                                    |
[8, 16)                0 |                                                    |
[16, 32)               0 |                                                    |
[32, 64)               0 |                                                    |
[64, 128)              0 |                                                    |
[128, 256)             0 |                                                    |
[256, 512)             0 |                                                    |
[512, 1K)              2 |                                                    |
[1K, 2K)               0 |                                                    |
[2K, 4K)               0 |                                                    |
[4K, 8K)           17376 |@@@@@@@@@@@@@@@@@@@@@@@@@@@@@@@@@                   |
[8K, 16K)           4389 |@@@@@@@@                                            |
[16K, 32K)         26628 |@@@@@@@@@@@@@@@@@@@@@@@@@@@@@@@@@@@@@@@@@@@@@@@@@@@@|
[32K, 64K)          4334 |@@@@@@@@                                            |
[64K, 128K)         1928 |@@@                                                 |
[128K, 256K)        2446 |@@@@                                                |

@issue_n: 57325
@lat_sum_us: 5262783
@lat_us:
[0]                   13 |                                                    |
[1]                   13 |                                                    |
[2, 4)                28 |                                                    |
[4, 8)              2986 |@@@@@@@                                             |
[8, 16)            10283 |@@@@@@@@@@@@@@@@@@@@@@@@@@@                         |
[16, 32)            3264 |@@@@@@@@                                            |
[32, 64)           15331 |@@@@@@@@@@@@@@@@@@@@@@@@@@@@@@@@@@@@@@@@            |
[64, 128)          19490 |@@@@@@@@@@@@@@@@@@@@@@@@@@@@@@@@@@@@@@@@@@@@@@@@@@@@|
[128, 256)          3564 |@@@@@@@@@                                           |
[256, 512)           244 |                                                    |
[512, 1K)            163 |                                                    |
[1K, 2K)             568 |@                                                   |
[2K, 4K)             173 |                                                    |
[4K, 8K)              75 |                                                    |

@start[271581184, 3536209512]: 545653152140693
@start[0, 0]: 545653188920126
@start[271581184, 1562149632]: 545653201536344
@start[271581186, 87545992]: 545654167102852
@start[271581186, 491677768]: 545654167591771
@start[271581186, 3875416904]: 545654168365807
@start[271581186, 1386966048]: 545654171971598
@start[271581184, 1401637856]: 545654171972891
@start[271581186, 3875424664]: 545655337013548
@start[271581186, 122799192]: 545657848103831
@start[271581186, 122648544]: 545658019901618
@start[271581184, 991295768]: 545658332838963
@start[271581184, 3512408952]: 545658496045874
@start[271581184, 1513694536]: 545658496923805
@start[271581184, 1513694616]: 545658496924316
@start[271581185, 2415268376]: 545658506431697
@start[271581186, 2184598632]: 545658510922754
@start[271581185, 1327222792]: 545658686166873
@start[271581185, 1326534888]: 545658686176491
@start[271581186, 76272672]: 545659176741618
@start[271581184, 3536824184]: 545659974358360
@start[271581184, 3512486488]: 545659984012507
@start[271581185, 3510403744]: 545659994960988
@start[271581184, 1676719600]: 545660032829489
@start[271581184, 2944569224]: 545663263343829
@start[271581184, 1213022240]: 545664943856153
@start[271581184, 989469304]: 545664946655859
@start[271581184, 1034619696]: 545664947761057
@start[271581185, 775611176]: 545664948254916
@start[271581185, 1307305024]: 545664948263352
@start[271581186, 856642792]: 545664948824978
@start[271581186, 107235208]: 545664948903897
@start[271581185, 1307314208]: 545664950239539
@start[271581186, 1387014976]: 545664950545294
@start[271581184, 1401689344]: 545664951056896
@start[271581184, 1401575136]: 545664952744219
@start[271581184, 1401695392]: 545664952786319
@start[271581184, 1401697216]: 545664953273395
@start[271581184, 1401684160]: 545664955467271
@start[271581185, 1307330048]: 545664955642691
@start[271581186, 1387030144]: 545664955717351
@start[271581185, 1307331872]: 545664956370289
@start[271581186, 295725240]: 545664957099210
@start[271581184, 1677725624]: 545665348823711
@start[271581185, 1307335904]: 545665867472212
@start[271581185, 2406882192]: 545666124748060
@start[271581185, 1307335936]: 545666125047263
@start[271581185, 2574678912]: 545666929063426
@start[271581186, 929118752]: 545667351274853
@start[271581186, 1387041440]: 545667352867459
@start[271581184, 1015091160]: 545668567831754
@start[271581184, 1180157048]: 545668669140710
@start[271581184, 1180252632]: 545668669462765
@start[271581184, 3325350688]: 545669340242794
@start[271581184, 979776288]: 545669341324038
@start[271581185, 999690344]: 545669421410990
@start[271581186, 369748992]: 545669447270274
@start[271581186, 374073368]: 545669449529283
@start[271581186, 1474329248]: 545669450891885
@start[271581185, 1170392096]: 545669457736759
@start[271581184, 1436571712]: 545669457756576
@start[271581185, 1168611392]: 545669465536869
@start[271581186, 2184345696]: 545670031185202
@start[271581186, 2184335416]: 545670031186024
@start[271581185, 2368872240]: 545670034552826
@start[271581185, 2368881096]: 545670034578895
@start[271581185, 2368887408]: 545670034594184
@start[271581184, 1676400568]: 545670131497884
@start[271581185, 3805536688]: 545670237097108
@start[271581186, 1387045344]: 545670274256615
@start[271581186, 1387045408]: 545670274267034
@start[271581184, 1401721600]: 545670289368186
@start[271581185, 1307351360]: 545670289983443
@start[271581184, 1401724096]: 545670290334262
@start[271581186, 1387062944]: 545670294123609
@start[271581186, 1387063616]: 545670294329617
@start[271581186, 1387066400]: 545670295104314
@start[271581185, 1307374560]: 545670297605217
@start[271581186, 1387077408]: 545670300101312
@start[271581184, 1401751136]: 545670300102263
@start[271581185, 1307393696]: 545670304807092
@start[271581185, 1307394752]: 545670305135890
@start[271581186, 1387095008]: 545670305260054
@start[271581185, 1307397440]: 545670305708327
@start[271581186, 1387097312]: 545670305766977
@start[271581184, 757016512]: 545670684556269
@start[271581184, 757017384]: 545670684561769
@start[271581184, 757017576]: 545670684564183
@start[271581184, 757017680]: 545670684566217
@start[271581184, 757019304]: 545670684583730
@start[271581184, 757019504]: 545670684597196
@start[271581184, 757059776]: 545670684948466
@start[271581184, 757060072]: 545670684951001
@start[271581184, 757061432]: 545670684964897
@start[271581184, 757064368]: 545670685171476
@start[271581184, 757065136]: 545670685180563
@start[271581184, 757075904]: 545670685672207
@start[271581184, 757076272]: 545670685748260
@start[271581184, 757076520]: 545670685751617
@start[271581184, 757076632]: 545670685753049
@start[271581184, 757043224]: 545670687114991
@start[271581184, 757036144]: 545670687785923
@start[271581184, 757036512]: 545670687787926
@start[271581184, 757036640]: 545670687796012
@start[271581184, 757036800]: 545670687797695
@start[271581184, 757037104]: 545670687798977
@start[271581184, 757037192]: 545670687799669
@start[271581185, 1307403872]: 545671228856962
@start[271581186, 209774168]: 545671230238471
@start[271581184, 1401776768]: 545671230326466
@start[271581185, 1307410144]: 545672038021594
@start[271581185, 1307410208]: 545672038038014
@start[271581186, 75626120]: 545672038125629
@start[271581186, 340464976]: 545672772074860
@start[271581185, 1212033272]: 545673198697813
@start[271581185, 1307213216]: 545673218743784
@start[271581186, 1474223264]: 545673219063755
@start[271581185, 1384046176]: 545673223454513
@start[271581185, 1384086720]: 545673264819169
@start[271581186, 1386972000]: 545673271085113
@start[271581184, 19283264]: 545673276121045
@start[271581185, 3155519072]: 545673289982825
@start[271581185, 1384134528]: 545673298569785
@start[271581185, 1383600800]: 545673301571170
@start[271581185, 1384176128]: 545673316917963
@start[271581185, 1384218528]: 545673346429636
@start[271581186, 1473962208]: 545673366214196
@start[271581186, 1473990112]: 545673398917111
@start[271581184, 1772265176]: 545673419557440
@start[271581185, 1776747440]: 545673420603327
@start[271581186, 1386480512]: 545673429109144
@start[271581186, 3144268928]: 545673496599405
@start[271581186, 1817409408]: 545673498926161
@start[271581184, 3512452944]: 545673763833580
@start[271581184, 3512453200]: 545673763834512
@start[271581185, 1070441840]: 545673819202274
@start[271581186, 1474186944]: 545673831055937
@start[271581186, 81747080]: 545673833679932
@start[271581185, 1067634256]: 545673840778132
@start[271581185, 2996534720]: 545673997983272
@start[271581185, 2996535152]: 545673998025021
@start[271581185, 2996538896]: 545674000177679
@start[271581185, 1063736936]: 545674031176550
@start[271581184, 1435680640]: 545674033266691
@start[271581186, 205151040]: 545674048172234
@start[271581185, 1306822656]: 545674159398060
@start[271581186, 44057232]: 545674181754436
@start[271581186, 53684480]: 545674194055651
@start[271581184, 1393363104]: 545674205800821
@start[271581186, 81245808]: 545674314727462
@start[271581186, 1473592608]: 545674334670941
@start[271581184, 1015114704]: 545674348021049
@start[271581184, 1745180608]: 545674349036609
@start[271581185, 1387841312]: 545674352095421
@start[271581185, 3827046336]: 545674352517525
@start[271581186, 3135033184]: 545674353814054
@start[271581185, 3706670912]: 545674358361997
@start[271581185, 1303363360]: 545674390207961
@start[271581186, 856640696]: 545674421441753
@start[271581185, 1304258432]: 545674463555187
@start[271581185, 1187010320]: 545674595474592
@start[271581185, 1512853248]: 545675225600968
@start[271581186, 3482785488]: 545675239830270
@start[271581185, 3764790632]: 545675245958375
@start[271581185, 3764792072]: 545675245964306
@start[271581185, 3764792104]: 545675246029699
@start[271581184, 3536248496]: 545675270717840
@start[271581185, 3764787920]: 545675273567179
@start[271581185, 3764788176]: 545675273628004
@start[271581186, 2605073608]: 545675284359958
@start[271581185, 3490325496]: 545675299488250
@start[271581185, 3478002360]: 545675299489292
@start[271581185, 2352879784]: 545675302125279
@start[271581185, 3749582976]: 545675304647403
@start[271581186, 558657112]: 545675306483185
@start[271581186, 233652352]: 545675306483626
@start[271581185, 3749593232]: 545675306620985
@start[271581185, 3749586360]: 545675306621506
@start[271581185, 3749593248]: 545675306622107
@start[271581185, 391735336]: 545675312874526
@start[271581185, 391735360]: 545675312961740
@start[271581185, 391737992]: 545675317006768
@start[271581185, 1307417824]: 545676676609489
@start[271581186, 1450777304]: 545676872669825
@start[271581184, 2385059328]: 545676987851180
@start[271581185, 1062253152]: 545677247459071
@start[271581184, 387258032]: 545677247670349
@start[271581186, 74638360]: 545677519761006
@start[271581186, 1724014544]: 545678993267848
@start[271581185, 1307420608]: 545679942033073
@start[271581185, 1164601168]: 545679969417967
@start[271581185, 1307414336]: 545679971293654
@start[271581184, 1401786272]: 545679971344310
@start[271581184, 1035138344]: 545679971509240
@start[271581185, 996263648]: 545679971745805
@start[271581186, 1387119520]: 545679973435463
@start[271581186, 1387126848]: 545679976594774
@start[271581184, 1401799360]: 545679976874971
@start[271581186, 1387127488]: 545679976876083
@start[271581186, 1387128320]: 545679977289912
@start[271581185, 1307431776]: 545679978005858
@start[271581185, 1354095640]: 545680203951399
@start[271581185, 1063474136]: 545680205184098
@start[271581185, 408970824]: 545680218209555
