/home/maci/Desktop/7dtd/7dtd-loadgen/workspace/bench/lap1/join-fast/apm/session_20260822_084745_pid855510/bt/futex.bt:29:12-44: WARNING: signed operands for '/' can lead to undefined behavior (cast to unsigned to silence warning)
    $us = (nsecs - @wait_enter[tid]) / 1000;
           ~~~~~~~~~~~~~~~~~~~~~~~~~~~~~~~~
/home/maci/Desktop/7dtd/7dtd-loadgen/workspace/bench/lap1/join-fast/apm/session_20260822_084745_pid855510/bt/futex.bt:29:12-44: WARNING: signed operands for '/' can lead to undefined behavior (cast to unsigned to silence warning)
    $us = (nsecs - @wait_enter[tid]) / 1000;
           ~~~~~~~~~~~~~~~~~~~~~~~~~~~~~~~~
/home/maci/Desktop/7dtd/7dtd-loadgen/workspace/bench/lap1/join-fast/apm/session_20260822_084745_pid855510/bt/futex.bt:29:12-17: WARNING: Expression of type: uint64 being cast to type: int64. This may cause unexpected results. Use an explicit cast to suppress this warning.
    $us = (nsecs - @wait_enter[tid]) / 1000;
           ~~~~~
/home/maci/Desktop/7dtd/7dtd-loadgen/workspace/bench/lap1/join-fast/apm/session_20260822_084745_pid855510/bt/futex.bt:29:20-36: WARNING: Expression of type: uint64 being cast to type: int64. This may cause unexpected results. Use an explicit cast to suppress this warning.
    $us = (nsecs - @wait_enter[tid]) / 1000;
                   ~~~~~~~~~~~~~~~~
/home/maci/Desktop/7dtd/7dtd-loadgen/workspace/bench/lap1/join-fast/apm/session_20260822_084745_pid855510/bt/futex.bt:16:15-39: WARNING: Addrspace mismatch
    @futex_op[args.op & FUTEX_CMD_MASK] = count();
              ~~~~~~~~~~~~~~~~~~~~~~~~
/home/maci/Desktop/7dtd/7dtd-loadgen/workspace/bench/lap1/join-fast/apm/session_20260822_084745_pid855510/bt/futex.bt:17:10-34: WARNING: Addrspace mismatch
    if ((args.op & FUTEX_CMD_MASK) == FUTEX_WAIT ||
         ~~~~~~~~~~~~~~~~~~~~~~~~
/home/maci/Desktop/7dtd/7dtd-loadgen/workspace/bench/lap1/join-fast/apm/session_20260822_084745_pid855510/bt/futex.bt:18:10-34: WARNING: Addrspace mismatch
        (args.op & FUTEX_CMD_MASK) == FUTEX_WAIT_BITSET) {
         ~~~~~~~~~~~~~~~~~~~~~~~~
/home/maci/Desktop/7dtd/7dtd-loadgen/workspace/bench/lap1/join-fast/apm/session_20260822_084745_pid855510/bt/futex.bt:21:10-34: WARNING: Addrspace mismatch
    if ((args.op & FUTEX_CMD_MASK) == FUTEX_WAKE) {
         ~~~~~~~~~~~~~~~~~~~~~~~~
/home/maci/Desktop/7dtd/7dtd-loadgen/workspace/bench/lap1/join-fast/apm/session_20260822_084745_pid855510/bt/futex.bt:30:5-30: WARNING: Return value discarded.
    delete(@wait_enter[tid]);
    ~~~~~~~~~~~~~~~~~~~~~~~~~
16:47:50 @wait_n: 37675
@wake_n: 39659
@wait_sum_us: 268204455
16:47:55 @wait_n: 90492
@wake_n: 91988
@wait_sum_us: 633903025
16:48:00 @wait_n: 119938
@wake_n: 120738
@wait_sum_us: 898623633
16:48:05 @wait_n: 143962
@wake_n: 145652
@wait_sum_us: 1155894817
16:48:10 @wait_n: 168229
@wake_n: 170963
@wait_sum_us: 1433837123
16:48:16 @wait_n: 191659
@wake_n: 195381
@wait_sum_us: 1662684565

=== futex wait latency (us) ===
@wait_us:
[0]                14113 |@@@@@@@@@@@@@@@                                     |
[1]                 2851 |@@@                                                 |
[2, 4)              1272 |@                                                   |
[4, 8)             13035 |@@@@@@@@@@@@@                                       |
[8, 16)            19281 |@@@@@@@@@@@@@@@@@@@@                                |
[16, 32)           19151 |@@@@@@@@@@@@@@@@@@@@                                |
[32, 64)           48801 |@@@@@@@@@@@@@@@@@@@@@@@@@@@@@@@@@@@@@@@@@@@@@@@@@@@@|
[64, 128)          15790 |@@@@@@@@@@@@@@@@                                    |
[128, 256)          3138 |@@@                                                 |
[256, 512)           867 |                                                    |
[512, 1K)            409 |                                                    |
[1K, 2K)             733 |                                                    |
[2K, 4K)            3966 |@@@@                                                |
[4K, 8K)           14537 |@@@@@@@@@@@@@@@                                     |
[8K, 16K)          11272 |@@@@@@@@@@@@                                        |
[16K, 32K)          3352 |@@@                                                 |
[32K, 64K)         17257 |@@@@@@@@@@@@@@@@@@                                  |
[64K, 128K)          904 |                                                    |
[128K, 256K)         693 |                                                    |
[256K, 512K)         176 |                                                    |
[512K, 1M)            12 |                                                    |
[1M, 2M)              10 |                                                    |
[2M, 4M)              17 |                                                    |
[4M, 8M)              19 |                                                    |
[8M, 16M)              3 |                                                    |


=== futex op counts (cmd bits) ===
@futex_op[7]: 2
@futex_op[13]: 185
@futex_op[9]: 49361
@futex_op[0]: 142334
@futex_op[1]: 195381

=== main-thread total futex wait us ===
@main_futex_wait_us: 136251

=== waiter stacks by count (top) ===
@wait_stack[
        0x7f953cab61f2
        0xe0
]: 1
@wait_stack[
        0x7f953cab61f2
        0xa6
]: 1
@wait_stack[
        0x7f953cab61f2
        0xa4
]: 1
@wait_stack[
        0x7f953cab61f2
        0x133
]: 1
@wait_stack[
        0x7f953cab61f2
        0x38
]: 1
@wait_stack[
        0x7f953cab61f2
        0xdf
]: 1
@wait_stack[
        0x7f953cab61f2
        0xa3
]: 1
@wait_stack[
        0x7f953cab61f2
        0xbf
]: 1
@wait_stack[
        0x7f953cab61f2
        0x410
]: 1
@wait_stack[
        0x7f953cab61f2
        0x33
]: 1
@wait_stack[
        syscall+29
        0x616552636e797341
]: 1
@wait_stack[
        0x7f953cab61f2
        0x127
]: 1
@wait_stack[
        0x7f953cab61f2
        0x27
]: 1
@wait_stack[
        0x7f953cab61f2
        0x34
]: 1
@wait_stack[
        0x7f953cab61f2
        0xd7
]: 1
@wait_stack[
        0x7f953cab61f2
        0xbd
]: 1
@wait_stack[
        0x7f953cab61f2
        0x2f
]: 1
@wait_stack[
        0x7f953cab61f2
        0x35
]: 1
@wait_stack[
        0x7f953cab61f2
        0x47
]: 2
@wait_stack[
        0x7f953cab61f2
        0xd5
]: 2
@wait_stack[
        0x7f953cab61f2
        0xa8
]: 3
@wait_stack[
        syscall+29
        0x4d64616f6c657250
]: 3
@wait_stack[
        0x7f953cab61f2
        0xd8
]: 3
@wait_stack[
        0x7f953cab61f2
        0xc0
]: 4
@wait_stack[
        0x7f953cab61f2
        0x12c
]: 4
@wait_stack[
        0x7f953cab61f2
        0xe4
]: 4
@wait_stack[
        0x7f953cab61f2
        0x138
]: 5
@wait_stack[
        0x7f953cab61f2
        0xa2
]: 6
@wait_stack[
        0x7f953cab61f2
        0xea
]: 6
@wait_stack[
        0x7f953cab61f2
        0xde
]: 6
@wait_stack[
        0x7f953cab61f2
        0x10e
]: 6
@wait_stack[
        0x7f953cab61f2
        0xc6
]: 6
@wait_stack[
        0x7f953cab61f2
        0xba
]: 6
@wait_stack[
        0x7f953cab61f2
        0x120
]: 6
@wait_stack[
        0x7f953cab61f2
        0x132
]: 6
@wait_stack[
        0x7f953cab61f2
        0x11a
]: 6
@wait_stack[
        0x7f953cab61f2
        0x102
]: 6
@wait_stack[
        0x7f953cab61f2
        0x126
]: 18
@wait_stack[
        syscall+29
]: 220
@wait_stack[
        0x7f953cab61f2
]: 801

=== waiter stacks by total wait us (top) ===
@wait_stack_time[
        0x7f953cab61f2
        0x4a
]: 101338
@wait_stack_time[
        0x7f953cab61f2
        0x35
]: 102220
@wait_stack_time[
        0x7f953cab61f2
        0x38
]: 115006
@wait_stack_time[
        0x7f953cab61f2
        0x34
]: 144735
@wait_stack_time[
        0x7f953cab61f2
        0xe0
]: 147238
@wait_stack_time[
        0x7f953cab61f2
        0xdf
]: 147242
@wait_stack_time[
        0x7f953cab61f2
        0xa3
]: 198700
@wait_stack_time[
        0x7f953cab61f2
        0xa4
]: 198705
@wait_stack_time[
        0x7f953cab61f2
        0xa5
]: 198727
@wait_stack_time[
        0x7f953cab61f2
        0x11c
]: 204335
@wait_stack_time[
        0x7f953cab61f2
        0x410
]: 264640
@wait_stack_time[
        syscall+29
        0x616552636e797341
]: 389231
@wait_stack_time[
        0x7f953cab61f2
        0x12c
]: 403861
@wait_stack_time[
        0x7f953cab61f2
        0x120
]: 408636
@wait_stack_time[
        0x7f953cab61f2
        0x133
]: 448117
@wait_stack_time[
        0x7f953cab61f2
        0xe4
]: 588976
@wait_stack_time[
        0x7f953cab61f2
        0xa8
]: 596050
@wait_stack_time[
        0x7f953cab61f2
        0xa2
]: 607565
@wait_stack_time[
        0x7f953cab61f2
        0x10e
]: 614208
@wait_stack_time[
        0x7f953cab61f2
        0xde
]: 689568
@wait_stack_time[
        0x7f953cab61f2
        0xc6
]: 893594
@wait_stack_time[
        0x7f953cab61f2
        0xba
]: 901038
@wait_stack_time[
        0x7f953cab61f2
        0x102
]: 903117
@wait_stack_time[
        0x7f953cab61f2
        0xea
]: 915872
@wait_stack_time[
        0x7f953cab61f2
        0x47
]: 1347623
@wait_stack_time[
        0x7f953cab61f2
        0x2f
]: 2046789
@wait_stack_time[
        0x7f953cab61f2
        0x132
]: 2090387
@wait_stack_time[
        0x7f953cab61f2
        0x138
]: 2240402
@wait_stack_time[
        0x7f953cab61f2
        0x11a
]: 4043966
@wait_stack_time[
        0x7f953cab61f2
        0xd6
]: 4115397
@wait_stack_time[
        0x7f953cab61f2
        0xd7
]: 4115400
@wait_stack_time[
        0x7f953cab61f2
        0x33
]: 4359609
@wait_stack_time[
        0x7f953cab61f2
        0x126
]: 4682532
@wait_stack_time[
        0x7f953cab61f2
        0xc0
]: 6143014
@wait_stack_time[
        0x7f953cab61f2
        0xbd
]: 6143034
@wait_stack_time[
        syscall+29
        0x4d64616f6c657250
]: 7431323
@wait_stack_time[
        0x7f953cab61f2
        0xd8
]: 8230779
@wait_stack_time[
        0x7f953cab61f2
        0xd4
]: 8230830
@wait_stack_time[
        syscall+29
]: 25679956
@wait_stack_time[
        0x7f953cab61f2
]: 376097402


@futex_op[7]: 2
@futex_op[13]: 185
@futex_op[9]: 49361
@futex_op[0]: 142334
@futex_op[1]: 195381
@long_worker_waits: 1070
@main_futex_wait_us: 136251
@wait_enter[855598]: 544323866440830
@wait_enter[855604]: 544323866448715
@wait_enter[855605]: 544323866465056
@wait_enter[855600]: 544323866485585
@wait_enter[855608]: 544323866633563
@wait_enter[855607]: 544323866637771
@wait_enter[855602]: 544323866648080
@wait_enter[855606]: 544323866658530
@wait_enter[855599]: 544323866805927
@wait_enter[855601]: 544323866832216
@wait_enter[855594]: 544323867072017
@wait_enter[855603]: 544323867138782
@wait_enter[855593]: 544323867190650
@wait_enter[855596]: 544323867275990
@wait_enter[855597]: 544323867388442
@wait_enter[855595]: 544323867523947
@wait_enter[855610]: 544324449673911
@wait_enter[855613]: 544331535901371
@wait_enter[855800]: 544331639416546
@wait_enter[855856]: 544332436181359
@wait_enter[855858]: 544332436188302
@wait_enter[855855]: 544332436196007
@wait_enter[855857]: 544332436202158
@wait_enter[855859]: 544332436213640
@wait_enter[855860]: 544332436226214
@wait_enter[856547]: 544334653689143
@wait_enter[855616]: 544341032706365
@wait_enter[855618]: 544342065210169
@wait_enter[856576]: 544342065212653
@wait_enter[855617]: 544342065217563
@wait_enter[855547]: 544345881742137
@wait_enter[855876]: 544351033248570
@wait_enter[855883]: 544351035698175
@wait_enter[856875]: 544351087866965
@wait_enter[855879]: 544351093850454
@wait_enter[856865]: 544351150967246
@wait_n: 191659
@wait_stack[
        0x7f953cab61f2
        0x4a
]: 1
@wait_stack[
        0x7f953cab61f2
        0x128
]: 1
@wait_stack[
        0x7f953cab61f2
        0xe0
]: 1
@wait_stack[
        0x7f953cab61f2
        0xa6
]: 1
@wait_stack[
        0x7f953cab61f2
        0xa4
]: 1
@wait_stack[
        0x7f953cab61f2
        0x133
]: 1
@wait_stack[
        0x7f953cab61f2
        0x38
]: 1
@wait_stack[
        0x7f953cab61f2
        0xdf
]: 1
@wait_stack[
        0x7f953cab61f2
        0xa3
]: 1
@wait_stack[
        0x7f953cab61f2
        0xbf
]: 1
@wait_stack[
        0x7f953cab61f2
        0x410
]: 1
@wait_stack[
        0x7f953cab61f2
        0x33
]: 1
@wait_stack[
        syscall+29
        0x616552636e797341
]: 1
@wait_stack[
        0x7f953cab61f2
        0x127
]: 1
@wait_stack[
        0x7f953cab61f2
        0x27
]: 1
@wait_stack[
        0x7f953cab61f2
        0x34
]: 1
@wait_stack[
        0x7f953cab61f2
        0xd7
]: 1
@wait_stack[
        0x7f953cab61f2
        0xbd
]: 1
@wait_stack[
        0x7f953cab61f2
        0x2f
]: 1
@wait_stack[
        0x7f953cab61f2
        0x35
]: 1
@wait_stack[
        0x7f953cab61f2
        0x47
]: 2
@wait_stack[
        0x7f953cab61f2
        0xd5
]: 2
@wait_stack[
        0x7f953cab61f2
        0xa8
]: 3
@wait_stack[
        syscall+29
        0x4d64616f6c657250
]: 3
@wait_stack[
        0x7f953cab61f2
        0xd8
]: 3
@wait_stack[
        0x7f953cab61f2
        0xc0
]: 4
@wait_stack[
        0x7f953cab61f2
        0x12c
]: 4
@wait_stack[
        0x7f953cab61f2
        0xe4
]: 4
@wait_stack[
        0x7f953cab61f2
        0x138
]: 5
@wait_stack[
        0x7f953cab61f2
        0xa2
]: 6
@wait_stack[
        0x7f953cab61f2
        0xea
]: 6
@wait_stack[
        0x7f953cab61f2
        0xde
]: 6
@wait_stack[
        0x7f953cab61f2
        0x10e
]: 6
@wait_stack[
        0x7f953cab61f2
        0xc6
]: 6
@wait_stack[
        0x7f953cab61f2
        0xba
]: 6
@wait_stack[
        0x7f953cab61f2
        0x120
]: 6
@wait_stack[
        0x7f953cab61f2
        0x132
]: 6
@wait_stack[
        0x7f953cab61f2
        0x11a
]: 6
@wait_stack[
        0x7f953cab61f2
        0x102
]: 6
@wait_stack[
        0x7f953cab61f2
        0x126
]: 18
@wait_stack[
        syscall+29
]: 220
@wait_stack[
        0x7f953cab61f2
]: 801
@wait_stack_time[
        0x7f953cab61f2
        0x27
]: 100726
@wait_stack_time[
        0x7f953cab61f2
        0x128
]: 100992
@wait_stack_time[
        0x7f953cab61f2
        0x127
]: 100992
@wait_stack_time[
        0x7f953cab61f2
        0x4a
]: 101338
@wait_stack_time[
        0x7f953cab61f2
        0x35
]: 102220
@wait_stack_time[
        0x7f953cab61f2
        0x38
]: 115006
@wait_stack_time[
        0x7f953cab61f2
        0x34
]: 144735
@wait_stack_time[
        0x7f953cab61f2
        0xe0
]: 147238
@wait_stack_time[
        0x7f953cab61f2
        0xdf
]: 147242
@wait_stack_time[
        0x7f953cab61f2
        0xa3
]: 198700
@wait_stack_time[
        0x7f953cab61f2
        0xa4
]: 198705
@wait_stack_time[
        0x7f953cab61f2
        0xa5
]: 198727
@wait_stack_time[
        0x7f953cab61f2
        0x11c
]: 204335
@wait_stack_time[
        0x7f953cab61f2
        0x410
]: 264640
@wait_stack_time[
        syscall+29
        0x616552636e797341
]: 389231
@wait_stack_time[
        0x7f953cab61f2
        0x12c
]: 403861
@wait_stack_time[
        0x7f953cab61f2
        0x120
]: 408636
@wait_stack_time[
        0x7f953cab61f2
        0x133
]: 448117
@wait_stack_time[
        0x7f953cab61f2
        0xe4
]: 588976
@wait_stack_time[
        0x7f953cab61f2
        0xa8
]: 596050
@wait_stack_time[
        0x7f953cab61f2
        0xa2
]: 607565
@wait_stack_time[
        0x7f953cab61f2
        0x10e
]: 614208
@wait_stack_time[
        0x7f953cab61f2
        0xde
]: 689568
@wait_stack_time[
        0x7f953cab61f2
        0xc6
]: 893594
@wait_stack_time[
        0x7f953cab61f2
        0xba
]: 901038
@wait_stack_time[
        0x7f953cab61f2
        0x102
]: 903117
@wait_stack_time[
        0x7f953cab61f2
        0xea
]: 915872
@wait_stack_time[
        0x7f953cab61f2
        0x47
]: 1347623
@wait_stack_time[
        0x7f953cab61f2
        0x2f
]: 2046789
@wait_stack_time[
        0x7f953cab61f2
        0x132
]: 2090387
@wait_stack_time[
        0x7f953cab61f2
        0x138
]: 2240402
@wait_stack_time[
        0x7f953cab61f2
        0x11a
]: 4043966
@wait_stack_time[
        0x7f953cab61f2
        0xd6
]: 4115397
@wait_stack_time[
        0x7f953cab61f2
        0xd7
]: 4115400
@wait_stack_time[
        0x7f953cab61f2
        0x33
]: 4359609
@wait_stack_time[
        0x7f953cab61f2
        0x126
]: 4682532
@wait_stack_time[
        0x7f953cab61f2
        0xc0
]: 6143014
@wait_stack_time[
        0x7f953cab61f2
        0xbd
]: 6143034
@wait_stack_time[
        syscall+29
        0x4d64616f6c657250
]: 7431323
@wait_stack_time[
        0x7f953cab61f2
        0xd8
]: 8230779
@wait_stack_time[
        0x7f953cab61f2
        0xd4
]: 8230830
@wait_stack_time[
        syscall+29
]: 25679956
@wait_stack_time[
        0x7f953cab61f2
]: 376097402
@wait_sum_us: 1662684565
@wait_us:
[0]                14113 |@@@@@@@@@@@@@@@                                     |
[1]                 2851 |@@@                                                 |
[2, 4)              1272 |@                                                   |
[4, 8)             13035 |@@@@@@@@@@@@@                                       |
[8, 16)            19281 |@@@@@@@@@@@@@@@@@@@@                                |
[16, 32)           19151 |@@@@@@@@@@@@@@@@@@@@                                |
[32, 64)           48801 |@@@@@@@@@@@@@@@@@@@@@@@@@@@@@@@@@@@@@@@@@@@@@@@@@@@@|
[64, 128)          15790 |@@@@@@@@@@@@@@@@                                    |
[128, 256)          3138 |@@@                                                 |
[256, 512)           867 |                                                    |
[512, 1K)            409 |                                                    |
[1K, 2K)             733 |                                                    |
[2K, 4K)            3966 |@@@@                                                |
[4K, 8K)           14537 |@@@@@@@@@@@@@@@                                     |
[8K, 16K)          11272 |@@@@@@@@@@@@                                        |
[16K, 32K)          3352 |@@@                                                 |
[32K, 64K)         17257 |@@@@@@@@@@@@@@@@@@                                  |
[64K, 128K)          904 |                                                    |
[128K, 256K)         693 |                                                    |
[256K, 512K)         176 |                                                    |
[512K, 1M)            12 |                                                    |
[1M, 2M)              10 |                                                    |
[2M, 4M)              17 |                                                    |
[4M, 8M)              19 |                                                    |
[8M, 16M)              3 |                                                    |

@wake_n: 195381
