/home/maci/Desktop/7dtd/7dtd-loadgen/workspace/bench/lap1/probe-15s/apm/session_20260822_083749_pid829742/bt/futex.bt:29:12-44: WARNING: signed operands for '/' can lead to undefined behavior (cast to unsigned to silence warning)
    $us = (nsecs - @wait_enter[tid]) / 1000;
           ~~~~~~~~~~~~~~~~~~~~~~~~~~~~~~~~
/home/maci/Desktop/7dtd/7dtd-loadgen/workspace/bench/lap1/probe-15s/apm/session_20260822_083749_pid829742/bt/futex.bt:29:12-44: WARNING: signed operands for '/' can lead to undefined behavior (cast to unsigned to silence warning)
    $us = (nsecs - @wait_enter[tid]) / 1000;
           ~~~~~~~~~~~~~~~~~~~~~~~~~~~~~~~~
/home/maci/Desktop/7dtd/7dtd-loadgen/workspace/bench/lap1/probe-15s/apm/session_20260822_083749_pid829742/bt/futex.bt:29:12-17: WARNING: Expression of type: uint64 being cast to type: int64. This may cause unexpected results. Use an explicit cast to suppress this warning.
    $us = (nsecs - @wait_enter[tid]) / 1000;
           ~~~~~
/home/maci/Desktop/7dtd/7dtd-loadgen/workspace/bench/lap1/probe-15s/apm/session_20260822_083749_pid829742/bt/futex.bt:29:20-36: WARNING: Expression of type: uint64 being cast to type: int64. This may cause unexpected results. Use an explicit cast to suppress this warning.
    $us = (nsecs - @wait_enter[tid]) / 1000;
                   ~~~~~~~~~~~~~~~~
/home/maci/Desktop/7dtd/7dtd-loadgen/workspace/bench/lap1/probe-15s/apm/session_20260822_083749_pid829742/bt/futex.bt:16:15-39: WARNING: Addrspace mismatch
    @futex_op[args.op & FUTEX_CMD_MASK] = count();
              ~~~~~~~~~~~~~~~~~~~~~~~~
/home/maci/Desktop/7dtd/7dtd-loadgen/workspace/bench/lap1/probe-15s/apm/session_20260822_083749_pid829742/bt/futex.bt:17:10-34: WARNING: Addrspace mismatch
    if ((args.op & FUTEX_CMD_MASK) == FUTEX_WAIT ||
         ~~~~~~~~~~~~~~~~~~~~~~~~
/home/maci/Desktop/7dtd/7dtd-loadgen/workspace/bench/lap1/probe-15s/apm/session_20260822_083749_pid829742/bt/futex.bt:18:10-34: WARNING: Addrspace mismatch
        (args.op & FUTEX_CMD_MASK) == FUTEX_WAIT_BITSET) {
         ~~~~~~~~~~~~~~~~~~~~~~~~
/home/maci/Desktop/7dtd/7dtd-loadgen/workspace/bench/lap1/probe-15s/apm/session_20260822_083749_pid829742/bt/futex.bt:21:10-34: WARNING: Addrspace mismatch
    if ((args.op & FUTEX_CMD_MASK) == FUTEX_WAKE) {
         ~~~~~~~~~~~~~~~~~~~~~~~~
/home/maci/Desktop/7dtd/7dtd-loadgen/workspace/bench/lap1/probe-15s/apm/session_20260822_083749_pid829742/bt/futex.bt:30:5-30: WARNING: Return value discarded.
    delete(@wait_enter[tid]);
    ~~~~~~~~~~~~~~~~~~~~~~~~~
16:37:55 @wait_n: 24808
@wake_n: 25519
@wait_sum_us: 220861547
SLOW_FUTEX 10331 us tid=829742
16:38:00 @wait_n: 49929
@wake_n: 51556
@wait_sum_us: 450137595
16:38:05 @wait_n: 74336
@wake_n: 77041
@wait_sum_us: 680344394
16:38:10 @wait_n: 98612
@wake_n: 102362
@wait_sum_us: 959979819
16:38:15 @wait_n: 123235
@wake_n: 128053
@wait_sum_us: 1213822518
16:38:20 @wait_n: 146482
@wake_n: 152271
@wait_sum_us: 1462006734

=== futex wait latency (us) ===
@wait_us:
[0]                 3141 |@@@                                                 |
[1]                  155 |                                                    |
[2, 4)                18 |                                                    |
[4, 8)              5855 |@@@@@@                                              |
[8, 16)            12440 |@@@@@@@@@@@@@@                                      |
[16, 32)           18712 |@@@@@@@@@@@@@@@@@@@@@                               |
[32, 64)           45469 |@@@@@@@@@@@@@@@@@@@@@@@@@@@@@@@@@@@@@@@@@@@@@@@@@@@@|
[64, 128)          13443 |@@@@@@@@@@@@@@@                                     |
[128, 256)          1560 |@                                                   |
[256, 512)           267 |                                                    |
[512, 1K)            108 |                                                    |
[1K, 2K)              95 |                                                    |
[2K, 4K)              75 |                                                    |
[4K, 8K)           12294 |@@@@@@@@@@@@@@                                      |
[8K, 16K)          11330 |@@@@@@@@@@@@                                        |
[16K, 32K)          2075 |@@                                                  |
[32K, 64K)         18223 |@@@@@@@@@@@@@@@@@@@@                                |
[64K, 128K)          484 |                                                    |
[128K, 256K)         578 |                                                    |
[256K, 512K)         135 |                                                    |
[512K, 1M)             1 |                                                    |
[1M, 2M)               6 |                                                    |
[2M, 4M)               6 |                                                    |
[4M, 8M)              10 |                                                    |
[8M, 16M)              2 |                                                    |


=== futex op counts (cmd bits) ===
@futex_op[7]: 18
@futex_op[13]: 208
@futex_op[9]: 36628
@futex_op[0]: 109875
@futex_op[1]: 152271

=== main-thread total futex wait us ===
@main_futex_wait_us: 111146

=== waiter stacks by count (top) ===
@wait_stack[
        0x7f03cd0b61f2
        0x4fc
]: 1
@wait_stack[
        0x7f03cd0b61f2
        0x14c
]: 1
@wait_stack[
        0x7f03cd0b61f2
        0
]: 1
@wait_stack[
        0x7f03cd0b61f2
        0x11
]: 1
@wait_stack[
        syscall+29
        0x4d64616f6c657250
]: 2
@wait_stack[
        syscall+29
        0x7f0390c608d0
]: 6
@wait_stack[
        0x7f03cd0b61f2
        0x5a
]: 6
@wait_stack[
        syscall+29
]: 145
@wait_stack[
        0x7f03cd0b61f2
]: 695

=== waiter stacks by total wait us (top) ===
@wait_stack_time[
        0x7f03cd0b61f2
        0
]: 2925
@wait_stack_time[
        syscall+29
        0x7f0390c608d0
]: 21527
@wait_stack_time[
        0x7f03cd0b61f2
        0x14c
]: 101606
@wait_stack_time[
        0x7f03cd0b61f2
        0x4fc
]: 106734
@wait_stack_time[
        0x7f03cd0b61f2
        0x11
]: 421068
@wait_stack_time[
        0x7f03cd0b61f2
        0x5a
]: 2526446
@wait_stack_time[
        syscall+29
        0x4d64616f6c657250
]: 15392088
@wait_stack_time[
        syscall+29
]: 15416404
@wait_stack_time[
        0x7f03cd0b61f2
]: 284212196


@futex_op[7]: 18
@futex_op[13]: 208
@futex_op[9]: 36628
@futex_op[0]: 109875
@futex_op[1]: 152271
@long_worker_waits: 817
@main_futex_wait_us: 111146
@wait_enter[829828]: 543729010364297
@wait_enter[830985]: 543744426825572
@wait_enter[830986]: 543744426843606
@wait_enter[830664]: 543744426865537
@wait_enter[830989]: 543744426868382
@wait_enter[830990]: 543744426878371
@wait_enter[830988]: 543744426887989
@wait_enter[830987]: 543744426912665
@wait_enter[829831]: 543744426916934
@wait_enter[829779]: 543745840664328
@wait_enter[831204]: 543748597226114
@wait_enter[829838]: 543749388055103
@wait_enter[829841]: 543749388796447
@wait_enter[831004]: 543751596289319
@wait_enter[829839]: 543754825092549
@wait_enter[829837]: 543754825186956
@wait_enter[831489]: 543754826756957
@wait_enter[831907]: 543755454706065
@wait_enter[831011]: 543755514662511
@wait_enter[831909]: 543755799484393
@wait_enter[831010]: 543755801510141
@wait_n: 146482
@wait_stack[
        0x7f03cd0b61f2
        0x4fc
]: 1
@wait_stack[
        0x7f03cd0b61f2
        0x14c
]: 1
@wait_stack[
        0x7f03cd0b61f2
        0
]: 1
@wait_stack[
        0x7f03cd0b61f2
        0x11
]: 1
@wait_stack[
        syscall+29
        0x4d64616f6c657250
]: 2
@wait_stack[
        syscall+29
        0x7f0390c608d0
]: 6
@wait_stack[
        0x7f03cd0b61f2
        0x5a
]: 6
@wait_stack[
        syscall+29
]: 145
@wait_stack[
        0x7f03cd0b61f2
]: 695
@wait_stack_time[
        0x7f03cd0b61f2
        0
]: 2925
@wait_stack_time[
        syscall+29
        0x7f0390c608d0
]: 21527
@wait_stack_time[
        0x7f03cd0b61f2
        0x14c
]: 101606
@wait_stack_time[
        0x7f03cd0b61f2
        0x4fc
]: 106734
@wait_stack_time[
        0x7f03cd0b61f2
        0x11
]: 421068
@wait_stack_time[
        0x7f03cd0b61f2
        0x5a
]: 2526446
@wait_stack_time[
        syscall+29
        0x4d64616f6c657250
]: 15392088
@wait_stack_time[
        syscall+29
]: 15416404
@wait_stack_time[
        0x7f03cd0b61f2
]: 284212196
@wait_sum_us: 1462006734
@wait_us:
[0]                 3141 |@@@                                                 |
[1]                  155 |                                                    |
[2, 4)                18 |                                                    |
[4, 8)              5855 |@@@@@@                                              |
[8, 16)            12440 |@@@@@@@@@@@@@@                                      |
[16, 32)           18712 |@@@@@@@@@@@@@@@@@@@@@                               |
[32, 64)           45469 |@@@@@@@@@@@@@@@@@@@@@@@@@@@@@@@@@@@@@@@@@@@@@@@@@@@@|
[64, 128)          13443 |@@@@@@@@@@@@@@@                                     |
[128, 256)          1560 |@                                                   |
[256, 512)           267 |                                                    |
[512, 1K)            108 |                                                    |
[1K, 2K)              95 |                                                    |
[2K, 4K)              75 |                                                    |
[4K, 8K)           12294 |@@@@@@@@@@@@@@                                      |
[8K, 16K)          11330 |@@@@@@@@@@@@                                        |
[16K, 32K)          2075 |@@                                                  |
[32K, 64K)         18223 |@@@@@@@@@@@@@@@@@@@@                                |
[64K, 128K)          484 |                                                    |
[128K, 256K)         578 |                                                    |
[256K, 512K)         135 |                                                    |
[512K, 1M)             1 |                                                    |
[1M, 2M)               6 |                                                    |
[2M, 4M)               6 |                                                    |
[4M, 8M)              10 |                                                    |
[8M, 16M)              2 |                                                    |

@wake_n: 152271
