/home/maci/Desktop/7dtd/7dtd-loadgen/workspace/bench/lap2/join-fast/apm/session_20260822_090317_pid887601/bt/block.bt:20:12-57: WARNING: signed operands for '/' can lead to undefined behavior (cast to unsigned to silence warning)
    $us = (nsecs - @start[args.dev, args.sector]) / 1000;
           ~~~~~~~~~~~~~~~~~~~~~~~~~~~~~~~~~~~~~~~~~~~~~
/home/maci/Desktop/7dtd/7dtd-loadgen/workspace/bench/lap2/join-fast/apm/session_20260822_090317_pid887601/bt/block.bt:20:12-57: WARNING: signed operands for '/' can lead to undefined behavior (cast to unsigned to silence warning)
    $us = (nsecs - @start[args.dev, args.sector]) / 1000;
           ~~~~~~~~~~~~~~~~~~~~~~~~~~~~~~~~~~~~~~~~~~~~~
/home/maci/Desktop/7dtd/7dtd-loadgen/workspace/bench/lap2/join-fast/apm/session_20260822_090317_pid887601/bt/block.bt:20:12-17: WARNING: Expression of type: uint64 being cast to type: int64. This may cause unexpected results. Use an explicit cast to suppress this warning.
    $us = (nsecs - @start[args.dev, args.sector]) / 1000;
           ~~~~~
/home/maci/Desktop/7dtd/7dtd-loadgen/workspace/bench/lap2/join-fast/apm/session_20260822_090317_pid887601/bt/block.bt:20:20-49: WARNING: Expression of type: uint64 being cast to type: int64. This may cause unexpected results. Use an explicit cast to suppress this warning.
    $us = (nsecs - @start[args.dev, args.sector]) / 1000;
                   ~~~~~~~~~~~~~~~~~~~~~~~~~~~~~
/home/maci/Desktop/7dtd/7dtd-loadgen/workspace/bench/lap2/join-fast/apm/session_20260822_090317_pid887601/bt/block.bt:21:5-43: WARNING: Return value discarded.
    delete(@start[args.dev, args.sector]);
    ~~~~~~~~~~~~~~~~~~~~~~~~~~~~~~~~~~~~~~
17:03:23 @issue_n: 118357
@complete_n: 115343
@lat_sum_us: 6954661
17:03:28 @issue_n: 125867
@complete_n: 122538
@lat_sum_us: 8185369
17:03:33 @issue_n: 194878
@complete_n: 190073
@lat_sum_us: 12454814
17:03:38 @issue_n: 274583
@complete_n: 266889
@lat_sum_us: 17853594
17:03:43 @issue_n: 304570
@complete_n: 295891
@lat_sum_us: 20522694
SLOW_BLOCK 26499117 us
17:03:48 @issue_n: 329524
@complete_n: 320330
@lat_sum_us: 49085273

=== block RQ latency us ===
@lat_us:
[0]                  198 |                                                    |
[1]                  120 |                                                    |
[2, 4)               270 |                                                    |
[4, 8)             15404 |@@@@@@@                                             |
[8, 16)           106003 |@@@@@@@@@@@@@@@@@@@@@@@@@@@@@@@@@@@@@@@@@@@@@@@@@@@@|
[16, 32)           59441 |@@@@@@@@@@@@@@@@@@@@@@@@@@@@@                       |
[32, 64)           34698 |@@@@@@@@@@@@@@@@@                                   |
[64, 128)          75410 |@@@@@@@@@@@@@@@@@@@@@@@@@@@@@@@@@@@@                |
[128, 256)         23309 |@@@@@@@@@@@                                         |
[256, 512)          2366 |@                                                   |
[512, 1K)            534 |                                                    |
[1K, 2K)            1247 |                                                    |
[2K, 4K)            1316 |                                                    |
[4K, 8K)              12 |                                                    |
[8K, 16K)              1 |                                                    |
[16K, 32K)             0 |                                                    |
[32K, 64K)             0 |                                                    |
[64K, 128K)            0 |                                                    |
[128K, 256K)           0 |                                                    |
[256K, 512K)           0 |                                                    |
[512K, 1M)             0 |                                                    |
[1M, 2M)               0 |                                                    |
[2M, 4M)               0 |                                                    |
[4M, 8M)               0 |                                                    |
[8M, 16M)              0 |                                                    |
[16M, 32M)             1 |                                                    |


=== issue size bytes ===
@issue_bytes:
[0]                 1254 |                                                    |
[1]                    0 |                                                    |
[2, 4)                 0 |                                                    |
[4, 8)                 0 |                                                    |
[8, 16)                0 |                                                    |
[16, 32)               0 |                                                    |
[32, 64)               0 |                                                    |
[64, 128)              0 |                                                    |
[128, 256)             0 |                                                    |
[256, 512)             0 |                                                    |
[512, 1K)              2 |                                                    |
[1K, 2K)               0 |                                                    |
[2K, 4K)               0 |                                                    |
[4K, 8K)           54344 |@@@@@@@@@@@@@@@@@@                                  |
[8K, 16K)          14790 |@@@@@                                               |
[16K, 32K)        151824 |@@@@@@@@@@@@@@@@@@@@@@@@@@@@@@@@@@@@@@@@@@@@@@@@@@@@|
[32K, 64K)         74832 |@@@@@@@@@@@@@@@@@@@@@@@@@                           |
[64K, 128K)        21011 |@@@@@@@                                             |
[128K, 256K)       11375 |@@@                                                 |
[256K, 512K)          64 |                                                    |
[512K, 1M)            28 |                                                    |


counts issue/complete:
@issue_n: 329524
@complete_n: 320330


@complete_n: 320330
@issue_bytes:
[0]                 1254 |                                                    |
[1]                    0 |                                                    |
[2, 4)                 0 |                                                    |
[4, 8)                 0 |                                                    |
[8, 16)                0 |                                                    |
[16, 32)               0 |                                                    |
[32, 64)               0 |                                                    |
[64, 128)              0 |                                                    |
[128, 256)             0 |                                                    |
[256, 512)             0 |                                                    |
[512, 1K)              2 |                                                    |
[1K, 2K)               0 |                                                    |
[2K, 4K)               0 |                                                    |
[4K, 8K)           54344 |@@@@@@@@@@@@@@@@@@                                  |
[8K, 16K)          14790 |@@@@@                                               |
[16K, 32K)        151824 |@@@@@@@@@@@@@@@@@@@@@@@@@@@@@@@@@@@@@@@@@@@@@@@@@@@@|
[32K, 64K)         74832 |@@@@@@@@@@@@@@@@@@@@@@@@@                           |
[64K, 128K)        21011 |@@@@@@@                                             |
[128K, 256K)       11375 |@@@                                                 |
[256K, 512K)          64 |                                                    |
[512K, 1M)            28 |                                                    |

@issue_n: 329524
@lat_sum_us: 49085273
@lat_us:
[0]                  198 |                                                    |
[1]                  120 |                                                    |
[2, 4)               270 |                                                    |
[4, 8)             15404 |@@@@@@@                                             |
[8, 16)           106003 |@@@@@@@@@@@@@@@@@@@@@@@@@@@@@@@@@@@@@@@@@@@@@@@@@@@@|
[16, 32)           59441 |@@@@@@@@@@@@@@@@@@@@@@@@@@@@@                       |
[32, 64)           34698 |@@@@@@@@@@@@@@@@@                                   |
[64, 128)          75410 |@@@@@@@@@@@@@@@@@@@@@@@@@@@@@@@@@@@@                |
[128, 256)         23309 |@@@@@@@@@@@                                         |
[256, 512)          2366 |@                                                   |
[512, 1K)            534 |                                                    |
[1K, 2K)            1247 |                                                    |
[2K, 4K)            1316 |                                                    |
[4K, 8K)              12 |                                                    |
[8K, 16K)              1 |                                                    |
[16K, 32K)             0 |                                                    |
[32K, 64K)             0 |                                                    |
[64K, 128K)            0 |                                                    |
[128K, 256K)           0 |                                                    |
[256K, 512K)           0 |                                                    |
[512K, 1M)             0 |                                                    |
[1M, 2M)               0 |                                                    |
[2M, 4M)               0 |                                                    |
[4M, 8M)               0 |                                                    |
[8M, 16M)              0 |                                                    |
[16M, 32M)             1 |                                                    |

@start[271581185, 3044937920]: 545254036127798
@start[0, 0]: 545254056025212
@start[271581185, 1180237352]: 545254087737714
@start[271581185, 983835984]: 545254108209167
@start[271581186, 203016936]: 545254126517933
@start[271581186, 244095680]: 545254134144601
@start[271581184, 3325539008]: 545254142265980
@start[271581186, 244122088]: 545254164331142
@start[271581185, 983849920]: 545254171286117
@start[271581185, 3284086080]: 545254204990266
@start[271581186, 756134624]: 545254233050777
@start[271581186, 756379328]: 545254323183477
@start[271581186, 261625392]: 545254327666131
@start[271581186, 755594152]: 545254392750557
@start[271581186, 756696088]: 545254421918521
@start[271581184, 840423760]: 545254532041070
@start[271581184, 839916688]: 545254643849429
@start[271581186, 755055456]: 545254674586676
@start[271581184, 780536624]: 545254674749362
@start[271581185, 783359296]: 545254674895788
@start[271581186, 352392744]: 545254731818038
@start[271581184, 839040008]: 545254757279679
@start[271581184, 3325772032]: 545254834533620
@start[271581186, 412126896]: 545254834828164
@start[271581185, 3510387632]: 545254875731688
@start[271581184, 1512528224]: 545254948264216
@start[271581185, 3480627656]: 545254957178246
@start[271581184, 601082216]: 545254968778761
@start[271581185, 3482720320]: 545254972676003
@start[271581186, 234482040]: 545254976980862
@start[271581186, 3441049056]: 545254977104104
@start[271581185, 425765464]: 545254982776094
@start[271581185, 402779992]: 545254982776746
@start[271581185, 3491389376]: 545254989040029
@start[271581186, 909458104]: 545254993732487
@start[271581185, 3746074560]: 545254994831405
@start[271581185, 3745919064]: 545254994835983
@start[271581185, 3764794080]: 545254995953095
@start[271581186, 1330447384]: 545255002748259
@start[271581185, 3749584944]: 545255002923108
@start[271581185, 3749583920]: 545255003324132
@start[271581185, 3749593656]: 545255003892341
@start[271581185, 3749598128]: 545255005131202
@start[271581185, 3749592904]: 545255005246299
@start[271581185, 3749611376]: 545255005327241
@start[271581184, 3038647776]: 545255008154730
@start[271581185, 3749585192]: 545255008541157
@start[271581186, 1778138016]: 545255014520466
@start[271581185, 3320133304]: 545255019805700
@start[271581186, 3706337320]: 545255020185154
@start[271581185, 3765594720]: 545255021138537
@start[271581185, 3765595536]: 545255021139098
@start[271581185, 3490847024]: 545255021139960
@start[271581185, 3766098160]: 545255021258142
@start[271581185, 3766886048]: 545255021260016
@start[271581185, 3766884856]: 545255021261378
@start[271581185, 3766884552]: 545255021261809
@start[271581186, 355805528]: 545255022347361
@start[271581186, 378375648]: 545255025352144
@start[271581185, 3833739840]: 545255031184056
@start[271581185, 991132152]: 545255043718127
@start[271581184, 336789256]: 545255048348058
@start[271581186, 1512352384]: 545255062595362
@start[271581186, 492058880]: 545255111483166
@start[271581185, 3330255136]: 545255111884892
@start[271581186, 492057744]: 545255112947471
@start[271581185, 1733307872]: 545255113935129
@start[271581185, 3330267424]: 545255118485189
@start[271581185, 862004864]: 545255119199122
@start[271581184, 3326097440]: 545255123199408
@start[271581184, 3326100448]: 545255123359139
@start[271581184, 3326132608]: 545255123741157
@start[271581184, 3326135424]: 545255126070530
@start[271581186, 3328167168]: 545255126140351
@start[271581186, 3328241856]: 545255126396773
@start[271581185, 3330332192]: 545255126702148
@start[271581186, 3328243136]: 545255126724199
@start[271581185, 3330333344]: 545255127057416
@start[271581185, 3330334848]: 545255128974663
@start[271581184, 3326141312]: 545255129226066
@start[271581185, 3330337600]: 545255129770741
@start[271581184, 3326143488]: 545255129844750
@start[271581185, 3330342016]: 545255131175985
@start[271581184, 3326152896]: 545255135190487
@start[271581184, 3326154304]: 545255135596151
@start[271581184, 1514019800]: 545255136755251
@start[271581184, 1514029640]: 545255136761683
@start[271581185, 3330350592]: 545255136768667
@start[271581186, 756226936]: 545255139156018
@start[271581184, 1180049992]: 545255139760355
@start[271581184, 1689060384]: 545255141673534
@start[271581185, 907994512]: 545255149963320
@start[271581184, 3536247384]: 545255162466262
@start[271581186, 848395904]: 545255202129773
@start[271581186, 2043228496]: 545255217563489
@start[271581185, 2048356608]: 545255222281365
@start[271581186, 75700776]: 545255252796574
@start[271581186, 755452256]: 545255276340318
@start[271581185, 1746863208]: 545255279035358
@start[271581184, 1801506720]: 545255337628913
@start[271581186, 294701616]: 545255337640585
@start[271581186, 294736600]: 545255337648259
@start[271581186, 1512825144]: 545255353003578
@start[271581185, 640698464]: 545255484414115
@start[271581185, 2302266112]: 545255544651121
@start[271581186, 3328199648]: 545255553265808
@start[271581184, 3326159808]: 545255571575866
@start[271581184, 3326161056]: 545255572051280
@start[271581186, 3328266720]: 545255572901289
@start[271581185, 3330356512]: 545255573078713
@start[271581186, 3328270784]: 545255574162903
@start[271581186, 3328283136]: 545255576401875
@start[271581184, 3326178528]: 545255576419749
@start[271581186, 3328284128]: 545255576538302
@start[271581185, 3330374112]: 545255579960961
@start[271581184, 3326181056]: 545255580449230
@start[271581186, 3328286592]: 545255580542786
@start[271581185, 3330376032]: 545255580673361
@start[271581185, 3330376512]: 545255580787636
@start[271581184, 3326182272]: 545255580887955
@start[271581186, 3328299712]: 545255584416864
@start[271581184, 3326194048]: 545255584432143
@start[271581185, 3330391488]: 545255585962041
@start[271581185, 3330391552]: 545255585977039
@start[271581185, 3330396992]: 545255587382233
@start[271581186, 3328308608]: 545255587543005
@start[271581185, 3330400544]: 545255588510145
@start[271581184, 3326212224]: 545255590245370
@start[271581185, 3330408256]: 545255590750149
@start[271581185, 3330414048]: 545255593468824
@start[271581186, 3328325248]: 545255593524799
@start[271581186, 1317189088]: 545255597161351
@start[271581185, 1302521152]: 545255599269467
@start[271581184, 1392701152]: 545255599552720
@start[271581184, 1392701536]: 545255599652788
@start[271581186, 1317213344]: 545255599932965
@start[271581186, 1317224192]: 545255601565847
@start[271581184, 1392713472]: 545255601566999
@start[271581186, 1317246144]: 545255602993323
@start[271581186, 1317299744]: 545255604804941
@start[271581186, 1317300992]: 545255604827373
@start[271581185, 1302634240]: 545255605615486
@start[271581186, 1317341536]: 545255607179448
@start[271581184, 1392839200]: 545255607738069
@start[271581186, 1317349920]: 545255607741145
@start[271581186, 1317363712]: 545255610690333
@start[271581184, 1392852992]: 545255610691345
@start[271581184, 1392863872]: 545255612379962
@start[271581186, 1317374624]: 545255612383499
@start[271581186, 1317395712]: 545255614156134
@start[271581186, 1317444064]: 545255619976273
@start[271581186, 1317445888]: 545255620562656
@start[271581186, 1317445920]: 545255620575280
@start[271581184, 1392937152]: 545255623353046
@start[271581185, 1302766720]: 545255623360450
@start[271581185, 1302766752]: 545255623374186
@start[271581186, 1317456416]: 545255623466359
@start[271581185, 1302769536]: 545255623882111
@start[271581185, 1302769568]: 545255623892421
@start[271581184, 1392940448]: 545255624021113
@start[271581186, 1317459360]: 545255624629938
@start[271581184, 1392948096]: 545255625823835
@start[271581185, 1302814816]: 545255626676569
@start[271581184, 1392653504]: 545255652458213
@start[271581186, 1317165120]: 545255652657558
@start[271581186, 1317167616]: 545255652956250
@start[271581186, 1317167712]: 545255652991496
@start[271581184, 1392656768]: 545255652992818
@start[271581184, 1392662304]: 545255653780581
@start[271581184, 1392672832]: 545255654901008
@start[271581185, 1302498368]: 545255655293116
@start[271581185, 1302835136]: 545255657175017
@start[271581186, 1317541472]: 545255658567426
@start[271581186, 1317193312]: 545255658929738
@start[271581184, 1393017024]: 545255659133271
@start[271581185, 1302504960]: 545255659430340
@start[271581185, 1302505024]: 545255659440138
@start[271581186, 1317197120]: 545255659500682
@start[271581186, 1317201184]: 545255659946531
@start[271581185, 1302855712]: 545255661781793
@start[271581184, 1393034784]: 545255662208887
@start[271581184, 1393035808]: 545255662386130
@start[271581186, 1317553632]: 545255662848891
@start[271581186, 1317216992]: 545255703243938
@start[271581184, 3536275528]: 545255749394162
@start[271581186, 871114376]: 545255759821669
@start[271581186, 1317219424]: 545255784544952
@start[271581186, 1317221792]: 545255862744021
@start[271581186, 87622136]: 545256107579689
@start[271581186, 872858672]: 545256117123043
@start[271581184, 839050968]: 545256131868444
@start[271581186, 755107680]: 545256131870288
@start[271581184, 840544336]: 545256136826432
@start[271581186, 756622784]: 545256215071537
@start[271581186, 755338400]: 545256321526605
@start[271581186, 756632248]: 545256425415735
@start[271581185, 3330166528]: 545256426599202
@start[271581184, 839502136]: 545256489221986
@start[271581185, 3325662944]: 545256507938488
@start[271581185, 1161482384]: 545256653590789
@start[271581184, 840384528]: 545256687989074
@start[271581184, 1392692960]: 545256783006463
@start[271581185, 1302519136]: 545256785021564
@start[271581185, 1302521888]: 545256785377063
@start[271581185, 1302538688]: 545256787524373
@start[271581185, 1302569184]: 545256790952472
@start[271581185, 1302583808]: 545256797157466
@start[271581186, 1317272288]: 545256797241704
@start[271581184, 1392763072]: 545256797805194
@start[271581184, 1392764768]: 545256799660695
@start[271581185, 1302590080]: 545256804025397
@start[271581185, 1302592800]: 545256805001964
@start[271581186, 1317362656]: 545256809863059
@start[271581184, 1392883904]: 545256818069007
@start[271581186, 1317392480]: 545256818070300
@start[271581184, 1392897920]: 545256818437501
@start[271581186, 755898296]: 545256818739579
@start[271581184, 1392841120]: 545256818771509
@start[271581184, 163696512]: 545256828901828
@start[271581186, 1317419872]: 545256855721364
@start[271581185, 1302773824]: 545256866626420
@start[271581186, 492062592]: 545256871945998
@start[271581185, 1302779712]: 545256876624630
@start[271581186, 1317469984]: 545256877024362
@start[271581184, 1392974208]: 545256886681881
@start[271581184, 1392995584]: 545256904628946
@start[271581186, 1317506240]: 545256904630238
@start[271581185, 1302820544]: 545256906703188
@start[271581184, 1392998912]: 545256907091238
@start[271581186, 1317519360]: 545256927878095
@start[271581185, 1302833216]: 545256931030576
@start[271581186, 1317521632]: 545256931115195
@start[271581185, 1302834816]: 545256931967208
@start[271581184, 1393013536]: 545256932231094
@start[271581186, 1317524160]: 545256932231425
@start[271581184, 1393014080]: 545256932534555
@start[271581184, 1393014176]: 545256932584058
@start[271581185, 1302839968]: 545256933625808
@start[271581185, 1302842048]: 545256933961069
@start[271581186, 1317272096]: 545256934564575
@start[271581184, 1392762272]: 545256934565216
@start[271581184, 1392775744]: 545256935439090
@start[271581184, 1392779360]: 545256937103982
@start[271581184, 1392781344]: 545256937996842
@start[271581185, 1302605280]: 545256938784954
@start[271581185, 1302606144]: 545256939305945
@start[271581184, 1392785376]: 545256940913800
@start[271581186, 1317297376]: 545256941663690
@start[271581186, 492064400]: 545256943030171
@start[271581185, 1302612096]: 545256943919043
@start[271581185, 1302616128]: 545256945726985
@start[271581186, 1317304384]: 545256945757041
@start[271581184, 1392796480]: 545256947974864
@start[271581184, 1392797120]: 545256948145745
@start[271581185, 1302620416]: 545256948282232
@start[271581184, 839848616]: 545256952138277
@start[271581186, 492062784]: 545256952269313
@start[271581185, 1140142952]: 545256952275986
@start[271581186, 872891696]: 545256952739658
@start[271581186, 755764032]: 545256952917482
@start[271581186, 873032496]: 545256953711286
@start[271581185, 1302632064]: 545256959234427
@start[271581185, 1302638624]: 545256963967982
@start[271581186, 1317330560]: 545256965162049
@start[271581184, 1392820096]: 545256965570757
@start[271581185, 1302644512]: 545256965866985
@start[271581185, 1302644992]: 545256966174704
@start[271581184, 1392824384]: 545256966958017
@start[271581186, 1317343328]: 545256969905944
@start[271581186, 1317345472]: 545256970548522
@start[271581185, 1302659520]: 545256971070605
@start[271581186, 1317349056]: 545256971429239
@start[271581185, 1302662944]: 545256972044266
@start[271581185, 1302664192]: 545256972372414
@start[271581185, 1302664352]: 545256972414944
@start[271581184, 1392841664]: 545256972426856
@start[271581186, 1317353664]: 545256972801381
@start[271581184, 1392845632]: 545256973156529
@start[271581185, 1302683776]: 545256975217226
@start[271581186, 1317373536]: 545256975402895
@start[271581185, 1302693056]: 545256977026279
@start[271581185, 1302696032]: 545256977946480
@start[271581185, 1302699808]: 545256978959045
@start[271581186, 1317388032]: 545256978981648
@start[271581184, 1392878752]: 545256979570686
@start[271581186, 1317394304]: 545256980410676
@start[271581185, 1302712512]: 545256981749575
@start[271581185, 1302718880]: 545256983132878
@start[271581186, 1317411648]: 545256984483038
@start[271581186, 1317412448]: 545256984685739
@start[271581185, 1302725952]: 545256985073849
@start[271581185, 1302725984]: 545256985084059
@start[271581185, 1302731328]: 545256986477711
@start[271581185, 1302738976]: 545256987848700
@start[271581185, 1302739744]: 545256987947947
@start[271581186, 1317437728]: 545256990618541
@start[271581186, 1317445632]: 545256991694044
@start[271581185, 1302758976]: 545256991750791
@start[271581184, 1392941312]: 545256992055494
@start[271581185, 1302771904]: 545256992962200
@start[271581185, 1302781376]: 545256993772695
@start[271581185, 1302785504]: 545256994479084
@start[271581185, 1302787584]: 545256994987671
@start[271581185, 1302800544]: 545256997551945
@start[271581184, 1392984480]: 545256998787880
@start[271581186, 1317500256]: 545256999784816
@start[271581184, 1393004032]: 545257002878887
@start[271581186, 1317514752]: 545257002878927
@start[271581185, 1302827136]: 545257002958046
@start[271581184, 1393024544]: 545257004241640
@start[271581185, 1302857952]: 545257004733215
@start[271581186, 1317566432]: 545257005535054
@start[271581186, 390684096]: 545257043848885
@start[271581185, 3767232136]: 545257054437035
@start[271581185, 1140142816]: 545257081726776
@start[271581185, 861537112]: 545257096941289
@start[271581186, 755645600]: 545257098901818
@start[271581186, 1317588480]: 545257184465993
@start[271581185, 1614491144]: 545257196310336
@start[271581184, 1393027040]: 545257222571852
@start[271581184, 1393037088]: 545257223543400
@start[271581184, 1393047328]: 545257226688046
@start[271581184, 1393055296]: 545257229090155
@start[271581186, 1317573344]: 545257231113081
@start[271581184, 1393066432]: 545257233153821
@start[271581186, 1317584896]: 545257235060317
@start[271581185, 1302899232]: 545257237766559
@start[271581184, 1393079104]: 545257238626487
@start[271581185, 1302921728]: 545257242491588
@start[271581184, 1393102144]: 545257243903865
@start[271581186, 1317621632]: 545257246030967
@start[271581186, 1317626976]: 545257247033633
@start[271581184, 1393115392]: 545257247037310
@start[271581186, 1317632512]: 545257250924283
@start[271581186, 1317641568]: 545257252533150
@start[271581185, 1302960032]: 545257255968483
@start[271581186, 1317650144]: 545257257325395
@start[271581186, 1317651040]: 545257257478584
@start[271581185, 1302963008]: 545257257558955
@start[271581186, 1317654528]: 545257259295452
@start[271581186, 1317655648]: 545257259516167
@start[271581184, 1393144736]: 545257259517149
@start[271581184, 1393147072]: 545257260054500
@start[271581186, 1317657984]: 545257260055462
@start[271581185, 1302985888]: 545257264491056
@start[271581186, 1317679488]: 545257264877664
@start[271581186, 1317666144]: 545257265549768
@start[271581185, 1302977824]: 545257265588641
@start[271581184, 1393156544]: 545257265870421
@start[271581185, 1302979840]: 545257266053887
@start[271581186, 1317668960]: 545257266219859
@start[271581185, 1303010144]: 545257270277212
@start[271581184, 1393187200]: 545257270298101
@start[271581184, 1393190176]: 545257270964715
@start[271581185, 1303015040]: 545257271278426
@start[271581186, 1317704256]: 545257271616301
@start[271581186, 1317704384]: 545257271626130
@start[271581185, 1303019008]: 545257272220749
@start[271581185, 1303020096]: 545257272412409
@start[271581184, 1393198464]: 545257272918962
@start[271581184, 1393210464]: 545257276608133
@start[271581184, 1393216000]: 545257277728981
@start[271581185, 1303038880]: 545257277788313
@start[271581185, 1303042848]: 545257278886188
@start[271581186, 1317732256]: 545257279302201
@start[271581186, 1317732288]: 545257279311729
@start[271581185, 1303044768]: 545257280174873
@start[271581185, 1303046880]: 545257280684632
@start[271581185, 1303050912]: 545257281628247
@start[271581184, 1393233472]: 545257282375283
@start[271581186, 1317744256]: 545257282376274
@start[271581184, 1393237152]: 545257283173494
@start[271581186, 1317748864]: 545257283386305
@start[271581184, 1393239328]: 545257283790114
@start[271581186, 1317756160]: 545257284868263
@start[271581185, 1303071488]: 545257285449416
@start[271581186, 1317760800]: 545257285870668
@start[271581185, 1303072800]: 545257285932084
@start[271581186, 1317761248]: 545257285981868
@start[271581186, 1317761760]: 545257286214936
@start[271581185, 1303079744]: 545257287863688
@start[271581184, 1393258464]: 545257288249815
@start[271581185, 1303084608]: 545257289099934
@start[271581185, 1303085536]: 545257289307675
@start[271581186, 1317775008]: 545257289768091
@start[271581186, 1317873376]: 545257346541551
@start[271581186, 1317875616]: 545257353289686
@start[271581184, 1187779016]: 545257371219448
@start[271581186, 1317782496]: 545257430234585
@start[271581185, 1303103488]: 545257439269443
@start[271581185, 1303104832]: 545257440116496
@start[271581184, 1393276000]: 545257440141924
@start[271581184, 1393285216]: 545257446925767
@start[271581185, 1303113152]: 545257447941648
@start[271581185, 1303136288]: 545257456971416
@start[271581184, 1393315168]: 545257458124245
@start[271581186, 1317834560]: 545257463719953
@start[271581184, 1393336864]: 545257468031845
@start[271581185, 1303171552]: 545257473945290
@start[271581185, 1303172320]: 545257479399150
@start[271581184, 1393351072]: 545257479702571
@start[271581186, 1317861472]: 545257479961428
@start[271581184, 1393352064]: 545257479961709
@start[271581184, 1393359808]: 545257481812911
@start[271581185, 1303268128]: 545257481993551
@start[271581184, 1393360960]: 545257488699828
@start[271581186, 1317972384]: 545257498817062
@start[271581184, 1799780032]: 545257525084930
@start[271581186, 2518510048]: 545258458298715
@start[271581186, 197689184]: 545258557077842
@start[271581185, 3044422112]: 545258808727437
@start[271581184, 1041413720]: 545259264231781
@start[271581184, 1041427104]: 545259264236159
@start[271581186, 1725940440]: 545260003036485
@start[271581186, 1725940472]: 545260003040362
@start[271581186, 298419712]: 545260197088220
@start[271581186, 1813981176]: 545260425754686
@start[271581186, 3009143608]: 545260454041634
@start[271581185, 1788791664]: 545260483132403
@start[271581185, 1303320672]: 545260608890595
@start[271581184, 1068550872]: 545265349102166
@start[271581184, 1041265800]: 545265349648153
@start[271581184, 1393365952]: 545265394724686
@start[271581185, 1303189504]: 545265395004864
@start[271581186, 1317879872]: 545265395555780
@start[271581185, 1303194784]: 545265397334516
@start[271581184, 1393375712]: 545265397530615
@start[271581186, 1317887328]: 545265397621376
@start[271581184, 1393377472]: 545265397724269
@start[271581186, 1317896224]: 545265401392851
@start[271581186, 1317906624]: 545265404804029
@start[271581185, 1303224864]: 545265406990352
@start[271581186, 1317914336]: 545265407188134
@start[271581185, 1303247232]: 545265410043706
@start[271581185, 1303252960]: 545265413563508
@start[271581185, 1303255872]: 545265414108904
@start[271581186, 1317947680]: 545265414600028
@start[271581186, 1317948640]: 545265414843586
@start[271581185, 1303265536]: 545265418192487
@start[271581185, 1303273824]: 545265421596351
@start[271581185, 1303274432]: 545265421702761
@start[271581186, 1317968544]: 545265424564314
@start[271581185, 1303281152]: 545265425127353
@start[271581184, 1393458944]: 545265425353429
@start[271581184, 1393459264]: 545265425671487
@start[271581184, 1393460512]: 545265426733886
@start[271581186, 1317970944]: 545265426734757
@start[271581186, 1317972608]: 545265427339966
@start[271581186, 1317981952]: 545265431007476
@start[271581184, 1393474848]: 545265432876692
@start[271581184, 1393477696]: 545265433540291
@start[271581184, 1393478368]: 545265433618187
@start[271581186, 1317992512]: 545265433998393
@start[271581186, 1317993568]: 545265434201665
@start[271581185, 1303314528]: 545265438942805
@start[271581185, 1303318080]: 545265439661587
@start[271581185, 1303335712]: 545265443216074
@start[271581184, 1393515360]: 545265444621308
@start[271581186, 1318028928]: 545265444747936
@start[271581185, 1303358368]: 545265447982742
@start[271581186, 1318043136]: 545265449790322
@start[271581185, 1303375296]: 545265455853188
@start[271581185, 1303375328]: 545265455871824
@start[271581184, 1393553472]: 545265456082039
@start[271581186, 1318066336]: 545265457049790
@start[271581185, 1303381312]: 545265457754035
@start[271581184, 1393560800]: 545265459230262
@start[271581186, 1318071648]: 545265459291888
@start[271581186, 1318073952]: 545265459912285
@start[271581186, 1318075104]: 545265460304823
@start[271581184, 1393564736]: 545265460305945
@start[271581186, 1318075488]: 545265460396806
@start[271581184, 1393566368]: 545265460699065
@start[271581185, 1303388928]: 545265460886147
@start[271581186, 1318079648]: 545265461254730
@start[271581184, 1393570656]: 545265461537893
@start[271581186, 1318086208]: 545265465290924
@start[271581186, 1318086304]: 545265465311032
@start[271581185, 1303401120]: 545265466021228
@start[271581184, 1393588640]: 545265469652239
@start[271581185, 1303417088]: 545265470605552
@start[271581185, 1303419424]: 545265471599943
@start[271581185, 1303421088]: 545265472050360
@start[271581184, 1393604800]: 545265473816613
@start[271581185, 1303433088]: 545265475062878
@start[271581186, 1318126432]: 545265476203915
@start[271581186, 1318128544]: 545265476631118
@start[271581186, 1318135680]: 545265479874380
@start[271581186, 1318137728]: 545265480465532
@start[271581185, 1303453088]: 545265481866317
@start[271581185, 1303457120]: 545265482745391
@start[271581186, 1318149216]: 545265483984723
@start[271581185, 1303463264]: 545265484563081
@start[271581185, 1303463968]: 545265484809074
@start[271581184, 1393646560]: 545265486201123
@start[271581185, 1303471200]: 545265487094263
@start[271581185, 1303471552]: 545265487212686
@start[271581186, 1318164352]: 545265489704524
@start[271581185, 1303482624]: 545265493299437
@start[271581184, 1393658784]: 545265493520112
@start[271581185, 1303483744]: 545265493570517
@start[271581185, 1303487520]: 545265493792314
@start[271581186, 1318171648]: 545265493874028
@start[271581184, 1611263256]: 545265494251347
@start[271581185, 1303489792]: 545265494312763
@start[271581186, 1318186112]: 545265499087236
@start[271581186, 1318191328]: 545265502469759
@start[271581184, 1393681536]: 545265502617597
@start[271581186, 1318192224]: 545265502621354
@start[271581186, 1318194048]: 545265503220752
@start[271581186, 1318204064]: 545265506324411
@start[271581185, 1303516064]: 545265506365879
@start[271581186, 1318209152]: 545265507852305
@start[271581184, 1393699456]: 545265508209287
@start[271581186, 1318210496]: 545265508220588
@start[271581184, 1393704864]: 545265509852368
@start[271581185, 1303529920]: 545265510574737
@start[271581186, 1318220640]: 545265606298694
@start[271581185, 1303535968]: 545265607358468
@start[271581186, 1318227200]: 545265607917049
@start[271581185, 1303541248]: 545265608538287
@start[271581184, 1393719680]: 545265608717014
@start[271581184, 1393720096]: 545265608792426
@start[271581184, 1393721344]: 545265608965141
@start[271581184, 1393722304]: 545265609173002
@start[271581184, 1393724576]: 545265609792617
@start[271581184, 1393726880]: 545265610163054
@start[271581186, 1318237600]: 545265610164116
@start[271581186, 1318248768]: 545265615036633
@start[271581186, 1318249696]: 545265615243602
@start[271581186, 1318255072]: 545265617247091
@start[271581185, 1303568320]: 545265617500278
@start[271581185, 1303588608]: 545265622257457
@start[271581186, 1318272128]: 545265623552103
@start[271581186, 1318283264]: 545265628154922
@start[271581185, 1303602528]: 545265630011746
@start[271581186, 1318293344]: 545265630693629
@start[271581184, 1393800736]: 545265638489014
@start[271581184, 1393815680]: 545265644038154
@start[271581186, 1318332704]: 545265645160195
@start[271581186, 1318338688]: 545265835038936
@start[271581185, 1296938576]: 545265922927833
@start[271581185, 1181542304]: 545266068078888
@start[271581185, 1031331808]: 545266071348449
@start[271581186, 756451384]: 545266079144706
@start[271581185, 163423072]: 545266153206530
@start[271581186, 408295576]: 545266173958822
@start[271581184, 840677136]: 545266188698311
@start[271581186, 756736968]: 545266309159647
@start[271581186, 755426232]: 545266339197187
@start[271581186, 756758240]: 545266348371166
@start[271581184, 839998816]: 545266481827459
@start[271581186, 755964896]: 545266502275719
@start[271581186, 755521120]: 545266502319842
@start[271581184, 839952256]: 545266793931405
@start[271581185, 1303647072]: 545267324726476
@start[271581185, 1303654016]: 545267326360210
@start[271581186, 1318343680]: 545267326724555
@start[271581185, 1303655936]: 545267326866873
@start[271581184, 1393840096]: 545267329882376
@start[271581184, 1393842624]: 545267330542318
@start[271581184, 1393843808]: 545267330730472
@start[271581186, 1318360544]: 545267333534537
@start[271581186, 1318363008]: 545267333890256
@start[271581184, 1393862144]: 545267340055705
@start[271581186, 1318377792]: 545267342984265
@start[271581186, 1318378496]: 545267343210751
@start[271581184, 1393867840]: 545267343212103
@start[271581186, 1318379872]: 545267343411719
@start[271581185, 1303692480]: 545267343715931
@start[271581185, 1303699936]: 545267347493007
@start[271581184, 1393904128]: 545267356718984
@start[271581186, 1318361536]: 545267366983314
@start[271581185, 1303732320]: 545267368569929
@start[271581184, 1393921600]: 545267371605270
@start[271581184, 1393921632]: 545267371615609
@start[271581186, 1318432128]: 545267371616541
@start[271581184, 839652432]: 545267831348680
@start[271581186, 755474608]: 545268038184813
@start[271581184, 840251616]: 545268040112841
@start[271581186, 756292640]: 545268072751644
@start[271581185, 1066388144]: 545268135190602
@start[271581184, 840239432]: 545268150625199
@start[271581186, 755803808]: 545268249714647
@start[271581185, 1069567232]: 545268259194521
@start[271581186, 755832912]: 545268484459365
@start[271581186, 1318408384]: 545269033154189
@start[271581184, 1393899392]: 545269033545886
@start[271581186, 1318448352]: 545269035891629
@start[271581186, 1318461824]: 545269040432011
@start[271581184, 1393951104]: 545269040432161
@start[271581184, 1393954336]: 545269041505581
@start[271581185, 1303781280]: 545269042878754
@start[271581186, 1318470784]: 545269043287623
@start[271581186, 1318473568]: 545269044267126
@start[271581185, 1303789888]: 545269045947878
@start[271581184, 1393967616]: 545269046063906
@start[271581185, 1303792448]: 545269046750458
@start[271581186, 1318486016]: 545269048947742
@start[271581185, 1303797824]: 545269049014457
@start[271581186, 1318492384]: 545269064271751
@start[271581184, 1393982144]: 545269065429599
@start[271581186, 1318492864]: 545269065431062
@start[271581185, 1303805120]: 545269065566948
@start[271581184, 1393999232]: 545269173701031
@start[271581184, 839231160]: 545269581522659
@start[271581186, 757139976]: 545269589906412
@start[271581186, 755309936]: 545269614788082
@start[271581186, 872601536]: 545269643094855
@start[271581186, 198784240]: 545269656563935
@start[271581186, 198796088]: 545269657576159
@start[271581185, 833843640]: 545269661375667
@start[271581185, 833847648]: 545269669220496
@start[271581185, 834399104]: 545269844360438
@start[271581186, 199179648]: 545269888139570
@start[271581185, 834757136]: 545269922260802
@start[271581185, 832770352]: 545270042445777
@start[271581186, 197282080]: 545270116184312
@start[271581185, 1171524152]: 545270149308058
@start[271581186, 198399968]: 545270164903538
@start[271581185, 1164800232]: 545270186385061
@start[271581186, 197750944]: 545270219345399
@start[271581186, 872988656]: 545270220242036
@start[271581185, 1165613976]: 545270230434151
@start[271581186, 399703896]: 545270237229244
@start[271581184, 1160338904]: 545270237695251
@start[271581186, 1318530464]: 545270837832052
@start[271581185, 1303843136]: 545270838119212
@start[271581185, 1303838048]: 545270838818668
@start[271581185, 1303839392]: 545270839207600
@start[271581185, 1303846208]: 545270840031219
@start[271581185, 1303848448]: 545270840508858
@start[271581185, 1303850272]: 545270841041991
@start[271581185, 1303850944]: 545270841176824
@start[271581184, 1394029888]: 545270841566227
@start[271581185, 1303857472]: 545270844804499
@start[271581184, 1394036736]: 545270845449503
@start[271581186, 1318548416]: 545270845806805
@start[271581185, 1303860896]: 545270845885242
@start[271581186, 1318553504]: 545270848752346
@start[271581186, 1318557760]: 545270850073542
@start[271581186, 1318560064]: 545270850691484
@start[271581185, 1303879104]: 545270851974067
@start[271581186, 1318581664]: 545270855402046
@start[271581186, 1318592448]: 545270859570649
@start[271581185, 1303908512]: 545270861201517
@start[271581185, 1303910048]: 545270861657715
@start[271581186, 1318601440]: 545270862391426
@start[271581186, 1318605120]: 545270863499751
@start[271581184, 1394098176]: 545270864567449
@start[271581185, 1303923968]: 545270865804276
@start[271581184, 1394101568]: 545270865804957
@start[271581186, 1318615872]: 545270866468917
@start[271581185, 1303930240]: 545270867179423
@start[271581186, 1318619104]: 545270868744838
@start[271581186, 1318621760]: 545270869468169
@start[271581184, 1394111712]: 545270869563288
@start[271581186, 1318627584]: 545270871264398
@start[271581184, 1394116928]: 545270871265390
@start[271581186, 1318632480]: 545270872689409
@start[271581185, 1303950432]: 545270874581739
@start[271581184, 1394144672]: 545270879587056
@start[271581186, 1318657152]: 545270880277635
@start[271581184, 1394156640]: 545270883054690
@start[271581185, 1303980000]: 545270883098923
@start[271581186, 1318674464]: 545270885516000
@start[271581185, 1303987264]: 545270885992777
@start[271581186, 1318676608]: 545270886201840
@start[271581186, 1318678784]: 545270886651065
@start[271581184, 1394175968]: 545270888459147
@start[271581186, 1318695744]: 545270891829848
@start[271581186, 1318697696]: 545270892282119
@start[271581184, 1394186848]: 545270892282179
@start[271581186, 1318700832]: 545270892795184
@start[271581184, 1394199968]: 545270897246919
@start[271581185, 1304022816]: 545270897606235
@start[271581186, 1318711200]: 545270897667851
@start[271581185, 1304028640]: 545270899504276
@start[271581185, 1304031584]: 545270914414377
@start[271581185, 1304036128]: 545270915579028
@start[271581186, 1318728320]: 545270916490062
@start[271581186, 1318730272]: 545270916924689
@start[271581186, 1318732576]: 545270917455037
@start[271581184, 1394221696]: 545270917456049
@start[271581185, 1304048288]: 545270931583116
@start[271581186, 295725080]: 545271337676251
@start[271581186, 197705680]: 545271400360509
@start[271581186, 199134936]: 545271428831011
@start[271581186, 197763224]: 545271435347911
@start[271581185, 833261736]: 545271451983568
@start[271581185, 832876848]: 545271571965050
@start[271581185, 834285400]: 545271605338084
@start[271581185, 833317008]: 545271820475463
@start[271581185, 861357560]: 545271841454771
@start[271581186, 197449592]: 545271882039012
@start[271581184, 1034526448]: 545271891540788
@start[271581186, 197831952]: 545271912902196
@start[271581186, 1318742336]: 545272287716935
@start[271581185, 1304078208]: 545272307768689
@start[271581186, 1318767424]: 545272323889166
@start[271581185, 1304082976]: 545272516093390
@start[271581185, 1304060480]: 545272520157466
@start[271581184, 1394238016]: 545272520219142
@start[271581185, 1304061280]: 545272520249780
@start[271581185, 1304061856]: 545272520349137
@start[271581186, 1318751264]: 545272524653254
@start[271581186, 1318757760]: 545272532333453
@start[271581186, 1318779552]: 545272570374790
@start[271581185, 1304101824]: 545272571725451
@start[271581185, 1304109184]: 545272575396918
@start[271581184, 1394287456]: 545272575603126
@start[271581186, 1318814272]: 545272577105653
@start[271581184, 1394304480]: 545272577782086
@start[271581185, 1304140640]: 545272582507736
@start[271581185, 1304140800]: 545272582539666
@start[271581186, 1318831456]: 545272583225606
@start[271581185, 1304159872]: 545272588066934
@start[271581186, 1318818368]: 545272641862189
@start[271581184, 1394308768]: 545272658904010
@start[271581186, 377727088]: 545272760251004
@start[271581186, 299200112]: 545272760257366
@start[271581186, 377869968]: 545272760602516
@start[271581186, 378112288]: 545272760602977
@start[271581186, 53650200]: 545272760608888
@start[271581186, 87547448]: 545272760609759
@start[271581185, 3748540112]: 545272766692242
@start[271581186, 86356856]: 545272829834362
@start[271581186, 75858368]: 545272848426058
@start[271581186, 53725176]: 545272952432536
@start[271581186, 198385080]: 545273025625684
@start[271581185, 833352336]: 545273041676310
@start[271581184, 780566320]: 545273044957002
@start[271581185, 833086280]: 545273059782363
@start[271581186, 340398368]: 545273106991267
@start[271581186, 341829384]: 545273112798071
@start[271581186, 339990368]: 545273132455032
@start[271581185, 833363656]: 545273163170617
@start[271581186, 198395984]: 545273171808488
@start[271581185, 372899184]: 545273172127528
@start[271581185, 833096064]: 545273180386295
@start[271581185, 833435576]: 545273205420131
@start[271581186, 198118040]: 545273238257608
@start[271581186, 197393464]: 545273242845750
@start[271581185, 833099272]: 545273246611114
@start[271581186, 198118896]: 545273260028847
@start[271581186, 42461512]: 545273312327747
@start[271581186, 65558064]: 545273376418841
@start[271581186, 53704240]: 545273376421617
@start[271581185, 833203024]: 545273430457635
@start[271581185, 833193232]: 545273440438231
@start[271581186, 68118088]: 545273496395253
@start[271581186, 184991120]: 545273582652088
@start[271581186, 76090024]: 545273582668859
@start[271581186, 75880040]: 545273582692554
@start[271581186, 76091832]: 545273596832676
@start[271581185, 834741640]: 545273618308438
@start[271581186, 77057088]: 545273659366561
@start[271581186, 197431032]: 545273757990442
@start[271581186, 1101897024]: 545273974940269
@start[271581186, 1318824736]: 545274270549458
@start[271581185, 1304194432]: 545274278233774
@start[271581185, 1304197728]: 545274278997652
@start[271581184, 1394375136]: 545274279035783
@start[271581185, 1304203648]: 545274280532730
@start[271581186, 1318893312]: 545274282071685
@start[271581184, 1394382752]: 545274282253427
@start[271581184, 1394401088]: 545274286742482
@start[271581186, 1318916672]: 545274287797447
@start[271581184, 1394345504]: 545274303716836
@start[271581184, 1394346016]: 545274303917684
@start[271581185, 1304169120]: 545274304008655
@start[271581184, 1394386240]: 545274436104867
@start[271581184, 1181233952]: 545274537662918
@start[271581184, 1182565320]: 545274634756280
@start[271581185, 834514880]: 545274723538145
@start[271581186, 198444296]: 545274724795270
@start[271581186, 199001176]: 545274725696064
@start[271581186, 73673376]: 545274725857388
@start[271581185, 1068237288]: 545274732157570
@start[271581184, 781089264]: 545274735519595
@start[271581185, 833939976]: 545274737080522
@start[271581185, 1061619320]: 545274751261100
@start[271581185, 1065827784]: 545274775054362
@start[271581186, 1318905504]: 545274800267906
@start[271581185, 834790992]: 545274838055976
@start[271581186, 198693760]: 545274847584152
@start[271581186, 197993744]: 545274916269099
@start[271581184, 798628944]: 545274925924854
@start[271581185, 1032873312]: 545274973752151
@start[271581185, 1032873568]: 545274973753604
@start[271581184, 1041531680]: 545275082611969
@start[271581184, 798741424]: 545275103359040
@start[271581186, 857470936]: 545275284726306
@start[271581184, 1062869528]: 545275289522519
@start[271581185, 1189729528]: 545275340300718
@start[271581185, 1189405808]: 545275341995697
@start[271581185, 1030121104]: 545275362529216
@start[271581184, 798127440]: 545275395690492
@start[271581185, 1304210176]: 545275692407595
@start[271581184, 1394417600]: 545275784648417
@start[271581184, 3700681504]: 545278779332301
@start[271581186, 3384949248]: 545278834648507
@start[271581185, 1091907200]: 545278837896767
@start[271581184, 1394388608]: 545278839509201
@start[271581186, 1318899328]: 545278839513178
@start[271581184, 1394388672]: 545278839534268
@start[271581185, 1069833056]: 545278843492545
@start[271581186, 1318914656]: 545278844991374
@start[271581184, 1394404256]: 545278844993128
@start[271581186, 1318918272]: 545278846679651
@start[271581184, 1394407744]: 545278846681114
@start[271581186, 1318921024]: 545278847992521
@start[271581185, 1068131024]: 545278848817853
@start[271581185, 1304239456]: 545278850352540
@start[271581185, 1304248800]: 545278855018428
@start[271581185, 1304254304]: 545278857483716
@start[271581186, 1318947072]: 545279422814627
@start[271581186, 212007192]: 545279668352774
@start[271581185, 1164489672]: 545279673787358
@start[271581185, 1067814208]: 545279774381274
@start[271581184, 1676855912]: 545280010921825
@start[271581184, 998140832]: 545280022164225
@start[271581184, 1181430816]: 545280022166569
@start[271581184, 1181969048]: 545280022168323
@start[271581184, 1180859064]: 545280022168974
@start[271581185, 1066363368]: 545280045905158
@start[271581185, 1067720664]: 545280096803132
@start[271581184, 979926576]: 545280320885325
@start[271581185, 1165651312]: 545280574118489
@start[271581184, 1161118976]: 545280575529934
@start[271581184, 1160869248]: 545280612788067
@start[271581185, 1189362424]: 545280736034188
@start[271581185, 1180151544]: 545280875126390
@start[271581185, 1189713296]: 545280966910622
@start[271581184, 1184237368]: 545281004567275
@start[271581185, 1179337008]: 545281012282881
@start[271581185, 1179337048]: 545281012284333
@start[271581185, 1179337304]: 545281012285095
@start[271581185, 1179345704]: 545281012285996
@start[271581185, 1179345776]: 545281012286668
@start[271581185, 1179501536]: 545281012287930
@start[271581185, 990304104]: 545281012289252
@start[271581185, 990314120]: 545281012289603
@start[271581185, 1179800424]: 545281012291066
@start[271581185, 1164608408]: 545281142175676
@start[271581185, 1170967840]: 545281142176227
@start[271581185, 1164608560]: 545281142178000
@start[271581185, 1170968472]: 545281142178381
@start[271581184, 1062018952]: 545281214424717
@start[271581185, 1171285864]: 545281244489567
@start[271581185, 1092576160]: 545281327416376
@start[271581185, 1179784560]: 545281327420794
@start[271581185, 1189837384]: 545281327421826
@start[271581186, 1318949120]: 545281837680948
@start[271581185, 1304261216]: 545281837693231
@start[271581186, 1318950592]: 545281838152846
@start[271581184, 1393593792]: 545283124365894
@start[271581184, 1392945568]: 545283268180550
@start[271581184, 1393669152]: 545283282294262
@start[271581184, 1393204896]: 545283297333926
@start[271581186, 1318167712]: 545283316155504
@start[271581184, 1393870272]: 545283317964026
@start[271581186, 3326657056]: 545283346313780
@start[271581186, 3815579488]: 545283362705348
@start[271581185, 1179972144]: 545283478270678
@start[271581186, 1318054496]: 545283504417438
@start[271581186, 1317812672]: 545283512068091
@start[271581186, 362553008]: 545283512962103
@start[271581186, 1317736512]: 545283551362424
@start[271581186, 1317843968]: 545283579519686
@start[271581185, 1303487040]: 545283587047398
@start[271581186, 74852168]: 545283644715237
@start[271581186, 1317779424]: 545283649589557
@start[271581185, 1068970872]: 545283651157677
@start[271581186, 1318383616]: 545283662045410
@start[271581186, 1318674048]: 545283664178453
@start[271581186, 1317811200]: 545283719817395
@start[271581185, 1303843744]: 545283742868721
