/home/maci/Desktop/7dtd/7dtd-loadgen/workspace/bench/lap1/horde-lite/apm/session_20260822_085321_pid855510/bt/mono_gc.bt:17:12-42: WARNING: signed operands for '/' can lead to undefined behavior (cast to unsigned to silence warning)
    $us = (nsecs - @gc_enter[tid]) / 1000;
           ~~~~~~~~~~~~~~~~~~~~~~~~~~~~~~
/home/maci/Desktop/7dtd/7dtd-loadgen/workspace/bench/lap1/horde-lite/apm/session_20260822_085321_pid855510/bt/mono_gc.bt:37:12-45: WARNING: signed operands for '/' can lead to undefined behavior (cast to unsigned to silence warning)
    $us = (nsecs - @boehm_enter[tid]) / 1000;
           ~~~~~~~~~~~~~~~~~~~~~~~~~~~~~~~~~
/home/maci/Desktop/7dtd/7dtd-loadgen/workspace/bench/lap1/horde-lite/apm/session_20260822_085321_pid855510/bt/mono_gc.bt:64:12-38: WARNING: signed operands for '/' can lead to undefined behavior (cast to unsigned to silence warning)
    $us = (nsecs - @stw_start) / 1000;
           ~~~~~~~~~~~~~~~~~~~~~~~~~~
/home/maci/Desktop/7dtd/7dtd-loadgen/workspace/bench/lap1/horde-lite/apm/session_20260822_085321_pid855510/bt/mono_gc.bt:17:12-42: WARNING: signed operands for '/' can lead to undefined behavior (cast to unsigned to silence warning)
    $us = (nsecs - @gc_enter[tid]) / 1000;
           ~~~~~~~~~~~~~~~~~~~~~~~~~~~~~~
/home/maci/Desktop/7dtd/7dtd-loadgen/workspace/bench/lap1/horde-lite/apm/session_20260822_085321_pid855510/bt/mono_gc.bt:37:12-45: WARNING: signed operands for '/' can lead to undefined behavior (cast to unsigned to silence warning)
    $us = (nsecs - @boehm_enter[tid]) / 1000;
           ~~~~~~~~~~~~~~~~~~~~~~~~~~~~~~~~~
/home/maci/Desktop/7dtd/7dtd-loadgen/workspace/bench/lap1/horde-lite/apm/session_20260822_085321_pid855510/bt/mono_gc.bt:64:12-38: WARNING: signed operands for '/' can lead to undefined behavior (cast to unsigned to silence warning)
    $us = (nsecs - @stw_start) / 1000;
           ~~~~~~~~~~~~~~~~~~~~~~~~~~
/home/maci/Desktop/7dtd/7dtd-loadgen/workspace/bench/lap1/horde-lite/apm/session_20260822_085321_pid855510/bt/mono_gc.bt:17:12-17: WARNING: Expression of type: uint64 being cast to type: int64. This may cause unexpected results. Use an explicit cast to suppress this warning.
    $us = (nsecs - @gc_enter[tid]) / 1000;
           ~~~~~
/home/maci/Desktop/7dtd/7dtd-loadgen/workspace/bench/lap1/horde-lite/apm/session_20260822_085321_pid855510/bt/mono_gc.bt:17:20-34: WARNING: Expression of type: uint64 being cast to type: int64. This may cause unexpected results. Use an explicit cast to suppress this warning.
    $us = (nsecs - @gc_enter[tid]) / 1000;
                   ~~~~~~~~~~~~~~
/home/maci/Desktop/7dtd/7dtd-loadgen/workspace/bench/lap1/horde-lite/apm/session_20260822_085321_pid855510/bt/mono_gc.bt:37:12-17: WARNING: Expression of type: uint64 being cast to type: int64. This may cause unexpected results. Use an explicit cast to suppress this warning.
    $us = (nsecs - @boehm_enter[tid]) / 1000;
           ~~~~~
/home/maci/Desktop/7dtd/7dtd-loadgen/workspace/bench/lap1/horde-lite/apm/session_20260822_085321_pid855510/bt/mono_gc.bt:37:20-37: WARNING: Expression of type: uint64 being cast to type: int64. This may cause unexpected results. Use an explicit cast to suppress this warning.
    $us = (nsecs - @boehm_enter[tid]) / 1000;
                   ~~~~~~~~~~~~~~~~~
/home/maci/Desktop/7dtd/7dtd-loadgen/workspace/bench/lap1/horde-lite/apm/session_20260822_085321_pid855510/bt/mono_gc.bt:64:12-17: WARNING: Expression of type: uint64 being cast to type: int64. This may cause unexpected results. Use an explicit cast to suppress this warning.
    $us = (nsecs - @stw_start) / 1000;
           ~~~~~
/home/maci/Desktop/7dtd/7dtd-loadgen/workspace/bench/lap1/horde-lite/apm/session_20260822_085321_pid855510/bt/mono_gc.bt:64:20-30: WARNING: Expression of type: uint64 being cast to type: int64. This may cause unexpected results. Use an explicit cast to suppress this warning.
    $us = (nsecs - @stw_start) / 1000;
                   ~~~~~~~~~~
/home/maci/Desktop/7dtd/7dtd-loadgen/workspace/bench/lap1/horde-lite/apm/session_20260822_085321_pid855510/bt/mono_gc.bt:18:5-28: WARNING: Return value discarded.
    delete(@gc_enter[tid]);
    ~~~~~~~~~~~~~~~~~~~~~~~
/home/maci/Desktop/7dtd/7dtd-loadgen/workspace/bench/lap1/horde-lite/apm/session_20260822_085321_pid855510/bt/mono_gc.bt:38:5-31: WARNING: Return value discarded.
    delete(@boehm_enter[tid]);
    ~~~~~~~~~~~~~~~~~~~~~~~~~~
16:53:26 @little_n: 96
16:53:31 @little_n: 196
16:53:36 @little_n: 295
16:53:41 @little_n: 396
STW_PAUSE 17241 us
16:53:46 @little_n: 9354

=== mono_gc_collect latency us ===

=== GC_gcollect latency us ===

=== stop-the-world pause us (main-thread freeze) ===
@stw_us:
[1K, 2K)               1 |@@@@@@@@@@@@@@@@@@@@@@@@@@@@@@@@@@@@@@@@@@@@@@@@@@@@|
[2K, 4K)               0 |                                                    |
[4K, 8K)               0 |                                                    |
[8K, 16K)              0 |                                                    |
[16K, 32K)             1 |@@@@@@@@@@@@@@@@@@@@@@@@@@@@@@@@@@@@@@@@@@@@@@@@@@@@|

@stw_sum: 19125
@stw_n: 2


@little_n: 9462
@stw_n: 2
@stw_start: 0
@stw_sum: 19125
@stw_us:
[1K, 2K)               1 |@@@@@@@@@@@@@@@@@@@@@@@@@@@@@@@@@@@@@@@@@@@@@@@@@@@@|
[2K, 4K)               0 |                                                    |
[4K, 8K)               0 |                                                    |
[8K, 16K)              0 |                                                    |
[16K, 32K)             1 |@@@@@@@@@@@@@@@@@@@@@@@@@@@@@@@@@@@@@@@@@@@@@@@@@@@@|

