/home/maci/Desktop/7dtd/7dtd-loadgen/workspace/bench/lap1/wander-2bot/apm/session_20260822_085145_pid855510/bt/offcpu.bt:27:20-25: WARNING: Expression of type: uint64 being cast to type: int64. This may cause unexpected results. Use an explicit cast to suppress this warning.
    $us = (uint64)(nsecs - @start[args.next_pid]) / 1000;
                   ~~~~~
/home/maci/Desktop/7dtd/7dtd-loadgen/workspace/bench/lap1/wander-2bot/apm/session_20260822_085145_pid855510/bt/offcpu.bt:27:28-49: WARNING: Expression of type: uint64 being cast to type: int64. This may cause unexpected results. Use an explicit cast to suppress this warning.
    $us = (uint64)(nsecs - @start[args.next_pid]) / 1000;
                           ~~~~~~~~~~~~~~~~~~~~~
/home/maci/Desktop/7dtd/7dtd-loadgen/workspace/bench/lap1/wander-2bot/apm/session_20260822_085145_pid855510/bt/offcpu.bt:28:5-35: WARNING: Return value discarded.
    delete(@start[args.next_pid]);
    ~~~~~~~~~~~~~~~~~~~~~~~~~~~~~~
/home/maci/Desktop/7dtd/7dtd-loadgen/workspace/bench/lap1/wander-2bot/apm/session_20260822_085145_pid855510/bt/offcpu.bt:40:5-41: WARNING: Return value discarded.
    delete(@block_stack[args.next_pid]);
    ~~~~~~~~~~~~~~~~~~~~~~~~~~~~~~~~~~~~
/home/maci/Desktop/7dtd/7dtd-loadgen/workspace/bench/lap1/wander-2bot/apm/session_20260822_085145_pid855510/bt/offcpu.bt:41:5-40: WARNING: Return value discarded.
    delete(@block_state[args.next_pid]);
    ~~~~~~~~~~~~~~~~~~~~~~~~~~~~~~~~~~~
STALL_MAIN 19751 us state=1
STALL_MAIN 26161 us state=1
STALL_MAIN 28929 us state=1
STALL_MAIN 27485 us state=1
STALL_MAIN 21197 us state=1
STALL_MAIN 25022 us state=1
STALL_MAIN 22969 us state=1
STALL_MAIN 27871 us state=1
STALL_MAIN 25124 us state=1
STALL_MAIN 27015 us state=1
STALL_MAIN 24975 us state=1
STALL_MAIN 22080 us state=1
STALL_MAIN 26402 us state=1
STALL_MAIN 26513 us state=1
STALL_MAIN 26608 us state=1
STALL_MAIN 27359 us state=1
STALL_MAIN 21652 us state=1
STALL_MAIN 27476 us state=1
STALL_MAIN 27169 us state=1
STALL_MAIN 21512 us state=1
STALL_MAIN 25883 us state=1
STALL_MAIN 26472 us state=1
STALL_MAIN 26487 us state=1
STALL_MAIN 28565 us state=1
STALL_MAIN 26802 us state=1
STALL_MAIN 29636 us state=1
STALL_MAIN 29358 us state=1
STALL_MAIN 23819 us state=1
STALL_MAIN 31025 us state=1
STALL_MAIN 31786 us state=1
STALL_MAIN 32553 us state=1
STALL_MAIN 30868 us state=1
STALL_MAIN 26441 us state=1
STALL_MAIN 30992 us state=1
STALL_MAIN 29250 us state=1
STALL_MAIN 30156 us state=1
STALL_MAIN 26841 us state=1
STALL_MAIN 30461 us state=1
STALL_MAIN 27994 us state=1
STALL_MAIN 24473 us state=1
STALL_MAIN 28557 us state=1
STALL_MAIN 25504 us state=1
STALL_MAIN 19443 us state=1
STALL_MAIN 20909 us state=1
STALL_MAIN 19032 us state=1
STALL_MAIN 24360 us state=1
STALL_MAIN 28157 us state=1
STALL_MAIN 22328 us state=1
STALL_MAIN 29464 us state=1
STALL_MAIN 33153 us state=1
STALL_MAIN 24412 us state=1
STALL_MAIN 35383 us state=1
STALL_MAIN 33160 us state=1
STALL_MAIN 28896 us state=1
STALL_MAIN 33407 us state=1
STALL_MAIN 29266 us state=1
STALL_MAIN 27597 us state=1
STALL_MAIN 31872 us state=1
STALL_MAIN 29748 us state=1
STALL_MAIN 30823 us state=1
STALL_MAIN 27833 us state=1
STALL_MAIN 27706 us state=1
STALL_MAIN 29952 us state=1
STALL_MAIN 25820 us state=1
STALL_MAIN 30166 us state=1
STALL_MAIN 28657 us state=1
STALL_MAIN 25419 us state=1
STALL_MAIN 27364 us state=1
STALL_MAIN 35011 us state=1
STALL_MAIN 35863 us state=1
STALL_MAIN 35975 us state=1
STALL_MAIN 32418 us state=1
STALL_MAIN 34172 us state=1
STALL_MAIN 34897 us state=1
STALL_MAIN 34506 us state=1
STALL_MAIN 34203 us state=1
STALL_MAIN 33894 us state=1
STALL_MAIN 33466 us state=1
STALL_MAIN 35049 us state=1
STALL_MAIN 34670 us state=1
STALL_MAIN 32547 us state=1
STALL_MAIN 33810 us state=1
STALL_MAIN 33000 us state=1
STALL_MAIN 36134 us state=1
STALL_MAIN 33141 us state=1
STALL_MAIN 33576 us state=1
STALL_MAIN 32044 us state=1
STALL_MAIN 30273 us state=1
STALL_MAIN 31444 us state=1
STALL_MAIN 35218 us state=1
STALL_MAIN 34758 us state=1
STALL_MAIN 33478 us state=1
STALL_MAIN 35341 us state=1
STALL_MAIN 38187 us state=1
STALL_MAIN 35371 us state=1
STALL_MAIN 35628 us state=1
STALL_MAIN 35217 us state=1
STALL_MAIN 35144 us state=1
STALL_MAIN 35628 us state=1
STALL_MAIN 35938 us state=1
STALL_MAIN 36257 us state=1
STALL_MAIN 37947 us state=1
STALL_MAIN 35250 us state=1
STALL_MAIN 35175 us state=1
STALL_MAIN 35677 us state=1
STALL_MAIN 34831 us state=1
STALL_MAIN 33936 us state=1
STALL_MAIN 34822 us state=1
STALL_MAIN 33356 us state=1
STALL_MAIN 35387 us state=1
STALL_MAIN 37585 us state=1
STALL_MAIN 38141 us state=1
STALL_MAIN 35447 us state=1
STALL_MAIN 36654 us state=1
STALL_MAIN 36207 us state=1
STALL_MAIN 36244 us state=1
STALL_MAIN 37916 us state=1
STALL_MAIN 36800 us state=1
STALL_MAIN 34560 us state=1
STALL_MAIN 37932 us state=1
STALL_MAIN 35989 us state=1
STALL_MAIN 35344 us state=1
STALL_MAIN 36252 us state=1
STALL_MAIN 34359 us state=1
STALL_MAIN 36617 us state=1
STALL_MAIN 36230 us state=1
STALL_MAIN 35556 us state=1
STALL_MAIN 37624 us state=1
STALL_MAIN 36335 us state=1
STALL_MAIN 34515 us state=1
STALL_MAIN 33999 us state=1
STALL_MAIN 36635 us state=1
STALL_MAIN 39501 us state=1
STALL_MAIN 36325 us state=1
STALL_MAIN 37347 us state=1
STALL_MAIN 25602 us state=1
STALL_MAIN 22087 us state=1
STALL_MAIN 34819 us state=1
STALL_MAIN 30515 us state=1
STALL_MAIN 31914 us state=1
STALL_MAIN 28949 us state=1
STALL_MAIN 31106 us state=1
STALL_MAIN 19787 us state=1
STALL_MAIN 29661 us state=1
STALL_MAIN 22645 us state=1
STALL_MAIN 30237 us state=1
STALL_MAIN 32125 us state=1
STALL_MAIN 33347 us state=1
STALL_MAIN 30204 us state=1
STALL_MAIN 29703 us state=1
STALL_MAIN 30688 us state=1
STALL_MAIN 34386 us state=1
STALL_MAIN 29723 us state=1
STALL_MAIN 35147 us state=1
STALL_MAIN 34756 us state=1
STALL_MAIN 32419 us state=1
STALL_MAIN 34733 us state=1
STALL_MAIN 34082 us state=1
STALL_MAIN 27569 us state=1
STALL_MAIN 34092 us state=1
STALL_MAIN 26905 us state=1
STALL_MAIN 30055 us state=1
STALL_MAIN 28571 us state=1
STALL_MAIN 30152 us state=1
STALL_MAIN 30137 us state=1
STALL_MAIN 33114 us state=1
STALL_MAIN 21052 us state=1
STALL_MAIN 32582 us state=1
STALL_MAIN 30180 us state=1
STALL_MAIN 33274 us state=1
STALL_MAIN 33689 us state=1
STALL_MAIN 27625 us state=1
STALL_MAIN 34419 us state=1
STALL_MAIN 33358 us state=1
STALL_MAIN 35968 us state=1
STALL_MAIN 31726 us state=1
STALL_MAIN 34200 us state=1
STALL_MAIN 34442 us state=1
STALL_MAIN 31014 us state=1
STALL_MAIN 34703 us state=1
STALL_MAIN 35251 us state=1
STALL_MAIN 33540 us state=1
STALL_MAIN 34410 us state=1
STALL_MAIN 33282 us state=1
STALL_MAIN 32765 us state=1
STALL_MAIN 32540 us state=1
STALL_MAIN 34491 us state=1
STALL_MAIN 25976 us state=1
STALL_MAIN 30587 us state=1
STALL_MAIN 26027 us state=1
STALL_MAIN 29004 us state=1
STALL_MAIN 30322 us state=1
STALL_MAIN 32985 us state=1
STALL_MAIN 33718 us state=1
STALL_MAIN 34633 us state=1
STALL_MAIN 34008 us state=1
STALL_MAIN 33207 us state=1
STALL_MAIN 34123 us state=1
STALL_MAIN 35605 us state=1
STALL_MAIN 33358 us state=1
STALL_MAIN 32967 us state=1
STALL_MAIN 30074 us state=1
STALL_MAIN 27104 us state=1
STALL_MAIN 30615 us state=1
STALL_MAIN 32465 us state=1
STALL_MAIN 33640 us state=1
STALL_MAIN 33460 us state=1
STALL_MAIN 31909 us state=1
STALL_MAIN 34239 us state=1
STALL_MAIN 33108 us state=1
STALL_MAIN 29644 us state=1
STALL_MAIN 27636 us state=1
STALL_MAIN 34733 us state=1
STALL_MAIN 30264 us state=1
STALL_MAIN 35094 us state=1
STALL_MAIN 34858 us state=1
STALL_MAIN 35126 us state=1
STALL_MAIN 36851 us state=1
STALL_MAIN 35177 us state=1
STALL_MAIN 35075 us state=1
STALL_MAIN 37408 us state=1
STALL_MAIN 36855 us state=1
STALL_MAIN 37122 us state=1
STALL_MAIN 32556 us state=1
STALL_MAIN 34114 us state=1
STALL_MAIN 36118 us state=1
STALL_MAIN 37822 us state=1
STALL_MAIN 36281 us state=1
STALL_MAIN 35463 us state=1
STALL_MAIN 35166 us state=1
STALL_MAIN 36621 us state=1
STALL_MAIN 35557 us state=1
STALL_MAIN 36186 us state=1
STALL_MAIN 36802 us state=1
STALL_MAIN 37320 us state=1
STALL_MAIN 37045 us state=1
STALL_MAIN 37872 us state=1
STALL_MAIN 35189 us state=1
STALL_MAIN 35456 us state=1
STALL_MAIN 36281 us state=1
STALL_MAIN 36204 us state=1
STALL_MAIN 37224 us state=1
STALL_MAIN 37605 us state=1
STALL_MAIN 38025 us state=1
STALL_MAIN 35003 us state=1
STALL_MAIN 37318 us state=1
STALL_MAIN 37652 us state=1
STALL_MAIN 35539 us state=1
STALL_MAIN 36918 us state=1
STALL_MAIN 35595 us state=1
STALL_MAIN 33776 us state=1
STALL_MAIN 36001 us state=1
STALL_MAIN 37432 us state=1
STALL_MAIN 35351 us state=1
STALL_MAIN 34138 us state=1
STALL_MAIN 33068 us state=1
STALL_MAIN 35773 us state=1
STALL_MAIN 37093 us state=1
STALL_MAIN 36146 us state=1
STALL_MAIN 37344 us state=1
STALL_MAIN 39029 us state=1
STALL_MAIN 39203 us state=1
STALL_MAIN 39386 us state=1
STALL_MAIN 34677 us state=1
STALL_MAIN 35528 us state=1
STALL_MAIN 33626 us state=1
STALL_MAIN 35446 us state=1
STALL_MAIN 35322 us state=1
STALL_MAIN 34971 us state=1
STALL_MAIN 36256 us state=1
STALL_MAIN 36597 us state=1
STALL_MAIN 35920 us state=1
STALL_MAIN 36012 us state=1
STALL_MAIN 36313 us state=1
STALL_MAIN 35029 us state=1
STALL_MAIN 30292 us state=1
STALL_MAIN 35967 us state=1
STALL_MAIN 34830 us state=1
STALL_MAIN 35743 us state=1
STALL_MAIN 30857 us state=1
STALL_MAIN 34553 us state=1
STALL_MAIN 34997 us state=1
STALL_MAIN 22942 us state=1
STALL_MAIN 34561 us state=1
STALL_MAIN 34260 us state=1
STALL_MAIN 29944 us state=1
STALL_MAIN 36293 us state=1
STALL_MAIN 33941 us state=1
STALL_MAIN 33858 us state=1
STALL_MAIN 19986 us state=1
STALL_MAIN 30117 us state=1
STALL_MAIN 29469 us state=1
STALL_MAIN 21404 us state=1
STALL_MAIN 31008 us state=1
STALL_MAIN 31226 us state=1
STALL_MAIN 32672 us state=1
STALL_MAIN 35763 us state=1
STALL_MAIN 31740 us state=1
STALL_MAIN 34719 us state=1
STALL_MAIN 34459 us state=1
STALL_MAIN 22834 us state=1
STALL_MAIN 29267 us state=1
STALL_MAIN 21082 us state=1
STALL_MAIN 30501 us state=1
STALL_MAIN 30678 us state=1
STALL_MAIN 29091 us state=1
STALL_MAIN 29186 us state=1
STALL_MAIN 28006 us state=1
STALL_MAIN 29684 us state=1
STALL_MAIN 30959 us state=1
STALL_MAIN 30076 us state=1
STALL_MAIN 29102 us state=1
STALL_MAIN 27341 us state=1
STALL_MAIN 31789 us state=1
STALL_MAIN 32369 us state=1
STALL_MAIN 31225 us state=1
STALL_MAIN 34260 us state=1
STALL_MAIN 32142 us state=1
STALL_MAIN 32747 us state=1
STALL_MAIN 29035 us state=1
STALL_MAIN 32443 us state=1
STALL_MAIN 30916 us state=1
STALL_MAIN 32201 us state=1
STALL_MAIN 31170 us state=1
STALL_MAIN 27912 us state=1
STALL_MAIN 29485 us state=1
STALL_MAIN 33559 us state=1
STALL_MAIN 28947 us state=1
STALL_MAIN 33613 us state=1
STALL_MAIN 28577 us state=1
STALL_MAIN 30558 us state=1
STALL_MAIN 27378 us state=1
STALL_MAIN 31384 us state=1
STALL_MAIN 33363 us state=1
STALL_MAIN 31982 us state=1
STALL_MAIN 26215 us state=1
STALL_MAIN 29258 us state=1
STALL_MAIN 28884 us state=1
STALL_MAIN 30398 us state=1
STALL_MAIN 32231 us state=1
STALL_MAIN 27898 us state=1
STALL_MAIN 30365 us state=1
STALL_MAIN 33181 us state=1
STALL_MAIN 18251 us state=1
STALL_MAIN 27151 us state=1
STALL_MAIN 31544 us state=1
STALL_MAIN 31072 us state=1
STALL_MAIN 31855 us state=1
STALL_MAIN 32015 us state=1
STALL_MAIN 34496 us state=1
STALL_MAIN 34431 us state=1
STALL_MAIN 36541 us state=1
STALL_MAIN 34809 us state=1
STALL_MAIN 31010 us state=1
STALL_MAIN 30570 us state=1
STALL_MAIN 32958 us state=1
STALL_MAIN 28141 us state=1
STALL_MAIN 32449 us state=1
STALL_MAIN 31689 us state=1
STALL_MAIN 25253 us state=1
STALL_MAIN 33420 us state=1
STALL_MAIN 29117 us state=1
STALL_MAIN 29729 us state=1
STALL_MAIN 34603 us state=1
STALL_MAIN 33938 us state=1
STALL_MAIN 33080 us state=1
STALL_MAIN 32068 us state=1
STALL_MAIN 29063 us state=1
STALL_MAIN 29511 us state=1
STALL_MAIN 25829 us state=1
STALL_MAIN 33709 us state=1
STALL_MAIN 36307 us state=1
STALL_MAIN 34689 us state=1
STALL_MAIN 36221 us state=1
STALL_MAIN 35584 us state=1
STALL_MAIN 37506 us state=1
STALL_MAIN 37468 us state=1
STALL_MAIN 34054 us state=1
STALL_MAIN 32488 us state=1
STALL_MAIN 34165 us state=1
STALL_MAIN 35717 us state=1
STALL_MAIN 35800 us state=1
STALL_MAIN 35910 us state=1
STALL_MAIN 36765 us state=1
STALL_MAIN 36342 us state=1
STALL_MAIN 35360 us state=1
STALL_MAIN 37146 us state=1
STALL_MAIN 38381 us state=1
STALL_MAIN 38916 us state=1
STALL_MAIN 38487 us state=1
STALL_MAIN 33302 us state=1
STALL_MAIN 34912 us state=1
STALL_MAIN 36171 us state=1
STALL_MAIN 37319 us state=1
STALL_MAIN 37373 us state=1
STALL_MAIN 35521 us state=1
STALL_MAIN 34389 us state=1
STALL_MAIN 35984 us state=1
STALL_MAIN 34891 us state=1
STALL_MAIN 36836 us state=1
STALL_MAIN 35539 us state=1
STALL_MAIN 35625 us state=1
STALL_MAIN 35260 us state=1
STALL_MAIN 34919 us state=1
STALL_MAIN 36641 us state=1
STALL_MAIN 36536 us state=1
STALL_MAIN 36353 us state=1
STALL_MAIN 35305 us state=1
STALL_MAIN 35746 us state=1
STALL_MAIN 35984 us state=1
STALL_MAIN 35781 us state=1
STALL_MAIN 35621 us state=1
STALL_MAIN 35725 us state=1
STALL_MAIN 36007 us state=1
STALL_MAIN 34916 us state=1
STALL_MAIN 36584 us state=1
STALL_MAIN 35386 us state=1
STALL_MAIN 35138 us state=1
STALL_MAIN 35797 us state=1
STALL_MAIN 36206 us state=1
STALL_MAIN 37343 us state=1
STALL_MAIN 35383 us state=1
STALL_MAIN 36143 us state=1
STALL_MAIN 38554 us state=1
STALL_MAIN 36157 us state=1
STALL_MAIN 35725 us state=1
STALL_MAIN 36643 us state=1
STALL_MAIN 36989 us state=1
STALL_MAIN 38386 us state=1
STALL_MAIN 39790 us state=1
STALL_MAIN 38364 us state=1
STALL_MAIN 38761 us state=1
STALL_MAIN 36580 us state=1
STALL_MAIN 37629 us state=1
STALL_MAIN 37775 us state=1
STALL_MAIN 37689 us state=1
STALL_MAIN 36936 us state=1
STALL_MAIN 36270 us state=1
STALL_MAIN 29297 us state=1
STALL_MAIN 33827 us state=1
STALL_MAIN 34968 us state=1
STALL_MAIN 35838 us state=1
STALL_MAIN 37138 us state=1
STALL_MAIN 36122 us state=1
STALL_MAIN 37107 us state=1
STALL_MAIN 24033 us state=1
STALL_MAIN 35101 us state=1
STALL_MAIN 36498 us state=1
STALL_MAIN 35898 us state=1
STALL_MAIN 36735 us state=1
STALL_MAIN 34190 us state=1
STALL_MAIN 35537 us state=1
STALL_MAIN 18418 us state=1
STALL_MAIN 35524 us state=1
STALL_MAIN 33818 us state=1
STALL_MAIN 29059 us state=1
STALL_MAIN 28518 us state=1
STALL_MAIN 31258 us state=1
STALL_MAIN 32633 us state=1
STALL_MAIN 14181 us state=1
STALL_MAIN 29053 us state=1
STALL_MAIN 30320 us state=1
STALL_MAIN 30352 us state=1
STALL_MAIN 30848 us state=1
STALL_MAIN 20801 us state=1
STALL_MAIN 35117 us state=1
STALL_MAIN 33232 us state=1
STALL_MAIN 31577 us state=1
STALL_MAIN 35560 us state=1
STALL_MAIN 17479 us state=1
STALL_MAIN 29496 us state=1
STALL_MAIN 24605 us state=1
STALL_MAIN 29225 us state=1
STALL_MAIN 30450 us state=1
STALL_MAIN 31975 us state=1
STALL_MAIN 30045 us state=1
STALL_MAIN 34417 us state=1
STALL_MAIN 31752 us state=1
STALL_MAIN 32282 us state=1
STALL_MAIN 31714 us state=1
STALL_MAIN 33119 us state=1
STALL_MAIN 33575 us state=1
STALL_MAIN 33281 us state=1
STALL_MAIN 34192 us state=1
STALL_MAIN 31303 us state=1
STALL_MAIN 34549 us state=1
STALL_MAIN 30809 us state=1
STALL_MAIN 25797 us state=1
STALL_MAIN 32499 us state=1
STALL_MAIN 31365 us state=1
STALL_MAIN 32738 us state=1
STALL_MAIN 32549 us state=1
STALL_MAIN 30939 us state=1
STALL_MAIN 33176 us state=1
STALL_MAIN 29211 us state=1
STALL_MAIN 32178 us state=1
STALL_MAIN 27259 us state=1
STALL_MAIN 25588 us state=1
STALL_MAIN 29394 us state=1
STALL_MAIN 29835 us state=1
STALL_MAIN 31840 us state=1
STALL_MAIN 31736 us state=1
STALL_MAIN 30613 us state=1
STALL_MAIN 33086 us state=1
STALL_MAIN 30538 us state=1
STALL_MAIN 32550 us state=1
STALL_MAIN 25541 us state=1
STALL_MAIN 24934 us state=1
STALL_MAIN 33554 us state=1
STALL_MAIN 32985 us state=1
STALL_MAIN 30218 us state=1
STALL_MAIN 33303 us state=1
STALL_MAIN 31300 us state=1
STALL_MAIN 33670 us state=1
STALL_MAIN 25874 us state=1
STALL_MAIN 29546 us state=1
STALL_MAIN 20818 us state=1
STALL_MAIN 30231 us state=1
STALL_MAIN 29380 us state=1
STALL_MAIN 32033 us state=1
STALL_MAIN 32762 us state=1
STALL_MAIN 32064 us state=1
STALL_MAIN 33383 us state=1
STALL_MAIN 30809 us state=1
STALL_MAIN 33460 us state=1
STALL_MAIN 31742 us state=1
STALL_MAIN 31491 us state=1
STALL_MAIN 30317 us state=1
STALL_MAIN 30591 us state=1
STALL_MAIN 33864 us state=1
STALL_MAIN 32664 us state=1
STALL_MAIN 31333 us state=1
STALL_MAIN 32610 us state=1
STALL_MAIN 33061 us state=1
STALL_MAIN 33753 us state=1
STALL_MAIN 27388 us state=1
STALL_MAIN 27490 us state=1
STALL_MAIN 32601 us state=1
STALL_MAIN 34883 us state=1
STALL_MAIN 32553 us state=1
STALL_MAIN 36128 us state=1
STALL_MAIN 35762 us state=1
STALL_MAIN 34821 us state=1
STALL_MAIN 36167 us state=1
STALL_MAIN 32603 us state=1
STALL_MAIN 34897 us state=1
STALL_MAIN 31006 us state=1
STALL_MAIN 33679 us state=1
STALL_MAIN 35445 us state=1
STALL_MAIN 34015 us state=1
STALL_MAIN 34934 us state=1
STALL_MAIN 35119 us state=1
STALL_MAIN 35398 us state=1
STALL_MAIN 37066 us state=1
STALL_MAIN 35558 us state=1
STALL_MAIN 33499 us state=1
STALL_MAIN 36152 us state=1
STALL_MAIN 36119 us state=1
STALL_MAIN 34538 us state=1
STALL_MAIN 34675 us state=1
STALL_MAIN 35569 us state=1
STALL_MAIN 36439 us state=1
STALL_MAIN 33722 us state=1
STALL_MAIN 36047 us state=1
STALL_MAIN 35843 us state=1
STALL_MAIN 35648 us state=1
STALL_MAIN 36222 us state=1
STALL_MAIN 35903 us state=1
STALL_MAIN 36549 us state=1
STALL_MAIN 37899 us state=1
STALL_MAIN 34609 us state=1
STALL_MAIN 35528 us state=1
STALL_MAIN 34319 us state=1
STALL_MAIN 35980 us state=1
STALL_MAIN 36367 us state=1
STALL_MAIN 36590 us state=1
STALL_MAIN 33760 us state=1
STALL_MAIN 35090 us state=1
STALL_MAIN 35561 us state=1
STALL_MAIN 30515 us state=1
STALL_MAIN 35335 us state=1
STALL_MAIN 35547 us state=1
STALL_MAIN 35925 us state=1
STALL_MAIN 35603 us state=1
STALL_MAIN 34959 us state=1

=== main-thread off-CPU duration hist (us) ===
@offcpu_us:
[1]                    3 |                                                    |
[2, 4)              2360 |@@@@@@@@@@@@@@@@@@@@@@@@@@@@@@@@@@@@@@@@@@@@@@@     |
[4, 8)              2600 |@@@@@@@@@@@@@@@@@@@@@@@@@@@@@@@@@@@@@@@@@@@@@@@@@@@@|
[8, 16)             1486 |@@@@@@@@@@@@@@@@@@@@@@@@@@@@@                       |
[16, 32)             337 |@@@@@@                                              |
[32, 64)             127 |@@                                                  |
[64, 128)            455 |@@@@@@@@@                                           |
[128, 256)            92 |@                                                   |
[256, 512)            40 |                                                    |
[512, 1K)             34 |                                                    |
[1K, 2K)              51 |@                                                   |
[2K, 4K)               2 |                                                    |
[4K, 8K)               1 |                                                    |
[8K, 16K)              1 |                                                    |
[16K, 32K)           251 |@@@@@                                               |
[32K, 64K)           333 |@@@@@@                                              |


=== switch-out counts by prev_state (R=0 S=1 D=2 ...) ===
@by_state[256]: 146
@by_state[0]: 574
@by_state[2]: 602
@by_state[1]: 6851

=== stall totals (>=1ms blocks) ===
@stall_us_total: 19118046
@stall_n: 639

=== stall time by thread state (us) ===
@stall_state_us[2]: 46499
@stall_state_us[1]: 19071547

=== stall time by blocking stack (us, top 20) ===
@stall_stack_us[
        0x7f933266af20
        0x4079cac0
        0x7f93fc092a33
        0x7f94788cb95b
        0x7f93fc07fabb
        0x401c67a6
        0x7f949c846428
        0x7f949c9e578f
        0x558431b82490
]: 1442
@stall_stack_us[
        0x7f953e99e9a0
        0
]: 1606
@stall_stack_us[
        __xstat64+22
        0x401a1784
        0x4019de60
        0x40201d40
        0x40201cac
        0
        0x3f00000000000001
        0x558432078198
        0x558432078198
        0x558432078198
        0x558432078198
        0x558432078198
        0x558432078198
        0x558432078198
        0x558432078198
        0x558432078198
]: 13221
@stall_stack_us[
        syscall+29
]: 18934
@stall_stack_us[
        0x7f953cab61f2
        0x7f949ca2b5d3
]: 30230
@stall_stack_us[
        0x7f953cab61f2
]: 19052613


@by_state[256]: 146
@by_state[0]: 574
@by_state[2]: 602
@by_state[1]: 6851
@offcpu_us:
[1]                    3 |                                                    |
[2, 4)              2360 |@@@@@@@@@@@@@@@@@@@@@@@@@@@@@@@@@@@@@@@@@@@@@@@     |
[4, 8)              2600 |@@@@@@@@@@@@@@@@@@@@@@@@@@@@@@@@@@@@@@@@@@@@@@@@@@@@|
[8, 16)             1486 |@@@@@@@@@@@@@@@@@@@@@@@@@@@@@                       |
[16, 32)             337 |@@@@@@                                              |
[32, 64)             127 |@@                                                  |
[64, 128)            455 |@@@@@@@@@                                           |
[128, 256)            92 |@                                                   |
[256, 512)            40 |                                                    |
[512, 1K)             34 |                                                    |
[1K, 2K)              51 |@                                                   |
[2K, 4K)               2 |                                                    |
[4K, 8K)               1 |                                                    |
[8K, 16K)              1 |                                                    |
[16K, 32K)           251 |@@@@@                                               |
[32K, 64K)           333 |@@@@@@                                              |

@stall_n: 639
@stall_stack_us[
        0x7f933266af20
        0x4079cac0
        0x7f93fc092a33
        0x7f94788cb95b
        0x7f93fc07fabb
        0x401c67a6
        0x7f949c846428
        0x7f949c9e578f
        0x558431b82490
]: 1442
@stall_stack_us[
        0x7f953e99e9a0
        0
]: 1606
@stall_stack_us[
        __xstat64+22
        0x401a1784
        0x4019de60
        0x40201d40
        0x40201cac
        0
        0x3f00000000000001
        0x558432078198
        0x558432078198
        0x558432078198
        0x558432078198
        0x558432078198
        0x558432078198
        0x558432078198
        0x558432078198
        0x558432078198
]: 13221
@stall_stack_us[
        syscall+29
]: 18934
@stall_stack_us[
        0x7f953cab61f2
        0x7f949ca2b5d3
]: 30230
@stall_stack_us[
        0x7f953cab61f2
]: 19052613
@stall_state_us[2]: 46499
@stall_state_us[1]: 19071547
@stall_us_total: 19118046
