/home/maci/Desktop/7dtd/7dtd-loadgen/workspace/bench/lap1/wander-2bot/apm/session_20260822_085145_pid855510/bt/runqlat.bt:20:12-48: WARNING: signed operands for '/' can lead to undefined behavior (cast to unsigned to silence warning)
    $us = (nsecs - @wake[args.next_pid]) / 1000;
           ~~~~~~~~~~~~~~~~~~~~~~~~~~~~~~~~~~~~
/home/maci/Desktop/7dtd/7dtd-loadgen/workspace/bench/lap1/wander-2bot/apm/session_20260822_085145_pid855510/bt/runqlat.bt:20:12-48: WARNING: signed operands for '/' can lead to undefined behavior (cast to unsigned to silence warning)
    $us = (nsecs - @wake[args.next_pid]) / 1000;
           ~~~~~~~~~~~~~~~~~~~~~~~~~~~~~~~~~~~~
/home/maci/Desktop/7dtd/7dtd-loadgen/workspace/bench/lap1/wander-2bot/apm/session_20260822_085145_pid855510/bt/runqlat.bt:20:12-17: WARNING: Expression of type: uint64 being cast to type: int64. This may cause unexpected results. Use an explicit cast to suppress this warning.
    $us = (nsecs - @wake[args.next_pid]) / 1000;
           ~~~~~
/home/maci/Desktop/7dtd/7dtd-loadgen/workspace/bench/lap1/wander-2bot/apm/session_20260822_085145_pid855510/bt/runqlat.bt:20:20-40: WARNING: Expression of type: uint64 being cast to type: int64. This may cause unexpected results. Use an explicit cast to suppress this warning.
    $us = (nsecs - @wake[args.next_pid]) / 1000;
                   ~~~~~~~~~~~~~~~~~~~~
/home/maci/Desktop/7dtd/7dtd-loadgen/workspace/bench/lap1/wander-2bot/apm/session_20260822_085145_pid855510/bt/runqlat.bt:21:5-34: WARNING: Return value discarded.
    delete(@wake[args.next_pid]);
    ~~~~~~~~~~~~~~~~~~~~~~~~~~~~~

=== run-queue latency (us) for 7DaysToDieServe ===
0-10us ideal; multi-ms = CPU contention or affinity issues
@runqlat_us:
[0]                 9002 |@@@@@@@@@@@@@@@@@@@@@@@@@@@@@@@@@@@@@@@@@@@@@@@@@@@@|
[1]                 3593 |@@@@@@@@@@@@@@@@@@@@                                |
[2, 4)               948 |@@@@@                                               |
[4, 8)                88 |                                                    |
[8, 16)               59 |                                                    |
[16, 32)              18 |                                                    |
[32, 64)              29 |                                                    |
[64, 128)             10 |                                                    |
[128, 256)             8 |                                                    |
[256, 512)             8 |                                                    |
[512, 1K)              6 |                                                    |



@runqlat_us:
[0]                 9002 |@@@@@@@@@@@@@@@@@@@@@@@@@@@@@@@@@@@@@@@@@@@@@@@@@@@@|
[1]                 3593 |@@@@@@@@@@@@@@@@@@@@                                |
[2, 4)               948 |@@@@@                                               |
[4, 8)                88 |                                                    |
[8, 16)               59 |                                                    |
[16, 32)              18 |                                                    |
[32, 64)              29 |                                                    |
[64, 128)             10 |                                                    |
[128, 256)             8 |                                                    |
[256, 512)             8 |                                                    |
[512, 1K)              6 |                                                    |

