/home/maci/Desktop/7dtd/7dtd-loadgen/workspace/bench/lap1/wander-2bot/apm/session_20260822_085145_pid855510/bt/block.bt:20:12-57: WARNING: signed operands for '/' can lead to undefined behavior (cast to unsigned to silence warning)
    $us = (nsecs - @start[args.dev, args.sector]) / 1000;
           ~~~~~~~~~~~~~~~~~~~~~~~~~~~~~~~~~~~~~~~~~~~~~
/home/maci/Desktop/7dtd/7dtd-loadgen/workspace/bench/lap1/wander-2bot/apm/session_20260822_085145_pid855510/bt/block.bt:20:12-57: WARNING: signed operands for '/' can lead to undefined behavior (cast to unsigned to silence warning)
    $us = (nsecs - @start[args.dev, args.sector]) / 1000;
           ~~~~~~~~~~~~~~~~~~~~~~~~~~~~~~~~~~~~~~~~~~~~~
/home/maci/Desktop/7dtd/7dtd-loadgen/workspace/bench/lap1/wander-2bot/apm/session_20260822_085145_pid855510/bt/block.bt:20:12-17: WARNING: Expression of type: uint64 being cast to type: int64. This may cause unexpected results. Use an explicit cast to suppress this warning.
    $us = (nsecs - @start[args.dev, args.sector]) / 1000;
           ~~~~~
/home/maci/Desktop/7dtd/7dtd-loadgen/workspace/bench/lap1/wander-2bot/apm/session_20260822_085145_pid855510/bt/block.bt:20:20-49: WARNING: Expression of type: uint64 being cast to type: int64. This may cause unexpected results. Use an explicit cast to suppress this warning.
    $us = (nsecs - @start[args.dev, args.sector]) / 1000;
                   ~~~~~~~~~~~~~~~~~~~~~~~~~~~~~
/home/maci/Desktop/7dtd/7dtd-loadgen/workspace/bench/lap1/wander-2bot/apm/session_20260822_085145_pid855510/bt/block.bt:21:5-43: WARNING: Return value discarded.
    delete(@start[args.dev, args.sector]);
    ~~~~~~~~~~~~~~~~~~~~~~~~~~~~~~~~~~~~~~
16:51:51 @issue_n: 647
@complete_n: 620
@lat_sum_us: 247325
16:51:56 @issue_n: 1667
@complete_n: 1637
@lat_sum_us: 642016
16:52:01 @issue_n: 3259
@complete_n: 3219
@lat_sum_us: 886385
16:52:06 @issue_n: 4694
@complete_n: 4598
@lat_sum_us: 1420433
16:52:11 @issue_n: 17961
@complete_n: 17815
@lat_sum_us: 2981333
16:52:16 @issue_n: 22440
@complete_n: 22287
@lat_sum_us: 4498614

=== block RQ latency us ===
@lat_us:
[0]                    1 |                                                    |
[1]                    0 |                                                    |
[2, 4)                 1 |                                                    |
[4, 8)              1819 |@@@@@@@@@@@@@@                                      |
[8, 16)             5909 |@@@@@@@@@@@@@@@@@@@@@@@@@@@@@@@@@@@@@@@@@@@@@@@@    |
[16, 32)            1920 |@@@@@@@@@@@@@@@                                     |
[32, 64)            1673 |@@@@@@@@@@@@@                                       |
[64, 128)           2535 |@@@@@@@@@@@@@@@@@@@@                                |
[128, 256)           960 |@@@@@@@                                             |
[256, 512)          6347 |@@@@@@@@@@@@@@@@@@@@@@@@@@@@@@@@@@@@@@@@@@@@@@@@@@@@|
[512, 1K)            576 |@@@@                                                |
[1K, 2K)             258 |@@                                                  |
[2K, 4K)             245 |@@                                                  |
[4K, 8K)              41 |                                                    |
[8K, 16K)              2 |                                                    |


=== issue size bytes ===
@issue_bytes:
[0]                  258 |@                                                   |
[1]                    0 |                                                    |
[2, 4)                 0 |                                                    |
[4, 8)                 0 |                                                    |
[8, 16)                0 |                                                    |
[16, 32)               0 |                                                    |
[32, 64)               0 |                                                    |
[64, 128)              0 |                                                    |
[128, 256)             0 |                                                    |
[256, 512)             0 |                                                    |
[512, 1K)              2 |                                                    |
[1K, 2K)               0 |                                                    |
[2K, 4K)               0 |                                                    |
[4K, 8K)            1516 |@@@@@@@                                             |
[8K, 16K)            687 |@@@                                                 |
[16K, 32K)         10841 |@@@@@@@@@@@@@@@@@@@@@@@@@@@@@@@@@@@@@@@@@@@@@@@@@@@@|
[32K, 64K)          4751 |@@@@@@@@@@@@@@@@@@@@@@                              |
[64K, 128K)         2187 |@@@@@@@@@@                                          |
[128K, 256K)        1568 |@@@@@@@                                             |
[256K, 512K)         346 |@                                                   |
[512K, 1M)           224 |@                                                   |
[1M, 2M)              12 |                                                    |
[2M, 4M)              12 |                                                    |
[4M, 8M)              10 |                                                    |
[8M, 16M)              8 |                                                    |
[16M, 32M)             2 |                                                    |
[32M, 64M)             6 |                                                    |
[64M, 128M)           10 |                                                    |


counts issue/complete:
@issue_n: 22440
@complete_n: 22287


@complete_n: 22287
@issue_bytes:
[0]                  258 |@                                                   |
[1]                    0 |                                                    |
[2, 4)                 0 |                                                    |
[4, 8)                 0 |                                                    |
[8, 16)                0 |                                                    |
[16, 32)               0 |                                                    |
[32, 64)               0 |                                                    |
[64, 128)              0 |                                                    |
[128, 256)             0 |                                                    |
[256, 512)             0 |                                                    |
[512, 1K)              2 |                                                    |
[1K, 2K)               0 |                                                    |
[2K, 4K)               0 |                                                    |
[4K, 8K)            1516 |@@@@@@@                                             |
[8K, 16K)            687 |@@@                                                 |
[16K, 32K)         10841 |@@@@@@@@@@@@@@@@@@@@@@@@@@@@@@@@@@@@@@@@@@@@@@@@@@@@|
[32K, 64K)          4751 |@@@@@@@@@@@@@@@@@@@@@@                              |
[64K, 128K)         2187 |@@@@@@@@@@                                          |
[128K, 256K)        1568 |@@@@@@@                                             |
[256K, 512K)         346 |@                                                   |
[512K, 1M)           224 |@                                                   |
[1M, 2M)              12 |                                                    |
[2M, 4M)              12 |                                                    |
[4M, 8M)              10 |                                                    |
[8M, 16M)              8 |                                                    |
[16M, 32M)             2 |                                                    |
[32M, 64M)             6 |                                                    |
[64M, 128M)           10 |                                                    |

@issue_n: 22440
@lat_sum_us: 4498614
@lat_us:
[0]                    1 |                                                    |
[1]                    0 |                                                    |
[2, 4)                 1 |                                                    |
[4, 8)              1819 |@@@@@@@@@@@@@@                                      |
[8, 16)             5909 |@@@@@@@@@@@@@@@@@@@@@@@@@@@@@@@@@@@@@@@@@@@@@@@@    |
[16, 32)            1920 |@@@@@@@@@@@@@@@                                     |
[32, 64)            1673 |@@@@@@@@@@@@@                                       |
[64, 128)           2535 |@@@@@@@@@@@@@@@@@@@@                                |
[128, 256)           960 |@@@@@@@                                             |
[256, 512)          6347 |@@@@@@@@@@@@@@@@@@@@@@@@@@@@@@@@@@@@@@@@@@@@@@@@@@@@|
[512, 1K)            576 |@@@@                                                |
[1K, 2K)             258 |@@                                                  |
[2K, 4K)             245 |@@                                                  |
[4K, 8K)              41 |                                                    |
[8K, 16K)              2 |                                                    |

@start[0, 0]: 544561856123994
@start[271581185, 2266428640]: 544565020511223
@start[271581185, 3764787248]: 544567091154043
@start[271581185, 3764826768]: 544567091409574
@start[271581185, 2266430336]: 544569048644748
@start[271581184, 2258019104]: 544575686562986
@start[271581185, 1031364800]: 544575687677631
@start[271581186, 2264321248]: 544575689755217
@start[271581185, 2266411264]: 544575690141423
@start[271581186, 2264331488]: 544575692826110
@start[271581185, 1031367136]: 544576571678954
@start[271581186, 2264351040]: 544576675587914
@start[271581186, 205919472]: 544578108742727
@start[271581185, 1021363608]: 544583036109628
@start[271581185, 1021326864]: 544583036518356
@start[271581185, 2266444192]: 544584672976562
@start[271581184, 2258064384]: 544585087547198
@start[271581184, 2258065792]: 544585087885785
@start[271581186, 2264366176]: 544585087902226
@start[271581185, 2266464832]: 544585093318969
@start[271581185, 2266466336]: 544585093613052
@start[271581184, 2258077920]: 544585093971726
@start[271581186, 2264380032]: 544585093973660
@start[271581184, 2258077984]: 544585094005099
@start[271581184, 2258083328]: 544585096970714
@start[271581184, 2258094304]: 544585101063979
@start[271581186, 2264396128]: 544585101099365
@start[271581185, 2266496800]: 544585105786136
@start[271581186, 2264412032]: 544585106753274
@start[271581185, 2266503104]: 544585107531627
@start[271581186, 2264415840]: 544585107669076
@start[271581184, 2258128768]: 544585116026898
@start[271581186, 2264436576]: 544585117959270
@start[271581184, 2258136640]: 544585118143657
@start[271581185, 2266525920]: 544585118266718
@start[271581184, 2258141024]: 544585121265446
@start[271581185, 2266537184]: 544585121949111
@start[271581186, 2264449472]: 544585122012420
@start[271581184, 2258147296]: 544585122201225
@start[271581185, 2266535328]: 544585124142805
@start[271581184, 2258159872]: 544585128914095
@start[271581186, 2264461888]: 544585129043518
@start[271581186, 2264461920]: 544585129053366
@start[271581185, 2266550304]: 544585129395349
@start[271581184, 2258165792]: 544585131856175
@start[271581184, 2258169568]: 544585133643115
@start[271581185, 2266562144]: 544585135848440
@start[271581185, 2266568032]: 544585137898384
@start[271581185, 2266578208]: 544585140586848
@start[271581185, 2266572384]: 544585141483103
@start[271581185, 2266572416]: 544585141492411
@start[271581184, 2258186464]: 544585141816630
@start[271581186, 2264493760]: 544585144752479
@start[271581185, 2266586400]: 544585146067181
@start[271581185, 2373224088]: 544587000016231
@start[271581184, 991294656]: 544588382293531
@start[271581184, 1676395352]: 544588383407585
@start[271581185, 1025904568]: 544591237779994
@start[271581185, 771641552]: 544591548897147
@start[271581185, 771647520]: 544591558146325
