/home/maci/Desktop/7dtd/7dtd-loadgen/workspace/bench/lap2/probe-15s/apm/session_20260822_090235_pid887601/bt/block.bt:20:12-57: WARNING: signed operands for '/' can lead to undefined behavior (cast to unsigned to silence warning)
    $us = (nsecs - @start[args.dev, args.sector]) / 1000;
           ~~~~~~~~~~~~~~~~~~~~~~~~~~~~~~~~~~~~~~~~~~~~~
/home/maci/Desktop/7dtd/7dtd-loadgen/workspace/bench/lap2/probe-15s/apm/session_20260822_090235_pid887601/bt/block.bt:20:12-57: WARNING: signed operands for '/' can lead to undefined behavior (cast to unsigned to silence warning)
    $us = (nsecs - @start[args.dev, args.sector]) / 1000;
           ~~~~~~~~~~~~~~~~~~~~~~~~~~~~~~~~~~~~~~~~~~~~~
/home/maci/Desktop/7dtd/7dtd-loadgen/workspace/bench/lap2/probe-15s/apm/session_20260822_090235_pid887601/bt/block.bt:20:12-17: WARNING: Expression of type: uint64 being cast to type: int64. This may cause unexpected results. Use an explicit cast to suppress this warning.
    $us = (nsecs - @start[args.dev, args.sector]) / 1000;
           ~~~~~
/home/maci/Desktop/7dtd/7dtd-loadgen/workspace/bench/lap2/probe-15s/apm/session_20260822_090235_pid887601/bt/block.bt:20:20-49: WARNING: Expression of type: uint64 being cast to type: int64. This may cause unexpected results. Use an explicit cast to suppress this warning.
    $us = (nsecs - @start[args.dev, args.sector]) / 1000;
                   ~~~~~~~~~~~~~~~~~~~~~~~~~~~~~
/home/maci/Desktop/7dtd/7dtd-loadgen/workspace/bench/lap2/probe-15s/apm/session_20260822_090235_pid887601/bt/block.bt:21:5-43: WARNING: Return value discarded.
    delete(@start[args.dev, args.sector]);
    ~~~~~~~~~~~~~~~~~~~~~~~~~~~~~~~~~~~~~~
17:02:40 @issue_n: 5088
@complete_n: 5019
@lat_sum_us: 474644
17:02:45 @issue_n: 11443
@complete_n: 11293
@lat_sum_us: 1197441
17:02:50 @issue_n: 14995
@complete_n: 14759
@lat_sum_us: 1823400
17:02:55 @issue_n: 31545
@complete_n: 31007
@lat_sum_us: 3131094
17:03:00 @issue_n: 40353
@complete_n: 39589
@lat_sum_us: 4369460
17:03:06 @issue_n: 46024
@complete_n: 45109
@lat_sum_us: 5142089

=== block RQ latency us ===
@lat_us:
[0]                   12 |                                                    |
[1]                   14 |                                                    |
[2, 4)                40 |                                                    |
[4, 8)              2264 |@@@@                                                |
[8, 16)             5307 |@@@@@@@@@@@                                         |
[16, 32)            1336 |@@                                                  |
[32, 64)            5443 |@@@@@@@@@@@                                         |
[64, 128)          24782 |@@@@@@@@@@@@@@@@@@@@@@@@@@@@@@@@@@@@@@@@@@@@@@@@@@@@|
[128, 256)          4577 |@@@@@@@@@                                           |
[256, 512)           500 |@                                                   |
[512, 1K)            271 |                                                    |
[1K, 2K)             315 |                                                    |
[2K, 4K)             248 |                                                    |


=== issue size bytes ===
@issue_bytes:
[0]                  249 |                                                    |
[1]                    0 |                                                    |
[2, 4)                 0 |                                                    |
[4, 8)                 0 |                                                    |
[8, 16)                0 |                                                    |
[16, 32)               0 |                                                    |
[32, 64)               0 |                                                    |
[64, 128)              0 |                                                    |
[128, 256)             0 |                                                    |
[256, 512)             0 |                                                    |
[512, 1K)              2 |                                                    |
[1K, 2K)               0 |                                                    |
[2K, 4K)               0 |                                                    |
[4K, 8K)           11631 |@@@@@@@@@@@@@@@@@@@@@@@@@@@@@@@@@@@@@               |
[8K, 16K)           4840 |@@@@@@@@@@@@@@@                                     |
[16K, 32K)         15923 |@@@@@@@@@@@@@@@@@@@@@@@@@@@@@@@@@@@@@@@@@@@@@@@@@@@@|
[32K, 64K)          5995 |@@@@@@@@@@@@@@@@@@@                                 |
[64K, 128K)         3326 |@@@@@@@@@@                                          |
[128K, 256K)        4058 |@@@@@@@@@@@@@                                       |


counts issue/complete:
@issue_n: 46024
@complete_n: 45109


@complete_n: 45109
@issue_bytes:
[0]                  249 |                                                    |
[1]                    0 |                                                    |
[2, 4)                 0 |                                                    |
[4, 8)                 0 |                                                    |
[8, 16)                0 |                                                    |
[16, 32)               0 |                                                    |
[32, 64)               0 |                                                    |
[64, 128)              0 |                                                    |
[128, 256)             0 |                                                    |
[256, 512)             0 |                                                    |
[512, 1K)              2 |                                                    |
[1K, 2K)               0 |                                                    |
[2K, 4K)               0 |                                                    |
[4K, 8K)           11631 |@@@@@@@@@@@@@@@@@@@@@@@@@@@@@@@@@@@@@               |
[8K, 16K)           4840 |@@@@@@@@@@@@@@@                                     |
[16K, 32K)         15923 |@@@@@@@@@@@@@@@@@@@@@@@@@@@@@@@@@@@@@@@@@@@@@@@@@@@@|
[32K, 64K)          5995 |@@@@@@@@@@@@@@@@@@@                                 |
[64K, 128K)         3326 |@@@@@@@@@@                                          |
[128K, 256K)        4058 |@@@@@@@@@@@@@                                       |

@issue_n: 46024
@lat_sum_us: 5142089
@lat_us:
[0]                   12 |                                                    |
[1]                   14 |                                                    |
[2, 4)                40 |                                                    |
[4, 8)              2264 |@@@@                                                |
[8, 16)             5307 |@@@@@@@@@@@                                         |
[16, 32)            1336 |@@                                                  |
[32, 64)            5443 |@@@@@@@@@@@                                         |
[64, 128)          24782 |@@@@@@@@@@@@@@@@@@@@@@@@@@@@@@@@@@@@@@@@@@@@@@@@@@@@|
[128, 256)          4577 |@@@@@@@@@                                           |
[256, 512)           500 |@                                                   |
[512, 1K)            271 |                                                    |
[1K, 2K)             315 |                                                    |
[2K, 4K)             248 |                                                    |

@start[0, 0]: 545211363820785
@start[271581186, 295870944]: 545211902259620
@start[271581185, 1170955104]: 545211909148151
@start[271581185, 1170956560]: 545211909148882
@start[271581186, 297415008]: 545211911045671
@start[271581184, 2520849696]: 545211911229507
@start[271581185, 1164818160]: 545211923647601
@start[271581185, 1172319536]: 545211923679070
@start[271581185, 1172341000]: 545211927792178
@start[271581184, 3325700640]: 545212500136867
@start[271581184, 3325700672]: 545212500146585
@start[271581184, 1772493376]: 545214010448944
@start[271581185, 1019697856]: 545214012297903
@start[271581185, 2028959672]: 545214663330514
@start[271581185, 3329904096]: 545216793052506
@start[271581184, 3325711232]: 545216795005971
@start[271581185, 3329905536]: 545216795007184
@start[271581184, 3325711328]: 545216795052549
@start[271581185, 3329906752]: 545216795560795
@start[271581186, 3327820352]: 545218044534961
@start[271581184, 3325717088]: 545218079477573
@start[271581184, 991294944]: 545220009483941
@start[271581184, 1772551768]: 545220014295473
@start[271581184, 1677698168]: 545220046042102
@start[271581184, 1677672072]: 545220079003606
@start[271581184, 3325724224]: 545221521326562
@start[271581186, 3327832864]: 545223127701362
@start[271581185, 3329925280]: 545224031483263
@start[271581186, 1640331536]: 545224895140904
@start[271581186, 1629526360]: 545225233513860
@start[271581185, 2996570656]: 545225301934516
@start[271581185, 3329928160]: 545225875374939
@start[271581184, 3325734464]: 545227741443420
@start[271581185, 3329929184]: 545227741523942
@start[271581184, 1504009640]: 545229728882529
@start[271581184, 3536812752]: 545229732840716
@start[271581184, 2237180256]: 545229740350194
@start[271581185, 3821153240]: 545229740441406
@start[271581184, 1506687744]: 545229740678051
@start[271581185, 3821153488]: 545229740905769
@start[271581186, 1512497656]: 545229742453161
@start[271581184, 1513182880]: 545229745572529
@start[271581184, 1513182984]: 545229745575415
@start[271581186, 1512874040]: 545229745602686
@start[271581184, 3512430144]: 545229747398485
@start[271581184, 3512430256]: 545229747541714
@start[271581184, 3512430352]: 545229747544540
@start[271581184, 1514018672]: 545229749139320
@start[271581184, 3536238560]: 545229755145821
@start[271581184, 1513657696]: 545229760368587
@start[271581186, 1512529768]: 545229764392107
@start[271581184, 3512487920]: 545229766275740
@start[271581186, 1512816144]: 545229771527411
@start[271581186, 3561583824]: 545229776101547
@start[271581186, 1512030992]: 545229786689627
@start[271581186, 1512042352]: 545229786705256
@start[271581184, 3512401992]: 545229796959499
@start[271581184, 1038137104]: 545230280772100
@start[271581185, 1031331792]: 545230282035577
@start[271581186, 3327165472]: 545230284524891
@start[271581184, 1183233272]: 545230284747259
@start[271581186, 411722784]: 545230285334313
@start[271581185, 1179864688]: 545230290120749
@start[271581184, 1179973720]: 545230294181438
@start[271581185, 400904768]: 545230301412733
@start[271581185, 1170877456]: 545230321151319
@start[271581185, 596763736]: 545230906418195
@start[271581184, 406780536]: 545230967989575
@start[271581185, 1031337848]: 545231019837191
@start[271581184, 1165170648]: 545231020251169
@start[271581186, 87592232]: 545231021439575
@start[271581185, 1031360992]: 545231024730868
@start[271581185, 1031365760]: 545231037977309
@start[271581186, 87584400]: 545231040371754
@start[271581186, 87585128]: 545231040390479
@start[271581186, 3822869736]: 545231052723653
@start[271581186, 3822870760]: 545231053021423
@start[271581185, 1164526976]: 545231067182896
@start[271581184, 751455248]: 545231075794588
@start[271581184, 1035030976]: 545231078115585
@start[271581186, 3822934848]: 545231081095612
@start[271581184, 2426845296]: 545231122772712
@start[271581185, 1031336200]: 545231253305195
@start[271581184, 2411613424]: 545231253974945
@start[271581184, 2186680824]: 545231256162360
@start[271581185, 1687708336]: 545231359012943
@start[271581186, 3322296328]: 545231389656345
@start[271581184, 997780840]: 545231850631268
@start[271581185, 402024456]: 545232166352061
@start[271581185, 3329976192]: 545233145527308
@start[271581184, 3325782016]: 545233145543519
@start[271581184, 989752976]: 545233147734682
@start[271581185, 998255936]: 545233149115900
@start[271581186, 295033456]: 545234626779743
@start[271581186, 2084744528]: 545238716148933
@start[271581186, 1724023856]: 545238887549741
@start[271581185, 3329987072]: 545239813605677
@start[271581184, 3286515752]: 545240986487161
