/home/maci/Desktop/7dtd/7dtd-loadgen/workspace/bench/lap1/horde-lite/apm/session_20260822_085321_pid855510/bt/futex.bt:29:12-44: WARNING: signed operands for '/' can lead to undefined behavior (cast to unsigned to silence warning)
    $us = (nsecs - @wait_enter[tid]) / 1000;
           ~~~~~~~~~~~~~~~~~~~~~~~~~~~~~~~~
/home/maci/Desktop/7dtd/7dtd-loadgen/workspace/bench/lap1/horde-lite/apm/session_20260822_085321_pid855510/bt/futex.bt:29:12-44: WARNING: signed operands for '/' can lead to undefined behavior (cast to unsigned to silence warning)
    $us = (nsecs - @wait_enter[tid]) / 1000;
           ~~~~~~~~~~~~~~~~~~~~~~~~~~~~~~~~
/home/maci/Desktop/7dtd/7dtd-loadgen/workspace/bench/lap1/horde-lite/apm/session_20260822_085321_pid855510/bt/futex.bt:29:12-17: WARNING: Expression of type: uint64 being cast to type: int64. This may cause unexpected results. Use an explicit cast to suppress this warning.
    $us = (nsecs - @wait_enter[tid]) / 1000;
           ~~~~~
/home/maci/Desktop/7dtd/7dtd-loadgen/workspace/bench/lap1/horde-lite/apm/session_20260822_085321_pid855510/bt/futex.bt:29:20-36: WARNING: Expression of type: uint64 being cast to type: int64. This may cause unexpected results. Use an explicit cast to suppress this warning.
    $us = (nsecs - @wait_enter[tid]) / 1000;
                   ~~~~~~~~~~~~~~~~
/home/maci/Desktop/7dtd/7dtd-loadgen/workspace/bench/lap1/horde-lite/apm/session_20260822_085321_pid855510/bt/futex.bt:16:15-39: WARNING: Addrspace mismatch
    @futex_op[args.op & FUTEX_CMD_MASK] = count();
              ~~~~~~~~~~~~~~~~~~~~~~~~
/home/maci/Desktop/7dtd/7dtd-loadgen/workspace/bench/lap1/horde-lite/apm/session_20260822_085321_pid855510/bt/futex.bt:17:10-34: WARNING: Addrspace mismatch
    if ((args.op & FUTEX_CMD_MASK) == FUTEX_WAIT ||
         ~~~~~~~~~~~~~~~~~~~~~~~~
/home/maci/Desktop/7dtd/7dtd-loadgen/workspace/bench/lap1/horde-lite/apm/session_20260822_085321_pid855510/bt/futex.bt:18:10-34: WARNING: Addrspace mismatch
        (args.op & FUTEX_CMD_MASK) == FUTEX_WAIT_BITSET) {
         ~~~~~~~~~~~~~~~~~~~~~~~~
/home/maci/Desktop/7dtd/7dtd-loadgen/workspace/bench/lap1/horde-lite/apm/session_20260822_085321_pid855510/bt/futex.bt:21:10-34: WARNING: Addrspace mismatch
    if ((args.op & FUTEX_CMD_MASK) == FUTEX_WAKE) {
         ~~~~~~~~~~~~~~~~~~~~~~~~
/home/maci/Desktop/7dtd/7dtd-loadgen/workspace/bench/lap1/horde-lite/apm/session_20260822_085321_pid855510/bt/futex.bt:30:5-30: WARNING: Return value discarded.
    delete(@wait_enter[tid]);
    ~~~~~~~~~~~~~~~~~~~~~~~~~
16:53:26 @wait_n: 69241
@wake_n: 67812
@wait_sum_us: 283045064
16:53:31 @wait_n: 121817
@wake_n: 124444
@wait_sum_us: 749166580
16:53:36 @wait_n: 172836
@wake_n: 173927
@wait_sum_us: 1095867878
16:53:41 @wait_n: 220936
@wake_n: 223879
@wait_sum_us: 1400492569
16:53:46 @wait_n: 280426
@wake_n: 281854
@wait_sum_us: 1771534362
16:53:51 @wait_n: 318406
@wake_n: 323560
@wait_sum_us: 2299059429

=== futex wait latency (us) ===
@wait_us:
[0]                30936 |@@@@@@@@@@@@@@@@@@@@@@@@@                           |
[1]                 8915 |@@@@@@@                                             |
[2, 4)              9344 |@@@@@@@                                             |
[4, 8)             21843 |@@@@@@@@@@@@@@@@@                                   |
[8, 16)            33692 |@@@@@@@@@@@@@@@@@@@@@@@@@@@                         |
[16, 32)           31845 |@@@@@@@@@@@@@@@@@@@@@@@@@@                          |
[32, 64)           63301 |@@@@@@@@@@@@@@@@@@@@@@@@@@@@@@@@@@@@@@@@@@@@@@@@@@@@|
[64, 128)          42190 |@@@@@@@@@@@@@@@@@@@@@@@@@@@@@@@@@@                  |
[128, 256)         15009 |@@@@@@@@@@@@                                        |
[256, 512)          1789 |@                                                   |
[512, 1K)            583 |                                                    |
[1K, 2K)             306 |                                                    |
[2K, 4K)            7543 |@@@@@@                                              |
[4K, 8K)           16078 |@@@@@@@@@@@@@                                       |
[8K, 16K)          10437 |@@@@@@@@                                            |
[16K, 32K)          4812 |@@@                                                 |
[32K, 64K)         18382 |@@@@@@@@@@@@@@@                                     |
[64K, 128K)          322 |                                                    |
[128K, 256K)         761 |                                                    |
[256K, 512K)         163 |                                                    |
[512K, 1M)            40 |                                                    |
[1M, 2M)              12 |                                                    |
[2M, 4M)              23 |                                                    |
[4M, 8M)              60 |                                                    |
[8M, 16M)             20 |                                                    |


=== futex op counts (cmd bits) ===
@futex_op[7]: 10
@futex_op[13]: 156
@futex_op[9]: 64667
@futex_op[0]: 253779
@futex_op[1]: 323560

=== main-thread total futex wait us ===
@main_futex_wait_us: 82364

=== waiter stacks by count (top) ===
@wait_stack[
        0x7f953cab61f2
        0x1d96
]: 4
@wait_stack[
        0x7f953cab61f2
        0x1e4a
]: 4
@wait_stack[
        0x7f953cab61f2
        0x1dae
]: 4
@wait_stack[
        0x7f953cab61f2
        0x1d7e
]: 4
@wait_stack[
        0x7f953cab61f2
        0x1dc6
]: 5
@wait_stack[
        0x7f953cab61f2
        0x1e32
]: 5
@wait_stack[
        0x7f953cab61f2
        0x1d4e
]: 5
@wait_stack[
        0x7f953cab61f2
        0x1d2a
]: 5
@wait_stack[
        0x7f953cab61f2
        0x1d42
]: 5
@wait_stack[
        0x7f953cab61f2
        0x1e3e
]: 5
@wait_stack[
        0x7f953cab61f2
        0x1e92
]: 5
@wait_stack[
        0x7f953cab61f2
        0x1e1a
]: 5
@wait_stack[
        0x7f953cab61f2
        0x1dcc
]: 6
@wait_stack[
        0x7f953cab61f2
        0x1d3c
]: 6
@wait_stack[
        0x7f953cab61f2
        0x1e2c
]: 6
@wait_stack[
        0x7f953cab61f2
        0x1d60
]: 6
@wait_stack[
        0x7f953cab61f2
        0x1d24
]: 6
@wait_stack[
        0x7f953cab61f2
        0x1de4
]: 6
@wait_stack[
        0x7f953cab61f2
        0x1db4
]: 6
@wait_stack[
        0x7f953cab61f2
        0x1d84
]: 6
@wait_stack[
        0x7f953cab61f2
        0x1e38
]: 6
@wait_stack[
        syscall+29
        0x616552636e797341
]: 6
@wait_stack[
        0x7f953cab61f2
        0x1e98
]: 6
@wait_stack[
        0x7f953cab61f2
        0x1d78
]: 6
@wait_stack[
        0x7f953cab61f2
        0x1dfc
]: 6
@wait_stack[
        0x7f953cab61f2
        0x1e8c
]: 6
@wait_stack[
        0x7f953cab61f2
        0x1dc0
]: 6
@wait_stack[
        0x7f953cab61f2
        0x1e7a
]: 6
@wait_stack[
        0x7f953cab61f2
        0x1e44
]: 6
@wait_stack[
        0x7f953cab61f2
        0x1d48
]: 6
@wait_stack[
        0x7f953cab61f2
        0x1e08
]: 6
@wait_stack[
        0x7f953cab61f2
        0x1e0e
]: 6
@wait_stack[
        0x7f953cab61f2
        0x1e50
]: 6
@wait_stack[
        0x7f953cab61f2
        0x1d30
]: 6
@wait_stack[
        0x7f953cab61f2
        0x1df0
]: 6
@wait_stack[
        0x7f953cab61f2
        0x1dd8
]: 6
@wait_stack[
        syscall+29
        0x4d64616f6c657250
]: 11
@wait_stack[
        0x7f953cab61f2
        0x1e80
]: 12
@wait_stack[
        syscall+29
]: 110
@wait_stack[
        0x7f953cab61f2
]: 830

=== waiter stacks by total wait us (top) ===
@wait_stack_time[
        0x7f953cab61f2
        0x1d4e
]: 736308
@wait_stack_time[
        0x7f953cab61f2
        0x1d8a
]: 888740
@wait_stack_time[
        0x7f953cab61f2
        0x1dcc
]: 892262
@wait_stack_time[
        0x7f953cab61f2
        0x1d24
]: 900714
@wait_stack_time[
        0x7f953cab61f2
        0x1d30
]: 919907
@wait_stack_time[
        0x7f953cab61f2
        0x1e2c
]: 920300
@wait_stack_time[
        0x7f953cab61f2
        0x1dd8
]: 927736
@wait_stack_time[
        0x7f953cab61f2
        0x1d48
]: 928017
@wait_stack_time[
        0x7f953cab61f2
        0x1d60
]: 928577
@wait_stack_time[
        0x7f953cab61f2
        0x1e7a
]: 930235
@wait_stack_time[
        0x7f953cab61f2
        0x1dc0
]: 939816
@wait_stack_time[
        0x7f953cab61f2
        0x1e98
]: 1146897
@wait_stack_time[
        0x7f953cab61f2
        0x1d72
]: 1264968
@wait_stack_time[
        0x7f953cab61f2
        0x1e90
]: 1280387
@wait_stack_time[
        0x7f953cab61f2
        0x1d88
]: 1333134
@wait_stack_time[
        0x7f953cab61f2
        0xe3b
]: 1373564
@wait_stack_time[
        0x7f953cab61f2
        0x1e08
]: 1506832
@wait_stack_time[
        0x7f953cab61f2
        0x1d84
]: 2109388
@wait_stack_time[
        0x7f953cab61f2
        0x1e0e
]: 2413732
@wait_stack_time[
        0x7f953cab61f2
        0x1e91
]: 2560963
@wait_stack_time[
        0x7f953cab61f2
        0x1e8c
]: 2735555
@wait_stack_time[
        0x7f953cab61f2
        0x1e80
]: 2936462
@wait_stack_time[
        0x7f953cab61f2
        0x1df0
]: 3015495
@wait_stack_time[
        0x7f953cab61f2
        0x1dfc
]: 3573122
@wait_stack_time[
        0x7f953cab61f2
        0x1e92
]: 3841693
@wait_stack_time[
        0x7f953cab61f2
        0x1d78
]: 3926557
@wait_stack_time[
        0x7f953cab61f2
        0xde3
]: 4105185
@wait_stack_time[
        0x7f953cab61f2
        0x1e17
]: 4248287
@wait_stack_time[
        0x7f953cab61f2
        0x1e18
]: 4248371
@wait_stack_time[
        0x7f953cab61f2
        0xe1a
]: 4561583
@wait_stack_time[
        0x7f953cab61f2
        0xe29
]: 7449052
@wait_stack_time[
        0x7f953cab61f2
        0x1d96
]: 9910463
@wait_stack_time[
        0x7f953cab61f2
        0x1d93
]: 9910497
@wait_stack_time[
        0x7f953cab61f2
        0x1e44
]: 14349107
@wait_stack_time[
        0x7f953cab61f2
        0x1e1a
]: 16993460
@wait_stack_time[
        syscall+29
        0x4d64616f6c657250
]: 23924533
@wait_stack_time[
        syscall+29
        0x616552636e797341
]: 24199862
@wait_stack_time[
        0x7f953cab61f2
        0x1e50
]: 30299668
@wait_stack_time[
        syscall+29
]: 379739565
@wait_stack_time[
        0x7f953cab61f2
]: 436143745


@futex_op[7]: 10
@futex_op[13]: 156
@futex_op[9]: 64667
@futex_op[0]: 253779
@futex_op[1]: 323560
@long_worker_waits: 1201
@main_futex_wait_us: 82364
@wait_enter[859005]: 544681690203139
@wait_enter[855616]: 544681690254566
@wait_enter[858828]: 544681690267550
@wait_enter[864500]: 544681690294711
@wait_enter[855618]: 544682067657654
@wait_enter[858894]: 544682067660339
@wait_enter[858301]: 544682067668555
@wait_enter[859015]: 544682158894403
@wait_enter[856547]: 544682158903470
@wait_enter[855596]: 544682476124741
@wait_enter[855602]: 544682476140611
@wait_enter[855600]: 544682476171188
@wait_enter[855599]: 544682476181277
@wait_enter[855607]: 544682476194332
@wait_enter[855598]: 544682476199091
@wait_enter[855595]: 544682476210262
@wait_enter[855603]: 544682476222345
@wait_enter[855593]: 544682476286505
@wait_enter[855597]: 544682476296053
@wait_enter[855604]: 544682476317493
@wait_enter[855606]: 544682476318746
@wait_enter[855608]: 544682476321190
@wait_enter[855601]: 544682476323615
@wait_enter[855605]: 544682476354213
@wait_enter[855594]: 544682476355575
@wait_enter[855800]: 544683418137984
@wait_enter[855547]: 544683466969774
@wait_enter[855613]: 544683482720815
@wait_enter[855610]: 544683501351749
@wait_enter[855855]: 544683714207842
@wait_enter[855857]: 544683714214525
@wait_enter[855860]: 544683714220697
@wait_enter[855859]: 544683714222891
@wait_enter[855858]: 544683714230796
@wait_enter[855856]: 544683714240384
@wait_enter[855876]: 544686038116493
@wait_enter[855883]: 544686718174430
@wait_enter[855880]: 544686858571305
@wait_enter[855882]: 544686907646192
@wait_enter[855877]: 544686934370882
@wait_n: 318406
@wait_stack[
        0x7f953cab61f2
        0xe29
]: 1
@wait_stack[
        0x7f953cab61f2
        0xdd1
]: 1
@wait_stack[
        0x7f953cab61f2
        0x1d4b
]: 1
@wait_stack[
        0x7f953cab61f2
        0x1df4
]: 1
@wait_stack[
        0x7f953cab61f2
        0x1d93
]: 1
@wait_stack[
        0x7f953cab61f2
        0x1d26
]: 1
@wait_stack[
        0x7f953cab61f2
        0x1d3d
]: 1
@wait_stack[
        0x7f953cab61f2
        0x1d86
]: 1
@wait_stack[
        0x7f953cab61f2
        0x1df1
]: 1
@wait_stack[
        0x7f953cab61f2
        0xe05
]: 1
@wait_stack[
        0x7f953cab61f2
        0x1dc1
]: 1
@wait_stack[
        0x7f953cab61f2
        0x1d6d
]: 1
@wait_stack[
        0x7f953cab61f2
        0x1df5
]: 1
@wait_stack[
        0x7f953cab61f2
        0xde3
]: 1
@wait_stack[
        0x7f953cab61f2
        0x1e39
]: 1
@wait_stack[
        0x7f953cab61f2
        0x1d89
]: 1
@wait_stack[
        0x7f953cab61f2
        0x1e90
]: 1
@wait_stack[
        0x7f953cab61f2
        0x1d94
]: 1
@wait_stack[
        0x7f953cab61f2
        0xe1a
]: 1
@wait_stack[
        0x7f953cab61f2
        0x1e2e
]: 1
@wait_stack[
        0x7f953cab61f2
        0x1e18
]: 1
@wait_stack[
        syscall+29
        0x7f9500c608d0
]: 1
@wait_stack[
        0x7f953cab61f2
        0x1dad
]: 2
@wait_stack[
        0x7f953cab61f2
        0x1e82
]: 2
@wait_stack[
        0x7f953cab61f2
        0x1d7a
]: 2
@wait_stack[
        0x7f953cab61f2
        0xe3b
]: 2
@wait_stack[
        0x7f953cab61f2
        0x1d70
]: 2
@wait_stack[
        0x7f953cab61f2
        0x1e46
]: 2
@wait_stack[
        0x7f953cab61f2
        0x1d72
]: 3
@wait_stack[
        0x7f953cab61f2
        0x1df6
]: 3
@wait_stack[
        0x7f953cab61f2
        0x1d8a
]: 4
@wait_stack[
        0x7f953cab61f2
        0x1e86
]: 4
@wait_stack[
        0x7f953cab61f2
        0x1d96
]: 4
@wait_stack[
        0x7f953cab61f2
        0x1e4a
]: 4
@wait_stack[
        0x7f953cab61f2
        0x1dae
]: 4
@wait_stack[
        0x7f953cab61f2
        0x1d7e
]: 4
@wait_stack[
        0x7f953cab61f2
        0x1dc6
]: 5
@wait_stack[
        0x7f953cab61f2
        0x1e32
]: 5
@wait_stack[
        0x7f953cab61f2
        0x1d4e
]: 5
@wait_stack[
        0x7f953cab61f2
        0x1d2a
]: 5
@wait_stack[
        0x7f953cab61f2
        0x1d42
]: 5
@wait_stack[
        0x7f953cab61f2
        0x1e3e
]: 5
@wait_stack[
        0x7f953cab61f2
        0x1e92
]: 5
@wait_stack[
        0x7f953cab61f2
        0x1e1a
]: 5
@wait_stack[
        0x7f953cab61f2
        0x1dcc
]: 6
@wait_stack[
        0x7f953cab61f2
        0x1d3c
]: 6
@wait_stack[
        0x7f953cab61f2
        0x1e2c
]: 6
@wait_stack[
        0x7f953cab61f2
        0x1d60
]: 6
@wait_stack[
        0x7f953cab61f2
        0x1d24
]: 6
@wait_stack[
        0x7f953cab61f2
        0x1de4
]: 6
@wait_stack[
        0x7f953cab61f2
        0x1db4
]: 6
@wait_stack[
        0x7f953cab61f2
        0x1d84
]: 6
@wait_stack[
        0x7f953cab61f2
        0x1e38
]: 6
@wait_stack[
        syscall+29
        0x616552636e797341
]: 6
@wait_stack[
        0x7f953cab61f2
        0x1e98
]: 6
@wait_stack[
        0x7f953cab61f2
        0x1d78
]: 6
@wait_stack[
        0x7f953cab61f2
        0x1dfc
]: 6
@wait_stack[
        0x7f953cab61f2
        0x1e8c
]: 6
@wait_stack[
        0x7f953cab61f2
        0x1dc0
]: 6
@wait_stack[
        0x7f953cab61f2
        0x1e7a
]: 6
@wait_stack[
        0x7f953cab61f2
        0x1e44
]: 6
@wait_stack[
        0x7f953cab61f2
        0x1d48
]: 6
@wait_stack[
        0x7f953cab61f2
        0x1e08
]: 6
@wait_stack[
        0x7f953cab61f2
        0x1e0e
]: 6
@wait_stack[
        0x7f953cab61f2
        0x1e50
]: 6
@wait_stack[
        0x7f953cab61f2
        0x1d30
]: 6
@wait_stack[
        0x7f953cab61f2
        0x1df0
]: 6
@wait_stack[
        0x7f953cab61f2
        0x1dd8
]: 6
@wait_stack[
        syscall+29
        0x4d64616f6c657250
]: 11
@wait_stack[
        0x7f953cab61f2
        0x1e80
]: 12
@wait_stack[
        syscall+29
]: 110
@wait_stack[
        0x7f953cab61f2
]: 830
@wait_stack_time[
        syscall+29
        0x7f9500c608d0
]: 1078
@wait_stack_time[
        0x7f953cab61f2
        0x1e2d
]: 101682
@wait_stack_time[
        0x7f953cab61f2
        0x1df1
]: 105681
@wait_stack_time[
        0x7f953cab61f2
        0x1d26
]: 146072
@wait_stack_time[
        0x7f953cab61f2
        0x1e39
]: 146204
@wait_stack_time[
        0x7f953cab61f2
        0x1e82
]: 146779
@wait_stack_time[
        0x7f953cab61f2
        0x1e81
]: 146845
@wait_stack_time[
        0x7f953cab61f2
        0x1dc1
]: 146922
@wait_stack_time[
        0x7f953cab61f2
        0x1d4a
]: 147253
@wait_stack_time[
        0x7f953cab61f2
        0x1dae
]: 151556
@wait_stack_time[
        0x7f953cab61f2
        0x1d40
]: 152691
@wait_stack_time[
        0x7f953cab61f2
        0x1d3d
]: 152710
@wait_stack_time[
        0x7f953cab61f2
        0x1e49
]: 154453
@wait_stack_time[
        0x7f953cab61f2
        0x1df3
]: 211329
@wait_stack_time[
        0x7f953cab61f2
        0x1d7e
]: 297204
@wait_stack_time[
        0x7f953cab61f2
        0x1d7c
]: 297212
@wait_stack_time[
        0x7f953cab61f2
        0x1d7a
]: 297240
@wait_stack_time[
        0x7f953cab61f2
        0x1daa
]: 303087
@wait_stack_time[
        0x7f953cab61f2
        0x1e46
]: 308914
@wait_stack_time[
        0x7f953cab61f2
        0x1df6
]: 317016
@wait_stack_time[
        0x7f953cab61f2
        0x1d86
]: 444397
@wait_stack_time[
        0x7f953cab61f2
        0x1dad
]: 454654
@wait_stack_time[
        0x7f953cab61f2
        0x1e4a
]: 463338
@wait_stack_time[
        0x7f953cab61f2
        0x1e32
]: 508390
@wait_stack_time[
        0x7f953cab61f2
        0x1e86
]: 587221
@wait_stack_time[
        0x7f953cab61f2
        0x1de4
]: 606838
@wait_stack_time[
        0x7f953cab61f2
        0x1d3c
]: 606884
@wait_stack_time[
        0x7f953cab61f2
        0x1d42
]: 610754
@wait_stack_time[
        0x7f953cab61f2
        0x1e38
]: 613746
@wait_stack_time[
        0x7f953cab61f2
        0x1db4
]: 626767
@wait_stack_time[
        0x7f953cab61f2
        0xe05
]: 632397
@wait_stack_time[
        0x7f953cab61f2
        0x1d6f
]: 632482
@wait_stack_time[
        0x7f953cab61f2
        0x1d71
]: 632488
@wait_stack_time[
        0x7f953cab61f2
        0x1d70
]: 632493
@wait_stack_time[
        0x7f953cab61f2
        0x1d6d
]: 632511
@wait_stack_time[
        0x7f953cab61f2
        0x1d2a
]: 729978
@wait_stack_time[
        0x7f953cab61f2
        0x1e3e
]: 730837
@wait_stack_time[
        0x7f953cab61f2
        0xdd1
]: 733494
@wait_stack_time[
        0x7f953cab61f2
        0x1dc6
]: 734469
@wait_stack_time[
        0x7f953cab61f2
        0x1d4e
]: 736308
@wait_stack_time[
        0x7f953cab61f2
        0x1d8a
]: 888740
@wait_stack_time[
        0x7f953cab61f2
        0x1dcc
]: 892262
@wait_stack_time[
        0x7f953cab61f2
        0x1d24
]: 900714
@wait_stack_time[
        0x7f953cab61f2
        0x1d30
]: 919907
@wait_stack_time[
        0x7f953cab61f2
        0x1e2c
]: 920300
@wait_stack_time[
        0x7f953cab61f2
        0x1dd8
]: 927736
@wait_stack_time[
        0x7f953cab61f2
        0x1d48
]: 928017
@wait_stack_time[
        0x7f953cab61f2
        0x1d60
]: 928577
@wait_stack_time[
        0x7f953cab61f2
        0x1e7a
]: 930235
@wait_stack_time[
        0x7f953cab61f2
        0x1dc0
]: 939816
@wait_stack_time[
        0x7f953cab61f2
        0x1e98
]: 1146897
@wait_stack_time[
        0x7f953cab61f2
        0x1d72
]: 1264968
@wait_stack_time[
        0x7f953cab61f2
        0x1e90
]: 1280387
@wait_stack_time[
        0x7f953cab61f2
        0x1d88
]: 1333134
@wait_stack_time[
        0x7f953cab61f2
        0xe3b
]: 1373564
@wait_stack_time[
        0x7f953cab61f2
        0x1e08
]: 1506832
@wait_stack_time[
        0x7f953cab61f2
        0x1d84
]: 2109388
@wait_stack_time[
        0x7f953cab61f2
        0x1e0e
]: 2413732
@wait_stack_time[
        0x7f953cab61f2
        0x1e91
]: 2560963
@wait_stack_time[
        0x7f953cab61f2
        0x1e8c
]: 2735555
@wait_stack_time[
        0x7f953cab61f2
        0x1e80
]: 2936462
@wait_stack_time[
        0x7f953cab61f2
        0x1df0
]: 3015495
@wait_stack_time[
        0x7f953cab61f2
        0x1dfc
]: 3573122
@wait_stack_time[
        0x7f953cab61f2
        0x1e92
]: 3841693
@wait_stack_time[
        0x7f953cab61f2
        0x1d78
]: 3926557
@wait_stack_time[
        0x7f953cab61f2
        0xde3
]: 4105185
@wait_stack_time[
        0x7f953cab61f2
        0x1e17
]: 4248287
@wait_stack_time[
        0x7f953cab61f2
        0x1e18
]: 4248371
@wait_stack_time[
        0x7f953cab61f2
        0xe1a
]: 4561583
@wait_stack_time[
        0x7f953cab61f2
        0xe29
]: 7449052
@wait_stack_time[
        0x7f953cab61f2
        0x1d96
]: 9910463
@wait_stack_time[
        0x7f953cab61f2
        0x1d93
]: 9910497
@wait_stack_time[
        0x7f953cab61f2
        0x1e44
]: 14349107
@wait_stack_time[
        0x7f953cab61f2
        0x1e1a
]: 16993460
@wait_stack_time[
        syscall+29
        0x4d64616f6c657250
]: 23924533
@wait_stack_time[
        syscall+29
        0x616552636e797341
]: 24199862
@wait_stack_time[
        0x7f953cab61f2
        0x1e50
]: 30299668
@wait_stack_time[
        syscall+29
]: 379739565
@wait_stack_time[
        0x7f953cab61f2
]: 436143745
@wait_sum_us: 2299059429
@wait_us:
[0]                30936 |@@@@@@@@@@@@@@@@@@@@@@@@@                           |
[1]                 8915 |@@@@@@@                                             |
[2, 4)              9344 |@@@@@@@                                             |
[4, 8)             21843 |@@@@@@@@@@@@@@@@@                                   |
[8, 16)            33692 |@@@@@@@@@@@@@@@@@@@@@@@@@@@                         |
[16, 32)           31845 |@@@@@@@@@@@@@@@@@@@@@@@@@@                          |
[32, 64)           63301 |@@@@@@@@@@@@@@@@@@@@@@@@@@@@@@@@@@@@@@@@@@@@@@@@@@@@|
[64, 128)          42190 |@@@@@@@@@@@@@@@@@@@@@@@@@@@@@@@@@@                  |
[128, 256)         15009 |@@@@@@@@@@@@                                        |
[256, 512)          1789 |@                                                   |
[512, 1K)            583 |                                                    |
[1K, 2K)             306 |                                                    |
[2K, 4K)            7543 |@@@@@@                                              |
[4K, 8K)           16078 |@@@@@@@@@@@@@                                       |
[8K, 16K)          10437 |@@@@@@@@                                            |
[16K, 32K)          4812 |@@@                                                 |
[32K, 64K)         18382 |@@@@@@@@@@@@@@@                                     |
[64K, 128K)          322 |                                                    |
[128K, 256K)         761 |                                                    |
[256K, 512K)         163 |                                                    |
[512K, 1M)            40 |                                                    |
[1M, 2M)              12 |                                                    |
[2M, 4M)              23 |                                                    |
[4M, 8M)              60 |                                                    |
[8M, 16M)             20 |                                                    |

@wake_n: 323560
