/home/maci/Desktop/7dtd/7dtd-loadgen/workspace/bench/lap2/bench/apm/session_20260822_090523_pid887601/bt/offcpu.bt:27:20-25: WARNING: Expression of type: uint64 being cast to type: int64. This may cause unexpected results. Use an explicit cast to suppress this warning.
    $us = (uint64)(nsecs - @start[args.next_pid]) / 1000;
                   ~~~~~
/home/maci/Desktop/7dtd/7dtd-loadgen/workspace/bench/lap2/bench/apm/session_20260822_090523_pid887601/bt/offcpu.bt:27:28-49: WARNING: Expression of type: uint64 being cast to type: int64. This may cause unexpected results. Use an explicit cast to suppress this warning.
    $us = (uint64)(nsecs - @start[args.next_pid]) / 1000;
                           ~~~~~~~~~~~~~~~~~~~~~
/home/maci/Desktop/7dtd/7dtd-loadgen/workspace/bench/lap2/bench/apm/session_20260822_090523_pid887601/bt/offcpu.bt:28:5-35: WARNING: Return value discarded.
    delete(@start[args.next_pid]);
    ~~~~~~~~~~~~~~~~~~~~~~~~~~~~~~
/home/maci/Desktop/7dtd/7dtd-loadgen/workspace/bench/lap2/bench/apm/session_20260822_090523_pid887601/bt/offcpu.bt:40:5-41: WARNING: Return value discarded.
    delete(@block_stack[args.next_pid]);
    ~~~~~~~~~~~~~~~~~~~~~~~~~~~~~~~~~~~~
/home/maci/Desktop/7dtd/7dtd-loadgen/workspace/bench/lap2/bench/apm/session_20260822_090523_pid887601/bt/offcpu.bt:41:5-40: WARNING: Return value discarded.
    delete(@block_state[args.next_pid]);
    ~~~~~~~~~~~~~~~~~~~~~~~~~~~~~~~~~~~
STALL_MAIN 13970 us state=1
STALL_MAIN 13299 us state=1
STALL_MAIN 18176 us state=1
STALL_MAIN 18002 us state=1
STALL_MAIN 22380 us state=1
STALL_MAIN 13943 us state=1
STALL_MAIN 15812 us state=1
STALL_MAIN 21257 us state=1
STALL_MAIN 19243 us state=1
STALL_MAIN 15627 us state=1
STALL_MAIN 18053 us state=1
STALL_MAIN 18161 us state=1
STALL_MAIN 14346 us state=1
STALL_MAIN 12356 us state=1
STALL_MAIN 10942 us state=1
STALL_MAIN 10463 us state=1
STALL_MAIN 10364 us state=1
STALL_MAIN 10376 us state=1
STALL_MAIN 12995 us state=1
STALL_MAIN 12015 us state=1
STALL_MAIN 16698 us state=1
STALL_MAIN 17236 us state=1
STALL_MAIN 12731 us state=1
STALL_MAIN 12209 us state=1
STALL_MAIN 17778 us state=1
STALL_MAIN 10538 us state=1
STALL_MAIN 19732 us state=1
STALL_MAIN 21725 us state=1
STALL_MAIN 10788 us state=1
STALL_MAIN 15230 us state=1
STALL_MAIN 10298 us state=1
STALL_MAIN 11103 us state=1
STALL_MAIN 17138 us state=1
STALL_MAIN 12471 us state=1
STALL_MAIN 10056 us state=1
STALL_MAIN 17461 us state=1
STALL_MAIN 15018 us state=1
STALL_MAIN 13674 us state=1
STALL_MAIN 15342 us state=1
STALL_MAIN 16592 us state=1
STALL_MAIN 12117 us state=1
STALL_MAIN 16199 us state=1
STALL_MAIN 14847 us state=1
STALL_MAIN 14540 us state=1
STALL_MAIN 18900 us state=1
STALL_MAIN 14472 us state=1
STALL_MAIN 12183 us state=1
STALL_MAIN 16830 us state=1
STALL_MAIN 10586 us state=1
STALL_MAIN 18233 us state=1
STALL_MAIN 20932 us state=1
STALL_MAIN 10913 us state=1
STALL_MAIN 12909 us state=1
STALL_MAIN 17916 us state=1
STALL_MAIN 14156 us state=1
STALL_MAIN 14367 us state=1
STALL_MAIN 10804 us state=1
STALL_MAIN 18823 us state=1
STALL_MAIN 22952 us state=1
STALL_MAIN 13996 us state=1
STALL_MAIN 22158 us state=1
STALL_MAIN 12135 us state=1
STALL_MAIN 16552 us state=1
STALL_MAIN 12686 us state=1
STALL_MAIN 18606 us state=1
STALL_MAIN 19291 us state=1
STALL_MAIN 10126 us state=1
STALL_MAIN 12966 us state=1
STALL_MAIN 21150 us state=1
STALL_MAIN 18799 us state=1
STALL_MAIN 13927 us state=1
STALL_MAIN 15513 us state=1
STALL_MAIN 16595 us state=1
STALL_MAIN 14028 us state=1
STALL_MAIN 19308 us state=1
STALL_MAIN 18628 us state=1
STALL_MAIN 15042 us state=1
STALL_MAIN 13034 us state=1
STALL_MAIN 23464 us state=1
STALL_MAIN 17022 us state=1
STALL_MAIN 18605 us state=1
STALL_MAIN 16616 us state=1
STALL_MAIN 20072 us state=1
STALL_MAIN 18204 us state=1
STALL_MAIN 20616 us state=1
STALL_MAIN 17321 us state=1
STALL_MAIN 12346 us state=1
STALL_MAIN 13177 us state=1
STALL_MAIN 18398 us state=1
STALL_MAIN 18092 us state=1
STALL_MAIN 15623 us state=1
STALL_MAIN 17924 us state=1
STALL_MAIN 19386 us state=1
STALL_MAIN 18481 us state=1
STALL_MAIN 16403 us state=1
STALL_MAIN 10950 us state=1
STALL_MAIN 14052 us state=1
STALL_MAIN 12597 us state=1
STALL_MAIN 14205 us state=1
STALL_MAIN 20270 us state=1
STALL_MAIN 12584 us state=1
STALL_MAIN 20570 us state=1
STALL_MAIN 18668 us state=1
STALL_MAIN 11508 us state=1
STALL_MAIN 20060 us state=1
STALL_MAIN 20155 us state=1
STALL_MAIN 13184 us state=1
STALL_MAIN 17368 us state=1
STALL_MAIN 14397 us state=1
STALL_MAIN 21507 us state=1
STALL_MAIN 22301 us state=1
STALL_MAIN 18233 us state=1
STALL_MAIN 19700 us state=1
STALL_MAIN 22895 us state=1
STALL_MAIN 16969 us state=1
STALL_MAIN 22688 us state=1
STALL_MAIN 23100 us state=1
STALL_MAIN 19687 us state=1
STALL_MAIN 25491 us state=1
STALL_MAIN 22619 us state=1
STALL_MAIN 19675 us state=1
STALL_MAIN 218016 us state=1
STALL_MAIN 14051 us state=1
STALL_MAIN 10310 us state=1
STALL_MAIN 16697 us state=1
STALL_MAIN 19062 us state=1
STALL_MAIN 32671 us state=1
STALL_MAIN 33257 us state=1
STALL_MAIN 33169 us state=1
STALL_MAIN 28384 us state=1
STALL_MAIN 30263 us state=1
STALL_MAIN 10036 us state=1
STALL_MAIN 18337 us state=1
STALL_MAIN 23280 us state=1
STALL_MAIN 24229 us state=1
STALL_MAIN 24324 us state=1
STALL_MAIN 22955 us state=1
STALL_MAIN 16670 us state=1
STALL_MAIN 14362 us state=1
STALL_MAIN 22765 us state=1
STALL_MAIN 19412 us state=1
STALL_MAIN 27201 us state=1
STALL_MAIN 24432 us state=1
STALL_MAIN 21296 us state=1
STALL_MAIN 22213 us state=1
STALL_MAIN 24909 us state=1
STALL_MAIN 21027 us state=1
STALL_MAIN 23914 us state=1
STALL_MAIN 23018 us state=1
STALL_MAIN 12726 us state=1
STALL_MAIN 16746 us state=1
STALL_MAIN 23430 us state=1
STALL_MAIN 25530 us state=1
STALL_MAIN 17994 us state=1
STALL_MAIN 21834 us state=1
STALL_MAIN 22279 us state=1
STALL_MAIN 19319 us state=1
STALL_MAIN 18292 us state=1
STALL_MAIN 21860 us state=1
STALL_MAIN 27138 us state=1
STALL_MAIN 30813 us state=1
STALL_MAIN 20672 us state=1
STALL_MAIN 15850 us state=1
STALL_MAIN 18488 us state=1
STALL_MAIN 26214 us state=1
STALL_MAIN 28214 us state=1
STALL_MAIN 26344 us state=1
STALL_MAIN 19881 us state=1
STALL_MAIN 22296 us state=1
STALL_MAIN 18789 us state=1
STALL_MAIN 18645 us state=1
STALL_MAIN 22741 us state=1
STALL_MAIN 21188 us state=1
STALL_MAIN 14669 us state=1
STALL_MAIN 25181 us state=1
STALL_MAIN 21530 us state=1
STALL_MAIN 21590 us state=1
STALL_MAIN 19887 us state=1
STALL_MAIN 21005 us state=1
STALL_MAIN 11191 us state=1
STALL_MAIN 19630 us state=1
STALL_MAIN 10398 us state=1
STALL_MAIN 19408 us state=1
STALL_MAIN 17685 us state=1
STALL_MAIN 20385 us state=1
STALL_MAIN 23340 us state=1
STALL_MAIN 18155 us state=1
STALL_MAIN 21647 us state=1
STALL_MAIN 17167 us state=1
STALL_MAIN 24162 us state=1
STALL_MAIN 26380 us state=1
STALL_MAIN 14566 us state=1
STALL_MAIN 22760 us state=1
STALL_MAIN 22682 us state=1
STALL_MAIN 25163 us state=1
STALL_MAIN 10840 us state=1
STALL_MAIN 21846 us state=1
STALL_MAIN 17670 us state=1
STALL_MAIN 23391 us state=1
STALL_MAIN 15803 us state=1
STALL_MAIN 14231 us state=1
STALL_MAIN 19853 us state=1
STALL_MAIN 13704 us state=1
STALL_MAIN 13378 us state=1
STALL_MAIN 17229 us state=1
STALL_MAIN 20761 us state=1
STALL_MAIN 23412 us state=1
STALL_MAIN 11801 us state=1
STALL_MAIN 16325 us state=1
STALL_MAIN 16448 us state=1
STALL_MAIN 17135 us state=1
STALL_MAIN 18367 us state=1
STALL_MAIN 19212 us state=1
STALL_MAIN 17671 us state=1
STALL_MAIN 12003 us state=1
STALL_MAIN 17218 us state=1
STALL_MAIN 20088 us state=1
STALL_MAIN 18642 us state=1
STALL_MAIN 16571 us state=1
STALL_MAIN 16496 us state=1
STALL_MAIN 22819 us state=1
STALL_MAIN 24494 us state=1
STALL_MAIN 22006 us state=1
STALL_MAIN 25971 us state=1
STALL_MAIN 20187 us state=1
STALL_MAIN 21303 us state=1
STALL_MAIN 22253 us state=1
STALL_MAIN 23235 us state=1
STALL_MAIN 22286 us state=1
STALL_MAIN 11213 us state=1
STALL_MAIN 12037 us state=1
STALL_MAIN 19100 us state=1
STALL_MAIN 22129 us state=1
STALL_MAIN 15559 us state=1
STALL_MAIN 12036 us state=1
STALL_MAIN 17938 us state=1
STALL_MAIN 19167 us state=1
STALL_MAIN 24658 us state=1
STALL_MAIN 25778 us state=1
STALL_MAIN 21193 us state=1
STALL_MAIN 18640 us state=1
STALL_MAIN 18300 us state=1
STALL_MAIN 13261 us state=1
STALL_MAIN 15646 us state=1
STALL_MAIN 19773 us state=1
STALL_MAIN 14174 us state=1
STALL_MAIN 12922 us state=1
STALL_MAIN 20612 us state=1
STALL_MAIN 17612 us state=1
STALL_MAIN 14708 us state=1
STALL_MAIN 15413 us state=1
STALL_MAIN 21691 us state=1
STALL_MAIN 20649 us state=1
STALL_MAIN 25772 us state=1
STALL_MAIN 23978 us state=1
STALL_MAIN 25843 us state=1
STALL_MAIN 12952 us state=1
STALL_MAIN 25806 us state=1
STALL_MAIN 19013 us state=1
STALL_MAIN 23371 us state=1
STALL_MAIN 31124 us state=1
STALL_MAIN 30493 us state=1
STALL_MAIN 33349 us state=1
STALL_MAIN 10227 us state=1
STALL_MAIN 19039 us state=1
STALL_MAIN 26534 us state=1
STALL_MAIN 28081 us state=1
STALL_MAIN 32766 us state=1
STALL_MAIN 23587 us state=1
STALL_MAIN 26942 us state=1
STALL_MAIN 27294 us state=1
STALL_MAIN 15770 us state=1
STALL_MAIN 26587 us state=1
STALL_MAIN 22698 us state=1
STALL_MAIN 22608 us state=1
STALL_MAIN 14593 us state=1
STALL_MAIN 24391 us state=1
STALL_MAIN 17075 us state=1
STALL_MAIN 15924 us state=1
STALL_MAIN 22090 us state=1
STALL_MAIN 20579 us state=1
STALL_MAIN 16029 us state=1
STALL_MAIN 21764 us state=1
STALL_MAIN 11586 us state=1
STALL_MAIN 17521 us state=1
STALL_MAIN 21476 us state=1
STALL_MAIN 12893 us state=1
STALL_MAIN 20076 us state=1
STALL_MAIN 18158 us state=1
STALL_MAIN 19249 us state=1
STALL_MAIN 10467 us state=1
STALL_MAIN 14029 us state=1
STALL_MAIN 15646 us state=1
STALL_MAIN 20712 us state=1
STALL_MAIN 18444 us state=1
STALL_MAIN 20983 us state=1
STALL_MAIN 24412 us state=1
STALL_MAIN 14474 us state=1
STALL_MAIN 12894 us state=1
STALL_MAIN 18192 us state=1
STALL_MAIN 19497 us state=1
STALL_MAIN 20259 us state=1
STALL_MAIN 22759 us state=1
STALL_MAIN 20879 us state=1
STALL_MAIN 13146 us state=1
STALL_MAIN 13030 us state=1
STALL_MAIN 20442 us state=1
STALL_MAIN 21210 us state=1
STALL_MAIN 13548 us state=1
STALL_MAIN 12268 us state=1
STALL_MAIN 19157 us state=1
STALL_MAIN 14281 us state=1
STALL_MAIN 14251 us state=1
STALL_MAIN 17332 us state=1
STALL_MAIN 13963 us state=1
STALL_MAIN 16684 us state=1
STALL_MAIN 11115 us state=1
STALL_MAIN 13626 us state=1
STALL_MAIN 11902 us state=1
STALL_MAIN 10132 us state=1
STALL_MAIN 12305 us state=1
STALL_MAIN 11520 us state=1
STALL_MAIN 19660 us state=1
STALL_MAIN 23985 us state=1
STALL_MAIN 14362 us state=1
STALL_MAIN 16478 us state=1
STALL_MAIN 12358 us state=1
STALL_MAIN 12808 us state=1
STALL_MAIN 20518 us state=1
STALL_MAIN 18496 us state=1
STALL_MAIN 26425 us state=1
STALL_MAIN 10674 us state=1
STALL_MAIN 19593 us state=1
STALL_MAIN 19279 us state=1
STALL_MAIN 21156 us state=1
STALL_MAIN 11275 us state=1
STALL_MAIN 15342 us state=1
STALL_MAIN 22483 us state=1
STALL_MAIN 20301 us state=1
STALL_MAIN 15723 us state=1
STALL_MAIN 19585 us state=1
STALL_MAIN 21274 us state=1
STALL_MAIN 22275 us state=1
STALL_MAIN 21403 us state=1
STALL_MAIN 24475 us state=1
STALL_MAIN 23267 us state=1
STALL_MAIN 25339 us state=1
STALL_MAIN 18875 us state=1
STALL_MAIN 21864 us state=1
STALL_MAIN 20735 us state=1
STALL_MAIN 20677 us state=1
STALL_MAIN 17878 us state=1
STALL_MAIN 23329 us state=1
STALL_MAIN 22623 us state=1
STALL_MAIN 13446 us state=1
STALL_MAIN 13641 us state=1
STALL_MAIN 13561 us state=1
STALL_MAIN 14736 us state=1
STALL_MAIN 15181 us state=1
STALL_MAIN 21074 us state=1
STALL_MAIN 24345 us state=1
STALL_MAIN 26610 us state=1
STALL_MAIN 24033 us state=1
STALL_MAIN 21429 us state=1
STALL_MAIN 13024 us state=1
STALL_MAIN 25075 us state=1
STALL_MAIN 25854 us state=1
STALL_MAIN 24384 us state=1
STALL_MAIN 16831 us state=1
STALL_MAIN 16831 us state=1
STALL_MAIN 16829 us state=1
STALL_MAIN 16828 us state=1
STALL_MAIN 16829 us state=1
STALL_MAIN 16810 us state=1
STALL_MAIN 16828 us state=1
STALL_MAIN 16831 us state=1
STALL_MAIN 16831 us state=1
STALL_MAIN 16828 us state=1
STALL_MAIN 16829 us state=1
STALL_MAIN 17148 us state=1
STALL_MAIN 16826 us state=1
STALL_MAIN 16830 us state=1
STALL_MAIN 16821 us state=1
STALL_MAIN 12408 us state=1
STALL_MAIN 16826 us state=1
STALL_MAIN 16828 us state=1
STALL_MAIN 13123 us state=1
STALL_MAIN 10567 us state=1
STALL_MAIN 21334 us state=1
STALL_MAIN 25458 us state=1
STALL_MAIN 14321 us state=1
STALL_MAIN 24863 us state=1
STALL_MAIN 24874 us state=1
STALL_MAIN 29572 us state=1
STALL_MAIN 17408 us state=1
STALL_MAIN 25973 us state=1
STALL_MAIN 30287 us state=1
STALL_MAIN 13181 us state=1
STALL_MAIN 27361 us state=1
STALL_MAIN 27588 us state=1
STALL_MAIN 25134 us state=1
STALL_MAIN 14744 us state=1
STALL_MAIN 29279 us state=1
STALL_MAIN 30155 us state=1
STALL_MAIN 28521 us state=1
STALL_MAIN 26577 us state=1
STALL_MAIN 26914 us state=1
STALL_MAIN 24852 us state=1
STALL_MAIN 19874 us state=1
STALL_MAIN 19055 us state=1
STALL_MAIN 23806 us state=1
STALL_MAIN 28386 us state=1
STALL_MAIN 26090 us state=1
STALL_MAIN 29056 us state=1
STALL_MAIN 28775 us state=1
STALL_MAIN 11029 us state=1
STALL_MAIN 28035 us state=1
STALL_MAIN 25521 us state=1
STALL_MAIN 24709 us state=1
STALL_MAIN 30331 us state=1

=== main-thread off-CPU duration hist (us) ===
@offcpu_us:
[1]                   12 |                                                    |
[2, 4)              3767 |@@@@@@@@@@@@@@@@@@@@@@@@@@@@@@@@@@@@@@@@@@@@@       |
[4, 8)              4334 |@@@@@@@@@@@@@@@@@@@@@@@@@@@@@@@@@@@@@@@@@@@@@@@@@@@@|
[8, 16)             2490 |@@@@@@@@@@@@@@@@@@@@@@@@@@@@@                       |
[16, 32)            1247 |@@@@@@@@@@@@@@                                      |
[32, 64)            1417 |@@@@@@@@@@@@@@@@@                                   |
[64, 128)            939 |@@@@@@@@@@@                                         |
[128, 256)           215 |@@                                                  |
[256, 512)            92 |@                                                   |
[512, 1K)             81 |                                                    |
[1K, 2K)             110 |@                                                   |
[2K, 4K)              26 |                                                    |
[4K, 8K)              59 |                                                    |
[8K, 16K)            167 |@@                                                  |
[16K, 32K)           284 |@@@                                                 |
[32K, 64K)             3 |                                                    |
[64K, 128K)            0 |                                                    |
[128K, 256K)           1 |                                                    |


=== switch-out counts by prev_state (R=0 S=1 D=2 ...) ===
@by_state[256]: 556
@by_state[2]: 747
@by_state[0]: 1740
@by_state[1]: 12201

=== stall totals (>=1ms blocks) ===
@stall_us_total: 9062961
@stall_n: 652

=== stall time by thread state (us) ===
@stall_state_us[0]: 2750
@stall_state_us[2]: 146203
@stall_state_us[1]: 8914008

=== stall time by blocking stack (us, top 20) ===
@stall_stack_us[
        0x41c9a124
        0x41ba568c
        0x41ec0e60
        0x7feed026ecff
]: 1007
@stall_stack_us[
        0x7fef9cab83e0
]: 1404
@stall_stack_us[
        0x7fef9ba756dd
        0x7ffcd4d716b4
        0x6d696e412e303d6e
]: 1743
@stall_stack_us[
        0x7fef9c54ebf0
        0
        0
        0x5582bf2d1130
        0x5582bf2d1130
        0x5582bf2d1130
        0x5582bf2d1130
        0x5582bf2d1130
        0x5582bf2d1130
        0x5582bf2d1130
        0x5582bf2d1130
        0x5582bf2d1130
        0x5582bf2d1130
        0x5582bf2d1130
        0x5582bf2d1130
        0x5582bf2d1130
]: 2872
@stall_stack_us[
        clock_nanosleep+75
]: 3053
@stall_stack_us[
        syscall+29
]: 5645
@stall_stack_us[
        0x7fef9bab61f2
        0x138
]: 6647
@stall_stack_us[
        __xstat64+22
        0x4111b784
        0x41117e60
        0x4117d310
        0x4117d27c
        0
        0x3f00000000000001
        0x5582becf9dd8
        0x5582becf9dd8
        0x5582becf9dd8
        0x5582becf9dd8
        0x5582becf9dd8
        0x5582becf9dd8
        0x5582becf9dd8
        0x5582becf9dd8
        0x5582becf9dd8
]: 14753
@stall_stack_us[
        0x7fef9bab61f2
        0x193
]: 30748
@stall_stack_us[
        sigsuspend+151
        GC_suspend_handler+31
]: 42142
@stall_stack_us[
        0x7fef9bab61f2
        0x7feefba2b5d3
]: 127174
@stall_stack_us[
        0x7fef9bab61f2
        0x18e
]: 218016
@stall_stack_us[
        0x7fef9bab61f2
]: 8607757


@by_state[256]: 556
@by_state[2]: 747
@by_state[0]: 1740
@by_state[1]: 12201
@offcpu_us:
[1]                   12 |                                                    |
[2, 4)              3767 |@@@@@@@@@@@@@@@@@@@@@@@@@@@@@@@@@@@@@@@@@@@@@       |
[4, 8)              4334 |@@@@@@@@@@@@@@@@@@@@@@@@@@@@@@@@@@@@@@@@@@@@@@@@@@@@|
[8, 16)             2490 |@@@@@@@@@@@@@@@@@@@@@@@@@@@@@                       |
[16, 32)            1247 |@@@@@@@@@@@@@@                                      |
[32, 64)            1417 |@@@@@@@@@@@@@@@@@                                   |
[64, 128)            939 |@@@@@@@@@@@                                         |
[128, 256)           215 |@@                                                  |
[256, 512)            92 |@                                                   |
[512, 1K)             81 |                                                    |
[1K, 2K)             110 |@                                                   |
[2K, 4K)              26 |                                                    |
[4K, 8K)              59 |                                                    |
[8K, 16K)            167 |@@                                                  |
[16K, 32K)           284 |@@@                                                 |
[32K, 64K)             3 |                                                    |
[64K, 128K)            0 |                                                    |
[128K, 256K)           1 |                                                    |

@stall_n: 652
@stall_stack_us[
        0x41c9a124
        0x41ba568c
        0x41ec0e60
        0x7feed026ecff
]: 1007
@stall_stack_us[
        0x7fef9cab83e0
]: 1404
@stall_stack_us[
        0x7fef9ba756dd
        0x7ffcd4d716b4
        0x6d696e412e303d6e
]: 1743
@stall_stack_us[
        0x7fef9c54ebf0
        0
        0
        0x5582bf2d1130
        0x5582bf2d1130
        0x5582bf2d1130
        0x5582bf2d1130
        0x5582bf2d1130
        0x5582bf2d1130
        0x5582bf2d1130
        0x5582bf2d1130
        0x5582bf2d1130
        0x5582bf2d1130
        0x5582bf2d1130
        0x5582bf2d1130
        0x5582bf2d1130
]: 2872
@stall_stack_us[
        clock_nanosleep+75
]: 3053
@stall_stack_us[
        syscall+29
]: 5645
@stall_stack_us[
        0x7fef9bab61f2
        0x138
]: 6647
@stall_stack_us[
        __xstat64+22
        0x4111b784
        0x41117e60
        0x4117d310
        0x4117d27c
        0
        0x3f00000000000001
        0x5582becf9dd8
        0x5582becf9dd8
        0x5582becf9dd8
        0x5582becf9dd8
        0x5582becf9dd8
        0x5582becf9dd8
        0x5582becf9dd8
        0x5582becf9dd8
        0x5582becf9dd8
]: 14753
@stall_stack_us[
        0x7fef9bab61f2
        0x193
]: 30748
@stall_stack_us[
        sigsuspend+151
        GC_suspend_handler+31
]: 42142
@stall_stack_us[
        0x7fef9bab61f2
        0x7feefba2b5d3
]: 127174
@stall_stack_us[
        0x7fef9bab61f2
        0x18e
]: 218016
@stall_stack_us[
        0x7fef9bab61f2
]: 8607757
@stall_state_us[0]: 2750
@stall_state_us[2]: 146203
@stall_state_us[1]: 8914008
@stall_us_total: 9062961
