/home/maci/Desktop/7dtd/7dtd-loadgen/workspace/bench/lap2/bench/apm/session_20260822_090523_pid887601/bt/runqlat.bt:20:12-48: WARNING: signed operands for '/' can lead to undefined behavior (cast to unsigned to silence warning)
    $us = (nsecs - @wake[args.next_pid]) / 1000;
           ~~~~~~~~~~~~~~~~~~~~~~~~~~~~~~~~~~~~
/home/maci/Desktop/7dtd/7dtd-loadgen/workspace/bench/lap2/bench/apm/session_20260822_090523_pid887601/bt/runqlat.bt:20:12-48: WARNING: signed operands for '/' can lead to undefined behavior (cast to unsigned to silence warning)
    $us = (nsecs - @wake[args.next_pid]) / 1000;
           ~~~~~~~~~~~~~~~~~~~~~~~~~~~~~~~~~~~~
/home/maci/Desktop/7dtd/7dtd-loadgen/workspace/bench/lap2/bench/apm/session_20260822_090523_pid887601/bt/runqlat.bt:20:12-17: WARNING: Expression of type: uint64 being cast to type: int64. This may cause unexpected results. Use an explicit cast to suppress this warning.
    $us = (nsecs - @wake[args.next_pid]) / 1000;
           ~~~~~
/home/maci/Desktop/7dtd/7dtd-loadgen/workspace/bench/lap2/bench/apm/session_20260822_090523_pid887601/bt/runqlat.bt:20:20-40: WARNING: Expression of type: uint64 being cast to type: int64. This may cause unexpected results. Use an explicit cast to suppress this warning.
    $us = (nsecs - @wake[args.next_pid]) / 1000;
                   ~~~~~~~~~~~~~~~~~~~~
/home/maci/Desktop/7dtd/7dtd-loadgen/workspace/bench/lap2/bench/apm/session_20260822_090523_pid887601/bt/runqlat.bt:21:5-34: WARNING: Return value discarded.
    delete(@wake[args.next_pid]);
    ~~~~~~~~~~~~~~~~~~~~~~~~~~~~~

=== run-queue latency (us) for 7DaysToDieServe ===
0-10us ideal; multi-ms = CPU contention or affinity issues
@runqlat_us:
[0]                14375 |@@@@@@@@@@@@@@@@@@@@@@@@@@@@@@@@@@@@@@@@@@@@@@@@@@@@|
[1]                 3588 |@@@@@@@@@@@@                                        |
[2, 4)               943 |@@@                                                 |
[4, 8)               131 |                                                    |
[8, 16)              113 |                                                    |
[16, 32)              63 |                                                    |
[32, 64)              41 |                                                    |
[64, 128)             27 |                                                    |
[128, 256)            23 |                                                    |
[256, 512)            14 |                                                    |
[512, 1K)              6 |                                                    |
[1K, 2K)               1 |                                                    |



@runqlat_us:
[0]                14375 |@@@@@@@@@@@@@@@@@@@@@@@@@@@@@@@@@@@@@@@@@@@@@@@@@@@@|
[1]                 3588 |@@@@@@@@@@@@                                        |
[2, 4)               943 |@@@                                                 |
[4, 8)               131 |                                                    |
[8, 16)              113 |                                                    |
[16, 32)              63 |                                                    |
[32, 64)              41 |                                                    |
[64, 128)             27 |                                                    |
[128, 256)            23 |                                                    |
[256, 512)            14 |                                                    |
[512, 1K)              6 |                                                    |
[1K, 2K)               1 |                                                    |

