/home/maci/Desktop/7dtd/7dtd-loadgen/workspace/bench/lap2/soak-4bot/apm/session_20260822_090957_pid887601/bt/mono_gc.bt:17:12-42: WARNING: signed operands for '/' can lead to undefined behavior (cast to unsigned to silence warning)
    $us = (nsecs - @gc_enter[tid]) / 1000;
           ~~~~~~~~~~~~~~~~~~~~~~~~~~~~~~
/home/maci/Desktop/7dtd/7dtd-loadgen/workspace/bench/lap2/soak-4bot/apm/session_20260822_090957_pid887601/bt/mono_gc.bt:37:12-45: WARNING: signed operands for '/' can lead to undefined behavior (cast to unsigned to silence warning)
    $us = (nsecs - @boehm_enter[tid]) / 1000;
           ~~~~~~~~~~~~~~~~~~~~~~~~~~~~~~~~~
/home/maci/Desktop/7dtd/7dtd-loadgen/workspace/bench/lap2/soak-4bot/apm/session_20260822_090957_pid887601/bt/mono_gc.bt:64:12-38: WARNING: signed operands for '/' can lead to undefined behavior (cast to unsigned to silence warning)
    $us = (nsecs - @stw_start) / 1000;
           ~~~~~~~~~~~~~~~~~~~~~~~~~~
/home/maci/Desktop/7dtd/7dtd-loadgen/workspace/bench/lap2/soak-4bot/apm/session_20260822_090957_pid887601/bt/mono_gc.bt:17:12-42: WARNING: signed operands for '/' can lead to undefined behavior (cast to unsigned to silence warning)
    $us = (nsecs - @gc_enter[tid]) / 1000;
           ~~~~~~~~~~~~~~~~~~~~~~~~~~~~~~
/home/maci/Desktop/7dtd/7dtd-loadgen/workspace/bench/lap2/soak-4bot/apm/session_20260822_090957_pid887601/bt/mono_gc.bt:37:12-45: WARNING: signed operands for '/' can lead to undefined behavior (cast to unsigned to silence warning)
    $us = (nsecs - @boehm_enter[tid]) / 1000;
           ~~~~~~~~~~~~~~~~~~~~~~~~~~~~~~~~~
/home/maci/Desktop/7dtd/7dtd-loadgen/workspace/bench/lap2/soak-4bot/apm/session_20260822_090957_pid887601/bt/mono_gc.bt:64:12-38: WARNING: signed operands for '/' can lead to undefined behavior (cast to unsigned to silence warning)
    $us = (nsecs - @stw_start) / 1000;
           ~~~~~~~~~~~~~~~~~~~~~~~~~~
/home/maci/Desktop/7dtd/7dtd-loadgen/workspace/bench/lap2/soak-4bot/apm/session_20260822_090957_pid887601/bt/mono_gc.bt:17:12-17: WARNING: Expression of type: uint64 being cast to type: int64. This may cause unexpected results. Use an explicit cast to suppress this warning.
    $us = (nsecs - @gc_enter[tid]) / 1000;
           ~~~~~
/home/maci/Desktop/7dtd/7dtd-loadgen/workspace/bench/lap2/soak-4bot/apm/session_20260822_090957_pid887601/bt/mono_gc.bt:17:20-34: WARNING: Expression of type: uint64 being cast to type: int64. This may cause unexpected results. Use an explicit cast to suppress this warning.
    $us = (nsecs - @gc_enter[tid]) / 1000;
                   ~~~~~~~~~~~~~~
/home/maci/Desktop/7dtd/7dtd-loadgen/workspace/bench/lap2/soak-4bot/apm/session_20260822_090957_pid887601/bt/mono_gc.bt:37:12-17: WARNING: Expression of type: uint64 being cast to type: int64. This may cause unexpected results. Use an explicit cast to suppress this warning.
    $us = (nsecs - @boehm_enter[tid]) / 1000;
           ~~~~~
/home/maci/Desktop/7dtd/7dtd-loadgen/workspace/bench/lap2/soak-4bot/apm/session_20260822_090957_pid887601/bt/mono_gc.bt:37:20-37: WARNING: Expression of type: uint64 being cast to type: int64. This may cause unexpected results. Use an explicit cast to suppress this warning.
    $us = (nsecs - @boehm_enter[tid]) / 1000;
                   ~~~~~~~~~~~~~~~~~
/home/maci/Desktop/7dtd/7dtd-loadgen/workspace/bench/lap2/soak-4bot/apm/session_20260822_090957_pid887601/bt/mono_gc.bt:64:12-17: WARNING: Expression of type: uint64 being cast to type: int64. This may cause unexpected results. Use an explicit cast to suppress this warning.
    $us = (nsecs - @stw_start) / 1000;
           ~~~~~
/home/maci/Desktop/7dtd/7dtd-loadgen/workspace/bench/lap2/soak-4bot/apm/session_20260822_090957_pid887601/bt/mono_gc.bt:64:20-30: WARNING: Expression of type: uint64 being cast to type: int64. This may cause unexpected results. Use an explicit cast to suppress this warning.
    $us = (nsecs - @stw_start) / 1000;
                   ~~~~~~~~~~
/home/maci/Desktop/7dtd/7dtd-loadgen/workspace/bench/lap2/soak-4bot/apm/session_20260822_090957_pid887601/bt/mono_gc.bt:18:5-28: WARNING: Return value discarded.
    delete(@gc_enter[tid]);
    ~~~~~~~~~~~~~~~~~~~~~~~
/home/maci/Desktop/7dtd/7dtd-loadgen/workspace/bench/lap2/soak-4bot/apm/session_20260822_090957_pid887601/bt/mono_gc.bt:38:5-31: WARNING: Return value discarded.
    delete(@boehm_enter[tid]);
    ~~~~~~~~~~~~~~~~~~~~~~~~~~
STW_PAUSE 28221 us
17:10:02 @little_n: 7085
17:10:07 @little_n: 7184
STW_PAUSE 28151 us
17:10:12 @little_n: 13447
17:10:17 @little_n: 13546
17:10:22 @little_n: 13645

=== mono_gc_collect latency us ===

=== GC_gcollect latency us ===

=== stop-the-world pause us (main-thread freeze) ===
@stw_us:
[512, 1K)              1 |@@@@@@@@@@@@@@@@@@@@@@@@@@                          |
[1K, 2K)               1 |@@@@@@@@@@@@@@@@@@@@@@@@@@                          |
[2K, 4K)               0 |                                                    |
[4K, 8K)               0 |                                                    |
[8K, 16K)              0 |                                                    |
[16K, 32K)             2 |@@@@@@@@@@@@@@@@@@@@@@@@@@@@@@@@@@@@@@@@@@@@@@@@@@@@|

@stw_sum: 59156
@stw_n: 4


@little_n: 13752
@stw_n: 4
@stw_start: 0
@stw_sum: 59156
@stw_us:
[512, 1K)              1 |@@@@@@@@@@@@@@@@@@@@@@@@@@                          |
[1K, 2K)               1 |@@@@@@@@@@@@@@@@@@@@@@@@@@                          |
[2K, 4K)               0 |                                                    |
[4K, 8K)               0 |                                                    |
[8K, 16K)              0 |                                                    |
[16K, 32K)             2 |@@@@@@@@@@@@@@@@@@@@@@@@@@@@@@@@@@@@@@@@@@@@@@@@@@@@|

