/home/maci/Desktop/7dtd/7dtd-loadgen/workspace/bench/lap1/join-probe/apm/session_20260822_084826_pid855510/bt/offcpu.bt:27:20-25: WARNING: Expression of type: uint64 being cast to type: int64. This may cause unexpected results. Use an explicit cast to suppress this warning.
    $us = (uint64)(nsecs - @start[args.next_pid]) / 1000;
                   ~~~~~
/home/maci/Desktop/7dtd/7dtd-loadgen/workspace/bench/lap1/join-probe/apm/session_20260822_084826_pid855510/bt/offcpu.bt:27:28-49: WARNING: Expression of type: uint64 being cast to type: int64. This may cause unexpected results. Use an explicit cast to suppress this warning.
    $us = (uint64)(nsecs - @start[args.next_pid]) / 1000;
                           ~~~~~~~~~~~~~~~~~~~~~
/home/maci/Desktop/7dtd/7dtd-loadgen/workspace/bench/lap1/join-probe/apm/session_20260822_084826_pid855510/bt/offcpu.bt:28:5-35: WARNING: Return value discarded.
    delete(@start[args.next_pid]);
    ~~~~~~~~~~~~~~~~~~~~~~~~~~~~~~
/home/maci/Desktop/7dtd/7dtd-loadgen/workspace/bench/lap1/join-probe/apm/session_20260822_084826_pid855510/bt/offcpu.bt:40:5-41: WARNING: Return value discarded.
    delete(@block_stack[args.next_pid]);
    ~~~~~~~~~~~~~~~~~~~~~~~~~~~~~~~~~~~~
/home/maci/Desktop/7dtd/7dtd-loadgen/workspace/bench/lap1/join-probe/apm/session_20260822_084826_pid855510/bt/offcpu.bt:41:5-40: WARNING: Return value discarded.
    delete(@block_state[args.next_pid]);
    ~~~~~~~~~~~~~~~~~~~~~~~~~~~~~~~~~~~
STALL_MAIN 30157 us state=1
STALL_MAIN 33059 us state=1
STALL_MAIN 32840 us state=1
STALL_MAIN 34274 us state=1
STALL_MAIN 35792 us state=1
STALL_MAIN 35299 us state=1
STALL_MAIN 35241 us state=1
STALL_MAIN 31139 us state=1
STALL_MAIN 32739 us state=1
STALL_MAIN 31952 us state=1
STALL_MAIN 32857 us state=1
STALL_MAIN 31796 us state=1
STALL_MAIN 32601 us state=1
STALL_MAIN 32268 us state=1
STALL_MAIN 34636 us state=1
STALL_MAIN 33046 us state=1
STALL_MAIN 31939 us state=1
STALL_MAIN 31042 us state=1
STALL_MAIN 33032 us state=1
STALL_MAIN 33126 us state=1
STALL_MAIN 34157 us state=1
STALL_MAIN 34602 us state=1
STALL_MAIN 34753 us state=1
STALL_MAIN 32483 us state=1
STALL_MAIN 34673 us state=1
STALL_MAIN 33561 us state=1
STALL_MAIN 33465 us state=1
STALL_MAIN 34393 us state=1
STALL_MAIN 36546 us state=1
STALL_MAIN 33916 us state=1
STALL_MAIN 35601 us state=1
STALL_MAIN 34246 us state=1
STALL_MAIN 33477 us state=1
STALL_MAIN 33950 us state=1
STALL_MAIN 33546 us state=1
STALL_MAIN 34061 us state=1
STALL_MAIN 33959 us state=1
STALL_MAIN 33301 us state=1
STALL_MAIN 35609 us state=1
STALL_MAIN 33847 us state=1
STALL_MAIN 34957 us state=1
STALL_MAIN 33264 us state=1
STALL_MAIN 29410 us state=1
STALL_MAIN 34749 us state=1
STALL_MAIN 33652 us state=1
STALL_MAIN 33434 us state=1
STALL_MAIN 34749 us state=1
STALL_MAIN 30598 us state=1
STALL_MAIN 33525 us state=1
STALL_MAIN 32771 us state=1
STALL_MAIN 33319 us state=1
STALL_MAIN 34660 us state=1
STALL_MAIN 27919 us state=1
STALL_MAIN 35418 us state=1
STALL_MAIN 31589 us state=1
STALL_MAIN 34451 us state=1
STALL_MAIN 34810 us state=1
STALL_MAIN 33908 us state=1
STALL_MAIN 30704 us state=1
STALL_MAIN 31671 us state=1
STALL_MAIN 35543 us state=1
STALL_MAIN 33500 us state=1
STALL_MAIN 29923 us state=1
STALL_MAIN 37246 us state=1
STALL_MAIN 21097 us state=1
STALL_MAIN 34641 us state=1
STALL_MAIN 35211 us state=1
STALL_MAIN 38021 us state=1
STALL_MAIN 38433 us state=1
STALL_MAIN 37134 us state=1
STALL_MAIN 18628 us state=1
STALL_MAIN 35822 us state=1
STALL_MAIN 18615 us state=1
STALL_MAIN 35427 us state=1
STALL_MAIN 37797 us state=1
STALL_MAIN 11175 us state=1
STALL_MAIN 38323 us state=1
STALL_MAIN 38668 us state=1
STALL_MAIN 39546 us state=1
STALL_MAIN 38251 us state=1
STALL_MAIN 38740 us state=1
STALL_MAIN 38501 us state=1
STALL_MAIN 38941 us state=1
STALL_MAIN 39184 us state=1
STALL_MAIN 37675 us state=1
STALL_MAIN 35582 us state=1
STALL_MAIN 34215 us state=1
STALL_MAIN 38427 us state=1
STALL_MAIN 39402 us state=1
STALL_MAIN 38847 us state=1
STALL_MAIN 38563 us state=1
STALL_MAIN 38852 us state=1
STALL_MAIN 34913 us state=1
STALL_MAIN 35761 us state=1
STALL_MAIN 34296 us state=1
STALL_MAIN 35871 us state=1
STALL_MAIN 36879 us state=1
STALL_MAIN 36299 us state=1
STALL_MAIN 36206 us state=1
STALL_MAIN 37623 us state=1
STALL_MAIN 36855 us state=1
STALL_MAIN 35191 us state=1
STALL_MAIN 34256 us state=1
STALL_MAIN 35559 us state=1
STALL_MAIN 37075 us state=1
STALL_MAIN 38034 us state=1
STALL_MAIN 37435 us state=1
STALL_MAIN 10428 us state=1
STALL_MAIN 37072 us state=1
STALL_MAIN 12995 us state=1
STALL_MAIN 13580 us state=1
STALL_MAIN 35302 us state=1
STALL_MAIN 35499 us state=1
STALL_MAIN 35945 us state=1
STALL_MAIN 36075 us state=1
STALL_MAIN 36751 us state=1
STALL_MAIN 36962 us state=1
STALL_MAIN 36903 us state=1
STALL_MAIN 29282 us state=1
STALL_MAIN 34841 us state=1
STALL_MAIN 35189 us state=1
STALL_MAIN 30268 us state=1
STALL_MAIN 36215 us state=1
STALL_MAIN 36622 us state=1
STALL_MAIN 34753 us state=1
STALL_MAIN 35445 us state=1
STALL_MAIN 35589 us state=1
STALL_MAIN 23588 us state=1
STALL_MAIN 34960 us state=1
STALL_MAIN 35279 us state=1
STALL_MAIN 33492 us state=1
STALL_MAIN 35873 us state=1
STALL_MAIN 36071 us state=1
STALL_MAIN 34241 us state=1
STALL_MAIN 22677 us state=1
STALL_MAIN 35088 us state=1
STALL_MAIN 17481 us state=1
STALL_MAIN 34591 us state=1
STALL_MAIN 30301 us state=1
STALL_MAIN 32357 us state=1
STALL_MAIN 34294 us state=1
STALL_MAIN 33773 us state=1
STALL_MAIN 33531 us state=1
STALL_MAIN 32365 us state=1
STALL_MAIN 31580 us state=1
STALL_MAIN 33586 us state=1
STALL_MAIN 33466 us state=1
STALL_MAIN 33441 us state=1
STALL_MAIN 33594 us state=1
STALL_MAIN 34069 us state=1
STALL_MAIN 35185 us state=1
STALL_MAIN 35005 us state=1
STALL_MAIN 34939 us state=1
STALL_MAIN 34933 us state=1
STALL_MAIN 34985 us state=1
STALL_MAIN 34822 us state=1
STALL_MAIN 33893 us state=1
STALL_MAIN 35797 us state=1
STALL_MAIN 33697 us state=1
STALL_MAIN 33286 us state=1
STALL_MAIN 34599 us state=1
STALL_MAIN 34518 us state=1
STALL_MAIN 36032 us state=1
STALL_MAIN 35654 us state=1
STALL_MAIN 33485 us state=1
STALL_MAIN 35961 us state=1
STALL_MAIN 32933 us state=1
STALL_MAIN 35051 us state=1
STALL_MAIN 35578 us state=1
STALL_MAIN 35351 us state=1
STALL_MAIN 34969 us state=1
STALL_MAIN 35467 us state=1
STALL_MAIN 35843 us state=1
STALL_MAIN 36747 us state=1
STALL_MAIN 35707 us state=1
STALL_MAIN 36111 us state=1
STALL_MAIN 36434 us state=1
STALL_MAIN 32867 us state=1
STALL_MAIN 33016 us state=1
STALL_MAIN 29755 us state=1
STALL_MAIN 31174 us state=1
STALL_MAIN 34358 us state=1
STALL_MAIN 30873 us state=1
STALL_MAIN 34779 us state=1
STALL_MAIN 34165 us state=1
STALL_MAIN 32763 us state=1
STALL_MAIN 33614 us state=1
STALL_MAIN 33906 us state=1
STALL_MAIN 34638 us state=1
STALL_MAIN 31925 us state=1
STALL_MAIN 35281 us state=1
STALL_MAIN 32019 us state=1
STALL_MAIN 31110 us state=1
STALL_MAIN 31680 us state=1
STALL_MAIN 35866 us state=1
STALL_MAIN 35328 us state=1
STALL_MAIN 34717 us state=1
STALL_MAIN 35258 us state=1
STALL_MAIN 35397 us state=1
STALL_MAIN 36484 us state=1
STALL_MAIN 37206 us state=1
STALL_MAIN 34575 us state=1
STALL_MAIN 34594 us state=1
STALL_MAIN 35139 us state=1
STALL_MAIN 35580 us state=1
STALL_MAIN 35329 us state=1
STALL_MAIN 34987 us state=1
STALL_MAIN 34047 us state=1
STALL_MAIN 35550 us state=1
STALL_MAIN 34946 us state=1
STALL_MAIN 36856 us state=1
STALL_MAIN 35485 us state=1
STALL_MAIN 36589 us state=1
STALL_MAIN 35746 us state=1
STALL_MAIN 34674 us state=1
STALL_MAIN 36539 us state=1
STALL_MAIN 34353 us state=1
STALL_MAIN 35847 us state=1
STALL_MAIN 35305 us state=1
STALL_MAIN 36401 us state=1
STALL_MAIN 36132 us state=1
STALL_MAIN 33905 us state=1
STALL_MAIN 34660 us state=1
STALL_MAIN 21844 us state=1
STALL_MAIN 21693 us state=1
STALL_MAIN 33277 us state=1
STALL_MAIN 36403 us state=1
STALL_MAIN 36786 us state=1
STALL_MAIN 35733 us state=1
STALL_MAIN 36013 us state=1
STALL_MAIN 36172 us state=1
STALL_MAIN 37366 us state=1
STALL_MAIN 34425 us state=1
STALL_MAIN 36981 us state=1
STALL_MAIN 10795 us state=1
STALL_MAIN 35402 us state=1
STALL_MAIN 35320 us state=1
STALL_MAIN 35575 us state=1
STALL_MAIN 36742 us state=1
STALL_MAIN 36162 us state=1
STALL_MAIN 35710 us state=1
STALL_MAIN 36572 us state=1
STALL_MAIN 35448 us state=1
STALL_MAIN 35641 us state=1
STALL_MAIN 34698 us state=1
STALL_MAIN 34601 us state=1
STALL_MAIN 34865 us state=1
STALL_MAIN 35347 us state=1
STALL_MAIN 36686 us state=1
STALL_MAIN 32512 us state=1
STALL_MAIN 37255 us state=1
STALL_MAIN 37762 us state=1
STALL_MAIN 37794 us state=1
STALL_MAIN 35556 us state=1
STALL_MAIN 37102 us state=1
STALL_MAIN 35736 us state=1
STALL_MAIN 35346 us state=1
STALL_MAIN 35525 us state=1
STALL_MAIN 34910 us state=1
STALL_MAIN 36880 us state=1
STALL_MAIN 36809 us state=1
STALL_MAIN 37747 us state=1
STALL_MAIN 35782 us state=1
STALL_MAIN 35992 us state=1
STALL_MAIN 36310 us state=1
STALL_MAIN 34292 us state=1
STALL_MAIN 35692 us state=1
STALL_MAIN 36279 us state=1
STALL_MAIN 36442 us state=1
STALL_MAIN 35614 us state=1
STALL_MAIN 34659 us state=1
STALL_MAIN 36062 us state=1
STALL_MAIN 21350 us state=1
STALL_MAIN 35479 us state=1
STALL_MAIN 35399 us state=1
STALL_MAIN 35835 us state=1
STALL_MAIN 33320 us state=1
STALL_MAIN 31356 us state=1
STALL_MAIN 35434 us state=1
STALL_MAIN 23389 us state=1
STALL_MAIN 30939 us state=1
STALL_MAIN 35354 us state=1
STALL_MAIN 34079 us state=1
STALL_MAIN 33800 us state=1
STALL_MAIN 33381 us state=1
STALL_MAIN 34719 us state=1
STALL_MAIN 35145 us state=1
STALL_MAIN 34411 us state=1
STALL_MAIN 34057 us state=1
STALL_MAIN 34646 us state=1
STALL_MAIN 34484 us state=1
STALL_MAIN 35259 us state=1
STALL_MAIN 34236 us state=1
STALL_MAIN 36473 us state=1
STALL_MAIN 34357 us state=1
STALL_MAIN 33241 us state=1
STALL_MAIN 33692 us state=1
STALL_MAIN 16959 us state=1
STALL_MAIN 33150 us state=1
STALL_MAIN 33538 us state=1
STALL_MAIN 34084 us state=1
STALL_MAIN 33524 us state=1
STALL_MAIN 34775 us state=1
STALL_MAIN 35460 us state=1
STALL_MAIN 31414 us state=1
STALL_MAIN 31714 us state=1
STALL_MAIN 33002 us state=1
STALL_MAIN 36278 us state=1
STALL_MAIN 34805 us state=1
STALL_MAIN 36171 us state=1
STALL_MAIN 35823 us state=1
STALL_MAIN 36382 us state=1
STALL_MAIN 35439 us state=1
STALL_MAIN 34033 us state=1
STALL_MAIN 32683 us state=1
STALL_MAIN 34623 us state=1
STALL_MAIN 35364 us state=1
STALL_MAIN 34231 us state=1
STALL_MAIN 30541 us state=1
STALL_MAIN 34263 us state=1
STALL_MAIN 33010 us state=1
STALL_MAIN 32762 us state=1
STALL_MAIN 33814 us state=1
STALL_MAIN 33021 us state=1
STALL_MAIN 33198 us state=1
STALL_MAIN 34636 us state=1
STALL_MAIN 33645 us state=1
STALL_MAIN 32036 us state=1
STALL_MAIN 32600 us state=1
STALL_MAIN 31824 us state=1
STALL_MAIN 33793 us state=1
STALL_MAIN 30976 us state=1
STALL_MAIN 34292 us state=1
STALL_MAIN 35108 us state=1
STALL_MAIN 35453 us state=1
STALL_MAIN 27256 us state=1
STALL_MAIN 31408 us state=1
STALL_MAIN 34385 us state=1
STALL_MAIN 34627 us state=1
STALL_MAIN 31808 us state=1
STALL_MAIN 31625 us state=1
STALL_MAIN 34791 us state=1
STALL_MAIN 33312 us state=1
STALL_MAIN 36048 us state=1
STALL_MAIN 35594 us state=1
STALL_MAIN 34056 us state=1
STALL_MAIN 27733 us state=1
STALL_MAIN 35279 us state=1
STALL_MAIN 36065 us state=1
STALL_MAIN 37804 us state=1
STALL_MAIN 36236 us state=1
STALL_MAIN 34423 us state=1
STALL_MAIN 37750 us state=1
STALL_MAIN 35621 us state=1
STALL_MAIN 34247 us state=1
STALL_MAIN 34222 us state=1
STALL_MAIN 36471 us state=1
STALL_MAIN 36979 us state=1
STALL_MAIN 35566 us state=1
STALL_MAIN 35057 us state=1
STALL_MAIN 36116 us state=1
STALL_MAIN 35578 us state=1
STALL_MAIN 34209 us state=1
STALL_MAIN 36072 us state=1
STALL_MAIN 33258 us state=1
STALL_MAIN 10997 us state=1
STALL_MAIN 33688 us state=1
STALL_MAIN 20923 us state=1
STALL_MAIN 36002 us state=1
STALL_MAIN 34930 us state=1
STALL_MAIN 35528 us state=1
STALL_MAIN 36315 us state=1
STALL_MAIN 36352 us state=1
STALL_MAIN 36398 us state=1
STALL_MAIN 30535 us state=1
STALL_MAIN 36667 us state=1
STALL_MAIN 31256 us state=1
STALL_MAIN 34887 us state=1
STALL_MAIN 36097 us state=1
STALL_MAIN 36170 us state=1
STALL_MAIN 33412 us state=1
STALL_MAIN 36262 us state=1
STALL_MAIN 35681 us state=1
STALL_MAIN 35468 us state=1
STALL_MAIN 36388 us state=1
STALL_MAIN 36999 us state=1
STALL_MAIN 36373 us state=1
STALL_MAIN 37585 us state=1
STALL_MAIN 35552 us state=1
STALL_MAIN 36878 us state=1
STALL_MAIN 35800 us state=1
STALL_MAIN 35613 us state=1
STALL_MAIN 36381 us state=1
STALL_MAIN 34338 us state=1
STALL_MAIN 35681 us state=1
STALL_MAIN 35707 us state=1
STALL_MAIN 35186 us state=1
STALL_MAIN 37201 us state=1
STALL_MAIN 35660 us state=1
STALL_MAIN 33562 us state=1
STALL_MAIN 32919 us state=1
STALL_MAIN 33381 us state=1
STALL_MAIN 35600 us state=1
STALL_MAIN 10857 us state=1
STALL_MAIN 35874 us state=1
STALL_MAIN 38312 us state=1
STALL_MAIN 38252 us state=1
STALL_MAIN 36429 us state=1
STALL_MAIN 35610 us state=1
STALL_MAIN 36101 us state=1
STALL_MAIN 35799 us state=1
STALL_MAIN 36393 us state=1
STALL_MAIN 35902 us state=1
STALL_MAIN 34231 us state=1
STALL_MAIN 36838 us state=1
STALL_MAIN 36679 us state=1
STALL_MAIN 34753 us state=1
STALL_MAIN 34960 us state=1
STALL_MAIN 29403 us state=1
STALL_MAIN 31758 us state=1
STALL_MAIN 34050 us state=1
STALL_MAIN 35411 us state=1
STALL_MAIN 34588 us state=1
STALL_MAIN 36067 us state=1
STALL_MAIN 32980 us state=1
STALL_MAIN 35147 us state=1
STALL_MAIN 34517 us state=1
STALL_MAIN 34046 us state=1
STALL_MAIN 34783 us state=1
STALL_MAIN 21965 us state=1
STALL_MAIN 31591 us state=1
STALL_MAIN 35123 us state=1
STALL_MAIN 22523 us state=1
STALL_MAIN 35591 us state=1
STALL_MAIN 35560 us state=1
STALL_MAIN 34078 us state=1
STALL_MAIN 20877 us state=1
STALL_MAIN 35361 us state=1
STALL_MAIN 27435 us state=1
STALL_MAIN 33002 us state=1
STALL_MAIN 26649 us state=1
STALL_MAIN 31770 us state=1
STALL_MAIN 33711 us state=1
STALL_MAIN 30838 us state=1
STALL_MAIN 28921 us state=1
STALL_MAIN 10820 us state=1
STALL_MAIN 10711 us state=1
STALL_MAIN 29713 us state=1
STALL_MAIN 10088 us state=1
STALL_MAIN 32626 us state=1
STALL_MAIN 29506 us state=1
STALL_MAIN 31943 us state=1
STALL_MAIN 31135 us state=1
STALL_MAIN 34395 us state=1
STALL_MAIN 34257 us state=1
STALL_MAIN 32230 us state=1
STALL_MAIN 34110 us state=1
STALL_MAIN 31422 us state=1
STALL_MAIN 16925 us state=1
STALL_MAIN 32079 us state=1
STALL_MAIN 35082 us state=1
STALL_MAIN 31404 us state=1
STALL_MAIN 32111 us state=1
STALL_MAIN 33846 us state=1
STALL_MAIN 35039 us state=1
STALL_MAIN 30595 us state=1
STALL_MAIN 35425 us state=1
STALL_MAIN 33402 us state=1
STALL_MAIN 31469 us state=1
STALL_MAIN 34518 us state=1
STALL_MAIN 31990 us state=1
STALL_MAIN 15903 us state=1
STALL_MAIN 25629 us state=1
STALL_MAIN 31669 us state=1
STALL_MAIN 30876 us state=1
STALL_MAIN 31182 us state=1
STALL_MAIN 31041 us state=1
STALL_MAIN 23754 us state=1
STALL_MAIN 29799 us state=1
STALL_MAIN 28886 us state=1
STALL_MAIN 34814 us state=1
STALL_MAIN 33160 us state=1
STALL_MAIN 33968 us state=1
STALL_MAIN 20856 us state=1
STALL_MAIN 20162 us state=1
STALL_MAIN 33668 us state=1
STALL_MAIN 32790 us state=1
STALL_MAIN 25155 us state=1
STALL_MAIN 33278 us state=1
STALL_MAIN 30401 us state=1
STALL_MAIN 32748 us state=1
STALL_MAIN 33833 us state=1
STALL_MAIN 34276 us state=1
STALL_MAIN 34210 us state=1
STALL_MAIN 32340 us state=1
STALL_MAIN 32684 us state=1
STALL_MAIN 32856 us state=1
STALL_MAIN 33176 us state=1
STALL_MAIN 32074 us state=1
STALL_MAIN 30936 us state=1
STALL_MAIN 35388 us state=1
STALL_MAIN 34798 us state=1
STALL_MAIN 33335 us state=1
STALL_MAIN 31389 us state=1
STALL_MAIN 33450 us state=1
STALL_MAIN 33159 us state=1
STALL_MAIN 35664 us state=1
STALL_MAIN 36579 us state=1
STALL_MAIN 35594 us state=1
STALL_MAIN 34431 us state=1
STALL_MAIN 35115 us state=1
STALL_MAIN 34198 us state=1
STALL_MAIN 35112 us state=1
STALL_MAIN 34269 us state=1
STALL_MAIN 35343 us state=1
STALL_MAIN 33638 us state=1
STALL_MAIN 33863 us state=1
STALL_MAIN 32373 us state=1
STALL_MAIN 35431 us state=1
STALL_MAIN 33612 us state=1
STALL_MAIN 35237 us state=1
STALL_MAIN 32724 us state=1
STALL_MAIN 33333 us state=1
STALL_MAIN 34663 us state=1
STALL_MAIN 36116 us state=1
STALL_MAIN 36010 us state=1
STALL_MAIN 34686 us state=1
STALL_MAIN 36402 us state=1
STALL_MAIN 35941 us state=1
STALL_MAIN 32450 us state=1
STALL_MAIN 35295 us state=1
STALL_MAIN 33504 us state=1
STALL_MAIN 35564 us state=1
STALL_MAIN 35083 us state=1
STALL_MAIN 35833 us state=1
STALL_MAIN 35649 us state=1
STALL_MAIN 34272 us state=1
STALL_MAIN 35578 us state=1
STALL_MAIN 35962 us state=1
STALL_MAIN 35528 us state=1
STALL_MAIN 35875 us state=1
STALL_MAIN 35354 us state=1
STALL_MAIN 35218 us state=1
STALL_MAIN 36276 us state=1
STALL_MAIN 35890 us state=1
STALL_MAIN 36114 us state=1
STALL_MAIN 35428 us state=1
STALL_MAIN 34752 us state=1
STALL_MAIN 35577 us state=1
STALL_MAIN 34243 us state=1
STALL_MAIN 32846 us state=1
STALL_MAIN 34838 us state=1
STALL_MAIN 35419 us state=1
STALL_MAIN 35374 us state=1
STALL_MAIN 36474 us state=1
STALL_MAIN 35322 us state=1
STALL_MAIN 36521 us state=1
STALL_MAIN 34323 us state=1
STALL_MAIN 24728 us state=1
STALL_MAIN 34870 us state=1
STALL_MAIN 36525 us state=1
STALL_MAIN 36996 us state=1
STALL_MAIN 33710 us state=1
STALL_MAIN 34934 us state=1
STALL_MAIN 35826 us state=1
STALL_MAIN 34787 us state=1
STALL_MAIN 33217 us state=1
STALL_MAIN 34703 us state=1

=== main-thread off-CPU duration hist (us) ===
@offcpu_us:
[1]                    8 |                                                    |
[2, 4)              2341 |@@@@@@@@@@@@@@@@@@@@@@@@@@@@@@@@@@@@@@@@@@@@@@@     |
[4, 8)              2589 |@@@@@@@@@@@@@@@@@@@@@@@@@@@@@@@@@@@@@@@@@@@@@@@@@@@@|
[8, 16)             1103 |@@@@@@@@@@@@@@@@@@@@@@                              |
[16, 32)             267 |@@@@@                                               |
[32, 64)             129 |@@                                                  |
[64, 128)            470 |@@@@@@@@@                                           |
[128, 256)            94 |@                                                   |
[256, 512)            56 |@                                                   |
[512, 1K)             66 |@                                                   |
[1K, 2K)              73 |@                                                   |
[2K, 4K)              14 |                                                    |
[4K, 8K)               7 |                                                    |
[8K, 16K)             15 |                                                    |
[16K, 32K)           109 |@@                                                  |
[32K, 64K)           448 |@@@@@@@@                                            |


=== switch-out counts by prev_state (R=0 S=1 D=2 ...) ===
@by_state[256]: 153
@by_state[2]: 563
@by_state[0]: 850
@by_state[1]: 6223

=== stall totals (>=1ms blocks) ===
@stall_us_total: 19316044
@stall_n: 669

=== stall time by thread state (us) ===
@stall_state_us[256]: 3277
@stall_state_us[0]: 41885
@stall_state_us[2]: 80626
@stall_state_us[1]: 19190256

=== stall time by blocking stack (us, top 20) ===
@stall_stack_us[
        0x7f949c9dcfa3
        0x120000
        0x558435110698
        0x558435110698
        0x558435110698
        0x558435110698
        0x558435110698
        0x558435110698
        0x558435110698
        0x558435110698
        0x558435110698
        0x558435110698
        0x558435110698
        0x558435110698
        0x558435110698
        0x558435110698
]: 1481
@stall_stack_us[
        __pthread_getspecific+29
        0x4046dfb8
        0x40785934
        0x401c67a6
        0x7f949c846428
        0x7f949c9e578f
        0x558431b82490
]: 1618
@stall_stack_us[
        0x7f949ca4d762
]: 1619
@stall_stack_us[
        0x7f949c9ace8e
        0
]: 1640
@stall_stack_us[
        GC_dirty_inner+41
        0x4046dfb8
        0x40785934
        0x401c67a6
        0x7f949c846428
        0x7f949c9e578f
        0x558431b82490
]: 1845
@stall_stack_us[
        0x7f949c9ace49
        0
]: 1866
@stall_stack_us[
        0x7f953e94cf10
        0
]: 1932
@stall_stack_us[
        0x7f949ca0c2f7
        0
]: 2275
@stall_stack_us[
        0x4019be20
        0x4046dfb8
        0x40785934
        0x401c67a6
        0x7f949c846428
        0x7f949c9e578f
        0x558431b82490
]: 2370
@stall_stack_us[
        0x7f949c99d308
]: 2383
@stall_stack_us[
        0x40b49a0d
        0x7f9470169f3b
        0x7f93fc07dedb
        0x7f93fc093433
        0x7f94788cb95b
        0x7f93fc07fabb
        0x401c67a6
        0x7f949c846428
        0x7f949c9e578f
        0x558431b82490
]: 2441
@stall_stack_us[
        0x7f949c9cb8e4
]: 2993
@stall_stack_us[
        0x401b5f18
        0x4046dfb8
        0x40785934
        0x401c67a6
        0x7f949c846428
        0x7f949c9e578f
        0x558431b82490
]: 3376
@stall_stack_us[
        0x7f949c9cb62c
]: 3973
@stall_stack_us[
        0x7f949ca0f6a9
        0
        0x1c00000000000001
        0x558431b48de8
        0x558431b48de8
        0x558431b48de8
        0x558431b48de8
        0x558431b48de8
        0x558431b48de8
        0x558431b48de8
        0x558431b48de8
        0x558431b48de8
        0x558431b48de8
        0x558431b48de8
        0x558431b48de8
        0x558431b48de8
]: 7087
@stall_stack_us[
        syscall+29
]: 7448
@stall_stack_us[
        sigsuspend+151
        GC_suspend_handler+31
]: 9139
@stall_stack_us[
        __xstat64+22
        0x401a1784
        0x4019de60
        0x40201d40
        0x40201cac
        0
        0x3f00000000000001
        0x558432078198
        0x558432078198
        0x558432078198
        0x558432078198
        0x558432078198
        0x558432078198
        0x558432078198
        0x558432078198
        0x558432078198
]: 15507
@stall_stack_us[
        0x7f953cab61f2
        0x7f949ca2b5d3
]: 60458
@stall_stack_us[
        0x7f953cab61f2
]: 19176946


@by_state[256]: 153
@by_state[2]: 563
@by_state[0]: 850
@by_state[1]: 6223
@offcpu_us:
[1]                    8 |                                                    |
[2, 4)              2341 |@@@@@@@@@@@@@@@@@@@@@@@@@@@@@@@@@@@@@@@@@@@@@@@     |
[4, 8)              2589 |@@@@@@@@@@@@@@@@@@@@@@@@@@@@@@@@@@@@@@@@@@@@@@@@@@@@|
[8, 16)             1103 |@@@@@@@@@@@@@@@@@@@@@@                              |
[16, 32)             267 |@@@@@                                               |
[32, 64)             129 |@@                                                  |
[64, 128)            470 |@@@@@@@@@                                           |
[128, 256)            94 |@                                                   |
[256, 512)            56 |@                                                   |
[512, 1K)             66 |@                                                   |
[1K, 2K)              73 |@                                                   |
[2K, 4K)              14 |                                                    |
[4K, 8K)               7 |                                                    |
[8K, 16K)             15 |                                                    |
[16K, 32K)           109 |@@                                                  |
[32K, 64K)           448 |@@@@@@@@                                            |

@stall_n: 669
@stall_stack_us[
        0x7f949ca0f68f
        0x120000
        0x5584351d7378
        0x5584351d7378
        0x5584351d7378
        0x5584351d7378
        0x5584351d7378
        0x5584351d7378
        0x5584351d7378
        0x5584351d7378
        0x5584351d7378
        0x5584351d7378
        0x5584351d7378
        0x5584351d7378
        0x5584351d7378
        0x5584351d7378
]: 1037
@stall_stack_us[
        0x7f949c9b2517
]: 1119
@stall_stack_us[
        sendfile64+14
]: 1308
@stall_stack_us[
        GC_dirty_inner+41
]: 1358
@stall_stack_us[
        0x7f949c9dcfcf
]: 1404
@stall_stack_us[
        0x7f953cab61f2
        0x7f949caab829
        0x7f949caab829
        0x7f949caab829
        0x7f949caab829
        0x7f949caab829
        0x7f949caab829
        0x7f949caab829
        0x7f949caab829
        0x7f949caab829
        0x7f949caab829
        0x7f949caab829
        0x7f949caab829
        0x7f949caab829
        0x7f949caab829
        0x7f949caab829
]: 1421
@stall_stack_us[
        0x7f949c9dcfa3
        0x120000
        0x558435110698
        0x558435110698
        0x558435110698
        0x558435110698
        0x558435110698
        0x558435110698
        0x558435110698
        0x558435110698
        0x558435110698
        0x558435110698
        0x558435110698
        0x558435110698
        0x558435110698
        0x558435110698
]: 1481
@stall_stack_us[
        __pthread_getspecific+29
        0x4046dfb8
        0x40785934
        0x401c67a6
        0x7f949c846428
        0x7f949c9e578f
        0x558431b82490
]: 1618
@stall_stack_us[
        0x7f949ca4d762
]: 1619
@stall_stack_us[
        0x7f949c9ace8e
        0
]: 1640
@stall_stack_us[
        GC_dirty_inner+41
        0x4046dfb8
        0x40785934
        0x401c67a6
        0x7f949c846428
        0x7f949c9e578f
        0x558431b82490
]: 1845
@stall_stack_us[
        0x7f949c9ace49
        0
]: 1866
@stall_stack_us[
        0x7f953e94cf10
        0
]: 1932
@stall_stack_us[
        0x7f949ca0c2f7
        0
]: 2275
@stall_stack_us[
        0x4019be20
        0x4046dfb8
        0x40785934
        0x401c67a6
        0x7f949c846428
        0x7f949c9e578f
        0x558431b82490
]: 2370
@stall_stack_us[
        0x7f949c99d308
]: 2383
@stall_stack_us[
        0x40b49a0d
        0x7f9470169f3b
        0x7f93fc07dedb
        0x7f93fc093433
        0x7f94788cb95b
        0x7f93fc07fabb
        0x401c67a6
        0x7f949c846428
        0x7f949c9e578f
        0x558431b82490
]: 2441
@stall_stack_us[
        0x7f949c9cb8e4
]: 2993
@stall_stack_us[
        0x401b5f18
        0x4046dfb8
        0x40785934
        0x401c67a6
        0x7f949c846428
        0x7f949c9e578f
        0x558431b82490
]: 3376
@stall_stack_us[
        0x7f949c9cb62c
]: 3973
@stall_stack_us[
        0x7f949ca0f6a9
        0
        0x1c00000000000001
        0x558431b48de8
        0x558431b48de8
        0x558431b48de8
        0x558431b48de8
        0x558431b48de8
        0x558431b48de8
        0x558431b48de8
        0x558431b48de8
        0x558431b48de8
        0x558431b48de8
        0x558431b48de8
        0x558431b48de8
        0x558431b48de8
]: 7087
@stall_stack_us[
        syscall+29
]: 7448
@stall_stack_us[
        sigsuspend+151
        GC_suspend_handler+31
]: 9139
@stall_stack_us[
        __xstat64+22
        0x401a1784
        0x4019de60
        0x40201d40
        0x40201cac
        0
        0x3f00000000000001
        0x558432078198
        0x558432078198
        0x558432078198
        0x558432078198
        0x558432078198
        0x558432078198
        0x558432078198
        0x558432078198
        0x558432078198
]: 15507
@stall_stack_us[
        0x7f953cab61f2
        0x7f949ca2b5d3
]: 60458
@stall_stack_us[
        0x7f953cab61f2
]: 19176946
@stall_state_us[256]: 3277
@stall_state_us[0]: 41885
@stall_state_us[2]: 80626
@stall_state_us[1]: 19190256
@stall_us_total: 19316044
