/home/maci/Desktop/7dtd/7dtd-loadgen/workspace/bench/lap1/join-probe/apm/session_20260822_084826_pid855510/bt/runqlat.bt:20:12-48: WARNING: signed operands for '/' can lead to undefined behavior (cast to unsigned to silence warning)
    $us = (nsecs - @wake[args.next_pid]) / 1000;
           ~~~~~~~~~~~~~~~~~~~~~~~~~~~~~~~~~~~~
/home/maci/Desktop/7dtd/7dtd-loadgen/workspace/bench/lap1/join-probe/apm/session_20260822_084826_pid855510/bt/runqlat.bt:20:12-48: WARNING: signed operands for '/' can lead to undefined behavior (cast to unsigned to silence warning)
    $us = (nsecs - @wake[args.next_pid]) / 1000;
           ~~~~~~~~~~~~~~~~~~~~~~~~~~~~~~~~~~~~
/home/maci/Desktop/7dtd/7dtd-loadgen/workspace/bench/lap1/join-probe/apm/session_20260822_084826_pid855510/bt/runqlat.bt:20:12-17: WARNING: Expression of type: uint64 being cast to type: int64. This may cause unexpected results. Use an explicit cast to suppress this warning.
    $us = (nsecs - @wake[args.next_pid]) / 1000;
           ~~~~~
/home/maci/Desktop/7dtd/7dtd-loadgen/workspace/bench/lap1/join-probe/apm/session_20260822_084826_pid855510/bt/runqlat.bt:20:20-40: WARNING: Expression of type: uint64 being cast to type: int64. This may cause unexpected results. Use an explicit cast to suppress this warning.
    $us = (nsecs - @wake[args.next_pid]) / 1000;
                   ~~~~~~~~~~~~~~~~~~~~
/home/maci/Desktop/7dtd/7dtd-loadgen/workspace/bench/lap1/join-probe/apm/session_20260822_084826_pid855510/bt/runqlat.bt:21:5-34: WARNING: Return value discarded.
    delete(@wake[args.next_pid]);
    ~~~~~~~~~~~~~~~~~~~~~~~~~~~~~

=== run-queue latency (us) for 7DaysToDieServe ===
0-10us ideal; multi-ms = CPU contention or affinity issues
@runqlat_us:
[0]                 8648 |@@@@@@@@@@@@@@@@@@@@@@@@@@@@@@@@@@@@@@@@@@@@@@@@@@@@|
[1]                 3303 |@@@@@@@@@@@@@@@@@@@                                 |
[2, 4)               883 |@@@@@                                               |
[4, 8)               114 |                                                    |
[8, 16)               54 |                                                    |
[16, 32)              32 |                                                    |
[32, 64)              17 |                                                    |
[64, 128)             21 |                                                    |
[128, 256)            10 |                                                    |
[256, 512)            12 |                                                    |
[512, 1K)              5 |                                                    |
[1K, 2K)               0 |                                                    |
[2K, 4K)               2 |                                                    |



@runqlat_us:
[0]                 8648 |@@@@@@@@@@@@@@@@@@@@@@@@@@@@@@@@@@@@@@@@@@@@@@@@@@@@|
[1]                 3303 |@@@@@@@@@@@@@@@@@@@                                 |
[2, 4)               883 |@@@@@                                               |
[4, 8)               114 |                                                    |
[8, 16)               54 |                                                    |
[16, 32)              32 |                                                    |
[32, 64)              17 |                                                    |
[64, 128)             21 |                                                    |
[128, 256)            10 |                                                    |
[256, 512)            12 |                                                    |
[512, 1K)              5 |                                                    |
[1K, 2K)               0 |                                                    |
[2K, 4K)               2 |                                                    |

