/home/maci/Desktop/7dtd/7dtd-loadgen/workspace/bench/lap1/join-probe/apm/session_20260822_084826_pid855510/bt/block.bt:20:12-57: WARNING: signed operands for '/' can lead to undefined behavior (cast to unsigned to silence warning)
    $us = (nsecs - @start[args.dev, args.sector]) / 1000;
           ~~~~~~~~~~~~~~~~~~~~~~~~~~~~~~~~~~~~~~~~~~~~~
/home/maci/Desktop/7dtd/7dtd-loadgen/workspace/bench/lap1/join-probe/apm/session_20260822_084826_pid855510/bt/block.bt:20:12-57: WARNING: signed operands for '/' can lead to undefined behavior (cast to unsigned to silence warning)
    $us = (nsecs - @start[args.dev, args.sector]) / 1000;
           ~~~~~~~~~~~~~~~~~~~~~~~~~~~~~~~~~~~~~~~~~~~~~
/home/maci/Desktop/7dtd/7dtd-loadgen/workspace/bench/lap1/join-probe/apm/session_20260822_084826_pid855510/bt/block.bt:20:12-17: WARNING: Expression of type: uint64 being cast to type: int64. This may cause unexpected results. Use an explicit cast to suppress this warning.
    $us = (nsecs - @start[args.dev, args.sector]) / 1000;
           ~~~~~
/home/maci/Desktop/7dtd/7dtd-loadgen/workspace/bench/lap1/join-probe/apm/session_20260822_084826_pid855510/bt/block.bt:20:20-49: WARNING: Expression of type: uint64 being cast to type: int64. This may cause unexpected results. Use an explicit cast to suppress this warning.
    $us = (nsecs - @start[args.dev, args.sector]) / 1000;
                   ~~~~~~~~~~~~~~~~~~~~~~~~~~~~~
/home/maci/Desktop/7dtd/7dtd-loadgen/workspace/bench/lap1/join-probe/apm/session_20260822_084826_pid855510/bt/block.bt:21:5-43: WARNING: Return value discarded.
    delete(@start[args.dev, args.sector]);
    ~~~~~~~~~~~~~~~~~~~~~~~~~~~~~~~~~~~~~~
16:48:31 @issue_n: 6420
@complete_n: 6262
@lat_sum_us: 410888
16:48:36 @issue_n: 8612
@complete_n: 8289
@lat_sum_us: 774707
16:48:41 @issue_n: 11095
@complete_n: 10717
@lat_sum_us: 1088427
16:48:46 @issue_n: 16160
@complete_n: 15626
@lat_sum_us: 1723662
16:48:51 @issue_n: 22384
@complete_n: 21764
@lat_sum_us: 2240439
16:48:57 @issue_n: 23013
@complete_n: 22366
@lat_sum_us: 2359296

=== block RQ latency us ===
@lat_us:
[0]                    7 |                                                    |
[1]                    8 |                                                    |
[2, 4)                49 |                                                    |
[4, 8)              1152 |@@@@@                                               |
[8, 16)             2869 |@@@@@@@@@@@@                                        |
[16, 32)            1038 |@@@@                                                |
[32, 64)            3204 |@@@@@@@@@@@@@                                       |
[64, 128)          11932 |@@@@@@@@@@@@@@@@@@@@@@@@@@@@@@@@@@@@@@@@@@@@@@@@@@@@|
[128, 256)          1564 |@@@@@@                                              |
[256, 512)           144 |                                                    |
[512, 1K)            109 |                                                    |
[1K, 2K)             184 |                                                    |
[2K, 4K)              96 |                                                    |
[4K, 8K)              10 |                                                    |


=== issue size bytes ===
@issue_bytes:
[0]                  111 |                                                    |
[1]                    0 |                                                    |
[2, 4)                 0 |                                                    |
[4, 8)                 0 |                                                    |
[8, 16)                0 |                                                    |
[16, 32)               0 |                                                    |
[32, 64)               0 |                                                    |
[64, 128)              0 |                                                    |
[128, 256)             0 |                                                    |
[256, 512)             0 |                                                    |
[512, 1K)              2 |                                                    |
[1K, 2K)               0 |                                                    |
[2K, 4K)               0 |                                                    |
[4K, 8K)            4508 |@@@@@@@@@@@@@@@@@@@@@@@@@                           |
[8K, 16K)           2494 |@@@@@@@@@@@@@                                       |
[16K, 32K)          9264 |@@@@@@@@@@@@@@@@@@@@@@@@@@@@@@@@@@@@@@@@@@@@@@@@@@@@|
[32K, 64K)          3186 |@@@@@@@@@@@@@@@@@                                   |
[64K, 128K)         1596 |@@@@@@@@                                            |
[128K, 256K)        1852 |@@@@@@@@@@                                          |


counts issue/complete:
@issue_n: 23013
@complete_n: 22366


@complete_n: 22366
@issue_bytes:
[0]                  111 |                                                    |
[1]                    0 |                                                    |
[2, 4)                 0 |                                                    |
[4, 8)                 0 |                                                    |
[8, 16)                0 |                                                    |
[16, 32)               0 |                                                    |
[32, 64)               0 |                                                    |
[64, 128)              0 |                                                    |
[128, 256)             0 |                                                    |
[256, 512)             0 |                                                    |
[512, 1K)              2 |                                                    |
[1K, 2K)               0 |                                                    |
[2K, 4K)               0 |                                                    |
[4K, 8K)            4508 |@@@@@@@@@@@@@@@@@@@@@@@@@                           |
[8K, 16K)           2494 |@@@@@@@@@@@@@                                       |
[16K, 32K)          9264 |@@@@@@@@@@@@@@@@@@@@@@@@@@@@@@@@@@@@@@@@@@@@@@@@@@@@|
[32K, 64K)          3186 |@@@@@@@@@@@@@@@@@                                   |
[64K, 128K)         1596 |@@@@@@@@                                            |
[128K, 256K)        1852 |@@@@@@@@@@                                          |

@issue_n: 23013
@lat_sum_us: 2359296
@lat_us:
[0]                    7 |                                                    |
[1]                    8 |                                                    |
[2, 4)                49 |                                                    |
[4, 8)              1152 |@@@@@                                               |
[8, 16)             2869 |@@@@@@@@@@@@                                        |
[16, 32)            1038 |@@@@                                                |
[32, 64)            3204 |@@@@@@@@@@@@@                                       |
[64, 128)          11932 |@@@@@@@@@@@@@@@@@@@@@@@@@@@@@@@@@@@@@@@@@@@@@@@@@@@@|
[128, 256)          1564 |@@@@@@                                              |
[256, 512)           144 |                                                    |
[512, 1K)            109 |                                                    |
[1K, 2K)             184 |                                                    |
[2K, 4K)              96 |                                                    |
[4K, 8K)              10 |                                                    |

@start[0, 0]: 544362356723664
@start[271581184, 1212697056]: 544362590522126
@start[271581184, 1182534112]: 544362592694379
@start[271581185, 2265157984]: 544362759751906
@start[271581186, 351183464]: 544362759769029
@start[271581186, 491677664]: 544362759785780
@start[271581185, 2265177248]: 544362767642941
@start[271581185, 2265177920]: 544362767716589
@start[271581185, 1184891288]: 544362770606081
@start[271581186, 2263117952]: 544362772220155
@start[271581184, 2256827680]: 544362772342685
@start[271581186, 2263142176]: 544362773579941
@start[271581186, 2263148320]: 544362775814211
@start[271581184, 2256850304]: 544362778073619
@start[271581185, 980992856]: 544363517551665
@start[271581186, 1452871216]: 544372179469236
@start[271581185, 2996570080]: 544372180301561
@start[271581185, 2996476016]: 544377707041905
@start[271581185, 3036068384]: 544378239476628
@start[271581186, 122818168]: 544378279206836
@start[271581185, 981234416]: 544378420793211
@start[271581185, 860979744]: 544378421863142
@start[271581184, 613683816]: 544378630051331
@start[271581185, 1521903520]: 544383757178888
@start[271581184, 1212381216]: 544383777869154
@start[271581185, 1172342472]: 544383778919829
@start[271581186, 491839456]: 544383962124561
@start[271581186, 2263163808]: 544383962981963
@start[271581185, 2265253024]: 544383963065080
@start[271581186, 491841384]: 544383963653005
@start[271581186, 2263206976]: 544383967159526
@start[271581184, 2256927136]: 544383968003563
