/home/maci/Desktop/7dtd/7dtd-loadgen/workspace/bench/lap1/join-fast/apm/session_20260822_084745_pid855510/bt/offcpu.bt:27:20-25: WARNING: Expression of type: uint64 being cast to type: int64. This may cause unexpected results. Use an explicit cast to suppress this warning.
    $us = (uint64)(nsecs - @start[args.next_pid]) / 1000;
                   ~~~~~
/home/maci/Desktop/7dtd/7dtd-loadgen/workspace/bench/lap1/join-fast/apm/session_20260822_084745_pid855510/bt/offcpu.bt:27:28-49: WARNING: Expression of type: uint64 being cast to type: int64. This may cause unexpected results. Use an explicit cast to suppress this warning.
    $us = (uint64)(nsecs - @start[args.next_pid]) / 1000;
                           ~~~~~~~~~~~~~~~~~~~~~
/home/maci/Desktop/7dtd/7dtd-loadgen/workspace/bench/lap1/join-fast/apm/session_20260822_084745_pid855510/bt/offcpu.bt:28:5-35: WARNING: Return value discarded.
    delete(@start[args.next_pid]);
    ~~~~~~~~~~~~~~~~~~~~~~~~~~~~~~
/home/maci/Desktop/7dtd/7dtd-loadgen/workspace/bench/lap1/join-fast/apm/session_20260822_084745_pid855510/bt/offcpu.bt:40:5-41: WARNING: Return value discarded.
    delete(@block_stack[args.next_pid]);
    ~~~~~~~~~~~~~~~~~~~~~~~~~~~~~~~~~~~~
/home/maci/Desktop/7dtd/7dtd-loadgen/workspace/bench/lap1/join-fast/apm/session_20260822_084745_pid855510/bt/offcpu.bt:41:5-40: WARNING: Return value discarded.
    delete(@block_state[args.next_pid]);
    ~~~~~~~~~~~~~~~~~~~~~~~~~~~~~~~~~~~
STALL_MAIN 33035 us state=1
STALL_MAIN 33273 us state=1
STALL_MAIN 32440 us state=1
STALL_MAIN 31834 us state=1
STALL_MAIN 31079 us state=1
STALL_MAIN 30836 us state=1
STALL_MAIN 28793 us state=1
STALL_MAIN 33965 us state=1
STALL_MAIN 30680 us state=1
STALL_MAIN 33386 us state=1
STALL_MAIN 32098 us state=1
STALL_MAIN 34350 us state=1
STALL_MAIN 33038 us state=1
STALL_MAIN 36264 us state=1
STALL_MAIN 33330 us state=1
STALL_MAIN 30714 us state=1
STALL_MAIN 33621 us state=1
STALL_MAIN 32483 us state=1
STALL_MAIN 34920 us state=1
STALL_MAIN 34203 us state=1
STALL_MAIN 34950 us state=1
STALL_MAIN 35424 us state=1
STALL_MAIN 33077 us state=1
STALL_MAIN 35001 us state=1
STALL_MAIN 34232 us state=1
STALL_MAIN 32627 us state=1
STALL_MAIN 34483 us state=1
STALL_MAIN 32682 us state=1
STALL_MAIN 34076 us state=1
STALL_MAIN 32970 us state=1
STALL_MAIN 31228 us state=1
STALL_MAIN 26170 us state=1
STALL_MAIN 29191 us state=1
STALL_MAIN 33235 us state=1
STALL_MAIN 36253 us state=1
STALL_MAIN 36724 us state=1
STALL_MAIN 37356 us state=1
STALL_MAIN 36581 us state=1
STALL_MAIN 34807 us state=1
STALL_MAIN 32508 us state=1
STALL_MAIN 35665 us state=1
STALL_MAIN 35337 us state=1
STALL_MAIN 31706 us state=1
STALL_MAIN 35348 us state=1
STALL_MAIN 37212 us state=1
STALL_MAIN 32966 us state=1
STALL_MAIN 26178 us state=1
STALL_MAIN 28301 us state=1
STALL_MAIN 35065 us state=1
STALL_MAIN 31964 us state=1
STALL_MAIN 28821 us state=1
STALL_MAIN 31293 us state=1
STALL_MAIN 33645 us state=1
STALL_MAIN 33925 us state=1
STALL_MAIN 36787 us state=1
STALL_MAIN 35363 us state=1
STALL_MAIN 29844 us state=1
STALL_MAIN 35057 us state=1
STALL_MAIN 36128 us state=1
STALL_MAIN 36466 us state=1
STALL_MAIN 34669 us state=1
STALL_MAIN 37353 us state=1
STALL_MAIN 33487 us state=1
STALL_MAIN 36270 us state=1
STALL_MAIN 35485 us state=1
STALL_MAIN 35576 us state=1
STALL_MAIN 29703 us state=1
STALL_MAIN 36107 us state=1
STALL_MAIN 31597 us state=1
STALL_MAIN 35503 us state=1
STALL_MAIN 38430 us state=1
STALL_MAIN 35457 us state=1
STALL_MAIN 31482 us state=1
STALL_MAIN 37304 us state=1
STALL_MAIN 36761 us state=1
STALL_MAIN 36843 us state=1
STALL_MAIN 35892 us state=1
STALL_MAIN 35499 us state=1
STALL_MAIN 21106 us state=1
STALL_MAIN 34731 us state=1
STALL_MAIN 36153 us state=1
STALL_MAIN 18386 us state=1
STALL_MAIN 19597 us state=1
STALL_MAIN 34766 us state=1
STALL_MAIN 11385 us state=1
STALL_MAIN 37899 us state=1
STALL_MAIN 24325 us state=1
STALL_MAIN 38294 us state=1
STALL_MAIN 36415 us state=1
STALL_MAIN 33659 us state=1
STALL_MAIN 35624 us state=1
STALL_MAIN 36527 us state=1
STALL_MAIN 38030 us state=1
STALL_MAIN 34337 us state=1
STALL_MAIN 32582 us state=1
STALL_MAIN 37003 us state=1
STALL_MAIN 34131 us state=1
STALL_MAIN 37593 us state=1
STALL_MAIN 36096 us state=1
STALL_MAIN 32757 us state=1
STALL_MAIN 33103 us state=1
STALL_MAIN 36393 us state=1
STALL_MAIN 35218 us state=1
STALL_MAIN 12119 us state=1
STALL_MAIN 11389 us state=1
STALL_MAIN 33681 us state=1
STALL_MAIN 12149 us state=1
STALL_MAIN 37311 us state=1
STALL_MAIN 36057 us state=1
STALL_MAIN 34689 us state=1
STALL_MAIN 36577 us state=1
STALL_MAIN 32697 us state=1
STALL_MAIN 32009 us state=1
STALL_MAIN 37181 us state=1
STALL_MAIN 26913 us state=1
STALL_MAIN 33322 us state=1
STALL_MAIN 37509 us state=1
STALL_MAIN 38237 us state=1
STALL_MAIN 37868 us state=1
STALL_MAIN 38365 us state=1
STALL_MAIN 35371 us state=1
STALL_MAIN 26931 us state=1
STALL_MAIN 31630 us state=1
STALL_MAIN 32903 us state=1
STALL_MAIN 33691 us state=1
STALL_MAIN 31111 us state=1
STALL_MAIN 31359 us state=1
STALL_MAIN 31377 us state=1
STALL_MAIN 28266 us state=1
STALL_MAIN 31260 us state=1
STALL_MAIN 31697 us state=1
STALL_MAIN 33582 us state=1
STALL_MAIN 33566 us state=1
STALL_MAIN 15192 us state=1
STALL_MAIN 32695 us state=1
STALL_MAIN 33273 us state=1
STALL_MAIN 32887 us state=1
STALL_MAIN 30381 us state=1
STALL_MAIN 30967 us state=1
STALL_MAIN 31459 us state=1
STALL_MAIN 35951 us state=1
STALL_MAIN 33331 us state=1
STALL_MAIN 34788 us state=1
STALL_MAIN 33978 us state=1
STALL_MAIN 33491 us state=1
STALL_MAIN 35964 us state=1
STALL_MAIN 33867 us state=1
STALL_MAIN 32775 us state=1
STALL_MAIN 36044 us state=1
STALL_MAIN 32394 us state=1
STALL_MAIN 33238 us state=1
STALL_MAIN 31297 us state=1
STALL_MAIN 34048 us state=1
STALL_MAIN 33261 us state=1
STALL_MAIN 34054 us state=1
STALL_MAIN 27081 us state=1
STALL_MAIN 31858 us state=1
STALL_MAIN 34574 us state=1
STALL_MAIN 36402 us state=1
STALL_MAIN 20664 us state=1
STALL_MAIN 32246 us state=1
STALL_MAIN 10739 us state=1
STALL_MAIN 29030 us state=1
STALL_MAIN 26880 us state=1
STALL_MAIN 33789 us state=1
STALL_MAIN 29593 us state=1
STALL_MAIN 32308 us state=1
STALL_MAIN 28673 us state=1
STALL_MAIN 14138 us state=1
STALL_MAIN 32341 us state=1
STALL_MAIN 32071 us state=1
STALL_MAIN 30534 us state=1
STALL_MAIN 32502 us state=1
STALL_MAIN 34111 us state=1
STALL_MAIN 33646 us state=1
STALL_MAIN 35162 us state=1
STALL_MAIN 36625 us state=1
STALL_MAIN 33661 us state=1
STALL_MAIN 33414 us state=1
STALL_MAIN 34191 us state=1
STALL_MAIN 35176 us state=1
STALL_MAIN 36156 us state=1
STALL_MAIN 36880 us state=1
STALL_MAIN 37091 us state=1
STALL_MAIN 37285 us state=1
STALL_MAIN 37094 us state=1
STALL_MAIN 36965 us state=1
STALL_MAIN 20508 us state=1
STALL_MAIN 37042 us state=1
STALL_MAIN 17531 us state=1
STALL_MAIN 10410 us state=1
STALL_MAIN 37069 us state=1
STALL_MAIN 20991 us state=1
STALL_MAIN 17470 us state=1
STALL_MAIN 36371 us state=1
STALL_MAIN 34780 us state=1
STALL_MAIN 13204 us state=1
STALL_MAIN 11259 us state=1
STALL_MAIN 36367 us state=1
STALL_MAIN 36498 us state=1
STALL_MAIN 35829 us state=1
STALL_MAIN 33956 us state=1
STALL_MAIN 35237 us state=1
STALL_MAIN 35517 us state=1
STALL_MAIN 36787 us state=1
STALL_MAIN 37470 us state=1
STALL_MAIN 37910 us state=1
STALL_MAIN 38049 us state=1
STALL_MAIN 35949 us state=1
STALL_MAIN 35248 us state=1
STALL_MAIN 35456 us state=1
STALL_MAIN 31380 us state=1
STALL_MAIN 37000 us state=1
STALL_MAIN 35054 us state=1
STALL_MAIN 37597 us state=1
STALL_MAIN 39973 us state=1
STALL_MAIN 38921 us state=1
STALL_MAIN 34509 us state=1
STALL_MAIN 35441 us state=1
STALL_MAIN 35234 us state=1
STALL_MAIN 38140 us state=1
STALL_MAIN 37499 us state=1
STALL_MAIN 38427 us state=1
STALL_MAIN 37584 us state=1
STALL_MAIN 35714 us state=1
STALL_MAIN 38448 us state=1
STALL_MAIN 37807 us state=1
STALL_MAIN 30295 us state=1
STALL_MAIN 37035 us state=1
STALL_MAIN 36738 us state=1
STALL_MAIN 38024 us state=1
STALL_MAIN 36901 us state=1
STALL_MAIN 32568 us state=1
STALL_MAIN 36877 us state=1
STALL_MAIN 37601 us state=1
STALL_MAIN 37638 us state=1
STALL_MAIN 37471 us state=1
STALL_MAIN 32636 us state=1
STALL_MAIN 35268 us state=1
STALL_MAIN 37156 us state=1
STALL_MAIN 37365 us state=1
STALL_MAIN 36482 us state=1
STALL_MAIN 34538 us state=1
STALL_MAIN 35879 us state=1
STALL_MAIN 33044 us state=1
STALL_MAIN 34899 us state=1
STALL_MAIN 34790 us state=1
STALL_MAIN 30050 us state=1
STALL_MAIN 32325 us state=1
STALL_MAIN 35119 us state=1
STALL_MAIN 36474 us state=1
STALL_MAIN 34846 us state=1
STALL_MAIN 36047 us state=1
STALL_MAIN 35593 us state=1
STALL_MAIN 33586 us state=1
STALL_MAIN 33131 us state=1
STALL_MAIN 35441 us state=1
STALL_MAIN 35324 us state=1
STALL_MAIN 35702 us state=1
STALL_MAIN 33966 us state=1
STALL_MAIN 33356 us state=1
STALL_MAIN 34660 us state=1
STALL_MAIN 36385 us state=1
STALL_MAIN 34229 us state=1
STALL_MAIN 36905 us state=1
STALL_MAIN 34055 us state=1
STALL_MAIN 35876 us state=1
STALL_MAIN 36309 us state=1
STALL_MAIN 37618 us state=1
STALL_MAIN 37597 us state=1
STALL_MAIN 37106 us state=1
STALL_MAIN 36169 us state=1
STALL_MAIN 32147 us state=1
STALL_MAIN 35889 us state=1
STALL_MAIN 35873 us state=1
STALL_MAIN 32837 us state=1
STALL_MAIN 36073 us state=1
STALL_MAIN 36641 us state=1
STALL_MAIN 33342 us state=1
STALL_MAIN 35975 us state=1
STALL_MAIN 35167 us state=1
STALL_MAIN 36506 us state=1
STALL_MAIN 36616 us state=1
STALL_MAIN 32644 us state=1
STALL_MAIN 37230 us state=1
STALL_MAIN 37936 us state=1
STALL_MAIN 35257 us state=1
STALL_MAIN 38369 us state=1
STALL_MAIN 35184 us state=1
STALL_MAIN 35540 us state=1
STALL_MAIN 34160 us state=1
STALL_MAIN 35976 us state=1
STALL_MAIN 30016 us state=1
STALL_MAIN 36864 us state=1
STALL_MAIN 33300 us state=1
STALL_MAIN 37103 us state=1
STALL_MAIN 35768 us state=1
STALL_MAIN 37279 us state=1
STALL_MAIN 35697 us state=1
STALL_MAIN 33456 us state=1
STALL_MAIN 32567 us state=1
STALL_MAIN 36978 us state=1
STALL_MAIN 38010 us state=1
STALL_MAIN 34991 us state=1
STALL_MAIN 37479 us state=1
STALL_MAIN 35208 us state=1
STALL_MAIN 37924 us state=1
STALL_MAIN 34959 us state=1
STALL_MAIN 37562 us state=1
STALL_MAIN 36772 us state=1
STALL_MAIN 37410 us state=1
STALL_MAIN 37705 us state=1
STALL_MAIN 37630 us state=1
STALL_MAIN 35774 us state=1
STALL_MAIN 32925 us state=1
STALL_MAIN 32947 us state=1
STALL_MAIN 35326 us state=1
STALL_MAIN 35456 us state=1
STALL_MAIN 35672 us state=1
STALL_MAIN 35325 us state=1
STALL_MAIN 33604 us state=1
STALL_MAIN 34335 us state=1
STALL_MAIN 34066 us state=1
STALL_MAIN 37719 us state=1
STALL_MAIN 22949 us state=1
STALL_MAIN 34661 us state=1
STALL_MAIN 31546 us state=1
STALL_MAIN 34233 us state=1
STALL_MAIN 35916 us state=1
STALL_MAIN 35978 us state=1
STALL_MAIN 36815 us state=1
STALL_MAIN 25597 us state=1
STALL_MAIN 36809 us state=1
STALL_MAIN 34876 us state=1
STALL_MAIN 35401 us state=1
STALL_MAIN 33039 us state=1
STALL_MAIN 35822 us state=1
STALL_MAIN 35927 us state=1
STALL_MAIN 35816 us state=1
STALL_MAIN 34575 us state=1
STALL_MAIN 34573 us state=1
STALL_MAIN 30789 us state=1
STALL_MAIN 33562 us state=1
STALL_MAIN 32568 us state=1
STALL_MAIN 34822 us state=1
STALL_MAIN 18930 us state=1
STALL_MAIN 33358 us state=1
STALL_MAIN 36809 us state=1
STALL_MAIN 36527 us state=1
STALL_MAIN 32863 us state=1
STALL_MAIN 35400 us state=1
STALL_MAIN 35266 us state=1
STALL_MAIN 28820 us state=1
STALL_MAIN 35827 us state=1
STALL_MAIN 35787 us state=1
STALL_MAIN 38095 us state=1
STALL_MAIN 35361 us state=1
STALL_MAIN 36575 us state=1
STALL_MAIN 29142 us state=1
STALL_MAIN 38564 us state=1
STALL_MAIN 36312 us state=1
STALL_MAIN 37169 us state=1
STALL_MAIN 35175 us state=1
STALL_MAIN 37661 us state=1
STALL_MAIN 37005 us state=1
STALL_MAIN 36818 us state=1
STALL_MAIN 37794 us state=1
STALL_MAIN 38455 us state=1
STALL_MAIN 35369 us state=1
STALL_MAIN 34644 us state=1
STALL_MAIN 38912 us state=1
STALL_MAIN 32486 us state=1
STALL_MAIN 34831 us state=1
STALL_MAIN 35086 us state=1
STALL_MAIN 34189 us state=1
STALL_MAIN 35068 us state=1
STALL_MAIN 34738 us state=1
STALL_MAIN 36971 us state=1
STALL_MAIN 35779 us state=1
STALL_MAIN 37475 us state=1
STALL_MAIN 35887 us state=1
STALL_MAIN 36176 us state=1
STALL_MAIN 36653 us state=1
STALL_MAIN 32019 us state=1
STALL_MAIN 36867 us state=1
STALL_MAIN 32797 us state=1
STALL_MAIN 34669 us state=1
STALL_MAIN 34522 us state=1
STALL_MAIN 10062 us state=1
STALL_MAIN 35810 us state=1
STALL_MAIN 17174 us state=1
STALL_MAIN 36822 us state=1
STALL_MAIN 28344 us state=1
STALL_MAIN 10784 us state=1
STALL_MAIN 36127 us state=1
STALL_MAIN 26970 us state=1
STALL_MAIN 36163 us state=1
STALL_MAIN 26081 us state=1
STALL_MAIN 35628 us state=1
STALL_MAIN 34314 us state=1
STALL_MAIN 38005 us state=1
STALL_MAIN 36552 us state=1
STALL_MAIN 34111 us state=1
STALL_MAIN 37744 us state=1
STALL_MAIN 38900 us state=1
STALL_MAIN 30140 us state=1
STALL_MAIN 33841 us state=1
STALL_MAIN 32880 us state=1
STALL_MAIN 35494 us state=1
STALL_MAIN 33248 us state=1
STALL_MAIN 35433 us state=1
STALL_MAIN 10135 us state=1
STALL_MAIN 11924 us state=1
STALL_MAIN 32474 us state=1
STALL_MAIN 37747 us state=1
STALL_MAIN 36536 us state=1
STALL_MAIN 28198 us state=1
STALL_MAIN 33247 us state=1
STALL_MAIN 37163 us state=1
STALL_MAIN 36524 us state=1
STALL_MAIN 37810 us state=1
STALL_MAIN 38717 us state=1
STALL_MAIN 35930 us state=1
STALL_MAIN 38485 us state=1
STALL_MAIN 38715 us state=1
STALL_MAIN 37070 us state=1
STALL_MAIN 35808 us state=1
STALL_MAIN 37158 us state=1
STALL_MAIN 38050 us state=1
STALL_MAIN 31686 us state=1
STALL_MAIN 34921 us state=1
STALL_MAIN 35040 us state=1
STALL_MAIN 37655 us state=1
STALL_MAIN 37233 us state=1
STALL_MAIN 36206 us state=1
STALL_MAIN 36442 us state=1
STALL_MAIN 36642 us state=1
STALL_MAIN 36935 us state=1
STALL_MAIN 37292 us state=1
STALL_MAIN 37266 us state=1
STALL_MAIN 36701 us state=1
STALL_MAIN 36820 us state=1
STALL_MAIN 35881 us state=1
STALL_MAIN 35488 us state=1
STALL_MAIN 34152 us state=1
STALL_MAIN 34714 us state=1
STALL_MAIN 36621 us state=1
STALL_MAIN 35017 us state=1
STALL_MAIN 33014 us state=1
STALL_MAIN 31981 us state=1
STALL_MAIN 36447 us state=1
STALL_MAIN 35626 us state=1
STALL_MAIN 34609 us state=1
STALL_MAIN 36384 us state=1
STALL_MAIN 35560 us state=1
STALL_MAIN 37154 us state=1
STALL_MAIN 36394 us state=1
STALL_MAIN 35703 us state=1
STALL_MAIN 38044 us state=1
STALL_MAIN 39566 us state=1
STALL_MAIN 36592 us state=1
STALL_MAIN 36554 us state=1
STALL_MAIN 37542 us state=1
STALL_MAIN 37963 us state=1
STALL_MAIN 35353 us state=1
STALL_MAIN 28580 us state=1
STALL_MAIN 32702 us state=1
STALL_MAIN 35671 us state=1
STALL_MAIN 37432 us state=1
STALL_MAIN 36076 us state=1
STALL_MAIN 38291 us state=1
STALL_MAIN 37866 us state=1
STALL_MAIN 35313 us state=1
STALL_MAIN 37926 us state=1
STALL_MAIN 38353 us state=1
STALL_MAIN 34432 us state=1
STALL_MAIN 36469 us state=1
STALL_MAIN 36373 us state=1
STALL_MAIN 36205 us state=1
STALL_MAIN 36327 us state=1
STALL_MAIN 33665 us state=1
STALL_MAIN 19711 us state=1
STALL_MAIN 34251 us state=1
STALL_MAIN 18912 us state=1
STALL_MAIN 35940 us state=1
STALL_MAIN 19247 us state=1
STALL_MAIN 19990 us state=1
STALL_MAIN 32381 us state=1
STALL_MAIN 21749 us state=1
STALL_MAIN 34456 us state=1
STALL_MAIN 21947 us state=1
STALL_MAIN 34991 us state=1
STALL_MAIN 15599 us state=1
STALL_MAIN 15805 us state=1
STALL_MAIN 33565 us state=1
STALL_MAIN 16236 us state=1
STALL_MAIN 16202 us state=1
STALL_MAIN 34330 us state=1
STALL_MAIN 19223 us state=1
STALL_MAIN 19509 us state=1
STALL_MAIN 31312 us state=1
STALL_MAIN 11670 us state=1
STALL_MAIN 35646 us state=1
STALL_MAIN 35443 us state=1
STALL_MAIN 34715 us state=1
STALL_MAIN 36070 us state=1
STALL_MAIN 35518 us state=1
STALL_MAIN 34970 us state=1
STALL_MAIN 37322 us state=1
STALL_MAIN 37805 us state=1
STALL_MAIN 36052 us state=1
STALL_MAIN 37765 us state=1
STALL_MAIN 38495 us state=1
STALL_MAIN 38157 us state=1
STALL_MAIN 38071 us state=1
STALL_MAIN 38667 us state=1
STALL_MAIN 38983 us state=1
STALL_MAIN 36604 us state=1
STALL_MAIN 37125 us state=1
STALL_MAIN 37499 us state=1
STALL_MAIN 35879 us state=1
STALL_MAIN 36202 us state=1
STALL_MAIN 33843 us state=1
STALL_MAIN 34913 us state=1
STALL_MAIN 34028 us state=1
STALL_MAIN 33875 us state=1
STALL_MAIN 38137 us state=1
STALL_MAIN 38619 us state=1
STALL_MAIN 35212 us state=1
STALL_MAIN 37366 us state=1
STALL_MAIN 35071 us state=1
STALL_MAIN 34829 us state=1
STALL_MAIN 19459 us state=1
STALL_MAIN 34895 us state=1
STALL_MAIN 34404 us state=1
STALL_MAIN 35551 us state=1
STALL_MAIN 35579 us state=1
STALL_MAIN 36822 us state=1
STALL_MAIN 32451 us state=1
STALL_MAIN 37033 us state=1
STALL_MAIN 32672 us state=1

=== main-thread off-CPU duration hist (us) ===
@offcpu_us:
[1]                   17 |                                                    |
[2, 4)              1985 |@@@@@@@@@@@@@@@@@@@@@@@@@@@@@@@@@@@@@@@@@           |
[4, 8)              2505 |@@@@@@@@@@@@@@@@@@@@@@@@@@@@@@@@@@@@@@@@@@@@@@@@@@@@|
[8, 16)             1257 |@@@@@@@@@@@@@@@@@@@@@@@@@@                          |
[16, 32)             187 |@@@                                                 |
[32, 64)              49 |@                                                   |
[64, 128)            433 |@@@@@@@@                                            |
[128, 256)            81 |@                                                   |
[256, 512)            39 |                                                    |
[512, 1K)             29 |                                                    |
[1K, 2K)             121 |@@                                                  |
[2K, 4K)              13 |                                                    |
[4K, 8K)              12 |                                                    |
[8K, 16K)             28 |                                                    |
[16K, 32K)           109 |@@                                                  |
[32K, 64K)           413 |@@@@@@@@                                            |


=== switch-out counts by prev_state (R=0 S=1 D=2 ...) ===
@by_state[256]: 134
@by_state[2]: 548
@by_state[0]: 653
@by_state[1]: 5943

=== stall totals (>=1ms blocks) ===
@stall_us_total: 18505153
@stall_n: 696

=== stall time by thread state (us) ===
@stall_state_us[0]: 2500
@stall_state_us[2]: 91732
@stall_state_us[1]: 18410921

=== stall time by blocking stack (us, top 20) ===
@stall_stack_us[
        0x7f953e9f2310
]: 1409
@stall_stack_us[
        __pthread_getspecific+0
        0x4046dfb8
        0x40785934
        0x401c67a6
        0x7f949c846428
        0x7f949c9e578f
        0x558431b82490
]: 2500
@stall_stack_us[
        clock_nanosleep+75
]: 3053
@stall_stack_us[
        __xstat64+22
        0x401a1784
        0x4019de60
        0x40201d40
        0x40201cac
        0
        0x3f00000000000001
        0x558432078198
        0x558432078198
        0x558432078198
        0x558432078198
        0x558432078198
        0x558432078198
        0x558432078198
        0x558432078198
        0x558432078198
]: 15652
@stall_stack_us[
        0x7f953cab61f2
        0x7f949ca2b5d3
]: 73146
@stall_stack_us[
        syscall+29
]: 83180
@stall_stack_us[
        0x7f953cab61f2
]: 18326213


@by_state[256]: 134
@by_state[2]: 548
@by_state[0]: 653
@by_state[1]: 5943
@offcpu_us:
[1]                   17 |                                                    |
[2, 4)              1985 |@@@@@@@@@@@@@@@@@@@@@@@@@@@@@@@@@@@@@@@@@           |
[4, 8)              2505 |@@@@@@@@@@@@@@@@@@@@@@@@@@@@@@@@@@@@@@@@@@@@@@@@@@@@|
[8, 16)             1257 |@@@@@@@@@@@@@@@@@@@@@@@@@@                          |
[16, 32)             187 |@@@                                                 |
[32, 64)              49 |@                                                   |
[64, 128)            433 |@@@@@@@@                                            |
[128, 256)            81 |@                                                   |
[256, 512)            39 |                                                    |
[512, 1K)             29 |                                                    |
[1K, 2K)             121 |@@                                                  |
[2K, 4K)              13 |                                                    |
[4K, 8K)              12 |                                                    |
[8K, 16K)             28 |                                                    |
[16K, 32K)           109 |@@                                                  |
[32K, 64K)           413 |@@@@@@@@                                            |

@stall_n: 696
@stall_stack_us[
        0x7f953e9f2310
]: 1409
@stall_stack_us[
        __pthread_getspecific+0
        0x4046dfb8
        0x40785934
        0x401c67a6
        0x7f949c846428
        0x7f949c9e578f
        0x558431b82490
]: 2500
@stall_stack_us[
        clock_nanosleep+75
]: 3053
@stall_stack_us[
        __xstat64+22
        0x401a1784
        0x4019de60
        0x40201d40
        0x40201cac
        0
        0x3f00000000000001
        0x558432078198
        0x558432078198
        0x558432078198
        0x558432078198
        0x558432078198
        0x558432078198
        0x558432078198
        0x558432078198
        0x558432078198
]: 15652
@stall_stack_us[
        0x7f953cab61f2
        0x7f949ca2b5d3
]: 73146
@stall_stack_us[
        syscall+29
]: 83180
@stall_stack_us[
        0x7f953cab61f2
]: 18326213
@stall_state_us[0]: 2500
@stall_state_us[2]: 91732
@stall_state_us[1]: 18410921
@stall_us_total: 18505153
