/home/maci/Desktop/7dtd/7dtd-loadgen/workspace/bench/lap2/bench/apm/session_20260822_090523_pid887601/bt/block.bt:20:12-57: WARNING: signed operands for '/' can lead to undefined behavior (cast to unsigned to silence warning)
    $us = (nsecs - @start[args.dev, args.sector]) / 1000;
           ~~~~~~~~~~~~~~~~~~~~~~~~~~~~~~~~~~~~~~~~~~~~~
/home/maci/Desktop/7dtd/7dtd-loadgen/workspace/bench/lap2/bench/apm/session_20260822_090523_pid887601/bt/block.bt:20:12-57: WARNING: signed operands for '/' can lead to undefined behavior (cast to unsigned to silence warning)
    $us = (nsecs - @start[args.dev, args.sector]) / 1000;
           ~~~~~~~~~~~~~~~~~~~~~~~~~~~~~~~~~~~~~~~~~~~~~
/home/maci/Desktop/7dtd/7dtd-loadgen/workspace/bench/lap2/bench/apm/session_20260822_090523_pid887601/bt/block.bt:20:12-17: WARNING: Expression of type: uint64 being cast to type: int64. This may cause unexpected results. Use an explicit cast to suppress this warning.
    $us = (nsecs - @start[args.dev, args.sector]) / 1000;
           ~~~~~
/home/maci/Desktop/7dtd/7dtd-loadgen/workspace/bench/lap2/bench/apm/session_20260822_090523_pid887601/bt/block.bt:20:20-49: WARNING: Expression of type: uint64 being cast to type: int64. This may cause unexpected results. Use an explicit cast to suppress this warning.
    $us = (nsecs - @start[args.dev, args.sector]) / 1000;
                   ~~~~~~~~~~~~~~~~~~~~~~~~~~~~~
/home/maci/Desktop/7dtd/7dtd-loadgen/workspace/bench/lap2/bench/apm/session_20260822_090523_pid887601/bt/block.bt:21:5-43: WARNING: Return value discarded.
    delete(@start[args.dev, args.sector]);
    ~~~~~~~~~~~~~~~~~~~~~~~~~~~~~~~~~~~~~~
17:05:29 @issue_n: 8753
@complete_n: 8510
@lat_sum_us: 1118217
17:05:34 @issue_n: 14740
@complete_n: 14170
@lat_sum_us: 1751499
17:05:39 @issue_n: 18991
@complete_n: 18150
@lat_sum_us: 2246821
17:05:44 @issue_n: 23700
@complete_n: 22725
@lat_sum_us: 2711628
17:05:49 @issue_n: 65982
@complete_n: 63749
@lat_sum_us: 5704027
17:05:54 @issue_n: 85203
@complete_n: 82682
@lat_sum_us: 7377856

=== block RQ latency us ===
@lat_us:
[0]                    5 |                                                    |
[1]                    7 |                                                    |
[2, 4)                17 |                                                    |
[4, 8)              2617 |@@@@                                                |
[8, 16)            14671 |@@@@@@@@@@@@@@@@@@@@@@@@@                           |
[16, 32)            4226 |@@@@@@@                                             |
[32, 64)           20918 |@@@@@@@@@@@@@@@@@@@@@@@@@@@@@@@@@@@@                |
[64, 128)          29776 |@@@@@@@@@@@@@@@@@@@@@@@@@@@@@@@@@@@@@@@@@@@@@@@@@@@@|
[128, 256)          8470 |@@@@@@@@@@@@@@                                      |
[256, 512)          1078 |@                                                   |
[512, 1K)            349 |                                                    |
[1K, 2K)             326 |                                                    |
[2K, 4K)             177 |                                                    |
[4K, 8K)              45 |                                                    |


=== issue size bytes ===
@issue_bytes:
[0]                  204 |                                                    |
[1]                    0 |                                                    |
[2, 4)                 0 |                                                    |
[4, 8)                 0 |                                                    |
[8, 16)                0 |                                                    |
[16, 32)               0 |                                                    |
[32, 64)               0 |                                                    |
[64, 128)              0 |                                                    |
[128, 256)             0 |                                                    |
[256, 512)             0 |                                                    |
[512, 1K)              1 |                                                    |
[1K, 2K)               0 |                                                    |
[2K, 4K)               0 |                                                    |
[4K, 8K)           21622 |@@@@@@@@@@@@@@@@@@@@@@@@@@@@                        |
[8K, 16K)           6085 |@@@@@@@                                             |
[16K, 32K)         39920 |@@@@@@@@@@@@@@@@@@@@@@@@@@@@@@@@@@@@@@@@@@@@@@@@@@@@|
[32K, 64K)          7152 |@@@@@@@@@                                           |
[64K, 128K)         4996 |@@@@@@                                              |
[128K, 256K)        5005 |@@@@@@                                              |
[256K, 512K)           0 |                                                    |
[512K, 1M)             0 |                                                    |
[1M, 2M)              16 |                                                    |
[2M, 4M)              52 |                                                    |
[4M, 8M)              54 |                                                    |
[8M, 16M)             46 |                                                    |
[16M, 32M)            24 |                                                    |
[32M, 64M)            14 |                                                    |
[64M, 128M)           12 |                                                    |


counts issue/complete:
@issue_n: 85203
@complete_n: 82682


@complete_n: 82682
@issue_bytes:
[0]                  204 |                                                    |
[1]                    0 |                                                    |
[2, 4)                 0 |                                                    |
[4, 8)                 0 |                                                    |
[8, 16)                0 |                                                    |
[16, 32)               0 |                                                    |
[32, 64)               0 |                                                    |
[64, 128)              0 |                                                    |
[128, 256)             0 |                                                    |
[256, 512)             0 |                                                    |
[512, 1K)              1 |                                                    |
[1K, 2K)               0 |                                                    |
[2K, 4K)               0 |                                                    |
[4K, 8K)           21622 |@@@@@@@@@@@@@@@@@@@@@@@@@@@@                        |
[8K, 16K)           6085 |@@@@@@@                                             |
[16K, 32K)         39920 |@@@@@@@@@@@@@@@@@@@@@@@@@@@@@@@@@@@@@@@@@@@@@@@@@@@@|
[32K, 64K)          7152 |@@@@@@@@@                                           |
[64K, 128K)         4996 |@@@@@@                                              |
[128K, 256K)        5005 |@@@@@@                                              |
[256K, 512K)           0 |                                                    |
[512K, 1M)             0 |                                                    |
[1M, 2M)              16 |                                                    |
[2M, 4M)              52 |                                                    |
[4M, 8M)              54 |                                                    |
[8M, 16M)             46 |                                                    |
[16M, 32M)            24 |                                                    |
[32M, 64M)            14 |                                                    |
[64M, 128M)           12 |                                                    |

@issue_n: 85203
@lat_sum_us: 7377856
@lat_us:
[0]                    5 |                                                    |
[1]                    7 |                                                    |
[2, 4)                17 |                                                    |
[4, 8)              2617 |@@@@                                                |
[8, 16)            14671 |@@@@@@@@@@@@@@@@@@@@@@@@@                           |
[16, 32)            4226 |@@@@@@@                                             |
[32, 64)           20918 |@@@@@@@@@@@@@@@@@@@@@@@@@@@@@@@@@@@@                |
[64, 128)          29776 |@@@@@@@@@@@@@@@@@@@@@@@@@@@@@@@@@@@@@@@@@@@@@@@@@@@@|
[128, 256)          8470 |@@@@@@@@@@@@@@                                      |
[256, 512)          1078 |@                                                   |
[512, 1K)            349 |                                                    |
[1K, 2K)             326 |                                                    |
[2K, 4K)             177 |                                                    |
[4K, 8K)              45 |                                                    |

@start[0, 0]: 545379934018873
@start[271581184, 1676400328]: 545380000940650
@start[271581184, 1676402240]: 545380001198966
@start[271581184, 1676404800]: 545380001378744
@start[271581184, 991283552]: 545380002237680
@start[271581184, 991283952]: 545380002245214
@start[271581186, 618825056]: 545380068828384
@start[271581186, 462285488]: 545380145273164
@start[271581186, 1472893504]: 545380206334396
@start[271581185, 1382708192]: 545380234543661
@start[271581185, 1382708640]: 545380295026245
@start[271581184, 1435138048]: 545380316030816
@start[271581186, 491677960]: 545380556611453
@start[271581186, 491678072]: 545380556709838
@start[271581184, 1435131136]: 545380557849001
@start[271581186, 1472897568]: 545380559472214
@start[271581184, 798170232]: 545380560220312
@start[271581184, 1435141504]: 545380560237484
@start[271581184, 1435142368]: 545380561068387
@start[271581186, 1472899360]: 545380561069339
@start[271581186, 1472901856]: 545381531067583
@start[271581185, 1382716352]: 545381531125402
@start[271581186, 1472903008]: 545381531812434
@start[271581184, 1435146368]: 545381531824046
@start[271581186, 712220712]: 545381682626180
@start[271581184, 2406883544]: 545382435212529
@start[271581185, 1382721920]: 545382435678706
@start[271581186, 1472907616]: 545382435725223
@start[271581184, 1435150944]: 545382436196851
@start[271581184, 1435151584]: 545382436322156
@start[271581185, 1790437232]: 545382793674160
@start[271581184, 1435155904]: 545383405036893
@start[271581184, 1435156384]: 545383405265593
@start[271581186, 1472913376]: 545383405289679
@start[271581184, 1435156448]: 545383405291031
@start[271581184, 1435159456]: 545383451940002
@start[271581186, 1472916384]: 545383451940613
@start[271581186, 379151048]: 545383468482380
@start[271581186, 1664523208]: 545383741483491
@start[271581186, 1472917984]: 545384307901748
@start[271581185, 1382734144]: 545384308293986
@start[271581185, 1382738336]: 545385204125700
@start[271581186, 1472924992]: 545385204409644
@start[271581186, 1472925024]: 545385204421566
@start[271581185, 774890128]: 545385205595515
@start[271581184, 1435173344]: 545386850693395
@start[271581186, 1472930592]: 545386850856612
@start[271581184, 1435177088]: 545386856765618
@start[271581186, 1512931432]: 545388961295325
@start[271581186, 1512931568]: 545388961304713
@start[271581186, 1512932080]: 545388961338927
@start[271581184, 1062328352]: 545389287957375
@start[271581184, 406280560]: 545389313495244
@start[271581186, 1725084176]: 545389766578793
@start[271581186, 1725084432]: 545389766580086
@start[271581186, 1725084968]: 545389766602608
@start[271581184, 1547276080]: 545389885299096
@start[271581185, 2996483664]: 545390370822337
@start[271581185, 1382759296]: 545392448286770
@start[271581184, 2427138384]: 545394293369459
@start[271581184, 2427499624]: 545394296213709
@start[271581184, 599686032]: 545394375943016
@start[271581186, 1815511800]: 545394378745017
@start[271581186, 1313723872]: 545394379738456
@start[271581186, 3009114208]: 545394380870535
@start[271581186, 3009114408]: 545394380872108
@start[271581185, 1382761792]: 545397113946910
@start[271581185, 1382763328]: 545397114671463
@start[271581186, 1472950752]: 545397115592004
@start[271581184, 1435193952]: 545397116297742
@start[271581185, 1382770112]: 545397118041612
@start[271581186, 1472957248]: 545397118442627
@start[271581184, 1435200480]: 545397118445502
@start[271581185, 1382770560]: 545397118866454
@start[271581185, 1382772896]: 545397119460772
@start[271581184, 3512406096]: 545397258534750
@start[271581185, 1512818352]: 545397261783992
@start[271581185, 1382776992]: 545398189883315
@start[271581186, 1472962976]: 545398196186401
@start[271581186, 1513684936]: 545398977447740
@start[271581184, 3512491656]: 545398984398735
@start[271581184, 1509405192]: 545398991257728
@start[271581184, 1509405712]: 545398991265412
@start[271581184, 2426730768]: 545399653195700
@start[271581184, 2427766816]: 545399653198635
@start[271581184, 3536284472]: 545399739855232
@start[271581184, 1676726376]: 545400003094754
@start[271581184, 1676726592]: 545400003117827
@start[271581186, 1725922248]: 545400007294334
@start[271581186, 1724645344]: 545400012240217
@start[271581184, 1676391920]: 545400017852304
@start[271581186, 378345064]: 545400034792820
@start[271581186, 197581920]: 545400044467639
@start[271581185, 1522243680]: 545400057515233
@start[271581186, 1326861664]: 545400059156951
@start[271581185, 2517203072]: 545400063303771
@start[271581185, 1303473440]: 545400065876441
@start[271581185, 3325584800]: 545400105730309
@start[271581186, 1724978128]: 545400108894340
@start[271581186, 1724978320]: 545400108915009
@start[271581186, 1472969312]: 545400290315055
@start[271581186, 1472971392]: 545400291397191
@start[271581185, 1382788864]: 545400292979958
@start[271581185, 1382789184]: 545400293041113
@start[271581185, 1382789344]: 545400293082050
@start[271581185, 1382789440]: 545400293097660
@start[271581186, 1472983584]: 545400296500501
@start[271581186, 1472985888]: 545400297503157
@start[271581186, 1472990656]: 545400300713626
@start[271581186, 1472994272]: 545400302499054
@start[271581184, 1435237280]: 545400302499175
@start[271581186, 1472997952]: 545400304514776
@start[271581185, 1382814368]: 545400305448623
@start[271581186, 1473012544]: 545400312749947
@start[271581184, 1435287584]: 545400328834904
@start[271581185, 1382864960]: 545400331037036
@start[271581185, 1382871136]: 545400332900712
@start[271581185, 1382871168]: 545400332911462
@start[271581186, 1473058048]: 545400333604285
@start[271581186, 1473065312]: 545400336531051
@start[271581184, 1435325632]: 545400340871095
@start[271581186, 1473082624]: 545400340871736
@start[271581186, 1473087904]: 545400343843426
@start[271581184, 1435330976]: 545400343844698
@start[271581184, 1435333312]: 545400344524407
@start[271581186, 1473090240]: 545400344524457
@start[271581185, 1382905888]: 545400344899443
@start[271581184, 1435342784]: 545400347992100
@start[271581186, 1473104000]: 545400349327522
@start[271581186, 1473105216]: 545400349741280
@start[271581184, 1435354080]: 545400354298753
@start[271581184, 2411607608]: 545400747168328
@start[271581184, 2406882264]: 545400747524187
@start[271581184, 2406888624]: 545400747539315
@start[271581186, 97951632]: 545401465034843
@start[271581186, 102643536]: 545401479028436
@start[271581184, 1032008400]: 545401491083482
@start[271581185, 1020447792]: 545401515949688
@start[271581185, 1092003504]: 545401980709491
@start[271581185, 1610934456]: 545402772473321
@start[271581185, 2996666648]: 545402916539990
@start[271581185, 1458392960]: 545403088047186
@start[271581185, 1212039752]: 545403125829096
@start[271581185, 1189515056]: 545403129043453
@start[271581185, 1189515280]: 545403129044945
@start[271581185, 1304453312]: 545403186961450
@start[271581185, 1382245664]: 545403276336791
@start[271581184, 1434732032]: 545403283863329
@start[271581185, 1382263904]: 545403289545688
@start[271581185, 1382293856]: 545403303486491
@start[271581185, 1382317248]: 545403314110836
@start[271581185, 1382255840]: 545403348386691
@start[271581185, 1382383104]: 545403414147451
@start[271581185, 1382387968]: 545403416637075
@start[271581184, 2301754048]: 545403489524701
@start[271581184, 1514232424]: 545403535774470
@start[271581185, 3044784512]: 545403557857780
@start[271581185, 1069840672]: 545403563873987
@start[271581185, 1069894520]: 545403564828713
@start[271581185, 3825367424]: 545403569378381
@start[271581186, 2301745344]: 545403571708704
@start[271581186, 235353472]: 545403582963786
@start[271581185, 1070418440]: 545403583021785
@start[271581185, 3155519072]: 545403585503333
@start[271581185, 1213631120]: 545403601805358
@start[271581185, 1213040464]: 545403612602759
@start[271581185, 1092723968]: 545403624058097
@start[271581185, 1068928312]: 545403677033367
@start[271581185, 1214156648]: 545403680148246
@start[271581185, 2996567496]: 545403684236015
@start[271581185, 2996568376]: 545403684485795
@start[271581186, 295676360]: 545403687920236
@start[271581185, 2996473824]: 545403688192127
@start[271581185, 2996651584]: 545403693663259
@start[271581186, 392053392]: 545403698098972
@start[271581186, 1641669864]: 545403699529113
@start[271581186, 379253136]: 545403700289703
@start[271581186, 379210968]: 545403700291627
@start[271581185, 2996669704]: 545403702555255
@start[271581185, 2996670352]: 545403702593447
@start[271581185, 1067685464]: 545403746388718
@start[271581184, 1212400840]: 545403758572317
@start[271581185, 387682680]: 545403782462465
@start[271581185, 2235591712]: 545403794608453
@start[271581184, 707451808]: 545403806067688
@start[271581184, 1214275720]: 545403809778589
@start[271581185, 1170734632]: 545403810767439
@start[271581184, 1214277864]: 545403811637976
@start[271581186, 299716768]: 545403814443544
@start[271581186, 298055424]: 545403818263219
@start[271581185, 2685447976]: 545403841444174
@start[271581185, 3036228928]: 545403889745542
@start[271581186, 3135265920]: 545403903561110
@start[271581186, 1473114400]: 545403903885149
@start[271581185, 1382931168]: 545403904915006
@start[271581185, 1382443872]: 545403905269633
@start[271581185, 1211178360]: 545403906683353
@start[271581186, 236146464]: 545403906742835
@start[271581186, 492084432]: 545403915283460
@start[271581186, 297062880]: 545403918251734
@start[271581186, 296400280]: 545403922626463
@start[271581185, 1382934176]: 545403924454541
@start[271581186, 1473120480]: 545403925186609
@start[271581185, 1140168584]: 545403925564139
@start[271581185, 1140163520]: 545403925813378
@start[271581184, 1435364160]: 545403925938944
@start[271581185, 1382935104]: 545403926012131
@start[271581184, 1435365216]: 545403928839600
@start[271581185, 1382936864]: 545403928937514
@start[271581185, 1382937216]: 545403929367433
@start[271581184, 1213816000]: 545403932099863
@start[271581185, 1140166016]: 545403932135039
@start[271581185, 1382941696]: 545403935138919
@start[271581186, 1473127296]: 545403935234720
@start[271581185, 1164350552]: 545403935765137
@start[271581185, 770642704]: 545403940140047
@start[271581184, 798101480]: 545403940951032
@start[271581185, 1382945440]: 545403943461936
@start[271581184, 1159343744]: 545403943917593
@start[271581184, 3325361088]: 545403943964010
@start[271581185, 2265084512]: 545403950686335
@start[271581184, 1187068288]: 545403954916292
@start[271581186, 994271016]: 545403955565603
@start[271581186, 351183424]: 545403956121269
@start[271581184, 1096498000]: 545403959268058
@start[271581184, 988258536]: 545403959314054
@start[271581186, 2226336576]: 545403959321869
@start[271581185, 392420976]: 545403961277548
@start[271581184, 1212388072]: 545403968438197
@start[271581186, 75208440]: 545403985583559
@start[271581186, 234785848]: 545403991049401
@start[271581185, 1069533536]: 545403997855624
@start[271581186, 1472480256]: 545403999529612
@start[271581184, 1061557896]: 545404096782331
@start[271581184, 1062833456]: 545404153441841
@start[271581184, 1062835872]: 545404153443023
@start[271581186, 43564040]: 545404154053081
@start[271581186, 43567136]: 545404154054644
@start[271581184, 982786976]: 545404204712574
@start[271581184, 1034229208]: 545404220924350
@start[271581186, 75817544]: 545404224025664
@start[271581185, 198141056]: 545404231849511
@start[271581186, 340182952]: 545404256875937
@start[271581185, 1211152776]: 545404259059214
@start[271581186, 2643181480]: 545404259148452
@start[271581184, 2201211480]: 545404264898869
@start[271581184, 1158343248]: 545404266200778
@start[271581184, 1034577224]: 545404266201499
@start[271581184, 1182261120]: 545404266201910
@start[271581184, 1480533816]: 545404268381159
@start[271581186, 1512768224]: 545404276199676
@start[271581184, 34536184]: 545404280955622
@start[271581184, 34536456]: 545404281014483
@start[271581184, 3136240288]: 545404281798408
@start[271581184, 3038160800]: 545404288784018
@start[271581186, 75964424]: 545404293994800
@start[271581184, 1034796904]: 545404311732696
@start[271581185, 1382289760]: 545404315096253
@start[271581186, 1472778816]: 545404321793611
@start[271581184, 2045214008]: 545404330314750
@start[271581186, 77008432]: 545404358825180
@start[271581185, 3647391296]: 545404376057144
@start[271581184, 2201811144]: 545404593665559
@start[271581184, 798141616]: 545404659218759
@start[271581186, 248070584]: 545405072250667
@start[271581186, 1510395248]: 545405820381146
@start[271581186, 3561583824]: 545406002337026
@start[271581184, 6155200]: 545406126365541
@start[271581185, 1021434344]: 545406129731603
@start[271581185, 1019697856]: 545406131497184
@start[271581185, 1021069824]: 545406131499629
@start[271581186, 65637272]: 545406193095755
@start[271581184, 1513889488]: 545406195589475
@start[271581184, 757047728]: 545406214823846
@start[271581186, 30766472]: 545406258256716
@start[271581186, 296992264]: 545406271494637
@start[271581186, 1332478000]: 545406295232029
@start[271581186, 1333386200]: 545406302863805
@start[271581184, 1687962248]: 545406344176767
@start[271581186, 412981800]: 545406354493263
@start[271581184, 612933568]: 545406367252163
@start[271581184, 1159578008]: 545406373981341
@start[271581186, 1684493168]: 545406389026041
@start[271581184, 681357712]: 545406402724909
@start[271581185, 1024066744]: 545406460324778
@start[271581184, 1035508768]: 545406468352339
@start[271581184, 1213237832]: 545406471348825
@start[271581185, 1147594104]: 545406471703622
@start[271581185, 1213206448]: 545406517120725
@start[271581184, 3387579888]: 545406520916455
@start[271581184, 997624112]: 545406522999654
@start[271581184, 1435378048]: 545406523286874
@start[271581185, 1027234552]: 545406524433150
@start[271581186, 856562432]: 545406525316822
@start[271581186, 1473137760]: 545406525856888
@start[271581184, 798102312]: 545406526165989
@start[271581186, 102105952]: 545406526166470
@start[271581185, 1027234576]: 545406526421139
@start[271581185, 1382953216]: 545406527683023
@start[271581184, 1435384704]: 545406528243918
@start[271581185, 1382957568]: 545406528676742
@start[271581186, 1473146336]: 545406777060647
@start[271581186, 1473146368]: 545406777073231
@start[271581184, 1435393568]: 545406916783123
@start[271581184, 1509944384]: 545407284834479
@start[271581184, 1509944688]: 545407284837495
@start[271581184, 3512476416]: 545407285493669
@start[271581185, 1382750464]: 545407326795700
@start[271581185, 1382966496]: 545407326895358
@start[271581185, 1382968480]: 545407328008692
@start[271581184, 797977784]: 545407492913618
@start[271581185, 1382972640]: 545407501822777
@start[271581186, 1473162272]: 545408008309587
@start[271581186, 1473163904]: 545408008670105
@start[271581185, 723657520]: 545408548016947
@start[271581185, 1382981792]: 545408572233139
@start[271581186, 1473167264]: 545408572512565
@start[271581184, 3224205256]: 545408679065226
@start[271581185, 1303752864]: 545408683873501
@start[271581186, 929121440]: 545409029617394
@start[271581185, 406179960]: 545409135183550
@start[271581185, 2318836280]: 545409513513980
@start[271581186, 235763584]: 545409534005225
@start[271581185, 1492628872]: 545409630439523
@start[271581186, 658866320]: 545409642590299
@start[271581184, 677262928]: 545409679168826
