17:05:31 @tcp_recv: 16
@pagefaults: 82584
@opens: 31
17:05:36 @tcp_recv: 37
@pagefaults: 141300
@opens: 32
17:05:41 @tcp_recv: 58
@pagefaults: 211325
@opens: 158
17:05:46 @tcp_recv: 72
@pagefaults: 273304
@opens: 377
17:05:51 @tcp_recv: 94
@pagefaults: 339568
@opens: 484

=== totals ===
@tcp_recv: 102
@tcp_recv_bytes: 104448
@udp_send: 153684
@udp_recv: 8826
@udp_send_bytes: 151608118
@udp_recv_bytes: 12638424
@pagefaults: 357965
@opens: 503

=== top openat paths ===
@open_path[/home/maci/Desktop/7dtd/7dtd-loadgen/workspace/bench/lap2/userdata/Saves/Navezgane/bench_stock_lap2/Region/r.2.2.7rg]: 1
@open_path[/home/maci/.local/share/Steam/steamapps/common/7 Days to Die Dedicated Server/7DaysToDieServer_Data/../Data/Addressables/Standalone/zombies_assets_entities/zombies/boe.bundle]: 1
@open_path[/home/maci/.local/share/Steam/steamapps/common/7 Days to Die Dedicated Server/7DaysToDieServer_Data/../Data/Addressables/Standalone/player_assets_entities/player/male/hair/ponytail.bundle]: 1
@open_path[/home/maci/.local/share/Steam/steamapps/common/7 Days to Die Dedicated Server/Data/ItemIcons/shapeCubeFacadeCorner.png]: 1
@open_path[/home/maci/.local/share/Steam/steamapps/common/7 Days to Die Dedicated Server/7DaysToDieServer_Data/../Data/Addressables/Standalone/player_assets_entities/player/male/hair/midpart_short.bundle]: 1
@open_path[/home/maci/.local/share/Steam/steamapps/common/7 Days to Die Dedicated Server/Data/ItemIcons/shapeCubeFrame.png]: 1
@open_path[/home/maci/.local/share/Steam/steamapps/common/7 Days to Die Dedicated Server/Data/ItemIcons/shapeCubeHalfArchTrimOffset.png]: 1
@open_path[/home/maci/.local/share/Steam/steamapps/common/7 Days to Die Dedicated Server/Data/ItemIcons/shapeCrownThreeSidedRightHalf02.png]: 1
@open_path[/home/maci/.local/share/Steam/steamapps/common/7 Days to Die Dedicated Server/Data/ItemIcons/shapeCubeDrainTee.png]: 1
@open_path[/home/maci/.local/share/Steam/steamapps/common/7 Days to Die Dedicated Server/Data/ItemIcons/shapeCubeHalfBaseboard.png]: 1
@open_path[/home/maci/.local/share/Steam/steamapps/common/7 Days to Die Dedicated Server/Data/ItemIcons/shapeCubeEighth.png]: 1
@open_path[/home/maci/.local/share/Steam/steamapps/common/7 Days to Die Dedicated Server/Data/ItemIcons/shapeCube7mRound02.png]: 1
@open_path[/home/maci/.local/share/Steam/steamapps/common/7 Days to Die Dedicated Server/7DaysToDieServer_Data/../Data/Addressables/Standalone/player_assets_entities/player/male/hair/pixie_cut.bundle]: 1
@open_path[/home/maci/.local/share/Steam/steamapps/common/7 Days to Die Dedicated Server/Data/ItemIcons/shapeCubeHalfTrimQuarterCircle.png]: 1
@open_path[/home/maci/.local/share/Steam/steamapps/common/7 Days to Die Dedicated Server/Data/ItemIcons/shapeCubeHalfTrimQuarter2sidedOffset.png]: 1
@open_path[/home/maci/.local/share/Steam/steamapps/common/7 Days to Die Dedicated Server/Data/ItemIcons/shapeCubeHalfFloorJoist.png]: 1
@open_path[/home/maci/.local/share/Steam/steamapps/common/7 Days to Die Dedicated Server/Data/ItemIcons/shapeCubeHalfTrimQuarterCornerInside2Offset.png]: 1
@open_path[/home/maci/.local/share/Steam/steamapps/common/7 Days to Die Dedicated Server/Data/ItemIcons/shapeCubeHalfTrimQuarterDiagonalCornerOutsideOffset.png]: 1
@open_path[/home/maci/.local/share/Steam/steamapps/common/7 Days to Die Dedicated Server/Data/ItemIcons/shapeCubeHalfTrimQuarterDiagonalFiller.png]: 1
@open_path[/home/maci/.local/share/Steam/steamapps/common/7 Days to Die Dedicated Server/7DaysToDieServer_Data/../Data/Addressables/Standalone/player_assets_entities/player/male/hair/comb_over.bundle]: 1
@open_path[/home/maci/.local/share/Steam/steamapps/common/7 Days to Die Dedicated Server/Data/ItemIcons/shapeCubeHalfTrimQuarterDiagonalCrossOffset.png]: 1
@open_path[/home/maci/.local/share/Steam/steamapps/common/7 Days to Die Dedicated Server/Data/ItemIcons/shapeCubeDrainSideCentered.png]: 1
@open_path[/home/maci/Desktop/7dtd/7dtd-loadgen/workspace/bench/lap2/userdata/Saves/Navezgane/bench_stock_lap2/players.xml]: 2
@open_path[/home/maci/.local/share/Steam/steamapps/common/7 Days to Die Dedicated Server/7DaysToDieServer_Data/../Data/Addressables/Standalone/player_assets_entities/player/male/hair/mohawk.bundle]: 2
@open_path[/home/maci/Desktop/7dtd/7dtd-loadgen/workspace/bench/lap2/userdata/Saves/Navezgane/bench_stock_lap2/Region/r.2.1.7rg]: 6
@open_path[/home/maci/Desktop/7dtd/7dtd-loadgen/workspace/bench/lap2/userdata/Saves/Navezgane/bench_stock_lap2/Region/r.1.2.7rg]: 6
@open_path[/home/maci/Desktop/7dtd/7dtd-loadgen/workspace/bench/lap2/userdata/Saves/Navezgane/bench_stock_lap2/Region/r.-1.0.7rg]: 9
@open_path[/home/maci/Desktop/7dtd/7dtd-loadgen/workspace/bench/lap2/userdata/Saves/Navezgane/bench_stock_lap2/Region/r.0.1.7rg]: 29
@open_path[/home/maci/Desktop/7dtd/7dtd-loadgen/workspace/bench/lap2/userdata/Saves/Navezgane/bench_stock_lap2/Region/r.1.1.7rg]: 190
@open_path[/home/maci/Desktop/7dtd/7dtd-loadgen/workspace/bench/lap2/userdata/Saves/Navezgane/bench_stock_lap2/Region/r.0.0.7rg]: 231


@open_path[/home/maci/.local/share/Steam/steamapps/common/7 Days to Die Dedicated Server/Data/ItemIcons/shapeCubeHalfCrownCorner5.png]: 1
@open_path[/home/maci/.local/share/Steam/steamapps/common/7 Days to Die Dedicated Server/7DaysToDieServer_Data/../Data/Addressables/Standalone/player_assets_entities/player/male/hair/midpart_karen_messy.bundle]: 1
@open_path[/home/maci/.local/share/Steam/steamapps/common/7 Days to Die Dedicated Server/Data/ItemIcons/shapeCubeHalfTrimQuarterDiagonalCross.png]: 1
@open_path[/home/maci/.local/share/Steam/steamapps/common/7 Days to Die Dedicated Server/Data/ItemIcons/shapeCubeHalfPoleSquareCorner3Way.png]: 1
@open_path[/home/maci/.local/share/Steam/steamapps/common/7 Days to Die Dedicated Server/Data/ItemIcons/shapeCubeFacade.png]: 1
@open_path[/home/maci/.local/share/Steam/steamapps/common/7 Days to Die Dedicated Server/Data/ItemIcons/shapeCatwalkWedgeRailMetal.png]: 1
@open_path[/home/maci/Desktop/7dtd/7dtd-loadgen/workspace/bench/lap2/userdata/Saves/Navezgane/bench_stock_lap2/Region/r.2.2.7rg]: 1
@open_path[/home/maci/.local/share/Steam/steamapps/common/7 Days to Die Dedicated Server/7DaysToDieServer_Data/../Data/Addressables/Standalone/zombies_assets_entities/zombies/boe.bundle]: 1
@open_path[/home/maci/.local/share/Steam/steamapps/common/7 Days to Die Dedicated Server/7DaysToDieServer_Data/../Data/Addressables/Standalone/player_assets_entities/player/male/hair/ponytail.bundle]: 1
@open_path[/home/maci/.local/share/Steam/steamapps/common/7 Days to Die Dedicated Server/Data/ItemIcons/shapeCubeFacadeCorner.png]: 1
@open_path[/home/maci/.local/share/Steam/steamapps/common/7 Days to Die Dedicated Server/7DaysToDieServer_Data/../Data/Addressables/Standalone/player_assets_entities/player/male/hair/midpart_short.bundle]: 1
@open_path[/home/maci/.local/share/Steam/steamapps/common/7 Days to Die Dedicated Server/Data/ItemIcons/shapeCubeFrame.png]: 1
@open_path[/home/maci/.local/share/Steam/steamapps/common/7 Days to Die Dedicated Server/Data/ItemIcons/shapeCubeHalfArchTrimOffset.png]: 1
@open_path[/home/maci/.local/share/Steam/steamapps/common/7 Days to Die Dedicated Server/Data/ItemIcons/shapeCrownThreeSidedRightHalf02.png]: 1
@open_path[/home/maci/.local/share/Steam/steamapps/common/7 Days to Die Dedicated Server/Data/ItemIcons/shapeCubeDrainTee.png]: 1
@open_path[/home/maci/.local/share/Steam/steamapps/common/7 Days to Die Dedicated Server/Data/ItemIcons/shapeCubeHalfBaseboard.png]: 1
@open_path[/home/maci/.local/share/Steam/steamapps/common/7 Days to Die Dedicated Server/Data/ItemIcons/shapeCubeEighth.png]: 1
@open_path[/home/maci/.local/share/Steam/steamapps/common/7 Days to Die Dedicated Server/Data/ItemIcons/shapeCube7mRound02.png]: 1
@open_path[/home/maci/.local/share/Steam/steamapps/common/7 Days to Die Dedicated Server/7DaysToDieServer_Data/../Data/Addressables/Standalone/player_assets_entities/player/male/hair/pixie_cut.bundle]: 1
@open_path[/home/maci/.local/share/Steam/steamapps/common/7 Days to Die Dedicated Server/Data/ItemIcons/shapeCubeHalfTrimQuarterCircle.png]: 1
@open_path[/home/maci/.local/share/Steam/steamapps/common/7 Days to Die Dedicated Server/Data/ItemIcons/shapeCubeHalfTrimQuarter2sidedOffset.png]: 1
@open_path[/home/maci/.local/share/Steam/steamapps/common/7 Days to Die Dedicated Server/Data/ItemIcons/shapeCubeHalfFloorJoist.png]: 1
@open_path[/home/maci/.local/share/Steam/steamapps/common/7 Days to Die Dedicated Server/Data/ItemIcons/shapeCubeHalfTrimQuarterCornerInside2Offset.png]: 1
@open_path[/home/maci/.local/share/Steam/steamapps/common/7 Days to Die Dedicated Server/Data/ItemIcons/shapeCubeHalfTrimQuarterDiagonalCornerOutsideOffset.png]: 1
@open_path[/home/maci/.local/share/Steam/steamapps/common/7 Days to Die Dedicated Server/Data/ItemIcons/shapeCubeHalfTrimQuarterDiagonalFiller.png]: 1
@open_path[/home/maci/.local/share/Steam/steamapps/common/7 Days to Die Dedicated Server/7DaysToDieServer_Data/../Data/Addressables/Standalone/player_assets_entities/player/male/hair/comb_over.bundle]: 1
@open_path[/home/maci/.local/share/Steam/steamapps/common/7 Days to Die Dedicated Server/Data/ItemIcons/shapeCubeHalfTrimQuarterDiagonalCrossOffset.png]: 1
@open_path[/home/maci/.local/share/Steam/steamapps/common/7 Days to Die Dedicated Server/Data/ItemIcons/shapeCubeDrainSideCentered.png]: 1
@open_path[/home/maci/Desktop/7dtd/7dtd-loadgen/workspace/bench/lap2/userdata/Saves/Navezgane/bench_stock_lap2/players.xml]: 2
@open_path[/home/maci/.local/share/Steam/steamapps/common/7 Days to Die Dedicated Server/7DaysToDieServer_Data/../Data/Addressables/Standalone/player_assets_entities/player/male/hair/mohawk.bundle]: 2
@open_path[/home/maci/Desktop/7dtd/7dtd-loadgen/workspace/bench/lap2/userdata/Saves/Navezgane/bench_stock_lap2/Region/r.2.1.7rg]: 6
@open_path[/home/maci/Desktop/7dtd/7dtd-loadgen/workspace/bench/lap2/userdata/Saves/Navezgane/bench_stock_lap2/Region/r.1.2.7rg]: 6
@open_path[/home/maci/Desktop/7dtd/7dtd-loadgen/workspace/bench/lap2/userdata/Saves/Navezgane/bench_stock_lap2/Region/r.-1.0.7rg]: 9
@open_path[/home/maci/Desktop/7dtd/7dtd-loadgen/workspace/bench/lap2/userdata/Saves/Navezgane/bench_stock_lap2/Region/r.0.1.7rg]: 29
@open_path[/home/maci/Desktop/7dtd/7dtd-loadgen/workspace/bench/lap2/userdata/Saves/Navezgane/bench_stock_lap2/Region/r.1.1.7rg]: 190
@open_path[/home/maci/Desktop/7dtd/7dtd-loadgen/workspace/bench/lap2/userdata/Saves/Navezgane/bench_stock_lap2/Region/r.0.0.7rg]: 231
@opens: 503
@pagefaults: 357965
@tcp_recv: 102
@tcp_recv_bytes: 104448
@udp_recv: 8826
@udp_recv_bytes: 12638424
@udp_send: 153684
@udp_send_bytes: 151608118
