/home/maci/Desktop/7dtd/7dtd-loadgen/workspace/bench/lap2/bench/apm/session_20260822_090523_pid887601/bt/vfs.bt:15:12-41: WARNING: signed operands for '/' can lead to undefined behavior (cast to unsigned to silence warning)
    $us = (nsecs - @r_enter[tid]) / 1000;
           ~~~~~~~~~~~~~~~~~~~~~~~~~~~~~
/home/maci/Desktop/7dtd/7dtd-loadgen/workspace/bench/lap2/bench/apm/session_20260822_090523_pid887601/bt/vfs.bt:39:12-41: WARNING: signed operands for '/' can lead to undefined behavior (cast to unsigned to silence warning)
    $us = (nsecs - @w_enter[tid]) / 1000;
           ~~~~~~~~~~~~~~~~~~~~~~~~~~~~~
/home/maci/Desktop/7dtd/7dtd-loadgen/workspace/bench/lap2/bench/apm/session_20260822_090523_pid887601/bt/vfs.bt:62:12-45: WARNING: signed operands for '/' can lead to undefined behavior (cast to unsigned to silence warning)
    $us = (nsecs - @fsync_enter[tid]) / 1000;
           ~~~~~~~~~~~~~~~~~~~~~~~~~~~~~~~~~
/home/maci/Desktop/7dtd/7dtd-loadgen/workspace/bench/lap2/bench/apm/session_20260822_090523_pid887601/bt/vfs.bt:15:12-41: WARNING: signed operands for '/' can lead to undefined behavior (cast to unsigned to silence warning)
    $us = (nsecs - @r_enter[tid]) / 1000;
           ~~~~~~~~~~~~~~~~~~~~~~~~~~~~~
/home/maci/Desktop/7dtd/7dtd-loadgen/workspace/bench/lap2/bench/apm/session_20260822_090523_pid887601/bt/vfs.bt:39:12-41: WARNING: signed operands for '/' can lead to undefined behavior (cast to unsigned to silence warning)
    $us = (nsecs - @w_enter[tid]) / 1000;
           ~~~~~~~~~~~~~~~~~~~~~~~~~~~~~
/home/maci/Desktop/7dtd/7dtd-loadgen/workspace/bench/lap2/bench/apm/session_20260822_090523_pid887601/bt/vfs.bt:62:12-45: WARNING: signed operands for '/' can lead to undefined behavior (cast to unsigned to silence warning)
    $us = (nsecs - @fsync_enter[tid]) / 1000;
           ~~~~~~~~~~~~~~~~~~~~~~~~~~~~~~~~~
/home/maci/Desktop/7dtd/7dtd-loadgen/workspace/bench/lap2/bench/apm/session_20260822_090523_pid887601/bt/vfs.bt:15:12-17: WARNING: Expression of type: uint64 being cast to type: int64. This may cause unexpected results. Use an explicit cast to suppress this warning.
    $us = (nsecs - @r_enter[tid]) / 1000;
           ~~~~~
/home/maci/Desktop/7dtd/7dtd-loadgen/workspace/bench/lap2/bench/apm/session_20260822_090523_pid887601/bt/vfs.bt:15:20-33: WARNING: Expression of type: uint64 being cast to type: int64. This may cause unexpected results. Use an explicit cast to suppress this warning.
    $us = (nsecs - @r_enter[tid]) / 1000;
                   ~~~~~~~~~~~~~
/home/maci/Desktop/7dtd/7dtd-loadgen/workspace/bench/lap2/bench/apm/session_20260822_090523_pid887601/bt/vfs.bt:39:12-17: WARNING: Expression of type: uint64 being cast to type: int64. This may cause unexpected results. Use an explicit cast to suppress this warning.
    $us = (nsecs - @w_enter[tid]) / 1000;
           ~~~~~
/home/maci/Desktop/7dtd/7dtd-loadgen/workspace/bench/lap2/bench/apm/session_20260822_090523_pid887601/bt/vfs.bt:39:20-33: WARNING: Expression of type: uint64 being cast to type: int64. This may cause unexpected results. Use an explicit cast to suppress this warning.
    $us = (nsecs - @w_enter[tid]) / 1000;
                   ~~~~~~~~~~~~~
/home/maci/Desktop/7dtd/7dtd-loadgen/workspace/bench/lap2/bench/apm/session_20260822_090523_pid887601/bt/vfs.bt:62:12-17: WARNING: Expression of type: uint64 being cast to type: int64. This may cause unexpected results. Use an explicit cast to suppress this warning.
    $us = (nsecs - @fsync_enter[tid]) / 1000;
           ~~~~~
/home/maci/Desktop/7dtd/7dtd-loadgen/workspace/bench/lap2/bench/apm/session_20260822_090523_pid887601/bt/vfs.bt:62:20-37: WARNING: Expression of type: uint64 being cast to type: int64. This may cause unexpected results. Use an explicit cast to suppress this warning.
    $us = (nsecs - @fsync_enter[tid]) / 1000;
                   ~~~~~~~~~~~~~~~~~
/home/maci/Desktop/7dtd/7dtd-loadgen/workspace/bench/lap2/bench/apm/session_20260822_090523_pid887601/bt/vfs.bt:16:5-27: WARNING: Return value discarded.
    delete(@r_enter[tid]);
    ~~~~~~~~~~~~~~~~~~~~~~
/home/maci/Desktop/7dtd/7dtd-loadgen/workspace/bench/lap2/bench/apm/session_20260822_090523_pid887601/bt/vfs.bt:40:5-27: WARNING: Return value discarded.
    delete(@w_enter[tid]);
    ~~~~~~~~~~~~~~~~~~~~~~
/home/maci/Desktop/7dtd/7dtd-loadgen/workspace/bench/lap2/bench/apm/session_20260822_090523_pid887601/bt/vfs.bt:63:5-31: WARNING: Return value discarded.
    delete(@fsync_enter[tid]);
    ~~~~~~~~~~~~~~~~~~~~~~~~~~
17:05:30 @open_n: 30
17:05:35 @open_n: 32
17:05:40 @open_n: 151
17:05:50 @open_n: 482

=== vfs_read latency us ===

=== vfs_write latency us ===

=== vfs_fsync latency us ===

=== slow read stacks (>=1ms) ===

=== slow write stacks (>=1ms) ===

=== top openat paths ===
@open_path[/home/maci/.local/share/Steam/steamapps/common/7 Days to Die Dedicated Server/Data/ItemIcons/shapeCubeHalfTrimQuarterDiagonalCross.png]: 1
@open_path[/home/maci/.local/share/Steam/steamapps/common/7 Days to Die Dedicated Server/Data/ItemIcons/shapeCubeHalfTrimQuarter2sidedOffset.png]: 1
@open_path[/home/maci/Desktop/7dtd/7dtd-loadgen/workspace/bench/lap2/userdata/Saves/Navezgane/bench_stock_lap2/Region/r.2.2.7rg]: 1
@open_path[/home/maci/.local/share/Steam/steamapps/common/7 Days to Die Dedicated Server/Data/ItemIcons/shapeCubeHalfPoleSquareCorner3Way.png]: 1
@open_path[/home/maci/.local/share/Steam/steamapps/common/7 Days to Die Dedicated Server/Data/ItemIcons/shapeCubeHalfTrimQuarterDiagonalCrossOffset.png]: 1
@open_path[/home/maci/.local/share/Steam/steamapps/common/7 Days to Die Dedicated Server/Data/ItemIcons/shapeCubeHalfBaseboard.png]: 1
@open_path[/home/maci/.local/share/Steam/steamapps/common/7 Days to Die Dedicated Server/7DaysToDieServer_Data/../Data/Addressables/Standalone/player_assets_entities/player/male/hair/midpart_short.bundle]: 1
@open_path[/home/maci/.local/share/Steam/steamapps/common/7 Days to Die Dedicated Server/Data/ItemIcons/shapeCubeHalfArchTrimOffset.png]: 1
@open_path[/home/maci/.local/share/Steam/steamapps/common/7 Days to Die Dedicated Server/Data/ItemIcons/shapeCubeDrainTee.png]: 1
@open_path[/home/maci/.local/share/Steam/steamapps/common/7 Days to Die Dedicated Server/Data/ItemIcons/shapeCubeHalfTrimQuarterDiagonalCornerOutsideOffset.png]: 1
@open_path[/home/maci/.local/share/Steam/steamapps/common/7 Days to Die Dedicated Server/Data/ItemIcons/shapeCatwalkWedgeRailMetal.png]: 1
@open_path[/home/maci/.local/share/Steam/steamapps/common/7 Days to Die Dedicated Server/7DaysToDieServer_Data/../Data/Addressables/Standalone/player_assets_entities/player/male/hair/pixie_cut.bundle]: 1
@open_path[/home/maci/.local/share/Steam/steamapps/common/7 Days to Die Dedicated Server/Data/ItemIcons/shapeCubeHalfCrownCorner5.png]: 1
@open_path[/home/maci/.local/share/Steam/steamapps/common/7 Days to Die Dedicated Server/7DaysToDieServer_Data/../Data/Addressables/Standalone/player_assets_entities/player/male/hair/comb_over.bundle]: 1
@open_path[/home/maci/.local/share/Steam/steamapps/common/7 Days to Die Dedicated Server/Data/ItemIcons/shapeCubeHalfFloorJoist.png]: 1
@open_path[/home/maci/.local/share/Steam/steamapps/common/7 Days to Die Dedicated Server/Data/ItemIcons/shapeCubeDrainSideCentered.png]: 1
@open_path[/home/maci/.local/share/Steam/steamapps/common/7 Days to Die Dedicated Server/Data/ItemIcons/shapeCubeFrame.png]: 1
@open_path[/home/maci/.local/share/Steam/steamapps/common/7 Days to Die Dedicated Server/Data/ItemIcons/shapeCube7mRound02.png]: 1
@open_path[/home/maci/.local/share/Steam/steamapps/common/7 Days to Die Dedicated Server/Data/ItemIcons/shapeCubeHalfTrimQuarterDiagonalFiller.png]: 1
@open_path[/home/maci/.local/share/Steam/steamapps/common/7 Days to Die Dedicated Server/7DaysToDieServer_Data/../Data/Addressables/Standalone/player_assets_entities/player/male/hair/midpart_karen_messy.bundle]: 1
@open_path[/home/maci/.local/share/Steam/steamapps/common/7 Days to Die Dedicated Server/Data/ItemIcons/shapeCubeHalfTrimQuarterCornerInside2Offset.png]: 1
@open_path[/home/maci/.local/share/Steam/steamapps/common/7 Days to Die Dedicated Server/7DaysToDieServer_Data/../Data/Addressables/Standalone/player_assets_entities/player/male/hair/ponytail.bundle]: 1
@open_path[/home/maci/.local/share/Steam/steamapps/common/7 Days to Die Dedicated Server/Data/ItemIcons/shapeCrownThreeSidedRightHalf02.png]: 1
@open_path[/home/maci/.local/share/Steam/steamapps/common/7 Days to Die Dedicated Server/Data/ItemIcons/shapeCubeEighth.png]: 1
@open_path[/home/maci/.local/share/Steam/steamapps/common/7 Days to Die Dedicated Server/Data/ItemIcons/shapeCubeFacadeCorner.png]: 1
@open_path[/home/maci/.local/share/Steam/steamapps/common/7 Days to Die Dedicated Server/7DaysToDieServer_Data/../Data/Addressables/Standalone/zombies_assets_entities/zombies/boe.bundle]: 1
@open_path[/home/maci/.local/share/Steam/steamapps/common/7 Days to Die Dedicated Server/Data/ItemIcons/shapeCubeFacade.png]: 1
@open_path[/home/maci/.local/share/Steam/steamapps/common/7 Days to Die Dedicated Server/Data/ItemIcons/shapeCubeHalfTrimQuarterCircle.png]: 1
@open_path[/home/maci/.local/share/Steam/steamapps/common/7 Days to Die Dedicated Server/7DaysToDieServer_Data/../Data/Addressables/Standalone/player_assets_entities/player/male/hair/mohawk.bundle]: 2
@open_path[/home/maci/Desktop/7dtd/7dtd-loadgen/workspace/bench/lap2/userdata/Saves/Navezgane/bench_stock_lap2/players.xml]: 2
@open_path[/home/maci/Desktop/7dtd/7dtd-loadgen/workspace/bench/lap2/userdata/Saves/Navezgane/bench_stock_lap2/Region/r.2.1.7rg]: 6
@open_path[/home/maci/Desktop/7dtd/7dtd-loadgen/workspace/bench/lap2/userdata/Saves/Navezgane/bench_stock_lap2/Region/r.1.2.7rg]: 6
@open_path[/home/maci/Desktop/7dtd/7dtd-loadgen/workspace/bench/lap2/userdata/Saves/Navezgane/bench_stock_lap2/Region/r.-1.0.7rg]: 9
@open_path[/home/maci/Desktop/7dtd/7dtd-loadgen/workspace/bench/lap2/userdata/Saves/Navezgane/bench_stock_lap2/Region/r.0.1.7rg]: 29
@open_path[/home/maci/Desktop/7dtd/7dtd-loadgen/workspace/bench/lap2/userdata/Saves/Navezgane/bench_stock_lap2/Region/r.1.1.7rg]: 190
@open_path[/home/maci/Desktop/7dtd/7dtd-loadgen/workspace/bench/lap2/userdata/Saves/Navezgane/bench_stock_lap2/Region/r.0.0.7rg]: 231


@open_n: 503
@open_path[/home/maci/.local/share/Steam/steamapps/common/7 Days to Die Dedicated Server/Data/ItemIcons/shapeCubeHalfTrimQuarterDiagonalCross.png]: 1
@open_path[/home/maci/.local/share/Steam/steamapps/common/7 Days to Die Dedicated Server/Data/ItemIcons/shapeCubeHalfTrimQuarter2sidedOffset.png]: 1
@open_path[/home/maci/Desktop/7dtd/7dtd-loadgen/workspace/bench/lap2/userdata/Saves/Navezgane/bench_stock_lap2/Region/r.2.2.7rg]: 1
@open_path[/home/maci/.local/share/Steam/steamapps/common/7 Days to Die Dedicated Server/Data/ItemIcons/shapeCubeHalfPoleSquareCorner3Way.png]: 1
@open_path[/home/maci/.local/share/Steam/steamapps/common/7 Days to Die Dedicated Server/Data/ItemIcons/shapeCubeHalfTrimQuarterDiagonalCrossOffset.png]: 1
@open_path[/home/maci/.local/share/Steam/steamapps/common/7 Days to Die Dedicated Server/Data/ItemIcons/shapeCubeHalfBaseboard.png]: 1
@open_path[/home/maci/.local/share/Steam/steamapps/common/7 Days to Die Dedicated Server/7DaysToDieServer_Data/../Data/Addressables/Standalone/player_assets_entities/player/male/hair/midpart_short.bundle]: 1
@open_path[/home/maci/.local/share/Steam/steamapps/common/7 Days to Die Dedicated Server/Data/ItemIcons/shapeCubeHalfArchTrimOffset.png]: 1
@open_path[/home/maci/.local/share/Steam/steamapps/common/7 Days to Die Dedicated Server/Data/ItemIcons/shapeCubeDrainTee.png]: 1
@open_path[/home/maci/.local/share/Steam/steamapps/common/7 Days to Die Dedicated Server/Data/ItemIcons/shapeCubeHalfTrimQuarterDiagonalCornerOutsideOffset.png]: 1
@open_path[/home/maci/.local/share/Steam/steamapps/common/7 Days to Die Dedicated Server/Data/ItemIcons/shapeCatwalkWedgeRailMetal.png]: 1
@open_path[/home/maci/.local/share/Steam/steamapps/common/7 Days to Die Dedicated Server/7DaysToDieServer_Data/../Data/Addressables/Standalone/player_assets_entities/player/male/hair/pixie_cut.bundle]: 1
@open_path[/home/maci/.local/share/Steam/steamapps/common/7 Days to Die Dedicated Server/Data/ItemIcons/shapeCubeHalfCrownCorner5.png]: 1
@open_path[/home/maci/.local/share/Steam/steamapps/common/7 Days to Die Dedicated Server/7DaysToDieServer_Data/../Data/Addressables/Standalone/player_assets_entities/player/male/hair/comb_over.bundle]: 1
@open_path[/home/maci/.local/share/Steam/steamapps/common/7 Days to Die Dedicated Server/Data/ItemIcons/shapeCubeHalfFloorJoist.png]: 1
@open_path[/home/maci/.local/share/Steam/steamapps/common/7 Days to Die Dedicated Server/Data/ItemIcons/shapeCubeDrainSideCentered.png]: 1
@open_path[/home/maci/.local/share/Steam/steamapps/common/7 Days to Die Dedicated Server/Data/ItemIcons/shapeCubeFrame.png]: 1
@open_path[/home/maci/.local/share/Steam/steamapps/common/7 Days to Die Dedicated Server/Data/ItemIcons/shapeCube7mRound02.png]: 1
@open_path[/home/maci/.local/share/Steam/steamapps/common/7 Days to Die Dedicated Server/Data/ItemIcons/shapeCubeHalfTrimQuarterDiagonalFiller.png]: 1
@open_path[/home/maci/.local/share/Steam/steamapps/common/7 Days to Die Dedicated Server/7DaysToDieServer_Data/../Data/Addressables/Standalone/player_assets_entities/player/male/hair/midpart_karen_messy.bundle]: 1
@open_path[/home/maci/.local/share/Steam/steamapps/common/7 Days to Die Dedicated Server/Data/ItemIcons/shapeCubeHalfTrimQuarterCornerInside2Offset.png]: 1
@open_path[/home/maci/.local/share/Steam/steamapps/common/7 Days to Die Dedicated Server/7DaysToDieServer_Data/../Data/Addressables/Standalone/player_assets_entities/player/male/hair/ponytail.bundle]: 1
@open_path[/home/maci/.local/share/Steam/steamapps/common/7 Days to Die Dedicated Server/Data/ItemIcons/shapeCrownThreeSidedRightHalf02.png]: 1
@open_path[/home/maci/.local/share/Steam/steamapps/common/7 Days to Die Dedicated Server/Data/ItemIcons/shapeCubeEighth.png]: 1
@open_path[/home/maci/.local/share/Steam/steamapps/common/7 Days to Die Dedicated Server/Data/ItemIcons/shapeCubeFacadeCorner.png]: 1
@open_path[/home/maci/.local/share/Steam/steamapps/common/7 Days to Die Dedicated Server/7DaysToDieServer_Data/../Data/Addressables/Standalone/zombies_assets_entities/zombies/boe.bundle]: 1
@open_path[/home/maci/.local/share/Steam/steamapps/common/7 Days to Die Dedicated Server/Data/ItemIcons/shapeCubeFacade.png]: 1
@open_path[/home/maci/.local/share/Steam/steamapps/common/7 Days to Die Dedicated Server/Data/ItemIcons/shapeCubeHalfTrimQuarterCircle.png]: 1
@open_path[/home/maci/.local/share/Steam/steamapps/common/7 Days to Die Dedicated Server/7DaysToDieServer_Data/../Data/Addressables/Standalone/player_assets_entities/player/male/hair/mohawk.bundle]: 2
@open_path[/home/maci/Desktop/7dtd/7dtd-loadgen/workspace/bench/lap2/userdata/Saves/Navezgane/bench_stock_lap2/players.xml]: 2
@open_path[/home/maci/Desktop/7dtd/7dtd-loadgen/workspace/bench/lap2/userdata/Saves/Navezgane/bench_stock_lap2/Region/r.2.1.7rg]: 6
@open_path[/home/maci/Desktop/7dtd/7dtd-loadgen/workspace/bench/lap2/userdata/Saves/Navezgane/bench_stock_lap2/Region/r.1.2.7rg]: 6
@open_path[/home/maci/Desktop/7dtd/7dtd-loadgen/workspace/bench/lap2/userdata/Saves/Navezgane/bench_stock_lap2/Region/r.-1.0.7rg]: 9
@open_path[/home/maci/Desktop/7dtd/7dtd-loadgen/workspace/bench/lap2/userdata/Saves/Navezgane/bench_stock_lap2/Region/r.0.1.7rg]: 29
@open_path[/home/maci/Desktop/7dtd/7dtd-loadgen/workspace/bench/lap2/userdata/Saves/Navezgane/bench_stock_lap2/Region/r.1.1.7rg]: 190
@open_path[/home/maci/Desktop/7dtd/7dtd-loadgen/workspace/bench/lap2/userdata/Saves/Navezgane/bench_stock_lap2/Region/r.0.0.7rg]: 231
