/home/maci/Desktop/7dtd/7dtd-loadgen/workspace/bench/lap1/soak-4bot/apm/session_20260822_085425_pid855510/bt/futex.bt:29:12-44: WARNING: signed operands for '/' can lead to undefined behavior (cast to unsigned to silence warning)
    $us = (nsecs - @wait_enter[tid]) / 1000;
           ~~~~~~~~~~~~~~~~~~~~~~~~~~~~~~~~
/home/maci/Desktop/7dtd/7dtd-loadgen/workspace/bench/lap1/soak-4bot/apm/session_20260822_085425_pid855510/bt/futex.bt:29:12-44: WARNING: signed operands for '/' can lead to undefined behavior (cast to unsigned to silence warning)
    $us = (nsecs - @wait_enter[tid]) / 1000;
           ~~~~~~~~~~~~~~~~~~~~~~~~~~~~~~~~
/home/maci/Desktop/7dtd/7dtd-loadgen/workspace/bench/lap1/soak-4bot/apm/session_20260822_085425_pid855510/bt/futex.bt:29:12-17: WARNING: Expression of type: uint64 being cast to type: int64. This may cause unexpected results. Use an explicit cast to suppress this warning.
    $us = (nsecs - @wait_enter[tid]) / 1000;
           ~~~~~
/home/maci/Desktop/7dtd/7dtd-loadgen/workspace/bench/lap1/soak-4bot/apm/session_20260822_085425_pid855510/bt/futex.bt:29:20-36: WARNING: Expression of type: uint64 being cast to type: int64. This may cause unexpected results. Use an explicit cast to suppress this warning.
    $us = (nsecs - @wait_enter[tid]) / 1000;
                   ~~~~~~~~~~~~~~~~
/home/maci/Desktop/7dtd/7dtd-loadgen/workspace/bench/lap1/soak-4bot/apm/session_20260822_085425_pid855510/bt/futex.bt:16:15-39: WARNING: Addrspace mismatch
    @futex_op[args.op & FUTEX_CMD_MASK] = count();
              ~~~~~~~~~~~~~~~~~~~~~~~~
/home/maci/Desktop/7dtd/7dtd-loadgen/workspace/bench/lap1/soak-4bot/apm/session_20260822_085425_pid855510/bt/futex.bt:17:10-34: WARNING: Addrspace mismatch
    if ((args.op & FUTEX_CMD_MASK) == FUTEX_WAIT ||
         ~~~~~~~~~~~~~~~~~~~~~~~~
/home/maci/Desktop/7dtd/7dtd-loadgen/workspace/bench/lap1/soak-4bot/apm/session_20260822_085425_pid855510/bt/futex.bt:18:10-34: WARNING: Addrspace mismatch
        (args.op & FUTEX_CMD_MASK) == FUTEX_WAIT_BITSET) {
         ~~~~~~~~~~~~~~~~~~~~~~~~
/home/maci/Desktop/7dtd/7dtd-loadgen/workspace/bench/lap1/soak-4bot/apm/session_20260822_085425_pid855510/bt/futex.bt:21:10-34: WARNING: Addrspace mismatch
    if ((args.op & FUTEX_CMD_MASK) == FUTEX_WAKE) {
         ~~~~~~~~~~~~~~~~~~~~~~~~
/home/maci/Desktop/7dtd/7dtd-loadgen/workspace/bench/lap1/soak-4bot/apm/session_20260822_085425_pid855510/bt/futex.bt:30:5-30: WARNING: Return value discarded.
    delete(@wait_enter[tid]);
    ~~~~~~~~~~~~~~~~~~~~~~~~~
16:54:30 @wait_n: 106733
@wake_n: 109308
@wait_sum_us: 332608769
16:54:35 @wait_n: 204663
@wake_n: 202530
@wait_sum_us: 861163187
16:54:40 @wait_n: 247882
@wake_n: 248557
@wait_sum_us: 1160834834
16:54:45 @wait_n: 379441
@wake_n: 372363
@wait_sum_us: 1704318554
16:54:50 @wait_n: 440831
@wake_n: 434274
@wait_sum_us: 2205719801
16:54:56 @wait_n: 534708
@wake_n: 521894
@wait_sum_us: 2504170952

=== futex wait latency (us) ===
@wait_us:
[0]                74962 |@@@@@@@@@@@@@@@@@@@@@@@@@@@@@@@@@@@@@@              |
[1]                21612 |@@@@@@@@@@@                                         |
[2, 4)             23468 |@@@@@@@@@@@@                                        |
[4, 8)             43901 |@@@@@@@@@@@@@@@@@@@@@@                              |
[8, 16)            64915 |@@@@@@@@@@@@@@@@@@@@@@@@@@@@@@@@@                   |
[16, 32)           42415 |@@@@@@@@@@@@@@@@@@@@@                               |
[32, 64)          101193 |@@@@@@@@@@@@@@@@@@@@@@@@@@@@@@@@@@@@@@@@@@@@@@@@@@@@|
[64, 128)          32677 |@@@@@@@@@@@@@@@@                                    |
[128, 256)         21699 |@@@@@@@@@@@                                         |
[256, 512)          7079 |@@@                                                 |
[512, 1K)           2072 |@                                                   |
[1K, 2K)            1464 |                                                    |
[2K, 4K)           31989 |@@@@@@@@@@@@@@@@                                    |
[4K, 8K)           29248 |@@@@@@@@@@@@@@@                                     |
[8K, 16K)           9473 |@@@@                                                |
[16K, 32K)          8582 |@@@@                                                |
[32K, 64K)         15703 |@@@@@@@@                                            |
[64K, 128K)          864 |                                                    |
[128K, 256K)        1051 |                                                    |
[256K, 512K)         160 |                                                    |
[512K, 1M)            26 |                                                    |
[1M, 2M)              37 |                                                    |
[2M, 4M)              41 |                                                    |
[4M, 8M)              76 |                                                    |
[8M, 16M)              1 |                                                    |


=== futex op counts (cmd bits) ===
@futex_op[7]: 10
@futex_op[13]: 148
@futex_op[9]: 147687
@futex_op[0]: 387072
@futex_op[1]: 521894

=== main-thread total futex wait us ===
@main_futex_wait_us: 124974

=== waiter stacks by count (top) ===
@wait_stack[
        0x7f953cab61f2
        0x209f
]: 6
@wait_stack[
        0x7f953cab61f2
        0x22be
]: 6
@wait_stack[
        0x7f953cab61f2
        0x210b
]: 6
@wait_stack[
        0x7f953cab61f2
        0x20d5
]: 6
@wait_stack[
        0x7f953cab61f2
        0x21a1
]: 6
@wait_stack[
        0x7f953cab61f2
        0x20cf
]: 6
@wait_stack[
        0x7f953cab61f2
        0x21ad
]: 6
@wait_stack[
        0x7f953cab61f2
        0x20e7
]: 6
@wait_stack[
        0x7f953cab61f2
        0x22ca
]: 6
@wait_stack[
        0x7f953cab61f2
        0x2449
]: 6
@wait_stack[
        0x7f953cab61f2
        0x20ab
]: 6
@wait_stack[
        0x7f953cab61f2
        0x20e1
]: 6
@wait_stack[
        0x7f953cab61f2
        0x23bf
]: 6
@wait_stack[
        0x7f953cab61f2
        0x22d6
]: 6
@wait_stack[
        0x7f953cab61f2
        0x2342
]: 6
@wait_stack[
        0x7f953cab61f2
        0x2294
]: 6
@wait_stack[
        0x7f953cab61f2
        0x21e9
]: 6
@wait_stack[
        0x7f953cab61f2
        0x23d1
]: 6
@wait_stack[
        0x7f953cab61f2
        0x232a
]: 6
@wait_stack[
        0x7f953cab61f2
        0x2171
]: 6
@wait_stack[
        0x7f953cab61f2
        0x22ee
]: 6
@wait_stack[
        0x7f953cab61f2
        0x2419
]: 6
@wait_stack[
        0x7f953cab61f2
        0x2425
]: 6
@wait_stack[
        0x7f953cab61f2
        0x214d
]: 6
@wait_stack[
        0x7f953cab61f2
        0x223a
]: 6
@wait_stack[
        0x7f953cab61f2
        0x2312
]: 6
@wait_stack[
        0x7f953cab61f2
        0x229a
]: 6
@wait_stack[
        0x7f953cab61f2
        0x23c5
]: 6
@wait_stack[
        0x7f953cab61f2
        0x2437
]: 6
@wait_stack[
        0x7f953cab61f2
        0x2401
]: 6
@wait_stack[
        0x7f953cab61f2
        0x2123
]: 6
@wait_stack[
        0x7f953cab61f2
        0x230c
]: 6
@wait_stack[
        0x7f953cab61f2
        0x20f9
]: 6
@wait_stack[
        0x7f953cab61f2
        0x2306
]: 6
@wait_stack[
        0x7f953cab61f2
        0x20c9
]: 6
@wait_stack[
        syscall+29
        0x616552636e797341
]: 8
@wait_stack[
        0x7f953cab61f2
        0x2147
]: 12
@wait_stack[
        syscall+29
        0x4d64616f6c657250
]: 18
@wait_stack[
        syscall+29
]: 325
@wait_stack[
        0x7f953cab61f2
]: 930

=== waiter stacks by total wait us (top) ===
@wait_stack_time[
        0x7f953cab61f2
        0x217d
]: 892133
@wait_stack_time[
        0x7f953cab61f2
        0x23b9
]: 897593
@wait_stack_time[
        0x7f953cab61f2
        0x20cf
]: 898068
@wait_stack_time[
        0x7f953cab61f2
        0x2117
]: 898636
@wait_stack_time[
        0x7f953cab61f2
        0x20db
]: 899865
@wait_stack_time[
        0x7f953cab61f2
        0x21b9
]: 900437
@wait_stack_time[
        0x7f953cab61f2
        0x2312
]: 900864
@wait_stack_time[
        0x7f953cab61f2
        0x20e7
]: 903627
@wait_stack_time[
        0x7f953cab61f2
        0x226a
]: 904035
@wait_stack_time[
        0x7f953cab61f2
        0x21ad
]: 908211
@wait_stack_time[
        0x7f953cab61f2
        0x20ab
]: 908444
@wait_stack_time[
        0x7f953cab61f2
        0x20c9
]: 909833
@wait_stack_time[
        0x7f953cab61f2
        0x2342
]: 915981
@wait_stack_time[
        0x7f953cab61f2
        0x21f5
]: 923863
@wait_stack_time[
        0x7f953cab61f2
        0x22b2
]: 925523
@wait_stack_time[
        0x7f953cab61f2
        0x2171
]: 930329
@wait_stack_time[
        0x7f953cab61f2
        0x21c5
]: 930472
@wait_stack_time[
        0x7f953cab61f2
        0x2306
]: 933715
@wait_stack_time[
        0x7f953cab61f2
        0x2437
]: 944103
@wait_stack_time[
        0x7f953cab61f2
        0x245b
]: 988255
@wait_stack_time[
        0x7f953cab61f2
        0x21d1
]: 1068532
@wait_stack_time[
        0x7f953cab61f2
        0x2425
]: 1199076
@wait_stack_time[
        0x7f953cab61f2
        0x221f
]: 1231179
@wait_stack_time[
        0x7f953cab61f2
        0x22ee
]: 1236605
@wait_stack_time[
        0x7f953cab61f2
        0x2419
]: 1237295
@wait_stack_time[
        0x7f953cab61f2
        0x2339
]: 1543418
@wait_stack_time[
        0x7f953cab61f2
        0x233c
]: 1543684
@wait_stack_time[
        0x7f953cab61f2
        0x21e9
]: 2459354
@wait_stack_time[
        0x7f953cab61f2
        0x2159
]: 3196245
@wait_stack_time[
        0x7f953cab61f2
        0xf11
]: 3314779
@wait_stack_time[
        0x7f953cab61f2
        0x21ef
]: 3551570
@wait_stack_time[
        0x7f953cab61f2
        0xf5d
]: 3906647
@wait_stack_time[
        0x7f953cab61f2
        0xfaf
]: 4243801
@wait_stack_time[
        0x7f953cab61f2
        0x2147
]: 18400299
@wait_stack_time[
        0x7f953cab61f2
        0x232a
]: 22778114
@wait_stack_time[
        0x7f953cab61f2
        0x2219
]: 22871094
@wait_stack_time[
        syscall+29
        0x616552636e797341
]: 25138429
@wait_stack_time[
        syscall+29
        0x4d64616f6c657250
]: 26814620
@wait_stack_time[
        syscall+29
]: 394313045
@wait_stack_time[
        0x7f953cab61f2
]: 446357977


@futex_op[7]: 10
@futex_op[13]: 148
@futex_op[9]: 147687
@futex_op[0]: 387072
@futex_op[1]: 521894
@long_worker_waits: 1765
@main_futex_wait_us: 124974
@wait_enter[855618]: 544745353734808
@wait_enter[855602]: 544745587548902
@wait_enter[855605]: 544745587553280
@wait_enter[855598]: 544745587557649
@wait_enter[855595]: 544745587558811
@wait_enter[855593]: 544745587563780
@wait_enter[855599]: 544745587585731
@wait_enter[855603]: 544745587591602
@wait_enter[855600]: 544745587596411
@wait_enter[855597]: 544745587603825
@wait_enter[855604]: 544745587604066
@wait_enter[855607]: 544745587606971
@wait_enter[855606]: 544745587607813
@wait_enter[855594]: 544745587607943
@wait_enter[855601]: 544745587610358
@wait_enter[855608]: 544745587632750
@wait_enter[855596]: 544745587655733
@wait_enter[858301]: 544747335898997
@wait_enter[855616]: 544747335941988
@wait_enter[859005]: 544747910139970
@wait_enter[858828]: 544747910150540
@wait_enter[859015]: 544747910409998
@wait_enter[856576]: 544747910424745
@wait_enter[864500]: 544747916226823
@wait_enter[856547]: 544747916254415
@wait_enter[855613]: 544748995048181
@wait_enter[855610]: 544749014861810
@wait_enter[855800]: 544749280062909
@wait_enter[855547]: 544749328425588
@wait_enter[855857]: 544749676820075
@wait_enter[855860]: 544749676820215
@wait_enter[855855]: 544749676828220
@wait_enter[855859]: 544749676828952
@wait_enter[855856]: 544749676838409
@wait_enter[855858]: 544749676843609
@wait_enter[855587]: 544749829381540
@wait_enter[855590]: 544749829387341
@wait_enter[855562]: 544749829388563
@wait_enter[855591]: 544749829393202
@wait_enter[855586]: 544749829396628
@wait_enter[855592]: 544749829400175
@wait_enter[855588]: 544749829405555
@wait_enter[855589]: 544749829423839
@wait_enter[855585]: 544750029744147
@wait_enter[855584]: 544750576032110
@wait_enter[864902]: 544750873426762
@wait_enter[855583]: 544750877742535
@wait_enter[855876]: 544751039214842
@wait_enter[855880]: 544751102355492
@wait_enter[855879]: 544751112122022
@wait_enter[855877]: 544751201833814
@wait_n: 534708
@wait_stack[
        0x7f953cab61f2
        0xefb
]: 1
@wait_stack[
        0x7f953cab61f2
        0x21c8
]: 1
@wait_stack[
        0x7f953cab61f2
        0x2376
]: 1
@wait_stack[
        0x7f953cab61f2
        0x21a6
]: 1
@wait_stack[
        0x7f953cab61f2
        0x226c
]: 1
@wait_stack[
        0x7f953cab61f2
        0x23ea
]: 1
@wait_stack[
        0x7f953cab61f2
        0x2380
]: 1
@wait_stack[
        0x7f953cab61f2
        0xf14
]: 1
@wait_stack[
        0x7f953cab61f2
        0x221a
]: 1
@wait_stack[
        0x7f953cab61f2
        0x20ac
]: 1
@wait_stack[
        0x7f953cab61f2
        0x23d3
]: 1
@wait_stack[
        0x7f953cab61f2
        0x223f
]: 1
@wait_stack[
        0x7f953cab61f2
        0x244a
]: 1
@wait_stack[
        0x7f953cab61f2
        0x223e
]: 1
@wait_stack[
        0x7f953cab61f2
        0xfb6
]: 1
@wait_stack[
        0x7f953cab61f2
        0xf5d
]: 1
@wait_stack[
        0x7f953cab61f2
        0x23eb
]: 1
@wait_stack[
        0x7f953cab61f2
        0x22e6
]: 1
@wait_stack[
        0x7f953cab61f2
        0x231f
]: 1
@wait_stack[
        0x7f953cab61f2
        0x2402
]: 1
@wait_stack[
        0x7f953cab61f2
        0x2154
]: 1
@wait_stack[
        0x7f953cab61f2
        0xf8c
]: 1
@wait_stack[
        0x7f953cab61f2
        0x21c6
]: 1
@wait_stack[
        0x7f953cab61f2
        0x23de
]: 1
@wait_stack[
        0x7f953cab61f2
        0xfbf
]: 1
@wait_stack[
        0x7f953cab61f2
        0x237f
]: 1
@wait_stack[
        0x7f953cab61f2
        0x234f
]: 1
@wait_stack[
        0x7f953cab61f2
        0x23a6
]: 1
@wait_stack[
        0x7f953cab61f2
        0xf40
]: 1
@wait_stack[
        0x7f953cab61f2
        0x233b
]: 1
@wait_stack[
        0x7f953cab61f2
        0x2343
]: 1
@wait_stack[
        0x7f953cab61f2
        0x227a
]: 2
@wait_stack[
        0x7f953cab61f2
        0x2374
]: 2
@wait_stack[
        0x7f953cab61f2
        0xf11
]: 2
@wait_stack[
        0x7f953cab61f2
        0x21b0
]: 2
@wait_stack[
        0x7f953cab61f2
        0xfaf
]: 2
@wait_stack[
        0x7f953cab61f2
        0x2339
]: 2
@wait_stack[
        0x7f953cab61f2
        0x23a5
]: 2
@wait_stack[
        0x7f953cab61f2
        0x2377
]: 3
@wait_stack[
        0x7f953cab61f2
        0x233c
]: 3
@wait_stack[
        0x7f953cab61f2
        0x23a7
]: 3
@wait_stack[
        0x7f953cab61f2
        0x2383
]: 4
@wait_stack[
        0x7f953cab61f2
        0x2240
]: 4
@wait_stack[
        0x7f953cab61f2
        0x227c
]: 4
@wait_stack[
        0x7f953cab61f2
        0x21b3
]: 4
@wait_stack[
        0x7f953cab61f2
        0x21cb
]: 4
@wait_stack[
        0x7f953cab61f2
        0x23ef
]: 4
@wait_stack[
        0x7f953cab61f2
        0x221f
]: 5
@wait_stack[
        0x7f953cab61f2
        0x22e8
]: 5
@wait_stack[
        0x7f953cab61f2
        0x2324
]: 5
@wait_stack[
        0x7f953cab61f2
        0x23d7
]: 5
@wait_stack[
        0x7f953cab61f2
        0x20b1
]: 5
@wait_stack[
        0x7f953cab61f2
        0x244f
]: 5
@wait_stack[
        0x7f953cab61f2
        0x2159
]: 5
@wait_stack[
        0x7f953cab61f2
        0x2270
]: 5
@wait_stack[
        0x7f953cab61f2
        0x2407
]: 5
@wait_stack[
        0x7f953cab61f2
        0x23e3
]: 5
@wait_stack[
        0x7f953cab61f2
        0x22fa
]: 6
@wait_stack[
        0x7f953cab61f2
        0x20db
]: 6
@wait_stack[
        0x7f953cab61f2
        0x245b
]: 6
@wait_stack[
        0x7f953cab61f2
        0x228e
]: 6
@wait_stack[
        0x7f953cab61f2
        0x2117
]: 6
@wait_stack[
        0x7f953cab61f2
        0x21c5
]: 6
@wait_stack[
        0x7f953cab61f2
        0x23b9
]: 6
@wait_stack[
        0x7f953cab61f2
        0x22b8
]: 6
@wait_stack[
        0x7f953cab61f2
        0x21f5
]: 6
@wait_stack[
        0x7f953cab61f2
        0x2219
]: 6
@wait_stack[
        0x7f953cab61f2
        0x217d
]: 6
@wait_stack[
        0x7f953cab61f2
        0x20f3
]: 6
@wait_stack[
        0x7f953cab61f2
        0x220d
]: 6
@wait_stack[
        0x7f953cab61f2
        0x234e
]: 6
@wait_stack[
        0x7f953cab61f2
        0x219b
]: 6
@wait_stack[
        0x7f953cab61f2
        0x21b9
]: 6
@wait_stack[
        0x7f953cab61f2
        0x20bd
]: 6
@wait_stack[
        0x7f953cab61f2
        0x21d1
]: 6
@wait_stack[
        0x7f953cab61f2
        0x2063
]: 6
@wait_stack[
        0x7f953cab61f2
        0x226a
]: 6
@wait_stack[
        0x7f953cab61f2
        0x231e
]: 6
@wait_stack[
        0x7f953cab61f2
        0x2093
]: 6
@wait_stack[
        0x7f953cab61f2
        0x23ad
]: 6
@wait_stack[
        0x7f953cab61f2
        0x22b2
]: 6
@wait_stack[
        0x7f953cab61f2
        0x224c
]: 6
@wait_stack[
        0x7f953cab61f2
        0x21ef
]: 6
@wait_stack[
        0x7f953cab61f2
        0x209f
]: 6
@wait_stack[
        0x7f953cab61f2
        0x22be
]: 6
@wait_stack[
        0x7f953cab61f2
        0x210b
]: 6
@wait_stack[
        0x7f953cab61f2
        0x20d5
]: 6
@wait_stack[
        0x7f953cab61f2
        0x21a1
]: 6
@wait_stack[
        0x7f953cab61f2
        0x20cf
]: 6
@wait_stack[
        0x7f953cab61f2
        0x21ad
]: 6
@wait_stack[
        0x7f953cab61f2
        0x20e7
]: 6
@wait_stack[
        0x7f953cab61f2
        0x22ca
]: 6
@wait_stack[
        0x7f953cab61f2
        0x2449
]: 6
@wait_stack[
        0x7f953cab61f2
        0x20ab
]: 6
@wait_stack[
        0x7f953cab61f2
        0x20e1
]: 6
@wait_stack[
        0x7f953cab61f2
        0x23bf
]: 6
@wait_stack[
        0x7f953cab61f2
        0x22d6
]: 6
@wait_stack[
        0x7f953cab61f2
        0x2342
]: 6
@wait_stack[
        0x7f953cab61f2
        0x2294
]: 6
@wait_stack[
        0x7f953cab61f2
        0x21e9
]: 6
@wait_stack[
        0x7f953cab61f2
        0x23d1
]: 6
@wait_stack[
        0x7f953cab61f2
        0x232a
]: 6
@wait_stack[
        0x7f953cab61f2
        0x2171
]: 6
@wait_stack[
        0x7f953cab61f2
        0x22ee
]: 6
@wait_stack[
        0x7f953cab61f2
        0x2419
]: 6
@wait_stack[
        0x7f953cab61f2
        0x2425
]: 6
@wait_stack[
        0x7f953cab61f2
        0x214d
]: 6
@wait_stack[
        0x7f953cab61f2
        0x223a
]: 6
@wait_stack[
        0x7f953cab61f2
        0x2312
]: 6
@wait_stack[
        0x7f953cab61f2
        0x229a
]: 6
@wait_stack[
        0x7f953cab61f2
        0x23c5
]: 6
@wait_stack[
        0x7f953cab61f2
        0x2437
]: 6
@wait_stack[
        0x7f953cab61f2
        0x2401
]: 6
@wait_stack[
        0x7f953cab61f2
        0x2123
]: 6
@wait_stack[
        0x7f953cab61f2
        0x230c
]: 6
@wait_stack[
        0x7f953cab61f2
        0x20f9
]: 6
@wait_stack[
        0x7f953cab61f2
        0x2306
]: 6
@wait_stack[
        0x7f953cab61f2
        0x20c9
]: 6
@wait_stack[
        syscall+29
        0x616552636e797341
]: 8
@wait_stack[
        0x7f953cab61f2
        0x2147
]: 12
@wait_stack[
        syscall+29
        0x4d64616f6c657250
]: 18
@wait_stack[
        syscall+29
]: 325
@wait_stack[
        0x7f953cab61f2
]: 930
@wait_stack_time[
        0x7f953cab61f2
        0x2248
]: 100730
@wait_stack_time[
        0x7f953cab61f2
        0x244a
]: 100952
@wait_stack_time[
        0x7f953cab61f2
        0x2309
]: 101243
@wait_stack_time[
        0x7f953cab61f2
        0x231f
]: 101570
@wait_stack_time[
        0x7f953cab61f2
        0x21b0
]: 101588
@wait_stack_time[
        0x7f953cab61f2
        0x2279
]: 102964
@wait_stack_time[
        0x7f953cab61f2
        0x2343
]: 103977
@wait_stack_time[
        0x7f953cab61f2
        0x22e3
]: 108592
@wait_stack_time[
        0x7f953cab61f2
        0x22e7
]: 108605
@wait_stack_time[
        0x7f953cab61f2
        0xfb6
]: 108738
@wait_stack_time[
        0x7f953cab61f2
        0x2374
]: 110409
@wait_stack_time[
        0x7f953cab61f2
        0xfbf
]: 111991
@wait_stack_time[
        0x7f953cab61f2
        0x234f
]: 112160
@wait_stack_time[
        0x7f953cab61f2
        0xf40
]: 121662
@wait_stack_time[
        0x7f953cab61f2
        0xf8c
]: 123436
@wait_stack_time[
        0x7f953cab61f2
        0x21a6
]: 127988
@wait_stack_time[
        0x7f953cab61f2
        0x226f
]: 132761
@wait_stack_time[
        0x7f953cab61f2
        0x226b
]: 132762
@wait_stack_time[
        0x7f953cab61f2
        0x226d
]: 132764
@wait_stack_time[
        0x7f953cab61f2
        0x2402
]: 142380
@wait_stack_time[
        0x7f953cab61f2
        0xefb
]: 142561
@wait_stack_time[
        0x7f953cab61f2
        0x23de
]: 146235
@wait_stack_time[
        0x7f953cab61f2
        0x214a
]: 146651
@wait_stack_time[
        0x7f953cab61f2
        0x20ac
]: 148127
@wait_stack_time[
        0x7f953cab61f2
        0x23a4
]: 148404
@wait_stack_time[
        0x7f953cab61f2
        0x21c9
]: 150528
@wait_stack_time[
        0x7f953cab61f2
        0x21c7
]: 150543
@wait_stack_time[
        0x7f953cab61f2
        0x21c6
]: 150562
@wait_stack_time[
        0x7f953cab61f2
        0x20bc
]: 154154
@wait_stack_time[
        0x7f953cab61f2
        0x23eb
]: 166805
@wait_stack_time[
        0x7f953cab61f2
        0x23ea
]: 166880
@wait_stack_time[
        0x7f953cab61f2
        0x2459
]: 197659
@wait_stack_time[
        0x7f953cab61f2
        0x21af
]: 203207
@wait_stack_time[
        0x7f953cab61f2
        0x227c
]: 205918
@wait_stack_time[
        0x7f953cab61f2
        0x237f
]: 209679
@wait_stack_time[
        0x7f953cab61f2
        0x223c
]: 213824
@wait_stack_time[
        0x7f953cab61f2
        0x2373
]: 220838
@wait_stack_time[
        0x7f953cab61f2
        0x221a
]: 246241
@wait_stack_time[
        0x7f953cab61f2
        0x2404
]: 284689
@wait_stack_time[
        0x7f953cab61f2
        0x23a7
]: 296776
@wait_stack_time[
        0x7f953cab61f2
        0x20d4
]: 297390
@wait_stack_time[
        0x7f953cab61f2
        0x23d3
]: 300055
@wait_stack_time[
        0x7f953cab61f2
        0x21b3
]: 304801
@wait_stack_time[
        0x7f953cab61f2
        0x227a
]: 308870
@wait_stack_time[
        0x7f953cab61f2
        0x2377
]: 331262
@wait_stack_time[
        0x7f953cab61f2
        0x2270
]: 398274
@wait_stack_time[
        0x7f953cab61f2
        0x2383
]: 419387
@wait_stack_time[
        0x7f953cab61f2
        0x2407
]: 427052
@wait_stack_time[
        0x7f953cab61f2
        0x2240
]: 427646
@wait_stack_time[
        0x7f953cab61f2
        0x22e8
]: 434394
@wait_stack_time[
        0x7f953cab61f2
        0x23a5
]: 445181
@wait_stack_time[
        0x7f953cab61f2
        0x21cb
]: 451633
@wait_stack_time[
        0x7f953cab61f2
        0xf14
]: 499788
@wait_stack_time[
        0x7f953cab61f2
        0x224c
]: 503610
@wait_stack_time[
        0x7f953cab61f2
        0x244f
]: 504558
@wait_stack_time[
        0x7f953cab61f2
        0x230c
]: 506243
@wait_stack_time[
        0x7f953cab61f2
        0x2324
]: 507833
@wait_stack_time[
        0x7f953cab61f2
        0x20d5
]: 594770
@wait_stack_time[
        0x7f953cab61f2
        0x23d7
]: 600099
@wait_stack_time[
        0x7f953cab61f2
        0x20e1
]: 601266
@wait_stack_time[
        0x7f953cab61f2
        0x229a
]: 602058
@wait_stack_time[
        0x7f953cab61f2
        0x22ca
]: 602122
@wait_stack_time[
        0x7f953cab61f2
        0x23d1
]: 602745
@wait_stack_time[
        0x7f953cab61f2
        0x220d
]: 603112
@wait_stack_time[
        0x7f953cab61f2
        0x22d6
]: 603526
@wait_stack_time[
        0x7f953cab61f2
        0x23ad
]: 603668
@wait_stack_time[
        0x7f953cab61f2
        0x2401
]: 605429
@wait_stack_time[
        0x7f953cab61f2
        0x2294
]: 606104
@wait_stack_time[
        0x7f953cab61f2
        0x22fa
]: 606170
@wait_stack_time[
        0x7f953cab61f2
        0x21a1
]: 607935
@wait_stack_time[
        0x7f953cab61f2
        0x23bf
]: 608551
@wait_stack_time[
        0x7f953cab61f2
        0x209f
]: 608595
@wait_stack_time[
        0x7f953cab61f2
        0x210b
]: 609382
@wait_stack_time[
        0x7f953cab61f2
        0x219b
]: 610213
@wait_stack_time[
        0x7f953cab61f2
        0x228e
]: 612354
@wait_stack_time[
        0x7f953cab61f2
        0x22b8
]: 614769
@wait_stack_time[
        0x7f953cab61f2
        0x234e
]: 617525
@wait_stack_time[
        0x7f953cab61f2
        0x223a
]: 621460
@wait_stack_time[
        0x7f953cab61f2
        0x2093
]: 624041
@wait_stack_time[
        0x7f953cab61f2
        0x20f9
]: 624229
@wait_stack_time[
        0x7f953cab61f2
        0x23c5
]: 631675
@wait_stack_time[
        0x7f953cab61f2
        0x22be
]: 633083
@wait_stack_time[
        0x7f953cab61f2
        0x2154
]: 639087
@wait_stack_time[
        0x7f953cab61f2
        0x2123
]: 654172
@wait_stack_time[
        0x7f953cab61f2
        0x23ef
]: 667450
@wait_stack_time[
        0x7f953cab61f2
        0x2063
]: 692083
@wait_stack_time[
        0x7f953cab61f2
        0x23e3
]: 731495
@wait_stack_time[
        0x7f953cab61f2
        0x214d
]: 733286
@wait_stack_time[
        0x7f953cab61f2
        0x20b1
]: 740683
@wait_stack_time[
        0x7f953cab61f2
        0x20bd
]: 770745
@wait_stack_time[
        0x7f953cab61f2
        0x20f3
]: 847512
@wait_stack_time[
        0x7f953cab61f2
        0x2449
]: 880097
@wait_stack_time[
        0x7f953cab61f2
        0x231e
]: 881757
@wait_stack_time[
        0x7f953cab61f2
        0x217d
]: 892133
@wait_stack_time[
        0x7f953cab61f2
        0x23b9
]: 897593
@wait_stack_time[
        0x7f953cab61f2
        0x20cf
]: 898068
@wait_stack_time[
        0x7f953cab61f2
        0x2117
]: 898636
@wait_stack_time[
        0x7f953cab61f2
        0x20db
]: 899865
@wait_stack_time[
        0x7f953cab61f2
        0x21b9
]: 900437
@wait_stack_time[
        0x7f953cab61f2
        0x2312
]: 900864
@wait_stack_time[
        0x7f953cab61f2
        0x20e7
]: 903627
@wait_stack_time[
        0x7f953cab61f2
        0x226a
]: 904035
@wait_stack_time[
        0x7f953cab61f2
        0x21ad
]: 908211
@wait_stack_time[
        0x7f953cab61f2
        0x20ab
]: 908444
@wait_stack_time[
        0x7f953cab61f2
        0x20c9
]: 909833
@wait_stack_time[
        0x7f953cab61f2
        0x2342
]: 915981
@wait_stack_time[
        0x7f953cab61f2
        0x21f5
]: 923863
@wait_stack_time[
        0x7f953cab61f2
        0x22b2
]: 925523
@wait_stack_time[
        0x7f953cab61f2
        0x2171
]: 930329
@wait_stack_time[
        0x7f953cab61f2
        0x21c5
]: 930472
@wait_stack_time[
        0x7f953cab61f2
        0x2306
]: 933715
@wait_stack_time[
        0x7f953cab61f2
        0x2437
]: 944103
@wait_stack_time[
        0x7f953cab61f2
        0x245b
]: 988255
@wait_stack_time[
        0x7f953cab61f2
        0x21d1
]: 1068532
@wait_stack_time[
        0x7f953cab61f2
        0x2425
]: 1199076
@wait_stack_time[
        0x7f953cab61f2
        0x221f
]: 1231179
@wait_stack_time[
        0x7f953cab61f2
        0x22ee
]: 1236605
@wait_stack_time[
        0x7f953cab61f2
        0x2419
]: 1237295
@wait_stack_time[
        0x7f953cab61f2
        0x2339
]: 1543418
@wait_stack_time[
        0x7f953cab61f2
        0x233c
]: 1543684
@wait_stack_time[
        0x7f953cab61f2
        0x21e9
]: 2459354
@wait_stack_time[
        0x7f953cab61f2
        0x2159
]: 3196245
@wait_stack_time[
        0x7f953cab61f2
        0xf11
]: 3314779
@wait_stack_time[
        0x7f953cab61f2
        0x21ef
]: 3551570
@wait_stack_time[
        0x7f953cab61f2
        0xf5d
]: 3906647
@wait_stack_time[
        0x7f953cab61f2
        0xfaf
]: 4243801
@wait_stack_time[
        0x7f953cab61f2
        0x2147
]: 18400299
@wait_stack_time[
        0x7f953cab61f2
        0x232a
]: 22778114
@wait_stack_time[
        0x7f953cab61f2
        0x2219
]: 22871094
@wait_stack_time[
        syscall+29
        0x616552636e797341
]: 25138429
@wait_stack_time[
        syscall+29
        0x4d64616f6c657250
]: 26814620
@wait_stack_time[
        syscall+29
]: 394313045
@wait_stack_time[
        0x7f953cab61f2
]: 446357977
@wait_sum_us: 2504170952
@wait_us:
[0]                74962 |@@@@@@@@@@@@@@@@@@@@@@@@@@@@@@@@@@@@@@              |
[1]                21612 |@@@@@@@@@@@                                         |
[2, 4)             23468 |@@@@@@@@@@@@                                        |
[4, 8)             43901 |@@@@@@@@@@@@@@@@@@@@@@                              |
[8, 16)            64915 |@@@@@@@@@@@@@@@@@@@@@@@@@@@@@@@@@                   |
[16, 32)           42415 |@@@@@@@@@@@@@@@@@@@@@                               |
[32, 64)          101193 |@@@@@@@@@@@@@@@@@@@@@@@@@@@@@@@@@@@@@@@@@@@@@@@@@@@@|
[64, 128)          32677 |@@@@@@@@@@@@@@@@                                    |
[128, 256)         21699 |@@@@@@@@@@@                                         |
[256, 512)          7079 |@@@                                                 |
[512, 1K)           2072 |@                                                   |
[1K, 2K)            1464 |                                                    |
[2K, 4K)           31989 |@@@@@@@@@@@@@@@@                                    |
[4K, 8K)           29248 |@@@@@@@@@@@@@@@                                     |
[8K, 16K)           9473 |@@@@                                                |
[16K, 32K)          8582 |@@@@                                                |
[32K, 64K)         15703 |@@@@@@@@                                            |
[64K, 128K)          864 |                                                    |
[128K, 256K)        1051 |                                                    |
[256K, 512K)         160 |                                                    |
[512K, 1M)            26 |                                                    |
[1M, 2M)              37 |                                                    |
[2M, 4M)              41 |                                                    |
[4M, 8M)              76 |                                                    |
[8M, 16M)              1 |                                                    |

@wake_n: 521894
