/home/maci/Desktop/7dtd/7dtd-loadgen/workspace/bench/lap1/join-fast/apm/session_20260822_083832_pid829742/bt/block.bt:20:12-57: WARNING: signed operands for '/' can lead to undefined behavior (cast to unsigned to silence warning)
    $us = (nsecs - @start[args.dev, args.sector]) / 1000;
           ~~~~~~~~~~~~~~~~~~~~~~~~~~~~~~~~~~~~~~~~~~~~~
/home/maci/Desktop/7dtd/7dtd-loadgen/workspace/bench/lap1/join-fast/apm/session_20260822_083832_pid829742/bt/block.bt:20:12-57: WARNING: signed operands for '/' can lead to undefined behavior (cast to unsigned to silence warning)
    $us = (nsecs - @start[args.dev, args.sector]) / 1000;
           ~~~~~~~~~~~~~~~~~~~~~~~~~~~~~~~~~~~~~~~~~~~~~
/home/maci/Desktop/7dtd/7dtd-loadgen/workspace/bench/lap1/join-fast/apm/session_20260822_083832_pid829742/bt/block.bt:20:12-17: WARNING: Expression of type: uint64 being cast to type: int64. This may cause unexpected results. Use an explicit cast to suppress this warning.
    $us = (nsecs - @start[args.dev, args.sector]) / 1000;
           ~~~~~
/home/maci/Desktop/7dtd/7dtd-loadgen/workspace/bench/lap1/join-fast/apm/session_20260822_083832_pid829742/bt/block.bt:20:20-49: WARNING: Expression of type: uint64 being cast to type: int64. This may cause unexpected results. Use an explicit cast to suppress this warning.
    $us = (nsecs - @start[args.dev, args.sector]) / 1000;
                   ~~~~~~~~~~~~~~~~~~~~~~~~~~~~~
/home/maci/Desktop/7dtd/7dtd-loadgen/workspace/bench/lap1/join-fast/apm/session_20260822_083832_pid829742/bt/block.bt:21:5-43: WARNING: Return value discarded.
    delete(@start[args.dev, args.sector]);
    ~~~~~~~~~~~~~~~~~~~~~~~~~~~~~~~~~~~~~~
16:38:37 @issue_n: 9413
@complete_n: 9364
@lat_sum_us: 834866
16:38:42 @issue_n: 12285
@complete_n: 12205
@lat_sum_us: 1429397
16:38:47 @issue_n: 14943
@complete_n: 14846
@lat_sum_us: 2050445
16:38:52 @issue_n: 17393
@complete_n: 17167
@lat_sum_us: 2533494
16:38:57 @issue_n: 23219
@complete_n: 22964
@lat_sum_us: 3312285
