/home/maci/Desktop/7dtd/7dtd-loadgen/workspace/bench/lap1/join-fast/apm/session_20260822_083832_pid829742/bt/vfs.bt:15:12-41: WARNING: signed operands for '/' can lead to undefined behavior (cast to unsigned to silence warning)
    $us = (nsecs - @r_enter[tid]) / 1000;
           ~~~~~~~~~~~~~~~~~~~~~~~~~~~~~
/home/maci/Desktop/7dtd/7dtd-loadgen/workspace/bench/lap1/join-fast/apm/session_20260822_083832_pid829742/bt/vfs.bt:39:12-41: WARNING: signed operands for '/' can lead to undefined behavior (cast to unsigned to silence warning)
    $us = (nsecs - @w_enter[tid]) / 1000;
           ~~~~~~~~~~~~~~~~~~~~~~~~~~~~~
/home/maci/Desktop/7dtd/7dtd-loadgen/workspace/bench/lap1/join-fast/apm/session_20260822_083832_pid829742/bt/vfs.bt:62:12-45: WARNING: signed operands for '/' can lead to undefined behavior (cast to unsigned to silence warning)
    $us = (nsecs - @fsync_enter[tid]) / 1000;
           ~~~~~~~~~~~~~~~~~~~~~~~~~~~~~~~~~
/home/maci/Desktop/7dtd/7dtd-loadgen/workspace/bench/lap1/join-fast/apm/session_20260822_083832_pid829742/bt/vfs.bt:15:12-41: WARNING: signed operands for '/' can lead to undefined behavior (cast to unsigned to silence warning)
    $us = (nsecs - @r_enter[tid]) / 1000;
           ~~~~~~~~~~~~~~~~~~~~~~~~~~~~~
/home/maci/Desktop/7dtd/7dtd-loadgen/workspace/bench/lap1/join-fast/apm/session_20260822_083832_pid829742/bt/vfs.bt:39:12-41: WARNING: signed operands for '/' can lead to undefined behavior (cast to unsigned to silence warning)
    $us = (nsecs - @w_enter[tid]) / 1000;
           ~~~~~~~~~~~~~~~~~~~~~~~~~~~~~
/home/maci/Desktop/7dtd/7dtd-loadgen/workspace/bench/lap1/join-fast/apm/session_20260822_083832_pid829742/bt/vfs.bt:62:12-45: WARNING: signed operands for '/' can lead to undefined behavior (cast to unsigned to silence warning)
    $us = (nsecs - @fsync_enter[tid]) / 1000;
           ~~~~~~~~~~~~~~~~~~~~~~~~~~~~~~~~~
/home/maci/Desktop/7dtd/7dtd-loadgen/workspace/bench/lap1/join-fast/apm/session_20260822_083832_pid829742/bt/vfs.bt:15:12-17: WARNING: Expression of type: uint64 being cast to type: int64. This may cause unexpected results. Use an explicit cast to suppress this warning.
    $us = (nsecs - @r_enter[tid]) / 1000;
           ~~~~~
/home/maci/Desktop/7dtd/7dtd-loadgen/workspace/bench/lap1/join-fast/apm/session_20260822_083832_pid829742/bt/vfs.bt:15:20-33: WARNING: Expression of type: uint64 being cast to type: int64. This may cause unexpected results. Use an explicit cast to suppress this warning.
    $us = (nsecs - @r_enter[tid]) / 1000;
                   ~~~~~~~~~~~~~
/home/maci/Desktop/7dtd/7dtd-loadgen/workspace/bench/lap1/join-fast/apm/session_20260822_083832_pid829742/bt/vfs.bt:39:12-17: WARNING: Expression of type: uint64 being cast to type: int64. This may cause unexpected results. Use an explicit cast to suppress this warning.
    $us = (nsecs - @w_enter[tid]) / 1000;
           ~~~~~
/home/maci/Desktop/7dtd/7dtd-loadgen/workspace/bench/lap1/join-fast/apm/session_20260822_083832_pid829742/bt/vfs.bt:39:20-33: WARNING: Expression of type: uint64 being cast to type: int64. This may cause unexpected results. Use an explicit cast to suppress this warning.
    $us = (nsecs - @w_enter[tid]) / 1000;
                   ~~~~~~~~~~~~~
/home/maci/Desktop/7dtd/7dtd-loadgen/workspace/bench/lap1/join-fast/apm/session_20260822_083832_pid829742/bt/vfs.bt:62:12-17: WARNING: Expression of type: uint64 being cast to type: int64. This may cause unexpected results. Use an explicit cast to suppress this warning.
    $us = (nsecs - @fsync_enter[tid]) / 1000;
           ~~~~~
/home/maci/Desktop/7dtd/7dtd-loadgen/workspace/bench/lap1/join-fast/apm/session_20260822_083832_pid829742/bt/vfs.bt:62:20-37: WARNING: Expression of type: uint64 being cast to type: int64. This may cause unexpected results. Use an explicit cast to suppress this warning.
    $us = (nsecs - @fsync_enter[tid]) / 1000;
                   ~~~~~~~~~~~~~~~~~
/home/maci/Desktop/7dtd/7dtd-loadgen/workspace/bench/lap1/join-fast/apm/session_20260822_083832_pid829742/bt/vfs.bt:16:5-27: WARNING: Return value discarded.
    delete(@r_enter[tid]);
    ~~~~~~~~~~~~~~~~~~~~~~
/home/maci/Desktop/7dtd/7dtd-loadgen/workspace/bench/lap1/join-fast/apm/session_20260822_083832_pid829742/bt/vfs.bt:40:5-27: WARNING: Return value discarded.
    delete(@w_enter[tid]);
    ~~~~~~~~~~~~~~~~~~~~~~
/home/maci/Desktop/7dtd/7dtd-loadgen/workspace/bench/lap1/join-fast/apm/session_20260822_083832_pid829742/bt/vfs.bt:63:5-31: WARNING: Return value discarded.
    delete(@fsync_enter[tid]);
    ~~~~~~~~~~~~~~~~~~~~~~~~~~
16:38:38 @open_n: 3
16:38:43 @open_n: 9
16:38:48 @open_n: 17
16:38:53 @open_n: 22
16:38:58 @open_n: 27
