/home/maci/Desktop/7dtd/7dtd-loadgen/workspace/bench/lap2/probe-15s/apm/session_20260822_090235_pid887601/bt/offcpu.bt:27:20-25: WARNING: Expression of type: uint64 being cast to type: int64. This may cause unexpected results. Use an explicit cast to suppress this warning.
    $us = (uint64)(nsecs - @start[args.next_pid]) / 1000;
                   ~~~~~
/home/maci/Desktop/7dtd/7dtd-loadgen/workspace/bench/lap2/probe-15s/apm/session_20260822_090235_pid887601/bt/offcpu.bt:27:28-49: WARNING: Expression of type: uint64 being cast to type: int64. This may cause unexpected results. Use an explicit cast to suppress this warning.
    $us = (uint64)(nsecs - @start[args.next_pid]) / 1000;
                           ~~~~~~~~~~~~~~~~~~~~~
/home/maci/Desktop/7dtd/7dtd-loadgen/workspace/bench/lap2/probe-15s/apm/session_20260822_090235_pid887601/bt/offcpu.bt:28:5-35: WARNING: Return value discarded.
    delete(@start[args.next_pid]);
    ~~~~~~~~~~~~~~~~~~~~~~~~~~~~~~
/home/maci/Desktop/7dtd/7dtd-loadgen/workspace/bench/lap2/probe-15s/apm/session_20260822_090235_pid887601/bt/offcpu.bt:40:5-41: WARNING: Return value discarded.
    delete(@block_stack[args.next_pid]);
    ~~~~~~~~~~~~~~~~~~~~~~~~~~~~~~~~~~~~
/home/maci/Desktop/7dtd/7dtd-loadgen/workspace/bench/lap2/probe-15s/apm/session_20260822_090235_pid887601/bt/offcpu.bt:41:5-40: WARNING: Return value discarded.
    delete(@block_state[args.next_pid]);
    ~~~~~~~~~~~~~~~~~~~~~~~~~~~~~~~~~~~
STALL_MAIN 34311 us state=1
STALL_MAIN 33183 us state=1
STALL_MAIN 31328 us state=1
STALL_MAIN 34508 us state=1
STALL_MAIN 26718 us state=1
STALL_MAIN 31774 us state=1
STALL_MAIN 35693 us state=1
STALL_MAIN 35468 us state=1
STALL_MAIN 35558 us state=1
STALL_MAIN 36518 us state=1
STALL_MAIN 33122 us state=1
STALL_MAIN 19686 us state=1
STALL_MAIN 34902 us state=1
STALL_MAIN 33427 us state=1
STALL_MAIN 30974 us state=1
STALL_MAIN 30391 us state=1
STALL_MAIN 29752 us state=1
STALL_MAIN 27643 us state=1
STALL_MAIN 28612 us state=1
STALL_MAIN 31293 us state=1
STALL_MAIN 29407 us state=1
STALL_MAIN 32774 us state=1
STALL_MAIN 25632 us state=1
STALL_MAIN 33108 us state=1
STALL_MAIN 26905 us state=1
STALL_MAIN 30972 us state=1
STALL_MAIN 26058 us state=1
STALL_MAIN 32510 us state=1
STALL_MAIN 30303 us state=1
STALL_MAIN 27768 us state=1
STALL_MAIN 32483 us state=1
STALL_MAIN 31527 us state=1
STALL_MAIN 29450 us state=1
STALL_MAIN 29021 us state=1
STALL_MAIN 32906 us state=1
STALL_MAIN 29288 us state=1
STALL_MAIN 33853 us state=1
STALL_MAIN 32237 us state=1
STALL_MAIN 31978 us state=1
STALL_MAIN 32482 us state=1
STALL_MAIN 34146 us state=1
STALL_MAIN 33074 us state=1
STALL_MAIN 31146 us state=1
STALL_MAIN 34122 us state=1
STALL_MAIN 35113 us state=1
STALL_MAIN 29764 us state=1
STALL_MAIN 35065 us state=1
STALL_MAIN 34016 us state=1
STALL_MAIN 31836 us state=1
STALL_MAIN 32439 us state=1
STALL_MAIN 34287 us state=1
STALL_MAIN 35228 us state=1
STALL_MAIN 25909 us state=1
STALL_MAIN 29918 us state=1
STALL_MAIN 34332 us state=1
STALL_MAIN 34495 us state=1
STALL_MAIN 36241 us state=1
STALL_MAIN 30755 us state=1
STALL_MAIN 33140 us state=1
STALL_MAIN 34761 us state=1
STALL_MAIN 29934 us state=1
STALL_MAIN 34524 us state=1
STALL_MAIN 33811 us state=1
STALL_MAIN 34101 us state=1
STALL_MAIN 35200 us state=1
STALL_MAIN 34545 us state=1
STALL_MAIN 36179 us state=1
STALL_MAIN 31312 us state=1
STALL_MAIN 30917 us state=1
STALL_MAIN 34702 us state=1
STALL_MAIN 34082 us state=1
STALL_MAIN 31887 us state=1
STALL_MAIN 28006 us state=1
STALL_MAIN 31853 us state=1
STALL_MAIN 31734 us state=1
STALL_MAIN 33993 us state=1
STALL_MAIN 34051 us state=1
STALL_MAIN 35720 us state=1
STALL_MAIN 34428 us state=1
STALL_MAIN 36081 us state=1
STALL_MAIN 37177 us state=1
STALL_MAIN 34973 us state=1
STALL_MAIN 34545 us state=1
STALL_MAIN 35956 us state=1
STALL_MAIN 33711 us state=1
STALL_MAIN 35711 us state=1
STALL_MAIN 33611 us state=1
STALL_MAIN 34777 us state=1
STALL_MAIN 34732 us state=1
STALL_MAIN 35754 us state=1
STALL_MAIN 35039 us state=1
STALL_MAIN 35601 us state=1
STALL_MAIN 32607 us state=1
STALL_MAIN 33382 us state=1
STALL_MAIN 35570 us state=1
STALL_MAIN 36139 us state=1
STALL_MAIN 21294 us state=1
STALL_MAIN 34334 us state=1
STALL_MAIN 33765 us state=1
STALL_MAIN 34866 us state=1
STALL_MAIN 34865 us state=1
STALL_MAIN 34386 us state=1
STALL_MAIN 19183 us state=1
STALL_MAIN 34561 us state=1
STALL_MAIN 34828 us state=1
STALL_MAIN 36080 us state=1
STALL_MAIN 33102 us state=1
STALL_MAIN 32609 us state=1
STALL_MAIN 33955 us state=1
STALL_MAIN 34450 us state=1
STALL_MAIN 30690 us state=1
STALL_MAIN 32572 us state=1
STALL_MAIN 35582 us state=1
STALL_MAIN 36336 us state=1
STALL_MAIN 34788 us state=1
STALL_MAIN 34823 us state=1
STALL_MAIN 32990 us state=1
STALL_MAIN 35279 us state=1
STALL_MAIN 34827 us state=1
STALL_MAIN 31626 us state=1
STALL_MAIN 32852 us state=1
STALL_MAIN 36032 us state=1
STALL_MAIN 34617 us state=1
STALL_MAIN 33219 us state=1
STALL_MAIN 33705 us state=1
STALL_MAIN 33028 us state=1
STALL_MAIN 33922 us state=1
STALL_MAIN 31709 us state=1
STALL_MAIN 33520 us state=1
STALL_MAIN 34118 us state=1
STALL_MAIN 34620 us state=1
STALL_MAIN 33211 us state=1
STALL_MAIN 36056 us state=1
STALL_MAIN 34220 us state=1
STALL_MAIN 35449 us state=1
STALL_MAIN 32214 us state=1
STALL_MAIN 30302 us state=1
STALL_MAIN 33613 us state=1
STALL_MAIN 32817 us state=1
STALL_MAIN 35307 us state=1
STALL_MAIN 34196 us state=1
STALL_MAIN 35566 us state=1
STALL_MAIN 35701 us state=1
STALL_MAIN 35555 us state=1
STALL_MAIN 35089 us state=1
STALL_MAIN 34792 us state=1
STALL_MAIN 35325 us state=1
STALL_MAIN 34923 us state=1
STALL_MAIN 33956 us state=1
STALL_MAIN 35425 us state=1
STALL_MAIN 35230 us state=1
STALL_MAIN 33703 us state=1
STALL_MAIN 12301 us state=1
STALL_MAIN 31187 us state=1
STALL_MAIN 17881 us state=1
STALL_MAIN 33343 us state=1
STALL_MAIN 15570 us state=1
STALL_MAIN 12242 us state=1
STALL_MAIN 35224 us state=1
STALL_MAIN 12318 us state=1
STALL_MAIN 34137 us state=1
STALL_MAIN 30956 us state=1
STALL_MAIN 17622 us state=1
STALL_MAIN 34917 us state=1
STALL_MAIN 36073 us state=1
STALL_MAIN 35216 us state=1
STALL_MAIN 25493 us state=1
STALL_MAIN 34103 us state=1
STALL_MAIN 33346 us state=1
STALL_MAIN 34882 us state=1
STALL_MAIN 34522 us state=1
STALL_MAIN 33293 us state=1
STALL_MAIN 35500 us state=1
STALL_MAIN 35630 us state=1
STALL_MAIN 34027 us state=1
STALL_MAIN 34963 us state=1
STALL_MAIN 34647 us state=1
STALL_MAIN 35125 us state=1
STALL_MAIN 21165 us state=1
STALL_MAIN 35511 us state=1
STALL_MAIN 33876 us state=1
STALL_MAIN 35901 us state=1
STALL_MAIN 34201 us state=1
STALL_MAIN 35375 us state=1
STALL_MAIN 35537 us state=1
STALL_MAIN 36035 us state=1
STALL_MAIN 33394 us state=1
STALL_MAIN 34682 us state=1
STALL_MAIN 34451 us state=1
STALL_MAIN 35814 us state=1
STALL_MAIN 35281 us state=1
STALL_MAIN 35457 us state=1
STALL_MAIN 35241 us state=1
STALL_MAIN 35640 us state=1
STALL_MAIN 34310 us state=1
STALL_MAIN 35157 us state=1
STALL_MAIN 35566 us state=1
STALL_MAIN 36191 us state=1
STALL_MAIN 34466 us state=1
STALL_MAIN 36367 us state=1
STALL_MAIN 33884 us state=1
STALL_MAIN 33818 us state=1
STALL_MAIN 33732 us state=1
STALL_MAIN 34294 us state=1
STALL_MAIN 11011 us state=1
STALL_MAIN 32679 us state=1
STALL_MAIN 34860 us state=1
STALL_MAIN 34889 us state=1
STALL_MAIN 33456 us state=1
STALL_MAIN 31141 us state=1
STALL_MAIN 32760 us state=1
STALL_MAIN 34130 us state=1
STALL_MAIN 34537 us state=1
STALL_MAIN 35506 us state=1
STALL_MAIN 34773 us state=1
STALL_MAIN 35669 us state=1
STALL_MAIN 31729 us state=1
STALL_MAIN 33468 us state=1
STALL_MAIN 31935 us state=1
STALL_MAIN 34641 us state=1
STALL_MAIN 33640 us state=1
STALL_MAIN 35228 us state=1
STALL_MAIN 34414 us state=1
STALL_MAIN 34562 us state=1
STALL_MAIN 34336 us state=1
STALL_MAIN 35674 us state=1
STALL_MAIN 34647 us state=1
STALL_MAIN 33974 us state=1
STALL_MAIN 35412 us state=1
STALL_MAIN 30664 us state=1
STALL_MAIN 35221 us state=1
STALL_MAIN 34785 us state=1
STALL_MAIN 37143 us state=1
STALL_MAIN 35720 us state=1
STALL_MAIN 31349 us state=1
STALL_MAIN 36792 us state=1
STALL_MAIN 35230 us state=1
STALL_MAIN 34967 us state=1
STALL_MAIN 34958 us state=1
STALL_MAIN 33473 us state=1
STALL_MAIN 32600 us state=1
STALL_MAIN 34663 us state=1
STALL_MAIN 34400 us state=1
STALL_MAIN 34425 us state=1
STALL_MAIN 34561 us state=1
STALL_MAIN 35352 us state=1
STALL_MAIN 33361 us state=1
STALL_MAIN 32487 us state=1
STALL_MAIN 34164 us state=1
STALL_MAIN 35704 us state=1
STALL_MAIN 34641 us state=1
STALL_MAIN 35158 us state=1
STALL_MAIN 34757 us state=1
STALL_MAIN 34968 us state=1
STALL_MAIN 34233 us state=1
STALL_MAIN 34847 us state=1
STALL_MAIN 35858 us state=1
STALL_MAIN 35664 us state=1
STALL_MAIN 18330 us state=0
STALL_MAIN 34715 us state=1
STALL_MAIN 34093 us state=1
STALL_MAIN 32345 us state=1
STALL_MAIN 34710 us state=1
STALL_MAIN 30038 us state=1
STALL_MAIN 34853 us state=1
STALL_MAIN 35062 us state=1
STALL_MAIN 33875 us state=1
STALL_MAIN 33913 us state=1
STALL_MAIN 34490 us state=1
STALL_MAIN 34055 us state=1
STALL_MAIN 35473 us state=1
STALL_MAIN 23779 us state=1
STALL_MAIN 35336 us state=1
STALL_MAIN 34310 us state=1
STALL_MAIN 35013 us state=1
STALL_MAIN 36603 us state=1
STALL_MAIN 35004 us state=1
STALL_MAIN 35214 us state=1
STALL_MAIN 35345 us state=1
STALL_MAIN 34339 us state=1
STALL_MAIN 35761 us state=1
STALL_MAIN 34750 us state=1
STALL_MAIN 33722 us state=1
STALL_MAIN 35511 us state=1
STALL_MAIN 30982 us state=1
STALL_MAIN 31203 us state=1
STALL_MAIN 36852 us state=1
STALL_MAIN 36584 us state=1
STALL_MAIN 36513 us state=1
STALL_MAIN 37043 us state=1
STALL_MAIN 37328 us state=1
STALL_MAIN 38421 us state=1
STALL_MAIN 35518 us state=1
STALL_MAIN 36201 us state=1
STALL_MAIN 37218 us state=1
STALL_MAIN 34984 us state=1
STALL_MAIN 35486 us state=1
STALL_MAIN 33890 us state=1
STALL_MAIN 33921 us state=1
STALL_MAIN 32345 us state=1
STALL_MAIN 34265 us state=1
STALL_MAIN 35580 us state=1
STALL_MAIN 35361 us state=1
STALL_MAIN 34712 us state=1
STALL_MAIN 34630 us state=1
STALL_MAIN 34641 us state=1
STALL_MAIN 35557 us state=1
STALL_MAIN 34480 us state=1
STALL_MAIN 35226 us state=1
STALL_MAIN 33194 us state=1
STALL_MAIN 35471 us state=1
STALL_MAIN 33174 us state=1
STALL_MAIN 35645 us state=1
STALL_MAIN 31911 us state=1
STALL_MAIN 30622 us state=1
STALL_MAIN 32248 us state=1
STALL_MAIN 31564 us state=1
STALL_MAIN 31499 us state=1
STALL_MAIN 34526 us state=1
STALL_MAIN 29145 us state=1
STALL_MAIN 28772 us state=1
STALL_MAIN 32289 us state=1
STALL_MAIN 27255 us state=1
STALL_MAIN 30903 us state=1
STALL_MAIN 29567 us state=1
STALL_MAIN 30418 us state=1
STALL_MAIN 29429 us state=1
STALL_MAIN 30770 us state=1
STALL_MAIN 21066 us state=1
STALL_MAIN 31539 us state=1
STALL_MAIN 34466 us state=1
STALL_MAIN 27200 us state=1
STALL_MAIN 29281 us state=1
STALL_MAIN 35581 us state=1
STALL_MAIN 28880 us state=1
STALL_MAIN 22848 us state=1
STALL_MAIN 32398 us state=1
STALL_MAIN 24203 us state=1
STALL_MAIN 28837 us state=1
STALL_MAIN 35446 us state=1
STALL_MAIN 32397 us state=1
STALL_MAIN 27515 us state=1
STALL_MAIN 34713 us state=1
STALL_MAIN 29069 us state=1
STALL_MAIN 32096 us state=1
STALL_MAIN 31903 us state=1
STALL_MAIN 24956 us state=1
STALL_MAIN 35465 us state=1
STALL_MAIN 34666 us state=1
STALL_MAIN 33119 us state=1
STALL_MAIN 33761 us state=1
STALL_MAIN 35145 us state=1
STALL_MAIN 32753 us state=1
STALL_MAIN 30925 us state=1
STALL_MAIN 31394 us state=1
STALL_MAIN 22787 us state=1
STALL_MAIN 33019 us state=1
STALL_MAIN 33818 us state=1
STALL_MAIN 28956 us state=1
STALL_MAIN 34366 us state=1
STALL_MAIN 34388 us state=1
STALL_MAIN 33700 us state=1
STALL_MAIN 33935 us state=1
STALL_MAIN 33525 us state=1
STALL_MAIN 30062 us state=1
STALL_MAIN 23332 us state=1
STALL_MAIN 32854 us state=1
STALL_MAIN 33637 us state=1
STALL_MAIN 34078 us state=1
STALL_MAIN 33471 us state=1
STALL_MAIN 34462 us state=1
STALL_MAIN 35712 us state=1
STALL_MAIN 34807 us state=1
STALL_MAIN 33061 us state=1
STALL_MAIN 33313 us state=1
STALL_MAIN 34646 us state=1
STALL_MAIN 33612 us state=1
STALL_MAIN 33076 us state=1
STALL_MAIN 33246 us state=1
STALL_MAIN 27102 us state=1
STALL_MAIN 27689 us state=1
STALL_MAIN 31876 us state=1
STALL_MAIN 31362 us state=1
STALL_MAIN 35201 us state=1
STALL_MAIN 34580 us state=1
STALL_MAIN 33980 us state=1
STALL_MAIN 34654 us state=1
STALL_MAIN 35533 us state=1
STALL_MAIN 35343 us state=1
STALL_MAIN 30553 us state=1
STALL_MAIN 32809 us state=1
STALL_MAIN 27955 us state=1
STALL_MAIN 30607 us state=1
STALL_MAIN 31165 us state=1
STALL_MAIN 35316 us state=1
STALL_MAIN 22702 us state=1
STALL_MAIN 33209 us state=1
STALL_MAIN 30367 us state=1
STALL_MAIN 34597 us state=1
STALL_MAIN 31969 us state=1
STALL_MAIN 31801 us state=1
STALL_MAIN 34929 us state=1
STALL_MAIN 31814 us state=1
STALL_MAIN 33288 us state=1
STALL_MAIN 35162 us state=1
STALL_MAIN 31769 us state=1
STALL_MAIN 33867 us state=1
STALL_MAIN 34684 us state=1
STALL_MAIN 34807 us state=1
STALL_MAIN 31985 us state=1
STALL_MAIN 28011 us state=1
STALL_MAIN 32382 us state=1
STALL_MAIN 32623 us state=1
STALL_MAIN 34544 us state=1
STALL_MAIN 34934 us state=1
STALL_MAIN 35658 us state=1
STALL_MAIN 36057 us state=1
STALL_MAIN 35296 us state=1
STALL_MAIN 36238 us state=1
STALL_MAIN 31906 us state=1
STALL_MAIN 35184 us state=1
STALL_MAIN 32042 us state=1
STALL_MAIN 33087 us state=1
STALL_MAIN 34389 us state=1
STALL_MAIN 34026 us state=1
STALL_MAIN 35142 us state=1
STALL_MAIN 33788 us state=1
STALL_MAIN 35664 us state=1
STALL_MAIN 34292 us state=1
STALL_MAIN 35129 us state=1
STALL_MAIN 35282 us state=1
STALL_MAIN 34101 us state=1
STALL_MAIN 33894 us state=1
STALL_MAIN 29853 us state=1
STALL_MAIN 47930 us state=1
STALL_MAIN 12869 us state=1
STALL_MAIN 30590 us state=1
STALL_MAIN 30452 us state=1
STALL_MAIN 29155 us state=1
STALL_MAIN 26388 us state=1
STALL_MAIN 22645 us state=1
STALL_MAIN 23524 us state=1
STALL_MAIN 30778 us state=1
STALL_MAIN 31560 us state=1
STALL_MAIN 31206 us state=1
STALL_MAIN 10531 us state=1
STALL_MAIN 26755 us state=1
STALL_MAIN 20799 us state=1
STALL_MAIN 31902 us state=1
STALL_MAIN 26861 us state=1
STALL_MAIN 29068 us state=1
STALL_MAIN 29836 us state=1
STALL_MAIN 28616 us state=1
STALL_MAIN 48556 us state=0
STALL_MAIN 10763 us state=256
STALL_MAIN 17663 us state=0
STALL_MAIN 31579 us state=1
STALL_MAIN 27758 us state=1
STALL_MAIN 29475 us state=1
STALL_MAIN 29667 us state=1
STALL_MAIN 30109 us state=1
STALL_MAIN 32404 us state=1
STALL_MAIN 21225 us state=0
STALL_MAIN 25377 us state=1
STALL_MAIN 19700 us state=0
STALL_MAIN 11647 us state=0
STALL_MAIN 27111 us state=1
STALL_MAIN 18122 us state=1
STALL_MAIN 24432 us state=1
STALL_MAIN 25729 us state=1
STALL_MAIN 21309 us state=0
STALL_MAIN 32521 us state=1
STALL_MAIN 32408 us state=1
STALL_MAIN 32734 us state=1
STALL_MAIN 33468 us state=1
STALL_MAIN 11088 us state=1
STALL_MAIN 15611 us state=1
STALL_MAIN 13791 us state=1
STALL_MAIN 32340 us state=1
STALL_MAIN 34104 us state=1
STALL_MAIN 36041 us state=1
STALL_MAIN 32868 us state=1
STALL_MAIN 34901 us state=1
STALL_MAIN 33725 us state=1
STALL_MAIN 33783 us state=1
STALL_MAIN 32342 us state=1
STALL_MAIN 34689 us state=1
STALL_MAIN 30205 us state=1
STALL_MAIN 35222 us state=1
STALL_MAIN 32286 us state=1
STALL_MAIN 35517 us state=1
STALL_MAIN 34503 us state=1
STALL_MAIN 35717 us state=1
STALL_MAIN 33267 us state=1
STALL_MAIN 32760 us state=1
STALL_MAIN 31914 us state=1
STALL_MAIN 32179 us state=1
STALL_MAIN 33962 us state=1
STALL_MAIN 33849 us state=1
STALL_MAIN 31724 us state=1
STALL_MAIN 35687 us state=1
STALL_MAIN 35220 us state=1
STALL_MAIN 30357 us state=1
STALL_MAIN 30591 us state=1
STALL_MAIN 26492 us state=1
STALL_MAIN 27407 us state=1
STALL_MAIN 10714 us state=1
STALL_MAIN 35272 us state=1
STALL_MAIN 35747 us state=1
STALL_MAIN 34636 us state=1
STALL_MAIN 33958 us state=1
STALL_MAIN 34186 us state=1
STALL_MAIN 35316 us state=1
STALL_MAIN 31595 us state=1
STALL_MAIN 34202 us state=1
STALL_MAIN 34228 us state=1
STALL_MAIN 35077 us state=1
STALL_MAIN 34920 us state=1
STALL_MAIN 34211 us state=1
STALL_MAIN 35017 us state=1
STALL_MAIN 35651 us state=1
STALL_MAIN 34570 us state=1
STALL_MAIN 32064 us state=1
STALL_MAIN 35298 us state=1
STALL_MAIN 34984 us state=1
STALL_MAIN 36554 us state=1
STALL_MAIN 35447 us state=1
STALL_MAIN 35947 us state=1
STALL_MAIN 35444 us state=1
STALL_MAIN 35872 us state=1
STALL_MAIN 35697 us state=1
STALL_MAIN 35142 us state=1
STALL_MAIN 35596 us state=1
STALL_MAIN 35100 us state=1
STALL_MAIN 35199 us state=1
STALL_MAIN 35135 us state=1
STALL_MAIN 36003 us state=1
STALL_MAIN 35385 us state=1
STALL_MAIN 35391 us state=1
STALL_MAIN 33577 us state=1
STALL_MAIN 33501 us state=1
STALL_MAIN 34525 us state=1
STALL_MAIN 33945 us state=1
STALL_MAIN 31028 us state=1
STALL_MAIN 35346 us state=1
STALL_MAIN 36825 us state=1
STALL_MAIN 34206 us state=1
STALL_MAIN 32492 us state=1
STALL_MAIN 32566 us state=1
STALL_MAIN 33399 us state=1
STALL_MAIN 33917 us state=1
STALL_MAIN 29891 us state=1
STALL_MAIN 31397 us state=1
STALL_MAIN 31858 us state=1
STALL_MAIN 18541 us state=1
STALL_MAIN 35566 us state=1

=== main-thread off-CPU duration hist (us) ===
@offcpu_us:
[1]                   10 |                                                    |
[2, 4)              2217 |@@@@@@@@@@@@@@@@@@@@@@@@@@@@@@@@@@@@@@@@@@@@@@      |
[4, 8)              2479 |@@@@@@@@@@@@@@@@@@@@@@@@@@@@@@@@@@@@@@@@@@@@@@@@@@@@|
[8, 16)             1478 |@@@@@@@@@@@@@@@@@@@@@@@@@@@@@@@                     |
[16, 32)             503 |@@@@@@@@@@                                          |
[32, 64)             147 |@@@                                                 |
[64, 128)            534 |@@@@@@@@@@@                                         |
[128, 256)           136 |@@                                                  |
[256, 512)            74 |@                                                   |
[512, 1K)             64 |@                                                   |
[1K, 2K)             243 |@@@@@                                               |
[2K, 4K)              15 |                                                    |
[4K, 8K)              23 |                                                    |
[8K, 16K)             18 |                                                    |
[16K, 32K)           184 |@@@                                                 |
[32K, 64K)           359 |@@@@@@@                                             |


=== switch-out counts by prev_state (R=0 S=1 D=2 ...) ===
@by_state[256]: 436
@by_state[2]: 650
@by_state[0]: 1373
@by_state[1]: 6025

=== stall totals (>=1ms blocks) ===
@stall_us_total: 18595545
@stall_n: 848

=== stall time by thread state (us) ===
@stall_state_us[256]: 25755
@stall_state_us[2]: 173468
@stall_state_us[0]: 201224
@stall_state_us[1]: 18195098

=== stall time by blocking stack (us, top 20) ===
@stall_stack_us[
        0x7fef9d5af934
]: 2120
@stall_stack_us[
        0x7feefb9cb76a
        0x130000
        0
        0
        0x5582bffd6d00
]: 2184
@stall_stack_us[
        pthread_cond_broadcast+408
]: 3639
@stall_stack_us[
        0x7feefb9cb62c
]: 4694
@stall_stack_us[
        0x41b86f4a
        0x41b87864
        0x416f6adf
        0x7feefb846428
        0x7feefb9e578f
        0x5582be808500
]: 4865
@stall_stack_us[
        0x7fef9d5b4055
]: 6047
@stall_stack_us[
        0x7fef9de72bdd
        __clock_gettime+29
]: 6427
@stall_stack_us[
        0x7fef9d5b6578
]: 6931
@stall_stack_us[
        0x7feefb9f233b
        0x41727cc4
        0x417278f0
        0x7feed0095be3
        0x7fef9000395b
        0x7feed0081abb
        0x411407a6
        0x7feefb846428
        0x7feefb9e578f
        0x5582be808500
]: 9914
@stall_stack_us[
        0x41b86f76
        0x41b87864
        0x416f6adf
        0x7feefb846428
        0x7feefb9e578f
        0x5582be808500
]: 17663
@stall_stack_us[
        __xstat64+22
        0x4111b784
        0x41117e60
        0x4117d310
        0x4117d27c
        0
        0x3f00000000000001
        0x5582becf9dd8
        0x5582becf9dd8
        0x5582becf9dd8
        0x5582becf9dd8
        0x5582becf9dd8
        0x5582becf9dd8
        0x5582becf9dd8
        0x5582becf9dd8
        0x5582becf9dd8
]: 19204
@stall_stack_us[
        0x413e847c
        0x413e8368
        0x416ff934
        0x411407a6
        0x7feefb846428
        0x7feefb9e578f
        0x5582be808500
]: 19700
@stall_stack_us[
        mono_metadata_type_hash+96
        0x120000
        0x5582c1dc39b8
        0x5582c1dc39b8
        0x5582c1dc39b8
        0x5582c1dc39b8
        0x5582c1dc39b8
        0x5582c1dc39b8
        0x5582c1dc39b8
        0x5582c1dc39b8
        0x5582c1dc39b8
        0x5582c1dc39b8
        0x5582c1dc39b8
        0x5582c1dc39b8
        0x5582c1dc39b8
        0x5582c1dc39b8
]: 21225
@stall_stack_us[
        0x7feefba0c357
]: 21309
@stall_stack_us[
        0x7feefb9b2517
]: 29977
@stall_stack_us[
        0x41b86f7f
        0x41b87864
        0x416f6adf
        0x7feefb846428
        0x7feefb9e578f
        0x5582be808500
]: 48556
@stall_stack_us[
        syscall+29
]: 128702
@stall_stack_us[
        0x7fef9bab61f2
        0x7feefba2b5d3
]: 144154
@stall_stack_us[
        syscall+29
        0x7fef60c608d0
]: 215892
@stall_stack_us[
        0x7fef9bab61f2
]: 17872469


@by_state[256]: 436
@by_state[2]: 650
@by_state[0]: 1373
@by_state[1]: 6025
@offcpu_us:
[1]                   10 |                                                    |
[2, 4)              2217 |@@@@@@@@@@@@@@@@@@@@@@@@@@@@@@@@@@@@@@@@@@@@@@      |
[4, 8)              2479 |@@@@@@@@@@@@@@@@@@@@@@@@@@@@@@@@@@@@@@@@@@@@@@@@@@@@|
[8, 16)             1478 |@@@@@@@@@@@@@@@@@@@@@@@@@@@@@@@                     |
[16, 32)             503 |@@@@@@@@@@                                          |
[32, 64)             147 |@@@                                                 |
[64, 128)            534 |@@@@@@@@@@@                                         |
[128, 256)           136 |@@                                                  |
[256, 512)            74 |@                                                   |
[512, 1K)             64 |@                                                   |
[1K, 2K)             243 |@@@@@                                               |
[2K, 4K)              15 |                                                    |
[4K, 8K)              23 |                                                    |
[8K, 16K)             18 |                                                    |
[16K, 32K)           184 |@@@                                                 |
[32K, 64K)           359 |@@@@@@@                                             |

@stall_n: 848
@stall_stack_us[
        0x7feefb9ace8e
        0
]: 1189
@stall_stack_us[
        0x41115e20
        0x413e8368
        0x416ff934
        0x411407a6
        0x7feefb846428
        0x7feefb9e578f
        0x5582be808500
]: 1511
@stall_stack_us[
        0x7feefb9ce4d8
        0x5582bec62490
        0x5582bec62490
        0x5582bec62490
        0x5582bec62490
        0x5582bec62490
        0x5582bec62490
        0x5582bec62490
        0x5582bec62490
        0x5582bec62490
        0x5582bec62490
        0x5582bec62490
        0x5582bec62490
        0x5582bec62490
        0x5582bec62490
        0x5582bec62490
]: 1549
@stall_stack_us[
        mono_conc_hashtable_lookup+122
        0
]: 1782
@stall_stack_us[
        0x7fef9d5a015e
]: 1806
@stall_stack_us[
        0x7feefb9cb75e
        0x130000
        0
        0
        0x5582c1490770
]: 2036
@stall_stack_us[
        0x7fef9d5af934
]: 2120
@stall_stack_us[
        0x7feefb9cb76a
        0x130000
        0
        0
        0x5582bffd6d00
]: 2184
@stall_stack_us[
        pthread_cond_broadcast+408
]: 3639
@stall_stack_us[
        0x7feefb9cb62c
]: 4694
@stall_stack_us[
        0x41b86f4a
        0x41b87864
        0x416f6adf
        0x7feefb846428
        0x7feefb9e578f
        0x5582be808500
]: 4865
@stall_stack_us[
        0x7fef9d5b4055
]: 6047
@stall_stack_us[
        0x7fef9de72bdd
        __clock_gettime+29
]: 6427
@stall_stack_us[
        0x7fef9d5b6578
]: 6931
@stall_stack_us[
        0x7feefb9f233b
        0x41727cc4
        0x417278f0
        0x7feed0095be3
        0x7fef9000395b
        0x7feed0081abb
        0x411407a6
        0x7feefb846428
        0x7feefb9e578f
        0x5582be808500
]: 9914
@stall_stack_us[
        0x41b86f76
        0x41b87864
        0x416f6adf
        0x7feefb846428
        0x7feefb9e578f
        0x5582be808500
]: 17663
@stall_stack_us[
        __xstat64+22
        0x4111b784
        0x41117e60
        0x4117d310
        0x4117d27c
        0
        0x3f00000000000001
        0x5582becf9dd8
        0x5582becf9dd8
        0x5582becf9dd8
        0x5582becf9dd8
        0x5582becf9dd8
        0x5582becf9dd8
        0x5582becf9dd8
        0x5582becf9dd8
        0x5582becf9dd8
]: 19204
@stall_stack_us[
        0x413e847c
        0x413e8368
        0x416ff934
        0x411407a6
        0x7feefb846428
        0x7feefb9e578f
        0x5582be808500
]: 19700
@stall_stack_us[
        mono_metadata_type_hash+96
        0x120000
        0x5582c1dc39b8
        0x5582c1dc39b8
        0x5582c1dc39b8
        0x5582c1dc39b8
        0x5582c1dc39b8
        0x5582c1dc39b8
        0x5582c1dc39b8
        0x5582c1dc39b8
        0x5582c1dc39b8
        0x5582c1dc39b8
        0x5582c1dc39b8
        0x5582c1dc39b8
        0x5582c1dc39b8
        0x5582c1dc39b8
]: 21225
@stall_stack_us[
        0x7feefba0c357
]: 21309
@stall_stack_us[
        0x7feefb9b2517
]: 29977
@stall_stack_us[
        0x41b86f7f
        0x41b87864
        0x416f6adf
        0x7feefb846428
        0x7feefb9e578f
        0x5582be808500
]: 48556
@stall_stack_us[
        syscall+29
]: 128702
@stall_stack_us[
        0x7fef9bab61f2
        0x7feefba2b5d3
]: 144154
@stall_stack_us[
        syscall+29
        0x7fef60c608d0
]: 215892
@stall_stack_us[
        0x7fef9bab61f2
]: 17872469
@stall_state_us[256]: 25755
@stall_state_us[2]: 173468
@stall_state_us[0]: 201224
@stall_state_us[1]: 18195098
@stall_us_total: 18595545
