/home/maci/Desktop/7dtd/7dtd-loadgen/workspace/bench/lap2/probe-15s/apm/session_20260822_090235_pid887601/bt/runqlat.bt:20:12-48: WARNING: signed operands for '/' can lead to undefined behavior (cast to unsigned to silence warning)
    $us = (nsecs - @wake[args.next_pid]) / 1000;
           ~~~~~~~~~~~~~~~~~~~~~~~~~~~~~~~~~~~~
/home/maci/Desktop/7dtd/7dtd-loadgen/workspace/bench/lap2/probe-15s/apm/session_20260822_090235_pid887601/bt/runqlat.bt:20:12-48: WARNING: signed operands for '/' can lead to undefined behavior (cast to unsigned to silence warning)
    $us = (nsecs - @wake[args.next_pid]) / 1000;
           ~~~~~~~~~~~~~~~~~~~~~~~~~~~~~~~~~~~~
/home/maci/Desktop/7dtd/7dtd-loadgen/workspace/bench/lap2/probe-15s/apm/session_20260822_090235_pid887601/bt/runqlat.bt:20:12-17: WARNING: Expression of type: uint64 being cast to type: int64. This may cause unexpected results. Use an explicit cast to suppress this warning.
    $us = (nsecs - @wake[args.next_pid]) / 1000;
           ~~~~~
/home/maci/Desktop/7dtd/7dtd-loadgen/workspace/bench/lap2/probe-15s/apm/session_20260822_090235_pid887601/bt/runqlat.bt:20:20-40: WARNING: Expression of type: uint64 being cast to type: int64. This may cause unexpected results. Use an explicit cast to suppress this warning.
    $us = (nsecs - @wake[args.next_pid]) / 1000;
                   ~~~~~~~~~~~~~~~~~~~~
/home/maci/Desktop/7dtd/7dtd-loadgen/workspace/bench/lap2/probe-15s/apm/session_20260822_090235_pid887601/bt/runqlat.bt:21:5-34: WARNING: Return value discarded.
    delete(@wake[args.next_pid]);
    ~~~~~~~~~~~~~~~~~~~~~~~~~~~~~

=== run-queue latency (us) for 7DaysToDieServe ===
0-10us ideal; multi-ms = CPU contention or affinity issues
@runqlat_us:
[0]                 7900 |@@@@@@@@@@@@@@@@@@@@@@@@@@@@@@@@@@@@@@@@@@@@@@@@@@@@|
[1]                 3573 |@@@@@@@@@@@@@@@@@@@@@@@                             |
[2, 4)               929 |@@@@@@                                              |
[4, 8)                95 |                                                    |
[8, 16)              114 |                                                    |
[16, 32)              44 |                                                    |
[32, 64)              32 |                                                    |
[64, 128)             25 |                                                    |
[128, 256)            36 |                                                    |
[256, 512)            39 |                                                    |
[512, 1K)             40 |                                                    |
[1K, 2K)              34 |                                                    |
[2K, 4K)              21 |                                                    |
[4K, 8K)              24 |                                                    |
[8K, 16K)             16 |                                                    |
[16K, 32K)             8 |                                                    |
[32K, 64K)             1 |                                                    |



@runqlat_us:
[0]                 7900 |@@@@@@@@@@@@@@@@@@@@@@@@@@@@@@@@@@@@@@@@@@@@@@@@@@@@|
[1]                 3573 |@@@@@@@@@@@@@@@@@@@@@@@                             |
[2, 4)               929 |@@@@@@                                              |
[4, 8)                95 |                                                    |
[8, 16)              114 |                                                    |
[16, 32)              44 |                                                    |
[32, 64)              32 |                                                    |
[64, 128)             25 |                                                    |
[128, 256)            36 |                                                    |
[256, 512)            39 |                                                    |
[512, 1K)             40 |                                                    |
[1K, 2K)              34 |                                                    |
[2K, 4K)              21 |                                                    |
[4K, 8K)              24 |                                                    |
[8K, 16K)             16 |                                                    |
[16K, 32K)             8 |                                                    |
[32K, 64K)             1 |                                                    |

