/home/maci/Desktop/7dtd/7dtd-loadgen/workspace/bench/lap1/horde-lite/apm/session_20260822_085321_pid855510/bt/block.bt:20:12-57: WARNING: signed operands for '/' can lead to undefined behavior (cast to unsigned to silence warning)
    $us = (nsecs - @start[args.dev, args.sector]) / 1000;
           ~~~~~~~~~~~~~~~~~~~~~~~~~~~~~~~~~~~~~~~~~~~~~
/home/maci/Desktop/7dtd/7dtd-loadgen/workspace/bench/lap1/horde-lite/apm/session_20260822_085321_pid855510/bt/block.bt:20:12-57: WARNING: signed operands for '/' can lead to undefined behavior (cast to unsigned to silence warning)
    $us = (nsecs - @start[args.dev, args.sector]) / 1000;
           ~~~~~~~~~~~~~~~~~~~~~~~~~~~~~~~~~~~~~~~~~~~~~
/home/maci/Desktop/7dtd/7dtd-loadgen/workspace/bench/lap1/horde-lite/apm/session_20260822_085321_pid855510/bt/block.bt:20:12-17: WARNING: Expression of type: uint64 being cast to type: int64. This may cause unexpected results. Use an explicit cast to suppress this warning.
    $us = (nsecs - @start[args.dev, args.sector]) / 1000;
           ~~~~~
/home/maci/Desktop/7dtd/7dtd-loadgen/workspace/bench/lap1/horde-lite/apm/session_20260822_085321_pid855510/bt/block.bt:20:20-49: WARNING: Expression of type: uint64 being cast to type: int64. This may cause unexpected results. Use an explicit cast to suppress this warning.
    $us = (nsecs - @start[args.dev, args.sector]) / 1000;
                   ~~~~~~~~~~~~~~~~~~~~~~~~~~~~~
/home/maci/Desktop/7dtd/7dtd-loadgen/workspace/bench/lap1/horde-lite/apm/session_20260822_085321_pid855510/bt/block.bt:21:5-43: WARNING: Return value discarded.
    delete(@start[args.dev, args.sector]);
    ~~~~~~~~~~~~~~~~~~~~~~~~~~~~~~~~~~~~~~
16:53:26 @issue_n: 3021
@complete_n: 2881
@lat_sum_us: 771623
16:53:31 @issue_n: 4157
@complete_n: 4003
@lat_sum_us: 1010279
16:53:36 @issue_n: 6603
@complete_n: 6394
@lat_sum_us: 1304007
16:53:41 @issue_n: 10637
@complete_n: 10402
@lat_sum_us: 1461745
16:53:46 @issue_n: 48485
@complete_n: 46086
@lat_sum_us: 3750997
16:53:52 @issue_n: 75580
@complete_n: 72988
@lat_sum_us: 5160380

=== block RQ latency us ===
@lat_us:
[0]                   58 |                                                    |
[1]                   34 |                                                    |
[2, 4)                97 |                                                    |
[4, 8)              5082 |@@@@@@@@@@                                          |
[8, 16)            24951 |@@@@@@@@@@@@@@@@@@@@@@@@@@@@@@@@@@@@@@@@@@@@@@@@@@@@|
[16, 32)            6107 |@@@@@@@@@@@@                                        |
[32, 64)            7757 |@@@@@@@@@@@@@@@@                                    |
[64, 128)          24187 |@@@@@@@@@@@@@@@@@@@@@@@@@@@@@@@@@@@@@@@@@@@@@@@@@@  |
[128, 256)          3681 |@@@@@@@                                             |
[256, 512)           344 |                                                    |
[512, 1K)            219 |                                                    |
[1K, 2K)             224 |                                                    |
[2K, 4K)             228 |                                                    |
[4K, 8K)              18 |                                                    |
[8K, 16K)              1 |                                                    |


=== issue size bytes ===
@issue_bytes:
[0]                  243 |                                                    |
[1]                    0 |                                                    |
[2, 4)                 0 |                                                    |
[4, 8)                 0 |                                                    |
[8, 16)                0 |                                                    |
[16, 32)               0 |                                                    |
[32, 64)               0 |                                                    |
[64, 128)              0 |                                                    |
[128, 256)             0 |                                                    |
[256, 512)             0 |                                                    |
[512, 1K)              2 |                                                    |
[1K, 2K)               0 |                                                    |
[2K, 4K)               0 |                                                    |
[4K, 8K)           20793 |@@@@@@@@@@@@@@@@@@@@@@@@@@@@@@@@@                   |
[8K, 16K)           4781 |@@@@@@@                                             |
[16K, 32K)         32064 |@@@@@@@@@@@@@@@@@@@@@@@@@@@@@@@@@@@@@@@@@@@@@@@@@@@@|
[32K, 64K)          8862 |@@@@@@@@@@@@@@                                      |
[64K, 128K)         3805 |@@@@@@                                              |
[128K, 256K)        5030 |@@@@@@@@                                            |


counts issue/complete:
@issue_n: 75580
@complete_n: 72988


@complete_n: 72988
@issue_bytes:
[0]                  243 |                                                    |
[1]                    0 |                                                    |
[2, 4)                 0 |                                                    |
[4, 8)                 0 |                                                    |
[8, 16)                0 |                                                    |
[16, 32)               0 |                                                    |
[32, 64)               0 |                                                    |
[64, 128)              0 |                                                    |
[128, 256)             0 |                                                    |
[256, 512)             0 |                                                    |
[512, 1K)              2 |                                                    |
[1K, 2K)               0 |                                                    |
[2K, 4K)               0 |                                                    |
[4K, 8K)           20793 |@@@@@@@@@@@@@@@@@@@@@@@@@@@@@@@@@                   |
[8K, 16K)           4781 |@@@@@@@                                             |
[16K, 32K)         32064 |@@@@@@@@@@@@@@@@@@@@@@@@@@@@@@@@@@@@@@@@@@@@@@@@@@@@|
[32K, 64K)          8862 |@@@@@@@@@@@@@@                                      |
[64K, 128K)         3805 |@@@@@@                                              |
[128K, 256K)        5030 |@@@@@@@@                                            |

@issue_n: 75580
@lat_sum_us: 5160380
@lat_us:
[0]                   58 |                                                    |
[1]                   34 |                                                    |
[2, 4)                97 |                                                    |
[4, 8)              5082 |@@@@@@@@@@                                          |
[8, 16)            24951 |@@@@@@@@@@@@@@@@@@@@@@@@@@@@@@@@@@@@@@@@@@@@@@@@@@@@|
[16, 32)            6107 |@@@@@@@@@@@@                                        |
[32, 64)            7757 |@@@@@@@@@@@@@@@@                                    |
[64, 128)          24187 |@@@@@@@@@@@@@@@@@@@@@@@@@@@@@@@@@@@@@@@@@@@@@@@@@@  |
[128, 256)          3681 |@@@@@@@                                             |
[256, 512)           344 |                                                    |
[512, 1K)            219 |                                                    |
[1K, 2K)             224 |                                                    |
[2K, 4K)             228 |                                                    |
[4K, 8K)              18 |                                                    |
[8K, 16K)              1 |                                                    |

@start[0, 0]: 544657228537843
@start[271581185, 2266761760]: 544657774128691
@start[271581186, 2264679104]: 544660055141974
@start[271581185, 2266769056]: 544660089573493
@start[271581186, 2264683200]: 544661047934376
@start[271581186, 2325192840]: 544662101642804
@start[271581184, 2327840616]: 544662142183708
@start[271581184, 2474475592]: 544662158132921
@start[271581184, 2384477432]: 544662200459782
@start[271581186, 2433376384]: 544662220246019
@start[271581186, 2264685056]: 544662462107249
@start[271581185, 1068911624]: 544667846545979
@start[271581186, 2411622568]: 544667847562821
@start[271581186, 2264646656]: 544669899511814
@start[271581186, 2264647200]: 544669899862634
@start[271581184, 2258371712]: 544669902437013
@start[271581184, 2258372192]: 544669902683927
@start[271581185, 2266761056]: 544669902729213
@start[271581186, 2264672960]: 544669903044706
@start[271581184, 2258373472]: 544669903068380
@start[271581186, 2264678496]: 544669903793624
@start[271581186, 2264689120]: 544669905973902
@start[271581186, 399247624]: 544670405859729
@start[271581186, 87573224]: 544670406006976
@start[271581186, 198023272]: 544670406277143
@start[271581185, 1164968920]: 544674686792148
@start[271581185, 1165225328]: 544674687029564
@start[271581185, 1165005320]: 544674688700245
@start[271581186, 399267336]: 544674695068467
@start[271581186, 399028176]: 544674712993224
@start[271581186, 399129128]: 544674713855795
@start[271581186, 412659608]: 544674716719208
@start[271581185, 1091804384]: 544674740320527
@start[271581185, 1069183104]: 544674744213746
@start[271581186, 74797192]: 544674765532914
@start[271581185, 1068973912]: 544674768657588
@start[271581186, 73908056]: 544674774588949
@start[271581185, 194325088]: 544677938554629
@start[271581184, 1071186112]: 544677989307751
@start[271581186, 3703264352]: 544678275184107
@start[271581184, 404616296]: 544678354753100
@start[271581186, 2264733312]: 544678626457794
@start[271581186, 1102021408]: 544678716812253
@start[271581185, 1176595752]: 544678801872731
@start[271581185, 1163458208]: 544679007590985
@start[271581184, 304912536]: 544679063168116
@start[271581185, 1172565600]: 544679142818052
@start[271581186, 2136056320]: 544679202174797
@start[271581185, 1171472856]: 544679519185643
@start[271581185, 1065392912]: 544680968078450
@start[271581185, 2266779232]: 544681457720219
@start[271581184, 997618576]: 544681457812362
@start[271581184, 2258392832]: 544681463229055
@start[271581186, 74289816]: 544681463230638
@start[271581185, 2266784416]: 544681466623857
@start[271581184, 2258401536]: 544681468012869
@start[271581184, 2258401888]: 544681468134848
@start[271581184, 2258405568]: 544681469136741
@start[271581185, 2266795072]: 544681469211953
@start[271581186, 2264709568]: 544681470016034
@start[271581184, 2258411744]: 544681470176957
@start[271581186, 2264716384]: 544681471386681
@start[271581186, 2264721856]: 544681473174853
@start[271581185, 2266813952]: 544681474113477
@start[271581184, 2258427680]: 544681474711231
@start[271581184, 2258430624]: 544681476068332
@start[271581185, 2266824512]: 544681478302763
@start[271581185, 2266825248]: 544681478408842
@start[271581186, 2264739200]: 544681479549637
@start[271581184, 2258443712]: 544681480567610
@start[271581186, 2264742688]: 544681480568262
@start[271581186, 1098909824]: 544681625927035
@start[271581186, 2377742656]: 544681697199902
@start[271581185, 198757056]: 544681697267109
@start[271581185, 1211004912]: 544681738716991
@start[271581185, 1163459904]: 544681749691893
@start[271581185, 1147741304]: 544681773474763
@start[271581186, 87591424]: 544681842500066
@start[271581184, 2258444640]: 544682637528798
@start[271581184, 2258451104]: 544682645791211
@start[271581185, 2266840416]: 544682646149054
@start[271581184, 2258452832]: 544682647788967
@start[271581184, 2258453376]: 544682647967322
@start[271581186, 2264756512]: 544682651423810
@start[271581185, 2266856992]: 544682655753860
@start[271581185, 2266862528]: 544682658961300
@start[271581185, 2266863168]: 544682659146388
@start[271581186, 2264774432]: 544682659266554
@start[271581185, 2266864288]: 544682659459186
@start[271581185, 2266868512]: 544682660695149
@start[271581185, 2266871840]: 544682662727721
@start[271581186, 2264783744]: 544682663036862
@start[271581185, 2266875104]: 544682664008278
@start[271581185, 2266875520]: 544682664210268
@start[271581185, 2266877568]: 544682665465988
@start[271581185, 2266881344]: 544682667838308
@start[271581184, 2258495136]: 544682669372482
@start[271581185, 2266885760]: 544682670604548
@start[271581185, 2266890752]: 544682674148791
@start[271581185, 2266895040]: 544682676951791
@start[271581185, 2266901408]: 544682681783414
@start[271581186, 2264820800]: 544682687970665
@start[271581185, 2266916896]: 544682692412986
@start[271581184, 2258532288]: 544682693977267
@start[271581184, 2258537696]: 544682695775127
@start[271581185, 2266927264]: 544682697651735
@start[271581186, 2264839872]: 544682698252484
@start[271581185, 2266931936]: 544682699416102
@start[271581184, 2258545024]: 544682699606269
@start[271581184, 2258546848]: 544682700478058
@start[271581185, 2266940480]: 544682704960194
@start[271581186, 369861496]: 544682893243903
@start[271581186, 3483259744]: 544682894371142
@start[271581184, 19785408]: 544682921102636
@start[271581185, 1139754968]: 544683224859736
@start[271581184, 2258552160]: 544683226543831
@start[271581184, 2258556768]: 544683229466486
@start[271581186, 2264859488]: 544683232710514
@start[271581185, 2266951104]: 544683233481424
@start[271581185, 2266952128]: 544683233722196
@start[271581184, 2258564064]: 544683234099205
@start[271581184, 2258564128]: 544683234125585
@start[271581185, 2266954048]: 544683234747053
@start[271581186, 2264865120]: 544683234755529
@start[271581186, 2264867456]: 544683236046826
@start[271581186, 2264867744]: 544683236153778
@start[271581184, 2258568736]: 544683236585459
@start[271581186, 2264868672]: 544683236701577
@start[271581184, 2258569024]: 544683236703671
@start[271581186, 2264868736]: 544683236727326
@start[271581185, 2266964800]: 544683240227526
@start[271581185, 2266966624]: 544683241014175
@start[271581186, 2264878176]: 544683241119653
@start[271581185, 2266967936]: 544683241553619
@start[271581185, 2266967968]: 544683241567605
@start[271581185, 2266968032]: 544683241594305
@start[271581186, 2264880288]: 544683242054571
@start[271581185, 2266976768]: 544683244705755
@start[271581186, 2264888128]: 544683244823115
@start[271581185, 2266977632]: 544683245338123
@start[271581186, 2264892096]: 544683246229018
@start[271581184, 2258592544]: 544683246318416
@start[271581186, 2264892512]: 544683246319619
@start[271581186, 2264893632]: 544683246665489
@start[271581184, 2258593664]: 544683246673354
@start[271581184, 2258601472]: 544683247924656
@start[271581186, 2264904224]: 544683249176088
@start[271581184, 2258613984]: 544683250572534
@start[271581184, 2258645472]: 544683255436187
@start[271581184, 2258647968]: 544683256000227
@start[271581185, 2267040896]: 544683256554199
@start[271581185, 2267042272]: 544683256730650
@start[271581184, 2258657344]: 544683257311062
@start[271581185, 2267048224]: 544683257663885
@start[271581185, 2267055680]: 544683259292486
@start[271581184, 2258670240]: 544683259828304
@start[271581185, 2267059168]: 544683259896963
@start[271581186, 2264975136]: 544683261761989
@start[271581184, 2258675776]: 544683261917561
@start[271581185, 2267070496]: 544683264029311
@start[271581185, 2267074592]: 544683266228075
@start[271581186, 2264988096]: 544683266562283
@start[271581185, 2267080032]: 544683267696495
@start[271581185, 2267082240]: 544683268471542
@start[271581184, 2258698112]: 544683269873237
@start[271581186, 2264998208]: 544683270073774
@start[271581185, 2267087584]: 544683270292906
@start[271581186, 2300930720]: 544683944164133
@start[271581185, 2919670720]: 544684926229671
@start[271581185, 2300924064]: 544685163134794
@start[271581186, 2411630072]: 544685535010101
@start[271581185, 2267101024]: 544685538844419
@start[271581186, 2265022720]: 544685543607103
@start[271581185, 2267112256]: 544685543776431
@start[271581184, 2258730784]: 544685546369756
@start[271581186, 2265030304]: 544685546370688
@start[271581185, 2267122784]: 544685548220616
@start[271581186, 2265034432]: 544685548394883
@start[271581186, 2265045952]: 544685554041028
@start[271581185, 2267136480]: 544685554528965
@start[271581186, 2265047616]: 544685554586483
@start[271581184, 2258756960]: 544685559080181
@start[271581185, 2267151776]: 544685562284305
@start[271581185, 2267155200]: 544685563203312
@start[271581185, 2300789472]: 544685566062157
@start[271581184, 2300807520]: 544685566677053
@start[271581186, 2300833120]: 544685567019647
@start[271581186, 2300843776]: 544685567238318
@start[271581184, 2300877600]: 544685569106991
@start[271581185, 3881383624]: 544686741783864
@start[271581185, 3880053784]: 544686742882048
@start[271581185, 3879982336]: 544686850253628
@start[271581185, 3881402056]: 544686854416434
@start[271581185, 1179736040]: 544686920379159
@start[271581185, 3874912280]: 544686960502768
